    Checking uuid v1.26.1
    Checking rustix v1.1.4
    Checking tokio v1.53.1
   Compiling rx-protocol v0.1.0 (/Users/ojaehong/RX_automation/rx_ws/.build/linux-install-bundle/sdk/crates/rx-protocol)
   Compiling rx-host v0.1.0 (/Users/ojaehong/RX_automation/rx_ws/.build/linux-install-bundle/runtime/rx-host)
    Checking rx-melsec-mc v0.1.0 (/Users/ojaehong/RX_automation/rx_ws/.build/linux-install-bundle/drivers/rx-melsec-mc)
    Checking powerfmt v0.2.0
    Checking time-core v0.1.9
    Checking num-conv v0.2.2
    Checking deranged v0.5.8
    Checking base64 v0.23.1
    Checking rx-domain v0.1.0 (/Users/ojaehong/RX_automation/rx_ws/.build/linux-install-bundle/sdk/crates/rx-domain)
    Checking pem v4.0.0
    Checking time v0.3.55
    Checking yasna v0.6.0
    Checking fs-set-times v0.20.3
    Checking tempfile v3.27.0
    Checking cap-primitives v4.0.3
    Checking rcgen v0.14.10
    Checking cap-std v4.0.3
    Checking rx-ports v0.1.0 (/Users/ojaehong/RX_automation/rx_ws/.build/linux-install-bundle/sdk/crates/rx-ports)
    Checking rx-process-contract v0.1.0 (/Users/ojaehong/RX_automation/rx_ws/.build/linux-install-bundle/sdk/crates/rx-process-contract)
    Checking cap-fs-ext v4.0.3
    Checking rx-package v0.1.0 (/Users/ojaehong/RX_automation/rx_ws/.build/linux-install-bundle/sdk/crates/rx-package)
    Checking rx-storage v0.1.0 (/Users/ojaehong/RX_automation/rx_ws/.build/linux-install-bundle/sdk/crates/rx-storage)
    Checking rx-service-status v0.1.0 (/Users/ojaehong/RX_automation/rx_ws/.build/linux-install-bundle/runtime/rx-service-status)
    Checking tokio-util v0.7.19
    Checking tokio-rustls v0.26.5
    Checking tokio-stream v0.1.19
    Checking rx-solution-catalog v0.1.0 (/Users/ojaehong/RX_automation/rx_ws/.build/linux-install-bundle/runtime/rx-solution-catalog)
    Checking h2 v0.4.19
    Checking tower v0.5.3
    Checking rx-process v0.1.0 (/Users/ojaehong/RX_automation/rx_ws/.build/linux-install-bundle/runtime/rx-process)
    Checking rx-process-package v0.1.0 (/Users/ojaehong/RX_automation/rx_ws/.build/linux-install-bundle/runtime/rx-process-package)
    Checking axum v0.8.9
    Checking hyper v1.11.1
    Checking hyper-util v0.1.20
    Checking hyper-timeout v0.5.2
    Checking tonic v0.14.6
    Checking tonic-prost v0.14.6
    Checking rx-supervisor v0.1.0 (/Users/ojaehong/RX_automation/rx_ws/.build/linux-install-bundle/runtime/rx-supervisor)
    Checking rx-executor v0.1.0 (/Users/ojaehong/RX_automation/rx_ws/.build/linux-install-bundle/runtime/rx-executor)
    Checking rx-device-package v0.1.0 (/Users/ojaehong/RX_automation/rx_ws/.build/linux-install-bundle/runtime/rx-device-package)
    Finished `dev` profile [unoptimized + debuginfo] target(s) in 12.94s
