#0 building with "desktop-linux" instance using docker driver

#1 [internal] load build definition from Solutions.Dockerfile
#1 transferring dockerfile: 450B done
#1 DONE 0.0s

#2 [internal] load metadata for docker.io/library/rx-solutions:g2-authenticated
#2 DONE 0.0s

#3 [internal] load .dockerignore
#3 transferring context: 2B done
#3 DONE 0.0s

#4 [1/3] FROM docker.io/library/rx-solutions:g2-authenticated@sha256:983e84c8c93602980531e72833c540fda53afb4f8a78460c26e5abecf8dae311
#4 resolve docker.io/library/rx-solutions:g2-authenticated@sha256:983e84c8c93602980531e72833c540fda53afb4f8a78460c26e5abecf8dae311 done
#4 DONE 0.0s

#5 [internal] load build context
#5 transferring context: 122.39MB 1.7s done
#5 DONE 1.7s

#6 [2/3] COPY bin/rx-solutions/ /opt/rx/bin/
#6 CACHED

#7 [3/3] RUN rm /opt/rx/manifests/release.json /opt/rx/manifests/revocations.json && . /opt/ros/jazzy/setup.sh && python3 /opt/rx/tools/audit_native_install.py --catalog /opt/rx/catalogs/device-support.v1.json --output /opt/rx/manifests/native-install-audit.json && python3 /opt/rx/tools/write_runtime_inventory.py
#7 0.588 {"status": "PASS", "executables": 8}
#7 DONE 0.8s

#8 exporting to image
#8 exporting layers
#8 exporting layers 2.4s done
#8 exporting manifest sha256:d635db2619ad636df7072cf9348f4966f5f8935bdb63f99205139aca8b8e0788 done
#8 exporting config sha256:cf27d8ccd4f8eae7425b9512c7d2b6fa4787e8a60f3270ec43b4f75119cf0937 done
#8 exporting attestation manifest sha256:c59cbfbfe9b2a5578f1a50468d8598b330feb1174fa0ebd1539ecd2a880db42c done
#8 exporting manifest list sha256:273d9440e235000f44d64b2103ecee193ca1fbfbb48cbeda6c373421cc4d83ba done
#8 naming to docker.io/library/rx-g5-solutions-unsigned:latest done
#8 unpacking to docker.io/library/rx-g5-solutions-unsigned:latest
#8 unpacking to docker.io/library/rx-g5-solutions-unsigned:latest 0.4s done
#8 DONE 2.8s
