#0 building with "desktop-linux" instance using docker driver

#1 [internal] load build definition from Signed.Dockerfile
#1 transferring dockerfile: 130B done
#1 DONE 0.0s

#2 [internal] load metadata for docker.io/library/rx-g5-solutions-unsigned:latest
#2 DONE 0.0s

#3 [internal] load .dockerignore
#3 transferring context: 2B done
#3 DONE 0.0s

#4 [internal] load build context
#4 transferring context: 820B 0.0s done
#4 DONE 0.0s

#5 [1/2] FROM docker.io/library/rx-g5-solutions-unsigned:latest@sha256:273d9440e235000f44d64b2103ecee193ca1fbfbb48cbeda6c373421cc4d83ba
#5 resolve docker.io/library/rx-g5-solutions-unsigned:latest@sha256:273d9440e235000f44d64b2103ecee193ca1fbfbb48cbeda6c373421cc4d83ba 0.0s done
#5 DONE 0.4s

#6 [2/2] COPY signed/ /opt/rx/manifests/
#6 DONE 0.0s

#7 exporting to image
#7 exporting layers 0.0s done
#7 exporting manifest sha256:2ff637476ce870652b4aa56dfb9b60249fe4ce0cd5652bf6bd9155476231b72b done
#7 exporting config sha256:eedfde3f40294dc7da8ecd5eaf4da875d013aed3494c8395328c14c375342a91 done
#7 exporting attestation manifest sha256:dcdcf738b835a1a3a38ccec9234748941dd9ae63f571731da1d0a34da6d0d7af done
#7 exporting manifest list sha256:4a1f371db678dd6ed04521b0eeafa48984c03bb982b67d5ae53c8c73e0ce9cd4 done
#7 naming to docker.io/library/rx-g5-solutions-runtime:latest done
#7 unpacking to docker.io/library/rx-g5-solutions-runtime:latest 0.0s done
#7 DONE 0.2s
