#0 building with "desktop-linux" instance using docker driver

#1 [internal] load build definition from Dockerfile
#1 transferring dockerfile: 370B done
#1 DONE 0.0s

#2 [internal] load metadata for docker.io/library/rx-g5-client-builder:latest
#2 DONE 0.0s

#3 [internal] load .dockerignore
#3 transferring context: 2B done
#3 DONE 0.0s

#4 [1/5] FROM docker.io/library/rx-g5-client-builder:latest@sha256:61ce4ca4126d0b74fe725d4b7ae9bac65ec9acf756ed10748112b285e942bc11
#4 resolve docker.io/library/rx-g5-client-builder:latest@sha256:61ce4ca4126d0b74fe725d4b7ae9bac65ec9acf756ed10748112b285e942bc11 0.0s done
#4 DONE 0.0s

#5 [internal] load build context
#5 transferring context: 8.79MB 0.1s done
#5 DONE 0.1s

#6 [2/5] COPY rxclpy-0.1.0-py3-none-any.whl /tmp/rxclpy-0.1.0-py3-none-any.whl
#6 DONE 0.0s

#7 [3/5] RUN pip install --no-index --no-deps /tmp/rxclpy-0.1.0-py3-none-any.whl && rm /tmp/rxclpy-0.1.0-py3-none-any.whl
#7 0.270 Processing /tmp/rxclpy-0.1.0-py3-none-any.whl
#7 0.273 Installing collected packages: rxclpy
#7 0.287 Successfully installed rxclpy-0.1.0
#7 DONE 0.3s

#8 [4/5] COPY install/ /opt/rx-client/
#8 DONE 0.0s

#9 [5/5] COPY rxclcpp-peer python_peer.py /opt/rx-client/bin/
#9 DONE 0.0s

#10 exporting to image
#10 exporting layers 0.1s done
#10 exporting manifest sha256:f5395b258e7c3cf31469277dfb002d965156665e816e45395de579d3962c8421 done
#10 exporting config sha256:cd7cf6a7afae78f369482819fd1dd7fe497bc5419242bd93af10522549667e45 done
#10 exporting attestation manifest sha256:17aaaaa79bf173df3015ee1e96450b68bdce926956dab7f9bc8874d2387bb761 done
#10 exporting manifest list sha256:4ad98510d8c7231eb15058b87d8a4e492034badf5591f4fa878b003bdede2bea done
#10 naming to docker.io/library/rx-g5-client-runtime:latest done
#10 unpacking to docker.io/library/rx-g5-client-runtime:latest 0.0s done
#10 DONE 0.2s
