#0 building with "desktop-linux" instance using docker driver

#1 [internal] load build definition from Dockerfile
#1 transferring dockerfile: 370B done
#1 DONE 0.0s

#2 [internal] load metadata for docker.io/library/rx-g5-client-builder:latest
#2 DONE 0.0s

#3 [internal] load .dockerignore
#3 transferring context: 2B done
#3 DONE 0.0s

#4 [1/5] FROM docker.io/library/rx-g5-client-builder:latest@sha256:61ce4ca4126d0b74fe725d4b7ae9bac65ec9acf756ed10748112b285e942bc11
#4 resolve docker.io/library/rx-g5-client-builder:latest@sha256:61ce4ca4126d0b74fe725d4b7ae9bac65ec9acf756ed10748112b285e942bc11 0.0s done
#4 DONE 0.0s

#5 [internal] load build context
#5 transferring context: 8.79MB 0.1s done
#5 DONE 0.1s

#4 [1/5] FROM docker.io/library/rx-g5-client-builder:latest@sha256:61ce4ca4126d0b74fe725d4b7ae9bac65ec9acf756ed10748112b285e942bc11
#4 CACHED

#6 [2/5] COPY rxclpy-0.1.0-py3-none-any.whl /tmp/rxclpy-0.1.0-py3-none-any.whl
#6 DONE 0.0s

#7 [3/5] RUN pip install --no-index --no-deps /tmp/rxclpy-0.1.0-py3-none-any.whl && rm /tmp/rxclpy-0.1.0-py3-none-any.whl
#7 0.207 Processing /tmp/rxclpy-0.1.0-py3-none-any.whl
#7 0.210 Installing collected packages: rxclpy
#7 0.229 Successfully installed rxclpy-0.1.0
#7 DONE 0.3s

#8 [4/5] COPY install/ /opt/rx-client/
#8 DONE 0.0s

#9 [5/5] COPY rxclcpp-peer python_peer.py /opt/rx-client/bin/
#9 DONE 0.0s

#10 exporting to image
#10 exporting layers
#10 exporting layers 0.2s done
#10 exporting manifest sha256:5453318475b4731580b28605ab5fc650599ba697a08861d7745c833c03ab7f07 done
#10 exporting config sha256:a9f62f2ecd68f9da12a73a9c41611c71b7c1947fe7bd62f61122104a2d8a3118 done
#10 exporting attestation manifest sha256:57c9c7c5da68b46935ca1ba2720b679a0b63a3d900643eb33785a8c35fd38aad done
#10 exporting manifest list sha256:ebc5f9e55cadcbcfd89fa4fc278b40d940a2ba62dca7a91e07b7ffabd608c2ca done
#10 naming to docker.io/library/rx-g5-client-runtime-final:latest done
#10 unpacking to docker.io/library/rx-g5-client-runtime-final:latest 0.1s done
#10 DONE 0.3s
