{"sdk_version": "0.1.0", "profile": "strict-wire-v1", "bundle_sha256": "b43387a3824266083a127f26c633b935c25f16848c219affd93461b9810cf639", "base_manifest_sha256": "d32519ffd33cc02f5e6f82406ad2fe253421527dc047b807c11beb11a8f7583c", "cell_manifest_sha256": "5e75ab4d3d72d4b22082003dbec5e2ca54562cc4302d2e306b07ce64d215d71b", "modules": ["rxclpy._generated.rx.cell.v1.cell_pb2", "rxclpy._generated.rx.contract.v1.contract_pb2", "rxclpy._generated.rx.executor.assignment.v1.assignment_pb2", "rxclpy._generated.rx.executor.plan.v1.plan_pb2", "rxclpy._generated.rx.executor.production.v1.production_pb2", "rxclpy._generated.rx.executor.v1.executor_pb2", "rxclpy._generated.rx.host.configuration.v1.configuration_pb2", "rxclpy._generated.rx.host.qualification.v1.qualification_pb2", "rxclpy._generated.rx.host.read.v1.read_pb2"], "guard_modules": ["rxclpy._generated.strict_wire_v1.probe_pb2"], "protoc_version": "libprotoc 3.21.12"}
-- The CXX compiler identification is GNU 13.3.0
-- Detecting CXX compiler ABI info
-- Detecting CXX compiler ABI info - done
-- Check for working CXX compiler: /usr/bin/c++ - skipped
-- Detecting CXX compile features
-- Detecting CXX compile features - done
-- Found Protobuf: /usr/lib/aarch64-linux-gnu/libprotobuf.so (found version "3.21.12") 
-- Found ZLIB: /usr/lib/aarch64-linux-gnu/libz.so (found version "1.3")  
-- Found OpenSSL: /usr/lib/aarch64-linux-gnu/libcrypto.so (found version "3.0.13")  
-- Found c-ares: /usr/lib/aarch64-linux-gnu/cmake/c-ares/c-ares-config.cmake (found version "1.27.0") 
-- Found Threads: TRUE  
-- Found PkgConfig: /usr/bin/pkg-config (found version "1.8.1") 
-- Found RE2 via pkg-config.
-- Found nlohmann_json: /usr/share/cmake/nlohmann_json/nlohmann_jsonConfig.cmake (found version "3.11.3") 
-- Configuring done (0.3s)
-- Generating done (0.1s)
-- Build files have been written to: /evidence/cpp-first-build
[  8%] Generating generated/rx/host/read/v1/read.pb.cc, generated/rx/host/read/v1/read.pb.h
[  8%] Generating generated/rx/cell/v1/cell.pb.cc, generated/rx/cell/v1/cell.pb.h
[ 12%] Generating generated/rx/contract/v1/contract.pb.cc, generated/rx/contract/v1/contract.pb.h
[ 16%] Generating generated/rx/executor/assignment/v1/assignment.pb.cc, generated/rx/executor/assignment/v1/assignment.pb.h
[ 20%] Generating generated/rx/executor/plan/v1/plan.pb.cc, generated/rx/executor/plan/v1/plan.pb.h
[ 25%] Generating generated/rx/executor/production/v1/production.pb.cc, generated/rx/executor/production/v1/production.pb.h
[ 29%] Generating generated/rx/executor/v1/executor.pb.cc, generated/rx/executor/v1/executor.pb.h
[ 33%] Generating generated/rx/host/configuration/v1/configuration.pb.cc, generated/rx/host/configuration/v1/configuration.pb.h
[ 37%] Generating generated/rx/host/qualification/v1/qualification.pb.cc, generated/rx/host/qualification/v1/qualification.pb.h
[ 45%] Building CXX object CMakeFiles/rxclcpp.dir/src/wire.cpp.o
[ 45%] Building CXX object CMakeFiles/rxclcpp.dir/generated/rx/cell/v1/cell.pb.cc.o
[ 50%] Building CXX object CMakeFiles/rxclcpp.dir/generated/rx/contract/v1/contract.pb.cc.o
[ 54%] Building CXX object CMakeFiles/rxclcpp.dir/generated/rx/executor/assignment/v1/assignment.pb.cc.o
[ 58%] Building CXX object CMakeFiles/rxclcpp.dir/generated/rx/executor/plan/v1/plan.pb.cc.o
[ 62%] Building CXX object CMakeFiles/rxclcpp.dir/generated/rx/executor/production/v1/production.pb.cc.o
[ 66%] Building CXX object CMakeFiles/rxclcpp.dir/generated/rx/executor/v1/executor.pb.cc.o
[ 70%] Building CXX object CMakeFiles/rxclcpp.dir/generated/rx/host/configuration/v1/configuration.pb.cc.o
[ 75%] Building CXX object CMakeFiles/rxclcpp.dir/generated/rx/host/qualification/v1/qualification.pb.cc.o
[ 79%] Building CXX object CMakeFiles/rxclcpp.dir/generated/rx/host/read/v1/read.pb.cc.o
[ 83%] Linking CXX shared library librxclcpp.so
[ 83%] Built target rxclcpp
[ 87%] Generating generated/strict-wire-v1/probe.pb.cc, generated/strict-wire-v1/probe.pb.h
[ 95%] Building CXX object CMakeFiles/rxclcpp-conformance.dir/tests/conformance.cpp.o
[ 95%] Building CXX object CMakeFiles/rxclcpp-conformance.dir/generated/strict-wire-v1/probe.pb.cc.o
[100%] Linking CXX executable rxclcpp-conformance
[100%] Built target rxclcpp-conformance
