Processing /evidence/wheels/rxclpy-0.1.0-py3-none-any.whl
Installing collected packages: rxclpy
Successfully installed rxclpy-0.1.0
-- The CXX compiler identification is GNU 13.3.0
-- Detecting CXX compiler ABI info
-- Detecting CXX compiler ABI info - done
-- Check for working CXX compiler: /usr/bin/c++ - skipped
-- Detecting CXX compile features
-- Detecting CXX compile features - done
-- Found Protobuf: /usr/lib/aarch64-linux-gnu/libprotobuf.so (found suitable exact version "3.21.12") 
-- Found ZLIB: /usr/lib/aarch64-linux-gnu/libz.so (found version "1.3")  
-- Found OpenSSL: /usr/lib/aarch64-linux-gnu/libcrypto.so (found version "3.0.13")  
-- Found c-ares: /usr/lib/aarch64-linux-gnu/cmake/c-ares/c-ares-config.cmake (found version "1.27.0") 
-- Found Threads: TRUE  
-- Found PkgConfig: /usr/bin/pkg-config (found version "1.8.1") 
-- Found RE2 via pkg-config.
-- Found nlohmann_json: /usr/share/cmake/nlohmann_json/nlohmann_jsonConfig.cmake (found version "3.11.3") 
-- Configuring done (0.4s)
-- Generating done (0.0s)
-- Build files have been written to: /evidence/external-cpp-build
[ 50%] Building CXX object CMakeFiles/rxclcpp-peer.dir/main.cpp.o
[100%] Linking CXX executable rxclcpp-peer
[100%] Built target rxclcpp-peer
/opt/client-env/lib/python3.12/site-packages/rxclpy/__init__.py
