#0 building with "desktop-linux" instance using docker driver

#1 [internal] load build definition from Solutions.Dockerfile
#1 transferring dockerfile: 463B done
#1 DONE 0.0s

#2 [internal] load metadata for docker.io/library/sha256:983e84c8c93602980531e72833c540fda53afb4f8a78460c26e5abecf8dae311
#2 ...

#3 [auth] library/sha256:pull token for registry-1.docker.io
#3 DONE 0.0s

#2 [internal] load metadata for docker.io/library/sha256:983e84c8c93602980531e72833c540fda53afb4f8a78460c26e5abecf8dae311
#2 ERROR: pull access denied, repository does not exist or may require authorization: server message: insufficient_scope: authorization failed
------
 > [internal] load metadata for docker.io/library/sha256:983e84c8c93602980531e72833c540fda53afb4f8a78460c26e5abecf8dae311:
------
Solutions.Dockerfile:1
--------------------
   1 | >>> FROM sha256:983e84c8c93602980531e72833c540fda53afb4f8a78460c26e5abecf8dae311
   2 |     USER 0
   3 |     COPY bin/rx-solutions/ /opt/rx/bin/
--------------------
ERROR: failed to build: failed to solve: sha256:983e84c8c93602980531e72833c540fda53afb4f8a78460c26e5abecf8dae311: failed to resolve source metadata for docker.io/library/sha256:983e84c8c93602980531e72833c540fda53afb4f8a78460c26e5abecf8dae311: pull access denied, repository does not exist or may require authorization: server message: insufficient_scope: authorization failed
