{"sdk_version": "0.1.0", "profile": "strict-wire-v1", "bundle_sha256": "b43387a3824266083a127f26c633b935c25f16848c219affd93461b9810cf639", "base_manifest_sha256": "d32519ffd33cc02f5e6f82406ad2fe253421527dc047b807c11beb11a8f7583c", "cell_manifest_sha256": "5e75ab4d3d72d4b22082003dbec5e2ca54562cc4302d2e306b07ce64d215d71b", "modules": ["rxclpy._generated.rx.cell.v1.cell_pb2", "rxclpy._generated.rx.contract.v1.contract_pb2", "rxclpy._generated.rx.executor.assignment.v1.assignment_pb2", "rxclpy._generated.rx.executor.plan.v1.plan_pb2", "rxclpy._generated.rx.executor.production.v1.production_pb2", "rxclpy._generated.rx.executor.v1.executor_pb2", "rxclpy._generated.rx.host.configuration.v1.configuration_pb2", "rxclpy._generated.rx.host.qualification.v1.qualification_pb2", "rxclpy._generated.rx.host.read.v1.read_pb2"], "guard_modules": ["rxclpy._generated.strict_wire_v1.probe_pb2"], "protoc_version": "libprotoc 3.21.12"}
-- The CXX compiler identification is GNU 13.3.0
-- Detecting CXX compiler ABI info
-- Detecting CXX compiler ABI info - done
-- Check for working CXX compiler: /usr/bin/c++ - skipped
-- Detecting CXX compile features
-- Detecting CXX compile features - done
-- Found Protobuf: /usr/lib/aarch64-linux-gnu/libprotobuf.so (found version "3.21.12") 
-- Found ZLIB: /usr/lib/aarch64-linux-gnu/libz.so (found version "1.3")  
-- Found OpenSSL: /usr/lib/aarch64-linux-gnu/libcrypto.so (found version "3.0.13")  
-- Found c-ares: /usr/lib/aarch64-linux-gnu/cmake/c-ares/c-ares-config.cmake (found version "1.27.0") 
-- Found Threads: TRUE  
-- Found PkgConfig: /usr/bin/pkg-config (found version "1.8.1") 
-- Found RE2 via pkg-config.
-- Found nlohmann_json: /usr/share/cmake/nlohmann_json/nlohmann_jsonConfig.cmake (found version "3.11.3") 
-- Configuring done (0.4s)
-- Generating done (0.1s)
-- Build files have been written to: /evidence/cpp-transport-build
[  8%] Generating generated/rx/host/read/v1/read.pb.cc, generated/rx/host/read/v1/read.pb.h
[  8%] Generating generated/rx/cell/v1/cell.pb.cc, generated/rx/cell/v1/cell.pb.h
[ 12%] Generating generated/rx/contract/v1/contract.pb.cc, generated/rx/contract/v1/contract.pb.h
[ 16%] Generating generated/rx/executor/assignment/v1/assignment.pb.cc, generated/rx/executor/assignment/v1/assignment.pb.h
[ 20%] Generating generated/rx/executor/plan/v1/plan.pb.cc, generated/rx/executor/plan/v1/plan.pb.h
[ 24%] Generating generated/rx/executor/production/v1/production.pb.cc, generated/rx/executor/production/v1/production.pb.h
[ 28%] Generating generated/rx/executor/v1/executor.pb.cc, generated/rx/executor/v1/executor.pb.h
[ 32%] Generating generated/rx/host/configuration/v1/configuration.pb.cc, generated/rx/host/configuration/v1/configuration.pb.h
[ 36%] Generating generated/rx/host/qualification/v1/qualification.pb.cc, generated/rx/host/qualification/v1/qualification.pb.h
[ 44%] Building CXX object CMakeFiles/rxclcpp.dir/src/wire.cpp.o
[ 44%] Building CXX object CMakeFiles/rxclcpp.dir/src/client.cpp.o
[ 48%] Building CXX object CMakeFiles/rxclcpp.dir/generated/rx/cell/v1/cell.pb.cc.o
[ 52%] Building CXX object CMakeFiles/rxclcpp.dir/generated/rx/contract/v1/contract.pb.cc.o
[ 56%] Building CXX object CMakeFiles/rxclcpp.dir/generated/rx/executor/assignment/v1/assignment.pb.cc.o
[ 60%] Building CXX object CMakeFiles/rxclcpp.dir/generated/rx/executor/plan/v1/plan.pb.cc.o
[ 64%] Building CXX object CMakeFiles/rxclcpp.dir/generated/rx/executor/production/v1/production.pb.cc.o
[ 68%] Building CXX object CMakeFiles/rxclcpp.dir/generated/rx/executor/v1/executor.pb.cc.o
[ 72%] Building CXX object CMakeFiles/rxclcpp.dir/generated/rx/host/configuration/v1/configuration.pb.cc.o
[ 76%] Building CXX object CMakeFiles/rxclcpp.dir/generated/rx/host/qualification/v1/qualification.pb.cc.o
[ 80%] Building CXX object CMakeFiles/rxclcpp.dir/generated/rx/host/read/v1/read.pb.cc.o
[ 84%] Linking CXX shared library librxclcpp.so
[ 84%] Built target rxclcpp
[ 88%] Generating generated/strict-wire-v1/probe.pb.cc, generated/strict-wire-v1/probe.pb.h
[ 96%] Building CXX object CMakeFiles/rxclcpp-conformance.dir/tests/conformance.cpp.o
[ 96%] Building CXX object CMakeFiles/rxclcpp-conformance.dir/generated/strict-wire-v1/probe.pb.cc.o
[100%] Linking CXX executable rxclcpp-conformance
[100%] Built target rxclcpp-conformance
-- Install configuration: "Release"
-- Installing: /evidence/client-install/lib/librxclcpp.so.0.1.0
-- Installing: /evidence/client-install/lib/librxclcpp.so.0
-- Installing: /evidence/client-install/lib/librxclcpp.so
-- Installing: /evidence/client-install/include
-- Installing: /evidence/client-install/include/rxclcpp
-- Installing: /evidence/client-install/include/rxclcpp/build_info.hpp
-- Installing: /evidence/client-install/include/rxclcpp/wire.hpp
-- Installing: /evidence/client-install/include/rxclcpp/client.hpp
-- Installing: /evidence/client-install/include/rx
-- Installing: /evidence/client-install/include/rx/contract
-- Installing: /evidence/client-install/include/rx/contract/v1
-- Installing: /evidence/client-install/include/rx/contract/v1/contract.pb.h
-- Installing: /evidence/client-install/include/rx/host
-- Installing: /evidence/client-install/include/rx/host/configuration
-- Installing: /evidence/client-install/include/rx/host/configuration/v1
-- Installing: /evidence/client-install/include/rx/host/configuration/v1/configuration.pb.h
-- Installing: /evidence/client-install/include/rx/host/read
-- Installing: /evidence/client-install/include/rx/host/read/v1
-- Installing: /evidence/client-install/include/rx/host/read/v1/read.pb.h
-- Installing: /evidence/client-install/include/rx/host/qualification
-- Installing: /evidence/client-install/include/rx/host/qualification/v1
-- Installing: /evidence/client-install/include/rx/host/qualification/v1/qualification.pb.h
-- Installing: /evidence/client-install/include/rx/cell
-- Installing: /evidence/client-install/include/rx/cell/v1
-- Installing: /evidence/client-install/include/rx/cell/v1/cell.pb.h
-- Installing: /evidence/client-install/include/rx/executor
-- Installing: /evidence/client-install/include/rx/executor/v1
-- Installing: /evidence/client-install/include/rx/executor/v1/executor.pb.h
-- Installing: /evidence/client-install/include/rx/executor/plan
-- Installing: /evidence/client-install/include/rx/executor/plan/v1
-- Installing: /evidence/client-install/include/rx/executor/plan/v1/plan.pb.h
-- Installing: /evidence/client-install/include/rx/executor/assignment
-- Installing: /evidence/client-install/include/rx/executor/assignment/v1
-- Installing: /evidence/client-install/include/rx/executor/assignment/v1/assignment.pb.h
-- Installing: /evidence/client-install/include/rx/executor/production
-- Installing: /evidence/client-install/include/rx/executor/production/v1
-- Installing: /evidence/client-install/include/rx/executor/production/v1/production.pb.h
-- Installing: /evidence/client-install/share/rxclcpp/protocol
-- Installing: /evidence/client-install/share/rxclcpp/protocol/semantic_fields.json
-- Installing: /evidence/client-install/share/rxclcpp/protocol/cell_operations_manifest.json
-- Installing: /evidence/client-install/share/rxclcpp/protocol/strict-wire-v1
-- Installing: /evidence/client-install/share/rxclcpp/protocol/strict-wire-v1/README.md
-- Installing: /evidence/client-install/share/rxclcpp/protocol/strict-wire-v1/vectors.json
-- Installing: /evidence/client-install/share/rxclcpp/protocol/strict-wire-v1/probe.proto
-- Installing: /evidence/client-install/share/rxclcpp/protocol/bundle.json
-- Installing: /evidence/client-install/share/rxclcpp/protocol/README.md
-- Installing: /evidence/client-install/share/rxclcpp/protocol/contracts_manifest.json
-- Installing: /evidence/client-install/share/rxclcpp/protocol/rx
-- Installing: /evidence/client-install/share/rxclcpp/protocol/rx/contract
-- Installing: /evidence/client-install/share/rxclcpp/protocol/rx/contract/v1
-- Installing: /evidence/client-install/share/rxclcpp/protocol/rx/contract/v1/contract.proto
-- Installing: /evidence/client-install/share/rxclcpp/protocol/rx/host
-- Installing: /evidence/client-install/share/rxclcpp/protocol/rx/host/configuration
-- Installing: /evidence/client-install/share/rxclcpp/protocol/rx/host/configuration/v1
-- Installing: /evidence/client-install/share/rxclcpp/protocol/rx/host/configuration/v1/configuration.proto
-- Installing: /evidence/client-install/share/rxclcpp/protocol/rx/host/read
-- Installing: /evidence/client-install/share/rxclcpp/protocol/rx/host/read/v1
-- Installing: /evidence/client-install/share/rxclcpp/protocol/rx/host/read/v1/read.proto
-- Installing: /evidence/client-install/share/rxclcpp/protocol/rx/host/qualification
-- Installing: /evidence/client-install/share/rxclcpp/protocol/rx/host/qualification/v1
-- Installing: /evidence/client-install/share/rxclcpp/protocol/rx/host/qualification/v1/qualification.proto
-- Installing: /evidence/client-install/share/rxclcpp/protocol/rx/cell
-- Installing: /evidence/client-install/share/rxclcpp/protocol/rx/cell/v1
-- Installing: /evidence/client-install/share/rxclcpp/protocol/rx/cell/v1/cell.proto
-- Installing: /evidence/client-install/share/rxclcpp/protocol/rx/executor
-- Installing: /evidence/client-install/share/rxclcpp/protocol/rx/executor/v1
-- Installing: /evidence/client-install/share/rxclcpp/protocol/rx/executor/v1/executor.proto
-- Installing: /evidence/client-install/share/rxclcpp/protocol/rx/executor/plan
-- Installing: /evidence/client-install/share/rxclcpp/protocol/rx/executor/plan/v1
-- Installing: /evidence/client-install/share/rxclcpp/protocol/rx/executor/plan/v1/plan.proto
-- Installing: /evidence/client-install/share/rxclcpp/protocol/rx/executor/assignment
-- Installing: /evidence/client-install/share/rxclcpp/protocol/rx/executor/assignment/v1
-- Installing: /evidence/client-install/share/rxclcpp/protocol/rx/executor/assignment/v1/assignment.proto
-- Installing: /evidence/client-install/share/rxclcpp/protocol/rx/executor/production
-- Installing: /evidence/client-install/share/rxclcpp/protocol/rx/executor/production/v1
-- Installing: /evidence/client-install/share/rxclcpp/protocol/rx/executor/production/v1/production.proto
-- Installing: /evidence/client-install/lib/cmake/rxclcpp/rxclcppTargets.cmake
-- Installing: /evidence/client-install/lib/cmake/rxclcpp/rxclcppTargets-release.cmake
-- Installing: /evidence/client-install/lib/cmake/rxclcpp/rxclcppConfig.cmake
-- Installing: /evidence/client-install/lib/cmake/rxclcpp/rxclcppConfigVersion.cmake
* Getting build dependencies for wheel...
running egg_info
creating src/rxclpy.egg-info
writing src/rxclpy.egg-info/PKG-INFO
writing dependency_links to src/rxclpy.egg-info/dependency_links.txt
writing requirements to src/rxclpy.egg-info/requires.txt
writing top-level names to src/rxclpy.egg-info/top_level.txt
writing manifest file 'src/rxclpy.egg-info/SOURCES.txt'
reading manifest file 'src/rxclpy.egg-info/SOURCES.txt'
adding license file 'LICENSE'
adding license file 'NOTICE'
writing manifest file 'src/rxclpy.egg-info/SOURCES.txt'
* Building wheel...
running bdist_wheel
running build
running build_py
creating build/lib/rxclpy
copying src/rxclpy/client.py -> build/lib/rxclpy
copying src/rxclpy/__init__.py -> build/lib/rxclpy
copying src/rxclpy/wire.py -> build/lib/rxclpy
copying src/rxclpy/conformance.py -> build/lib/rxclpy
creating build/lib/rxclpy/_generated
copying src/rxclpy/_generated/__init__.py -> build/lib/rxclpy/_generated
creating build/lib/rxclpy/_generated/strict_wire_v1
copying src/rxclpy/_generated/strict_wire_v1/__init__.py -> build/lib/rxclpy/_generated/strict_wire_v1
copying src/rxclpy/_generated/strict_wire_v1/probe_pb2.py -> build/lib/rxclpy/_generated/strict_wire_v1
creating build/lib/rxclpy/_generated/rx
copying src/rxclpy/_generated/rx/__init__.py -> build/lib/rxclpy/_generated/rx
creating build/lib/rxclpy/_generated/rx/contract
copying src/rxclpy/_generated/rx/contract/__init__.py -> build/lib/rxclpy/_generated/rx/contract
creating build/lib/rxclpy/_generated/rx/host
copying src/rxclpy/_generated/rx/host/__init__.py -> build/lib/rxclpy/_generated/rx/host
creating build/lib/rxclpy/_generated/rx/cell
copying src/rxclpy/_generated/rx/cell/__init__.py -> build/lib/rxclpy/_generated/rx/cell
creating build/lib/rxclpy/_generated/rx/executor
copying src/rxclpy/_generated/rx/executor/__init__.py -> build/lib/rxclpy/_generated/rx/executor
creating build/lib/rxclpy/_generated/rx/contract/v1
copying src/rxclpy/_generated/rx/contract/v1/__init__.py -> build/lib/rxclpy/_generated/rx/contract/v1
copying src/rxclpy/_generated/rx/contract/v1/contract_pb2.py -> build/lib/rxclpy/_generated/rx/contract/v1
creating build/lib/rxclpy/_generated/rx/host/configuration
copying src/rxclpy/_generated/rx/host/configuration/__init__.py -> build/lib/rxclpy/_generated/rx/host/configuration
creating build/lib/rxclpy/_generated/rx/host/read
copying src/rxclpy/_generated/rx/host/read/__init__.py -> build/lib/rxclpy/_generated/rx/host/read
creating build/lib/rxclpy/_generated/rx/host/qualification
copying src/rxclpy/_generated/rx/host/qualification/__init__.py -> build/lib/rxclpy/_generated/rx/host/qualification
creating build/lib/rxclpy/_generated/rx/host/configuration/v1
copying src/rxclpy/_generated/rx/host/configuration/v1/__init__.py -> build/lib/rxclpy/_generated/rx/host/configuration/v1
copying src/rxclpy/_generated/rx/host/configuration/v1/configuration_pb2.py -> build/lib/rxclpy/_generated/rx/host/configuration/v1
creating build/lib/rxclpy/_generated/rx/host/read/v1
copying src/rxclpy/_generated/rx/host/read/v1/read_pb2.py -> build/lib/rxclpy/_generated/rx/host/read/v1
copying src/rxclpy/_generated/rx/host/read/v1/__init__.py -> build/lib/rxclpy/_generated/rx/host/read/v1
creating build/lib/rxclpy/_generated/rx/host/qualification/v1
copying src/rxclpy/_generated/rx/host/qualification/v1/__init__.py -> build/lib/rxclpy/_generated/rx/host/qualification/v1
copying src/rxclpy/_generated/rx/host/qualification/v1/qualification_pb2.py -> build/lib/rxclpy/_generated/rx/host/qualification/v1
creating build/lib/rxclpy/_generated/rx/cell/v1
copying src/rxclpy/_generated/rx/cell/v1/cell_pb2.py -> build/lib/rxclpy/_generated/rx/cell/v1
copying src/rxclpy/_generated/rx/cell/v1/__init__.py -> build/lib/rxclpy/_generated/rx/cell/v1
creating build/lib/rxclpy/_generated/rx/executor/v1
copying src/rxclpy/_generated/rx/executor/v1/executor_pb2.py -> build/lib/rxclpy/_generated/rx/executor/v1
copying src/rxclpy/_generated/rx/executor/v1/__init__.py -> build/lib/rxclpy/_generated/rx/executor/v1
creating build/lib/rxclpy/_generated/rx/executor/plan
copying src/rxclpy/_generated/rx/executor/plan/__init__.py -> build/lib/rxclpy/_generated/rx/executor/plan
creating build/lib/rxclpy/_generated/rx/executor/assignment
copying src/rxclpy/_generated/rx/executor/assignment/__init__.py -> build/lib/rxclpy/_generated/rx/executor/assignment
creating build/lib/rxclpy/_generated/rx/executor/production
copying src/rxclpy/_generated/rx/executor/production/__init__.py -> build/lib/rxclpy/_generated/rx/executor/production
creating build/lib/rxclpy/_generated/rx/executor/plan/v1
copying src/rxclpy/_generated/rx/executor/plan/v1/plan_pb2.py -> build/lib/rxclpy/_generated/rx/executor/plan/v1
copying src/rxclpy/_generated/rx/executor/plan/v1/__init__.py -> build/lib/rxclpy/_generated/rx/executor/plan/v1
creating build/lib/rxclpy/_generated/rx/executor/assignment/v1
copying src/rxclpy/_generated/rx/executor/assignment/v1/assignment_pb2.py -> build/lib/rxclpy/_generated/rx/executor/assignment/v1
copying src/rxclpy/_generated/rx/executor/assignment/v1/__init__.py -> build/lib/rxclpy/_generated/rx/executor/assignment/v1
creating build/lib/rxclpy/_generated/rx/executor/production/v1
copying src/rxclpy/_generated/rx/executor/production/v1/production_pb2.py -> build/lib/rxclpy/_generated/rx/executor/production/v1
copying src/rxclpy/_generated/rx/executor/production/v1/__init__.py -> build/lib/rxclpy/_generated/rx/executor/production/v1
running egg_info
writing src/rxclpy.egg-info/PKG-INFO
writing dependency_links to src/rxclpy.egg-info/dependency_links.txt
writing requirements to src/rxclpy.egg-info/requires.txt
writing top-level names to src/rxclpy.egg-info/top_level.txt
reading manifest file 'src/rxclpy.egg-info/SOURCES.txt'
adding license file 'LICENSE'
adding license file 'NOTICE'
writing manifest file 'src/rxclpy.egg-info/SOURCES.txt'
copying src/rxclpy/_build.json -> build/lib/rxclpy
copying src/rxclpy/py.typed -> build/lib/rxclpy
creating build/lib/rxclpy/_bundle
copying src/rxclpy/_bundle/semantic_fields.json -> build/lib/rxclpy/_bundle
copying src/rxclpy/_bundle/cell_operations_manifest.json -> build/lib/rxclpy/_bundle
copying src/rxclpy/_bundle/bundle.json -> build/lib/rxclpy/_bundle
copying src/rxclpy/_bundle/README.md -> build/lib/rxclpy/_bundle
copying src/rxclpy/_bundle/contracts_manifest.json -> build/lib/rxclpy/_bundle
creating build/lib/rxclpy/_bundle/strict-wire-v1
copying src/rxclpy/_bundle/strict-wire-v1/README.md -> build/lib/rxclpy/_bundle/strict-wire-v1
copying src/rxclpy/_bundle/strict-wire-v1/vectors.json -> build/lib/rxclpy/_bundle/strict-wire-v1
copying src/rxclpy/_bundle/strict-wire-v1/probe.proto -> build/lib/rxclpy/_bundle/strict-wire-v1
creating build/lib/rxclpy/_bundle/rx/contract/v1
copying src/rxclpy/_bundle/rx/contract/v1/contract.proto -> build/lib/rxclpy/_bundle/rx/contract/v1
creating build/lib/rxclpy/_bundle/rx/host/configuration/v1
copying src/rxclpy/_bundle/rx/host/configuration/v1/configuration.proto -> build/lib/rxclpy/_bundle/rx/host/configuration/v1
creating build/lib/rxclpy/_bundle/rx/host/read/v1
copying src/rxclpy/_bundle/rx/host/read/v1/read.proto -> build/lib/rxclpy/_bundle/rx/host/read/v1
creating build/lib/rxclpy/_bundle/rx/host/qualification/v1
copying src/rxclpy/_bundle/rx/host/qualification/v1/qualification.proto -> build/lib/rxclpy/_bundle/rx/host/qualification/v1
creating build/lib/rxclpy/_bundle/rx/cell/v1
copying src/rxclpy/_bundle/rx/cell/v1/cell.proto -> build/lib/rxclpy/_bundle/rx/cell/v1
creating build/lib/rxclpy/_bundle/rx/executor/v1
copying src/rxclpy/_bundle/rx/executor/v1/executor.proto -> build/lib/rxclpy/_bundle/rx/executor/v1
creating build/lib/rxclpy/_bundle/rx/executor/plan/v1
copying src/rxclpy/_bundle/rx/executor/plan/v1/plan.proto -> build/lib/rxclpy/_bundle/rx/executor/plan/v1
creating build/lib/rxclpy/_bundle/rx/executor/assignment/v1
copying src/rxclpy/_bundle/rx/executor/assignment/v1/assignment.proto -> build/lib/rxclpy/_bundle/rx/executor/assignment/v1
creating build/lib/rxclpy/_bundle/rx/executor/production/v1
copying src/rxclpy/_bundle/rx/executor/production/v1/production.proto -> build/lib/rxclpy/_bundle/rx/executor/production/v1
copying src/rxclpy/_generated/strict_wire_v1/probe_pb2.pyi -> build/lib/rxclpy/_generated/strict_wire_v1
copying src/rxclpy/_generated/rx/contract/v1/contract_pb2.pyi -> build/lib/rxclpy/_generated/rx/contract/v1
copying src/rxclpy/_generated/rx/host/configuration/v1/configuration_pb2.pyi -> build/lib/rxclpy/_generated/rx/host/configuration/v1
copying src/rxclpy/_generated/rx/host/read/v1/read_pb2.pyi -> build/lib/rxclpy/_generated/rx/host/read/v1
copying src/rxclpy/_generated/rx/host/qualification/v1/qualification_pb2.pyi -> build/lib/rxclpy/_generated/rx/host/qualification/v1
copying src/rxclpy/_generated/rx/cell/v1/cell_pb2.pyi -> build/lib/rxclpy/_generated/rx/cell/v1
copying src/rxclpy/_generated/rx/executor/v1/executor_pb2.pyi -> build/lib/rxclpy/_generated/rx/executor/v1
copying src/rxclpy/_generated/rx/executor/plan/v1/plan_pb2.pyi -> build/lib/rxclpy/_generated/rx/executor/plan/v1
copying src/rxclpy/_generated/rx/executor/assignment/v1/assignment_pb2.pyi -> build/lib/rxclpy/_generated/rx/executor/assignment/v1
copying src/rxclpy/_generated/rx/executor/production/v1/production_pb2.pyi -> build/lib/rxclpy/_generated/rx/executor/production/v1
installing to build/bdist.linux-aarch64/wheel
running install
running install_lib
creating build/bdist.linux-aarch64/wheel
creating build/bdist.linux-aarch64/wheel/rxclpy
copying build/lib/rxclpy/client.py -> build/bdist.linux-aarch64/wheel/./rxclpy
copying build/lib/rxclpy/__init__.py -> build/bdist.linux-aarch64/wheel/./rxclpy
copying build/lib/rxclpy/wire.py -> build/bdist.linux-aarch64/wheel/./rxclpy
creating build/bdist.linux-aarch64/wheel/rxclpy/_bundle
copying build/lib/rxclpy/_bundle/semantic_fields.json -> build/bdist.linux-aarch64/wheel/./rxclpy/_bundle
copying build/lib/rxclpy/_bundle/cell_operations_manifest.json -> build/bdist.linux-aarch64/wheel/./rxclpy/_bundle
creating build/bdist.linux-aarch64/wheel/rxclpy/_bundle/strict-wire-v1
copying build/lib/rxclpy/_bundle/strict-wire-v1/README.md -> build/bdist.linux-aarch64/wheel/./rxclpy/_bundle/strict-wire-v1
copying build/lib/rxclpy/_bundle/strict-wire-v1/vectors.json -> build/bdist.linux-aarch64/wheel/./rxclpy/_bundle/strict-wire-v1
copying build/lib/rxclpy/_bundle/strict-wire-v1/probe.proto -> build/bdist.linux-aarch64/wheel/./rxclpy/_bundle/strict-wire-v1
copying build/lib/rxclpy/_bundle/bundle.json -> build/bdist.linux-aarch64/wheel/./rxclpy/_bundle
copying build/lib/rxclpy/_bundle/README.md -> build/bdist.linux-aarch64/wheel/./rxclpy/_bundle
copying build/lib/rxclpy/_bundle/contracts_manifest.json -> build/bdist.linux-aarch64/wheel/./rxclpy/_bundle
creating build/bdist.linux-aarch64/wheel/rxclpy/_bundle/rx
creating build/bdist.linux-aarch64/wheel/rxclpy/_bundle/rx/contract
creating build/bdist.linux-aarch64/wheel/rxclpy/_bundle/rx/contract/v1
copying build/lib/rxclpy/_bundle/rx/contract/v1/contract.proto -> build/bdist.linux-aarch64/wheel/./rxclpy/_bundle/rx/contract/v1
creating build/bdist.linux-aarch64/wheel/rxclpy/_bundle/rx/host
creating build/bdist.linux-aarch64/wheel/rxclpy/_bundle/rx/host/configuration
creating build/bdist.linux-aarch64/wheel/rxclpy/_bundle/rx/host/configuration/v1
copying build/lib/rxclpy/_bundle/rx/host/configuration/v1/configuration.proto -> build/bdist.linux-aarch64/wheel/./rxclpy/_bundle/rx/host/configuration/v1
creating build/bdist.linux-aarch64/wheel/rxclpy/_bundle/rx/host/read
creating build/bdist.linux-aarch64/wheel/rxclpy/_bundle/rx/host/read/v1
copying build/lib/rxclpy/_bundle/rx/host/read/v1/read.proto -> build/bdist.linux-aarch64/wheel/./rxclpy/_bundle/rx/host/read/v1
creating build/bdist.linux-aarch64/wheel/rxclpy/_bundle/rx/host/qualification
creating build/bdist.linux-aarch64/wheel/rxclpy/_bundle/rx/host/qualification/v1
copying build/lib/rxclpy/_bundle/rx/host/qualification/v1/qualification.proto -> build/bdist.linux-aarch64/wheel/./rxclpy/_bundle/rx/host/qualification/v1
creating build/bdist.linux-aarch64/wheel/rxclpy/_bundle/rx/cell
creating build/bdist.linux-aarch64/wheel/rxclpy/_bundle/rx/cell/v1
copying build/lib/rxclpy/_bundle/rx/cell/v1/cell.proto -> build/bdist.linux-aarch64/wheel/./rxclpy/_bundle/rx/cell/v1
creating build/bdist.linux-aarch64/wheel/rxclpy/_bundle/rx/executor
creating build/bdist.linux-aarch64/wheel/rxclpy/_bundle/rx/executor/v1
copying build/lib/rxclpy/_bundle/rx/executor/v1/executor.proto -> build/bdist.linux-aarch64/wheel/./rxclpy/_bundle/rx/executor/v1
creating build/bdist.linux-aarch64/wheel/rxclpy/_bundle/rx/executor/plan
creating build/bdist.linux-aarch64/wheel/rxclpy/_bundle/rx/executor/plan/v1
copying build/lib/rxclpy/_bundle/rx/executor/plan/v1/plan.proto -> build/bdist.linux-aarch64/wheel/./rxclpy/_bundle/rx/executor/plan/v1
creating build/bdist.linux-aarch64/wheel/rxclpy/_bundle/rx/executor/assignment
creating build/bdist.linux-aarch64/wheel/rxclpy/_bundle/rx/executor/assignment/v1
copying build/lib/rxclpy/_bundle/rx/executor/assignment/v1/assignment.proto -> build/bdist.linux-aarch64/wheel/./rxclpy/_bundle/rx/executor/assignment/v1
creating build/bdist.linux-aarch64/wheel/rxclpy/_bundle/rx/executor/production
creating build/bdist.linux-aarch64/wheel/rxclpy/_bundle/rx/executor/production/v1
copying build/lib/rxclpy/_bundle/rx/executor/production/v1/production.proto -> build/bdist.linux-aarch64/wheel/./rxclpy/_bundle/rx/executor/production/v1
copying build/lib/rxclpy/py.typed -> build/bdist.linux-aarch64/wheel/./rxclpy
copying build/lib/rxclpy/conformance.py -> build/bdist.linux-aarch64/wheel/./rxclpy
copying build/lib/rxclpy/_build.json -> build/bdist.linux-aarch64/wheel/./rxclpy
creating build/bdist.linux-aarch64/wheel/rxclpy/_generated
copying build/lib/rxclpy/_generated/__init__.py -> build/bdist.linux-aarch64/wheel/./rxclpy/_generated
creating build/bdist.linux-aarch64/wheel/rxclpy/_generated/strict_wire_v1
copying build/lib/rxclpy/_generated/strict_wire_v1/probe_pb2.pyi -> build/bdist.linux-aarch64/wheel/./rxclpy/_generated/strict_wire_v1
copying build/lib/rxclpy/_generated/strict_wire_v1/__init__.py -> build/bdist.linux-aarch64/wheel/./rxclpy/_generated/strict_wire_v1
copying build/lib/rxclpy/_generated/strict_wire_v1/probe_pb2.py -> build/bdist.linux-aarch64/wheel/./rxclpy/_generated/strict_wire_v1
creating build/bdist.linux-aarch64/wheel/rxclpy/_generated/rx
creating build/bdist.linux-aarch64/wheel/rxclpy/_generated/rx/contract
creating build/bdist.linux-aarch64/wheel/rxclpy/_generated/rx/contract/v1
copying build/lib/rxclpy/_generated/rx/contract/v1/__init__.py -> build/bdist.linux-aarch64/wheel/./rxclpy/_generated/rx/contract/v1
copying build/lib/rxclpy/_generated/rx/contract/v1/contract_pb2.py -> build/bdist.linux-aarch64/wheel/./rxclpy/_generated/rx/contract/v1
copying build/lib/rxclpy/_generated/rx/contract/v1/contract_pb2.pyi -> build/bdist.linux-aarch64/wheel/./rxclpy/_generated/rx/contract/v1
copying build/lib/rxclpy/_generated/rx/contract/__init__.py -> build/bdist.linux-aarch64/wheel/./rxclpy/_generated/rx/contract
creating build/bdist.linux-aarch64/wheel/rxclpy/_generated/rx/host
creating build/bdist.linux-aarch64/wheel/rxclpy/_generated/rx/host/configuration
creating build/bdist.linux-aarch64/wheel/rxclpy/_generated/rx/host/configuration/v1
copying build/lib/rxclpy/_generated/rx/host/configuration/v1/__init__.py -> build/bdist.linux-aarch64/wheel/./rxclpy/_generated/rx/host/configuration/v1
copying build/lib/rxclpy/_generated/rx/host/configuration/v1/configuration_pb2.py -> build/bdist.linux-aarch64/wheel/./rxclpy/_generated/rx/host/configuration/v1
copying build/lib/rxclpy/_generated/rx/host/configuration/v1/configuration_pb2.pyi -> build/bdist.linux-aarch64/wheel/./rxclpy/_generated/rx/host/configuration/v1
copying build/lib/rxclpy/_generated/rx/host/configuration/__init__.py -> build/bdist.linux-aarch64/wheel/./rxclpy/_generated/rx/host/configuration
creating build/bdist.linux-aarch64/wheel/rxclpy/_generated/rx/host/read
creating build/bdist.linux-aarch64/wheel/rxclpy/_generated/rx/host/read/v1
copying build/lib/rxclpy/_generated/rx/host/read/v1/read_pb2.py -> build/bdist.linux-aarch64/wheel/./rxclpy/_generated/rx/host/read/v1
copying build/lib/rxclpy/_generated/rx/host/read/v1/__init__.py -> build/bdist.linux-aarch64/wheel/./rxclpy/_generated/rx/host/read/v1
copying build/lib/rxclpy/_generated/rx/host/read/v1/read_pb2.pyi -> build/bdist.linux-aarch64/wheel/./rxclpy/_generated/rx/host/read/v1
copying build/lib/rxclpy/_generated/rx/host/read/__init__.py -> build/bdist.linux-aarch64/wheel/./rxclpy/_generated/rx/host/read
copying build/lib/rxclpy/_generated/rx/host/__init__.py -> build/bdist.linux-aarch64/wheel/./rxclpy/_generated/rx/host
creating build/bdist.linux-aarch64/wheel/rxclpy/_generated/rx/host/qualification
creating build/bdist.linux-aarch64/wheel/rxclpy/_generated/rx/host/qualification/v1
copying build/lib/rxclpy/_generated/rx/host/qualification/v1/__init__.py -> build/bdist.linux-aarch64/wheel/./rxclpy/_generated/rx/host/qualification/v1
copying build/lib/rxclpy/_generated/rx/host/qualification/v1/qualification_pb2.pyi -> build/bdist.linux-aarch64/wheel/./rxclpy/_generated/rx/host/qualification/v1
copying build/lib/rxclpy/_generated/rx/host/qualification/v1/qualification_pb2.py -> build/bdist.linux-aarch64/wheel/./rxclpy/_generated/rx/host/qualification/v1
copying build/lib/rxclpy/_generated/rx/host/qualification/__init__.py -> build/bdist.linux-aarch64/wheel/./rxclpy/_generated/rx/host/qualification
copying build/lib/rxclpy/_generated/rx/__init__.py -> build/bdist.linux-aarch64/wheel/./rxclpy/_generated/rx
creating build/bdist.linux-aarch64/wheel/rxclpy/_generated/rx/cell
creating build/bdist.linux-aarch64/wheel/rxclpy/_generated/rx/cell/v1
copying build/lib/rxclpy/_generated/rx/cell/v1/cell_pb2.py -> build/bdist.linux-aarch64/wheel/./rxclpy/_generated/rx/cell/v1
copying build/lib/rxclpy/_generated/rx/cell/v1/__init__.py -> build/bdist.linux-aarch64/wheel/./rxclpy/_generated/rx/cell/v1
copying build/lib/rxclpy/_generated/rx/cell/v1/cell_pb2.pyi -> build/bdist.linux-aarch64/wheel/./rxclpy/_generated/rx/cell/v1
copying build/lib/rxclpy/_generated/rx/cell/__init__.py -> build/bdist.linux-aarch64/wheel/./rxclpy/_generated/rx/cell
creating build/bdist.linux-aarch64/wheel/rxclpy/_generated/rx/executor
creating build/bdist.linux-aarch64/wheel/rxclpy/_generated/rx/executor/v1
copying build/lib/rxclpy/_generated/rx/executor/v1/executor_pb2.py -> build/bdist.linux-aarch64/wheel/./rxclpy/_generated/rx/executor/v1
copying build/lib/rxclpy/_generated/rx/executor/v1/__init__.py -> build/bdist.linux-aarch64/wheel/./rxclpy/_generated/rx/executor/v1
copying build/lib/rxclpy/_generated/rx/executor/v1/executor_pb2.pyi -> build/bdist.linux-aarch64/wheel/./rxclpy/_generated/rx/executor/v1
creating build/bdist.linux-aarch64/wheel/rxclpy/_generated/rx/executor/plan
creating build/bdist.linux-aarch64/wheel/rxclpy/_generated/rx/executor/plan/v1
copying build/lib/rxclpy/_generated/rx/executor/plan/v1/plan_pb2.py -> build/bdist.linux-aarch64/wheel/./rxclpy/_generated/rx/executor/plan/v1
copying build/lib/rxclpy/_generated/rx/executor/plan/v1/__init__.py -> build/bdist.linux-aarch64/wheel/./rxclpy/_generated/rx/executor/plan/v1
copying build/lib/rxclpy/_generated/rx/executor/plan/v1/plan_pb2.pyi -> build/bdist.linux-aarch64/wheel/./rxclpy/_generated/rx/executor/plan/v1
copying build/lib/rxclpy/_generated/rx/executor/plan/__init__.py -> build/bdist.linux-aarch64/wheel/./rxclpy/_generated/rx/executor/plan
copying build/lib/rxclpy/_generated/rx/executor/__init__.py -> build/bdist.linux-aarch64/wheel/./rxclpy/_generated/rx/executor
creating build/bdist.linux-aarch64/wheel/rxclpy/_generated/rx/executor/assignment
creating build/bdist.linux-aarch64/wheel/rxclpy/_generated/rx/executor/assignment/v1
copying build/lib/rxclpy/_generated/rx/executor/assignment/v1/assignment_pb2.py -> build/bdist.linux-aarch64/wheel/./rxclpy/_generated/rx/executor/assignment/v1
copying build/lib/rxclpy/_generated/rx/executor/assignment/v1/__init__.py -> build/bdist.linux-aarch64/wheel/./rxclpy/_generated/rx/executor/assignment/v1
copying build/lib/rxclpy/_generated/rx/executor/assignment/v1/assignment_pb2.pyi -> build/bdist.linux-aarch64/wheel/./rxclpy/_generated/rx/executor/assignment/v1
copying build/lib/rxclpy/_generated/rx/executor/assignment/__init__.py -> build/bdist.linux-aarch64/wheel/./rxclpy/_generated/rx/executor/assignment
creating build/bdist.linux-aarch64/wheel/rxclpy/_generated/rx/executor/production
creating build/bdist.linux-aarch64/wheel/rxclpy/_generated/rx/executor/production/v1
copying build/lib/rxclpy/_generated/rx/executor/production/v1/production_pb2.py -> build/bdist.linux-aarch64/wheel/./rxclpy/_generated/rx/executor/production/v1
copying build/lib/rxclpy/_generated/rx/executor/production/v1/production_pb2.pyi -> build/bdist.linux-aarch64/wheel/./rxclpy/_generated/rx/executor/production/v1
copying build/lib/rxclpy/_generated/rx/executor/production/v1/__init__.py -> build/bdist.linux-aarch64/wheel/./rxclpy/_generated/rx/executor/production/v1
copying build/lib/rxclpy/_generated/rx/executor/production/__init__.py -> build/bdist.linux-aarch64/wheel/./rxclpy/_generated/rx/executor/production
running install_egg_info
Copying src/rxclpy.egg-info to build/bdist.linux-aarch64/wheel/./rxclpy-0.1.0-py3.12.egg-info
running install_scripts
creating build/bdist.linux-aarch64/wheel/rxclpy-0.1.0.dist-info/WHEEL
creating '/evidence/wheels/.tmp-uwbol2aq/rxclpy-0.1.0-py3-none-any.whl' and adding 'build/bdist.linux-aarch64/wheel' to it
adding 'rxclpy/__init__.py'
adding 'rxclpy/_build.json'
adding 'rxclpy/client.py'
adding 'rxclpy/conformance.py'
adding 'rxclpy/py.typed'
adding 'rxclpy/wire.py'
adding 'rxclpy/_bundle/README.md'
adding 'rxclpy/_bundle/bundle.json'
adding 'rxclpy/_bundle/cell_operations_manifest.json'
adding 'rxclpy/_bundle/contracts_manifest.json'
adding 'rxclpy/_bundle/semantic_fields.json'
adding 'rxclpy/_bundle/rx/cell/v1/cell.proto'
adding 'rxclpy/_bundle/rx/contract/v1/contract.proto'
adding 'rxclpy/_bundle/rx/executor/assignment/v1/assignment.proto'
adding 'rxclpy/_bundle/rx/executor/plan/v1/plan.proto'
adding 'rxclpy/_bundle/rx/executor/production/v1/production.proto'
adding 'rxclpy/_bundle/rx/executor/v1/executor.proto'
adding 'rxclpy/_bundle/rx/host/configuration/v1/configuration.proto'
adding 'rxclpy/_bundle/rx/host/qualification/v1/qualification.proto'
adding 'rxclpy/_bundle/rx/host/read/v1/read.proto'
adding 'rxclpy/_bundle/strict-wire-v1/README.md'
adding 'rxclpy/_bundle/strict-wire-v1/probe.proto'
adding 'rxclpy/_bundle/strict-wire-v1/vectors.json'
adding 'rxclpy/_generated/__init__.py'
adding 'rxclpy/_generated/rx/__init__.py'
adding 'rxclpy/_generated/rx/cell/__init__.py'
adding 'rxclpy/_generated/rx/cell/v1/__init__.py'
adding 'rxclpy/_generated/rx/cell/v1/cell_pb2.py'
adding 'rxclpy/_generated/rx/cell/v1/cell_pb2.pyi'
adding 'rxclpy/_generated/rx/contract/__init__.py'
adding 'rxclpy/_generated/rx/contract/v1/__init__.py'
adding 'rxclpy/_generated/rx/contract/v1/contract_pb2.py'
adding 'rxclpy/_generated/rx/contract/v1/contract_pb2.pyi'
adding 'rxclpy/_generated/rx/executor/__init__.py'
adding 'rxclpy/_generated/rx/executor/assignment/__init__.py'
adding 'rxclpy/_generated/rx/executor/assignment/v1/__init__.py'
adding 'rxclpy/_generated/rx/executor/assignment/v1/assignment_pb2.py'
adding 'rxclpy/_generated/rx/executor/assignment/v1/assignment_pb2.pyi'
adding 'rxclpy/_generated/rx/executor/plan/__init__.py'
adding 'rxclpy/_generated/rx/executor/plan/v1/__init__.py'
adding 'rxclpy/_generated/rx/executor/plan/v1/plan_pb2.py'
adding 'rxclpy/_generated/rx/executor/plan/v1/plan_pb2.pyi'
adding 'rxclpy/_generated/rx/executor/production/__init__.py'
adding 'rxclpy/_generated/rx/executor/production/v1/__init__.py'
adding 'rxclpy/_generated/rx/executor/production/v1/production_pb2.py'
adding 'rxclpy/_generated/rx/executor/production/v1/production_pb2.pyi'
adding 'rxclpy/_generated/rx/executor/v1/__init__.py'
adding 'rxclpy/_generated/rx/executor/v1/executor_pb2.py'
adding 'rxclpy/_generated/rx/executor/v1/executor_pb2.pyi'
adding 'rxclpy/_generated/rx/host/__init__.py'
adding 'rxclpy/_generated/rx/host/configuration/__init__.py'
adding 'rxclpy/_generated/rx/host/configuration/v1/__init__.py'
adding 'rxclpy/_generated/rx/host/configuration/v1/configuration_pb2.py'
adding 'rxclpy/_generated/rx/host/configuration/v1/configuration_pb2.pyi'
adding 'rxclpy/_generated/rx/host/qualification/__init__.py'
adding 'rxclpy/_generated/rx/host/qualification/v1/__init__.py'
adding 'rxclpy/_generated/rx/host/qualification/v1/qualification_pb2.py'
adding 'rxclpy/_generated/rx/host/qualification/v1/qualification_pb2.pyi'
adding 'rxclpy/_generated/rx/host/read/__init__.py'
adding 'rxclpy/_generated/rx/host/read/v1/__init__.py'
adding 'rxclpy/_generated/rx/host/read/v1/read_pb2.py'
adding 'rxclpy/_generated/rx/host/read/v1/read_pb2.pyi'
adding 'rxclpy/_generated/strict_wire_v1/__init__.py'
adding 'rxclpy/_generated/strict_wire_v1/probe_pb2.py'
adding 'rxclpy/_generated/strict_wire_v1/probe_pb2.pyi'
adding 'rxclpy-0.1.0.dist-info/licenses/LICENSE'
adding 'rxclpy-0.1.0.dist-info/licenses/NOTICE'
adding 'rxclpy-0.1.0.dist-info/METADATA'
adding 'rxclpy-0.1.0.dist-info/WHEEL'
adding 'rxclpy-0.1.0.dist-info/top_level.txt'
adding 'rxclpy-0.1.0.dist-info/RECORD'
removing build/bdist.linux-aarch64/wheel
Successfully built rxclpy-0.1.0-py3-none-any.whl
