   Compiling proc-macro2 v1.0.107
   Compiling quote v1.0.47
   Compiling unicode-ident v1.0.24
   Compiling libc v0.2.189
   Compiling cfg-if v1.0.4
   Compiling itoa v1.0.18
   Compiling memchr v2.8.3
   Compiling version_check v0.9.5
   Compiling typenum v1.20.1
   Compiling serde_core v1.0.229
   Compiling subtle v2.6.1
   Compiling zmij v1.0.23
   Compiling getrandom v0.4.3
   Compiling serde v1.0.229
   Compiling generic-array v0.14.7
   Compiling serde_json v1.0.151
   Compiling bitflags v2.13.2
   Compiling once_cell v1.21.4
   Compiling thiserror v2.0.20
   Compiling shlex v2.0.1
   Compiling find-msvc-tools v0.1.12
   Compiling ryu-js v0.2.2
   Compiling foldhash v0.2.0
   Compiling smallvec v1.16.0
   Compiling cc v1.4.5
   Compiling hashbrown v0.17.1
   Compiling bytes v1.12.1
   Compiling zeroize v1.9.0
   Compiling fastrand v2.5.0
   Compiling ipnet v2.12.2
   Compiling pin-project-lite v0.2.17
   Compiling rustix v1.1.4
   Compiling log v0.4.34
   Compiling equivalent v1.0.2
   Compiling futures-core v0.3.34
   Compiling syn v3.0.5
   Compiling syn v2.0.119
   Compiling base64 v0.22.1
   Compiling tracing-core v0.1.36
   Compiling http v1.5.0
   Compiling hybrid-array v0.4.15
   Compiling errno v0.3.14
   Compiling cpufeatures v0.2.17
   Compiling crypto-common v0.1.7
   Compiling block-buffer v0.10.4
   Compiling signal-hook-registry v1.4.8
   Compiling mio v1.2.3
   Compiling digest v0.10.7
   Compiling socket2 v0.6.5
   Compiling sha2 v0.10.9
   Compiling anyhow v1.0.104
   Compiling io-lifetimes v2.0.4
   Compiling io-lifetimes v3.0.1
   Compiling getrandom v0.2.17
   Compiling futures-sink v0.3.34
   Compiling io-extras v0.19.0
   Compiling slab v0.4.12
   Compiling semver v1.0.28
   Compiling either v1.18.0
   Compiling itertools v0.14.0
   Compiling rustc_version v0.4.1
   Compiling http-body v1.1.0
   Compiling ring v0.17.14
   Compiling block-buffer v0.12.1
   Compiling crypto-common v0.2.2
   Compiling indexmap v2.14.2
   Compiling percent-encoding v2.3.2
   Compiling cap-primitives v4.0.3
   Compiling curve25519-dalek v5.0.0
   Compiling httparse v1.10.1
   Compiling maybe-owned v0.3.4
   Compiling tower-service v0.3.3
   Compiling cap-std v4.0.3
   Compiling futures-task v0.3.34
   Compiling ambient-authority v0.0.2
   Compiling futures-util v0.3.34
   Compiling digest v0.11.3
   Compiling cpufeatures v0.3.1
   Compiling fnv v1.0.7
   Compiling signature v3.0.0
   Compiling untrusted v0.9.0
   Compiling cap-fs-ext v4.0.3
   Compiling try-lock v0.2.5
   Compiling atomic-waker v1.1.2
   Compiling want v0.3.1
   Compiling ed25519 v3.0.0
   Compiling sha2 v0.11.0
   Compiling futures-channel v0.3.34
   Compiling tempfile v3.27.0
   Compiling fs-set-times v0.20.3
   Compiling uuid v1.26.1
   Compiling rustls-pki-types v1.15.1
   Compiling httpdate v1.0.3
   Compiling vcpkg v0.2.15
   Compiling pkg-config v0.3.34
   Compiling ed25519-dalek v3.0.0
   Compiling form_urlencoded v1.2.2
   Compiling sync_wrapper v1.0.2
   Compiling pulldown-cmark v0.13.4
   Compiling rustls v0.23.44
   Compiling tower-layer v0.3.3
   Compiling prettyplease v0.2.37
   Compiling libsqlite3-sys v0.38.2
   Compiling regex-syntax v0.8.11
   Compiling unicase v2.9.0
   Compiling foldhash v0.1.5
   Compiling hashbrown v0.15.5
   Compiling rustls-webpki v0.103.15
   Compiling http-body-util v0.1.5
   Compiling hashlink v0.12.2
   Compiling serde_derive v1.0.229
   Compiling thiserror-impl v2.0.20
   Compiling tokio-macros v2.7.2
   Compiling regex-automata v0.4.18
   Compiling tracing-attributes v0.1.31
   Compiling prost-derive v0.14.4
   Compiling tokio v1.53.1
   Compiling fixedbitset v0.5.7
   Compiling fallible-streaming-iterator v0.1.9
   Compiling fallible-iterator v0.3.0
   Compiling ryu v1.0.23
   Compiling petgraph v0.8.3
   Compiling pulldown-cmark-to-cmark v22.0.1
   Compiling tracing v0.1.44
   Compiling mime v0.3.17
   Compiling time-core v0.1.9
   Compiling multimap v0.10.1
   Compiling num-conv v0.2.2
   Compiling deranged v0.5.8
   Compiling heck v0.5.0
   Compiling powerfmt v0.2.0
   Compiling axum-core v0.5.6
   Compiling prost v0.14.4
   Compiling prost-types v0.14.4
   Compiling rusqlite v0.40.2
   Compiling regex v1.13.1
   Compiling time v0.3.55
   Compiling pin-project-internal v1.1.13
   Compiling tonic-build v0.14.6
   Compiling prost-build v0.14.4
   Compiling serde_jcs v0.2.0
   Compiling serde_urlencoded v0.7.1
   Compiling serde_path_to_error v0.1.20
   Compiling rx-domain v0.1.0 (/Users/ojaehong/RX_automation/rx_ws/rx-platform/crates/rx-domain)
   Compiling protoc-bin-vendored-macos-aarch_64 v3.2.0
   Compiling protoc-bin-vendored-linux-aarch_64 v3.2.0
   Compiling protoc-bin-vendored-linux-s390_64 v3.2.0
   Compiling protoc-bin-vendored-linux-ppcle_64 v3.2.0
   Compiling protoc-bin-vendored-linux-x86_64 v3.2.0
   Compiling matchit v0.8.4
   Compiling protoc-bin-vendored-macos-x86_64 v3.2.0
   Compiling protoc-bin-vendored-win32 v3.2.0
   Compiling protoc-bin-vendored-linux-x86_32 v3.2.0
   Compiling pin-project v1.1.13
   Compiling protoc-bin-vendored v3.2.0
   Compiling async-trait v0.1.92
   Compiling synstructure v0.13.2
   Compiling stable_deref_trait v1.2.1
   Compiling zerovec-derive v0.11.6
   Compiling tonic-prost-build v0.14.6
   Compiling zerofrom-derive v0.1.7
   Compiling yoke-derive v0.8.2
   Compiling displaydoc v0.2.7
   Compiling writeable v0.6.4
   Compiling litemap v0.8.3
   Compiling utf8_iter v1.0.4
   Compiling icu_normalizer_data v2.3.0
   Compiling icu_properties_data v2.3.0
   Compiling rand_core v0.6.4
   Compiling prost-reflect v0.16.5
   Compiling base64ct v1.8.3
   Compiling zerofrom v0.1.8
   Compiling blake2 v0.10.6
   Compiling base64 v0.23.1
   Compiling password-hash v0.5.0
   Compiling yasna v0.6.0
   Compiling yoke v0.8.3
   Compiling argon2 v0.5.3
   Compiling pem v4.0.0
   Compiling zerovec v0.11.8
   Compiling zerotrie v0.2.5
   Compiling aho-corasick v1.1.5
   Compiling tokio-util v0.7.19
   Compiling tokio-rustls v0.26.5
   Compiling tokio-stream v0.1.19
   Compiling rcgen v0.14.10
   Compiling rx-ports v0.1.0 (/Users/ojaehong/RX_automation/rx_ws/rx-platform/crates/rx-ports)
   Compiling h2 v0.4.19
   Compiling tower v0.5.3
   Compiling rx-process-contract v0.1.0 (/Users/ojaehong/RX_automation/rx_ws/rx-platform/crates/rx-process-contract)
   Compiling rx-package v0.1.0 (/Users/ojaehong/RX_automation/rx_ws/rx-platform/crates/rx-package)
   Compiling rx-storage v0.1.0 (/Users/ojaehong/RX_automation/rx_ws/rx-platform/crates/rx-storage)
   Compiling rx-protocol v0.1.0 (/Users/ojaehong/RX_automation/rx_ws/rx-platform/crates/rx-protocol)
   Compiling tinystr v0.8.4
   Compiling icu_locale_core v2.3.0
   Compiling potential_utf v0.1.6
   Compiling icu_collections v2.3.0
   Compiling icu_provider v2.3.1
   Compiling icu_properties v2.3.0
   Compiling icu_normalizer v2.3.0
   Compiling idna_adapter v1.2.2
   Compiling idna v1.1.0
   Compiling rx-application v0.1.0 (/Users/ojaehong/RX_automation/rx_ws/rx-platform/crates/rx-application)
   Compiling url v2.5.8
   Compiling tower-http v0.6.11
   Compiling hyper v1.11.1
   Compiling hyper-util v0.1.20
   Compiling hyper-timeout v0.5.2
   Compiling axum v0.8.9
   Compiling hyper-rustls v0.27.9
   Compiling reqwest v0.12.28
   Compiling tonic v0.14.6
   Compiling tonic-prost v0.14.6
   Compiling rx-runtime v0.1.0 (/Users/ojaehong/RX_automation/rx_ws/rx-platform/crates/rx-runtime)
   Compiling rx-protocol-adapter v0.1.0 (/Users/ojaehong/RX_automation/rx_ws/rx-platform/crates/rx-protocol-adapter)
   Compiling rx-api v0.1.0 (/Users/ojaehong/RX_automation/rx_ws/rx-platform/crates/rx-api)
   Compiling rx-host-client v0.1.0 (/Users/ojaehong/RX_automation/rx_ws/rx-platform/crates/rx-host-client)
   Compiling rx-platformd v0.1.0 (/Users/ojaehong/RX_automation/rx_ws/rx-platform/crates/rx-platformd)
    Finished `test` profile [unoptimized] target(s) in 1m 10s
     Running unittests src/lib.rs (../.g5-evidence/platform-suite-target/debug/deps/rx_api-a9345c8b541bee3b)

running 7 tests
test operator_ui::tests::bounds_manifest_before_loading_asset_bytes ... ok
test operator_ui::tests::owns_exact_verified_bytes_and_requires_a_pinned_manifest ... ok
test operator_ui::tests::acquisition_rejects_component_links_replaced_after_inventory ... ok
test operator_ui::tests::rejects_symlink_roots_ancestors_assets_and_manifest ... ok
test operator_ui::tests::rejects_unlisted_missing_tampered_and_oversized_files ... ok
test operator_ui::tests::acquisition_rejects_replaced_fifos_without_waiting_for_a_writer ... ok
test operator_ui::tests::strict_manifest_and_asset_namespace_reject_aliases_and_unsupported_inputs ... ok

test result: ok. 7 passed; 0 failed; 0 ignored; 0 measured; 0 filtered out; finished in 0.03s

     Running unittests src/bin/local.rs (../.g5-evidence/platform-suite-target/debug/deps/rx_platform_local-1afd1539d979d59b)

running 0 tests

test result: ok. 0 passed; 0 failed; 0 ignored; 0 measured; 0 filtered out; finished in 0.00s

     Running tests/evidence_ingress.rs (../.g5-evidence/platform-suite-target/debug/deps/evidence_ingress-0341de5e05fa32e3)

running 1 test
test publisher_catches_up_over_128_records_after_lost_ack_and_preserves_cursor_on_restart ... ignored, tools/test_evidence_e2e.sh builds and supplies the separate Host publisher

test result: ok. 0 passed; 0 failed; 1 ignored; 0 measured; 0 filtered out; finished in 0.00s

     Running tests/executor_ingress.rs (../.g5-evidence/platform-suite-target/debug/deps/executor_ingress-a1a2ed2663ccbca7)

running 7 tests
test durable_s_worker_handles_real_bt_requests_and_preserves_crash_boundaries ... ignored, tools/test_executor_worker_e2e.sh supplies S worker and pinned C++ request fixture
test resident_executor_discovers_two_operator_started_runs_in_one_process_and_session ... ignored, tools/test_executor_cell_e2e.sh supplies the resident S service and pinned C++ fixture
test solutions_reader_restores_a_new_session_without_restoring_run_authority ... ignored, tools/test_executor_read_e2e.sh supplies the separate solutions reader
test executor_run_reads_require_both_negotiations_and_the_same_registered_certificate ... ok
test wait_checkpoint_start_and_resolution_use_the_frozen_wire_contract ... ok
test branch_checkpoint_preparation_and_lost_commit_reply_use_the_frozen_wire_contract ... ok
test remote_executor_allocates_and_submits_after_a_simulated_operator_start ... ok

test result: ok. 4 passed; 0 failed; 3 ignored; 0 measured; 0 filtered out; finished in 0.21s

     Running tests/host_recovery.rs (../.g5-evidence/platform-suite-target/debug/deps/host_recovery-ba6dc6a573ecb140)

running 8 tests
test context_digests_are_computed_by_the_server_and_diagnostic_queries_cannot_claim_authority ... ok
test writer_results_keep_their_existing_codes_and_transport_errors_are_sanitized ... ok
test recovery_requests_reject_extra_authority_material_and_reuse_csrf_policy ... ok
test exact_keys_cas_and_existing_operation_ids_reach_only_the_configured_service ... ok
test proposal_response_matches_the_original_request_and_actor_even_when_diagnostic_blockers_change ... ok
test recovery_discovery_requires_current_role_bounds_and_forwards_the_exact_cursor ... ok
test cached_proposal_keeps_historical_actor_after_relogin_on_another_registered_terminal ... ok
test absence_is_reported_only_after_current_terminal_and_release_role_authentication ... ok

test result: ok. 8 passed; 0 failed; 0 ignored; 0 measured; 0 filtered out; finished in 1.52s

     Running tests/http.rs (../.g5-evidence/platform-suite-target/debug/deps/http-1ea5f6dd7df38ed5)

running 22 tests
test export_operator_package_fixture ... ignored, browser package harness requests isolated fixture files; no production keys
test cell_wire_projection_rejects_missing_legacy_metadata_and_impossible_creation_revision ... ok
test expired_session_and_stopped_writer_never_return_cached_success ... ok
test mutations_are_durable_idempotent_and_terminal_bypass_is_rejected ... ok
test canonical_cell_inspection_uses_current_human_scope_and_frozen_json ... ok
test invalid_service_inventory_is_not_partially_configured_and_empty_inventory_is_explicit ... ok
test process_review_real_compiler_report_crosses_http_and_approval_rechecks_store ... ignored, tools/test_process_review_e2e.sh supplies the separately built S verifier
test binding_http_produces_a_matched_compile_input_without_cell_activation ... ok
test close_http_requires_current_lead_cohort_evidence_and_real_clearance ... ok
test actual_tcp_listener_uses_verified_socket_origin_and_real_writer ... ok
test sign_operator_review_fixture ... ignored, test-only signing for browser-generated process review requests
test case_acknowledgment_records_reading_without_changing_containment_or_scope ... ok
test checkpoint_wire_and_exact_artifact_are_scoped_to_current_user_access ... ok
test process_draft_http_preserves_versions_and_blocks_non_engineer_or_cross_cell_writes ... ok
test service_diagnostics_expire_without_rejuvenating_worker_activity_and_reject_old_owners ... ok
test stale_external_procedure_report_returns_its_durable_fact_ids ... ok
test scoped_snapshot_login_logout_and_current_revocation ... ok
test operator_start_http::operator_start_context_requires_scope_and_does_not_promote_a_session_without_terminal ... ok
test package_intake_http_verifies_real_files_scopes_receipts_and_does_not_activate ... ok
test runtime_restriction_selection_is_scoped_read_only_and_keeps_missing_origins_null ... ok
test service_diagnostics_are_scope_filtered_and_new_runtime_cannot_reuse_a_previous_owner ... ok
test strict_ingress_and_credentials_never_create_authority_from_headers ... ok

test result: ok. 19 passed; 0 failed; 3 ignored; 0 measured; 0 filtered out; finished in 3.90s

     Running tests/terminal_https.rs (../.g5-evidence/platform-suite-target/debug/deps/terminal_https-f153da86346c5a3e)

running 5 tests
test authenticated_terminal_cannot_bypass_qualification_or_current_user_role ... ok
test terminal_bound_operator_can_prepare_start_but_revocation_blocks_cached_requests ... ok
test operator_start_https::terminal_https_start_context_and_attempt_reads_preserve_real_start_and_identity_checks ... ok
test operator_bundle_uses_direct_mtls_and_never_masks_api_or_missing_assets ... ok
test tls_certificate_and_registry_are_both_required_and_cookie_is_bound_to_terminal ... ok

test result: ok. 5 passed; 0 failed; 0 ignored; 0 measured; 0 filtered out; finished in 1.95s

     Running unittests src/lib.rs (../.g5-evidence/platform-suite-target/debug/deps/rx_application-44128ff0da29ca2e)

running 3 tests
test engine::admission::tests::current_source_identity_and_uncertainty_contract_apply_to_stored_facts ... ok
test engine::run_configuration::tests::legacy_configuration_is_inferred_only_before_replacement_and_bound_history_never_drifts ... ok
test checkpoint_artifact::tests::rejects_a_valid_older_artifact_substituted_into_a_newer_run_view ... ok

test result: ok. 3 passed; 0 failed; 0 ignored; 0 measured; 0 filtered out; finished in 0.01s

     Running tests/transactions.rs (../.g5-evidence/platform-suite-target/debug/deps/transactions-1e28334907d09416)

running 240 tests
test assignment_tests::assignment_read_requires_current_role_cell_and_configured_executor ... ok
test binding_catalog_change_survives_runtime_restart_and_cannot_be_exported_as_current ... ok
test assignment_tests::assignment_contract_rejects_false_cardinality_duplicate_witness_and_changed_cut ... ok
test binding_receipt_recovery_still_requires_current_engineer_role ... ok
test activation_visits_are_unique_for_the_whole_run_across_parts ... ok
test binding_history_is_not_rebound_by_source_changes_and_title_only_changes_keep_the_same_content ... ok
test assignment_tests::assignment_read_discovers_arming_and_ambiguity_without_creating_or_selecting_work ... ok
test assignment_tests::assignment_read_keeps_recovery_work_visible_after_its_previous_owner_is_revoked ... ok
test assignment_tests::ambiguous_discovery_does_not_revoke_an_already_bound_independent_run ... ok
test an_entered_send_with_no_remote_receipt_remains_unknown_and_is_not_reissued ... ok
test admission_receipt_is_anchored_to_the_original_control_record_and_survives_later_changes ... ok
test cell_operating_context_rejects_competing_active_purposes ... ok
test a_new_contradictory_native_result_preserves_historical_outcome ... ok
test changed_intent_under_same_key_is_a_conflict ... ok
test checkpoint_artifact_requires_current_run_scope_and_exact_owned_reference ... ok
test checkpoint_artifact_and_run_projection_commit_with_slot_or_roll_back_together ... ok
test changing_evidence_journal_does_not_silently_reset_sequence_history ... ok
test checkpoint_preparation_loss_and_expiry_never_advance_the_run ... ok
test checkpoint_commit_rejects_changed_mapping_artifact_and_stale_condition ... ok
test checkpoint_proposal_is_not_an_applied_decision_and_commit_response_survives_loss ... ok
test checkpoint_wait_uses_p_time_and_success_cannot_be_committed_after_deadline ... ok
test checkpoint_successor_preserves_an_existing_child_slot_from_another_visit ... ok
test closed_case_duplicate_reports_never_replay_but_new_physical_reports_reopen_containment ... ok
test configuration_dispatch_tests::configuration_apply_rejects_expired_host_read_even_with_a_fresh_release_session ... ok
test configuration_dispatch_tests::configuration_dispatch_conflicting_receipt_never_overwrites_first_fact ... ok
test configuration_dispatch_tests::configuration_dispatch_new_preparation_cannot_bypass_older_unknown_send ... ok
test configuration_dispatch_tests::configuration_apply_requires_volatile_fresh_observations_at_both_prepare_and_commit ... ok
test configuration_dispatch_tests::configuration_apply_cannot_use_partial_host_results_or_revoked_terminal ... ok
test configuration_dispatch_tests::configuration_dispatch_partial_host_confirmation_is_mixed_without_platform_swap ... ok
test configuration_dispatch_tests::configuration_dispatch_receipt_survives_transport_failure_and_disappearance_latches_dispute ... ok
test configuration_dispatch_tests::host_recovery_tests::recovery_external_payload_cannot_inject_transport_observations_or_operating_actions ... ok
test configuration_dispatch_tests::configuration_dispatch_revoked_sender_blocks_resend_but_late_fact_is_retained ... ok
test configuration_dispatch_tests::configuration_apply_keeps_completed_process_artifacts_and_new_runs_bind_new_configuration ... ok
test configuration_dispatch_tests::host_recovery_tests::recovery_commit_reply_retry_cannot_hide_a_new_source_generation_after_historical_success ... ok
test configuration_dispatch_tests::configuration_dispatch_requires_fences_terminal_and_retains_one_task_after_commit_loss ... ok
test configuration_dispatch_tests::configuration_apply_is_atomic_and_lost_reply_recovers_selection_epoch_and_history ... ok
test configuration_dispatch_tests::host_recovery_tests::recovery_adopts_current_original_outbox_and_commits_marker_and_exact_ack_atomically ... ok
test configuration_dispatch_tests::host_recovery_tests::recovery_ambiguous_current_fences_and_page_overflow_never_select_a_partial_candidate_set ... ok
test configuration_dispatch_tests::host_recovery_tests::recovery_initial_unapplied_and_normal_renewal_preserve_dynamic_authority_while_restoring_real_false_fact ... ok
test configuration_dispatch_tests::host_recovery_tests::recovery_late_ack_survives_all_cell_cas_loss_and_never_changes_registration ... ok
test configuration_dispatch_tests::host_recovery_tests::recovery_history_is_discoverable_in_bounded_host_pages_without_partial_cell_access ... ok
test configuration_dispatch_tests::host_recovery_tests::recovery_proposal_reply_is_recovered_without_fresh_host_data_and_still_checks_key_and_actor ... ok
test configuration_dispatch_tests::host_recovery_tests::recovery_shared_host_requires_terminal_rights_for_every_affected_cell ... ok
test configuration_dispatch_tests::host_recovery_tests::recovery_known_unknown_allows_original_lookup_and_receipt_only_without_new_authorize_or_release ... ok
test configuration_dispatch_tests::configuration_dispatch_send_entry_is_durable_and_missing_retry_uses_exact_request ... ok
test configuration_dispatch_tests::configuration_dispatch_changed_snapshot_cannot_authorize_missing_receipt_retry ... ok
test configuration_dispatch_tests::host_recovery_tests::recovery_sender_reapproval_keeps_original_fence_and_old_runtime_cannot_resume ... ok
test configuration_dispatch_tests::host_recovery_tests::recovery_stored_actor_roundtrip_retains_identifiers_without_restoring_session_authority ... ok
test configuration_dispatch_tests::host_recovery_tests::recovery_missing_baseline_or_changed_identity_never_autogenerates_continuity ... ok
test configuration_dispatch_tests::host_recovery_tests::recovery_permanent_void_without_invocation_preserves_known_prepare_identity_and_records_only_not_executed ... ok
test configuration_dispatch_tests::host_recovery_tests::recovery_lost_commits_keep_original_proposal_fence_and_ack_without_replaying_authority ... ok
test configuration_dispatch_tests::process_revalidation_tests::replace_default_preserves_legacy_request_change_shape_and_plan_digest ... ok
test configuration_dispatch_tests::host_recovery_tests::recovery_normal_apply_after_initial_none_uses_current_application_proof_instead_of_initial_configuration ... ok
test configuration_dispatch_tests::process_revalidation_tests::current_revalidation_proposal_commit_loss_is_atomic_and_recoverable ... ok
test configuration_dispatch_tests::process_revalidation_tests::current_revalidation_keeps_review_fence_host_ack_and_unqualified_apply_gates_and_reuses_applied_root ... ok
test configuration_dispatch_tests::process_revalidation_tests::current_revalidation_requires_explicit_mode_exact_target_and_existing_compiled_process ... ok
test configuration_dispatch_tests::requalification_tests::qualification_activation_tests::qualification_legacy_policy_can_be_reviewed_but_cannot_issue_execution_purposes ... ok
test configuration_dispatch_tests::requalification_tests::qualification_activation_tests::qualification_activation_rechecks_context_after_off_writer_verification ... ok
test configuration_dispatch_tests::requalification_tests::qualification_activation_tests::qualification_disappearing_receipt_suspends_active_cohort_without_overwriting_fact ... ok
test configuration_dispatch_tests::host_recovery_tests::recovery_source_clock_configuration_and_unknown_pending_changes_cannot_be_promoted ... ok
test configuration_dispatch_tests::requalification_tests::qualification_activation_tests::qualification_never_clears_a_manual_hold_without_owned_provenance ... ok
test configuration_dispatch_tests::requalification_tests::qualification_activation_tests::qualification_new_session_reauthorizes_same_pending_request_without_new_ids ... ok
test configuration_dispatch_tests::requalification_tests::qualification_activation_tests::qualification_permits_only_the_reviewed_operating_purposes ... ok
test configuration_dispatch_tests::requalification_tests::qualification_activation_tests::qualification_issuance_is_atomic_and_request_loss_preserves_ids_and_clear_plan ... ok
test configuration_dispatch_tests::requalification_tests::qualification_activation_tests::qualification_policy_replacement_revokes_active_grade_but_preserves_history ... ok
test configuration_dispatch_tests::requalification_tests::qualification_activation_tests::runtime_requalification_tests::a_later_review_without_selection_cannot_reuse_an_earlier_runtime_adoption ... ok
test configuration_dispatch_tests::requalification_tests::qualification_activation_tests::qualification_send_journal_does_not_infer_rejection_from_missing_reply ... ok
test configuration_dispatch_tests::requalification_tests::qualification_activation_tests::qualification_restart_retires_active_authority_and_preserves_completed_batch ... ok
test configuration_dispatch_tests::requalification_tests::qualification_activation_tests::qualification_partial_host_receipts_never_activate_the_cell ... ok
test configuration_dispatch_tests::requalification_tests::qualification_activation_tests::qualification_activation_is_atomic_clears_only_owned_blocks_and_requires_separate_start ... ok
test configuration_dispatch_tests::requalification_tests::qualification_activation_tests::runtime_requalification_tests::activated_root_after_restart_keeps_exact_origin_owner_and_can_begin_explicit_revalidation ... ok
test configuration_dispatch_tests::requalification_tests::qualification_activation_tests::runtime_requalification_tests::review_without_explicit_runtime_restriction_cannot_issue_a_clear_for_it ... ok
test configuration_dispatch_tests::requalification_tests::requalification_approval_requires_fences_and_independent_reviewer_and_fresh_context ... ok
test configuration_dispatch_tests::requalification_tests::requalification_approval_is_idempotent_and_new_report_invalidates_its_scope ... ok
test configuration_dispatch_tests::requalification_tests::qualification_activation_tests::runtime_requalification_tests::initial_runtime_restriction_is_signed_into_requalification_and_cleared_only_at_activation ... ok
test confirmed_new_cell_fence_advances_registration_and_allows_only_original_grant_renewal ... ok
test conflicting_observation_is_committed_as_invalidation_even_though_api_rejects_it ... ok
test configuration_dispatch_tests::requalification_tests::requalification_not_run_is_preserved_and_cannot_be_approved ... ok
test current_engineer_role_is_required_even_when_recovering_an_existing_draft_receipt ... ok
test control_journal_is_atomic_and_audit_sessions_do_not_advance_its_cursor ... ok
test configuration_dispatch_tests::requalification_tests::qualification_activation_tests::runtime_requalification_tests::a_new_shared_cell_invalidates_pending_and_active_requalification_without_changing_the_original_cell ... ok
test device_binding_tests::approved_action_produces_exact_nonexecuting_candidate_and_independent_impact_review ... ok
test device_binding_tests::missing_mandatory_conditions_and_malformed_conditions_never_get_default_success ... ok
test configuration_dispatch_tests::requalification_tests::qualification_activation_tests::runtime_requalification_tests::restriction_binding_is_atomic_and_missing_or_wrong_origins_never_generate_authority ... ok
test configuration_dispatch_tests::requalification_tests::requalification_rejects_missing_forged_or_wrong_environment_evidence ... ok
test device_binding_tests::prospective_resources_expand_impact_and_uncovered_cell_scope_rejects_commit ... ok
test configuration_dispatch_tests::requalification_tests::requalification_begin_is_atomic_and_same_key_preserves_fences ... ok
test device_binding_tests::stale_or_incomplete_device_plans_do_not_export_or_silently_fall_back ... ok
test device_binding_tests::new_shared_cell_or_new_report_invalidates_impact_review ... ok
test device_catalog_tests::old_packages_without_catalog_remain_readable_without_claiming_device_validation ... ok
test device_catalog_tests::device_catalog_intake_is_atomic_preserves_source_and_never_changes_active_configuration ... ok
test device_generation_change_is_preserved_and_does_not_disappear_on_rejection ... ok
test device_catalog_tests::installation_environment_and_expired_tickets_do_not_commit_a_catalog ... ok
test device_binding_tests::proposal_and_impact_review_recover_original_records_after_commit_faults ... ok
test device_provenance_cannot_pass_the_legacy_process_review_even_when_actions_match ... ok
test device_review_tests::failed_checks_are_recorded_but_not_approved_and_rejection_survives_policy_revocation ... ok
test device_review_tests::signature_validator_request_and_catalog_mismatch_cannot_be_recorded_as_verified ... ok
test device_review_tests::independent_device_approval_requires_exact_latest_report_and_leaves_cell_unchanged ... ok
test diagnostic_case_keeps_epoch_and_mandate_but_blocks_new_admission ... ok
test draft_binding_selection_requires_current_source_catalog_and_real_registered_step ... ok
test configuration_dispatch_tests::requalification_tests::requalification_large_evidence_is_chunked_atomically_and_restored_exactly ... ok
test device_review_tests::fresh_proof_loses_applicability_when_authority_or_report_changes_before_commit ... ok
test device_review_tests::list_returns_bounded_summaries_instead_of_copying_large_reports ... ok
test device_binding_tests::device_plan_authoring_exports_exact_provenance_without_changing_active_steps ... ok
test configuration_dispatch_tests::requalification_tests::requalification_report_commit_loss_recovers_original_bytes_and_never_qualifies ... ok
test direct_state_puts_during_hold_are_captured_at_one_final_transaction_cut ... ok
test draft_binding_commit_loss_and_input_conflict_preserve_one_resolved_snapshot ... ok
test draft_history_keeps_incomplete_sources_and_concurrent_updates_do_not_overwrite_them ... ok
test device_review_tests::report_and_decision_commit_faults_recover_one_original_version_and_decision ... ok
test device_catalog_tests::signed_catalog_mismatches_cannot_enter_the_writer_as_valid_declarations ... ok
test early_native_evidence_is_reapplied_when_the_receipt_establishes_correlation ... ok
test draft_saves_are_atomic_recoverable_and_never_change_the_installed_cell ... ok
test evidence_gap_is_not_skipped_and_conflicting_sequence_is_quarantined ... ok
test host_binding_baseline_tests::baseline_bound_cut_uses_fence_while_pre_fence_config_and_read_keep_their_lower_epoch ... ok
test hold_proves_unsent_work_not_executed_without_releasing_resource ... ok
test handover_release_is_atomic_and_duplicate_proof_does_not_release_another_owner ... ok
test false_handover_facts_are_retained_and_identity_conflicts_block_release ... ok
test executor_part_and_activation_mutations_preserve_full_request_identity_and_atomic_results ... ok
test host_binding_baseline_tests::exact_initial_applied_context_is_preserved_without_claiming_activation ... ok
test host_binding_baseline_tests::legacy_none_and_already_bound_missing_baseline_never_backfill_on_later_provenance ... ok
test host_binding_baseline_tests::historical_baseline_survives_renewal_and_later_registration_epoch_changes ... ok
test host_binding_baseline_tests::commit_body_and_reusable_transport_pin_changes_cannot_replace_the_original_baseline ... ok
test host_binding_baseline_tests::uri_pin_accepts_only_public_https_origin_without_credentials_or_request_data ... ok
test host_binding_baseline_tests::missing_primary_baseline_is_integrity_when_pinned_bound_history_survives ... ok
test executor_reconnect_is_idempotent_but_changed_incarnation_revokes_authority ... ok
test host_binding_baseline_tests::baseline_and_bound_transition_are_atomic_across_rollback_and_commit_response_loss ... ok
test hold_propagates_to_shared_resources_and_preserves_independent_cells ... ok
test host_binding_baseline_tests::only_new_normal_commit_creates_exact_immutable_baseline_and_initial_applied_none_is_valid ... ok
test host_binding_baseline_tests::missing_or_tampered_original_objects_and_reference_metadata_fail_historical_read ... ok
test host_bootstrap_plan_and_registration_are_durable_and_do_not_fabricate_readiness ... ok
test executor_submit_checks_the_whole_envelope_and_recovers_an_immutable_receipt_after_t1_loss ... ok
test host_binding_baseline_tests::known_pinned_plan_cannot_downgrade_to_none_even_after_its_expiry ... ok
test host_bootstrap_never_reuses_a_changed_delivery_journal_in_the_same_boot ... ok
test maintained_condition_recovery_does_not_revive_an_old_mandate ... ok
test late_prepared_receipt_after_pause_does_not_create_an_authorization ... ok
test maintained_watchdog_revokes_expired_facts_without_fabricating_a_negative_sample ... ok
test native_outcomes_tests::native_outcome_table_rejects_ambiguous_unbound_and_nonterminal_policy ... ok
test host_bootstrap_rejects_wrong_incarnation_missing_sources_and_changed_context ... ok
test native_metadata_changes_conflict_and_ack_cursor_is_part_of_t2_commit ... ok
test live_execution_snapshot_preserves_the_cut_and_does_not_reuse_aged_maintained_conditions ... ok
test native_receipt_capture_does_not_stand_in_for_completion_policy ... ok
test host_read_ingestion_checks_context_and_preserves_the_native_source_fields ... ok
test host_binding_baseline_tests::mismatched_actual_configuration_read_scope_and_time_never_prepare_a_baseline_plan ... ok
test observation_batch_evaluates_the_complete_cut_and_recovers_commit_reply_loss ... ok
test native_outcomes_tests::native_outcome_atomic_ack_loss_and_late_contradiction_preserve_first_conclusion ... ok
test observation_batch_keeps_conflict_evidence_and_other_source_truth_without_repeated_revocation ... ok
test observation_batch_rejects_bad_last_source_before_writing_any_fact ... ok
test operator_diagnostic_browser_fixtures_are_real_unqualified_read_models ... ok
test non_operating_close_preserves_unknown_effect_and_does_not_release_resources ... ok
test observation_generation_loss_is_latched_once_and_does_not_adopt_the_new_source ... ok
test operator_diagnostics_share_the_condition_evaluator_and_do_not_change_authority ... ok
test operator_diagnostics_distinguish_missing_generation_and_expression_mismatch ... ok
test native_outcomes_tests::native_outcome_postconditions_require_current_evidence_and_no_hold ... ok
test operator_start_tests::a_valid_operator_without_terminal_gets_a_blocked_candidate_and_scope_stays_private ... ok
test non_operating_close_preparation_lost_reply_and_rollback_do_not_duplicate_clearances ... ok
test one_physical_resource_is_reserved_across_cells_not_per_cell_alias ... ok
test operator_service_reconnect_cannot_start_work_or_replace_executor_authority ... ok
test operator_start_tests::lost_start_response_uses_the_original_attempt_and_deadline_read_does_not_mutate_status ... ok
test operator_start_tests::context_is_read_only_and_the_exact_candidate_starts_only_after_explicit_mutation ... ok
test package_intake_conflicting_ids_and_stale_configuration_never_create_two_receipts ... ok
test package_intake_commit_rejects_role_or_terminal_revoked_while_worker_runs ... ok
test package_intake_receipt_is_historical_after_policy_disable_and_current_role_revocation_applies_first ... ok
test package_intake_commits_receipt_event_and_request_atomically_without_cell_change ... ok
test operator_start_tests::candidate_rejections_match_start_and_old_context_cannot_override_a_new_revision ... ok
test p_commits_branch_choice_and_rejects_the_untaken_activation ... ok
test package_intake_receipts_survive_restart_but_live_policy_and_preflight_do_not ... ok
test package_intake_rejects_unregistered_store_or_different_verification_policy ... ok
test pause_rejects_a_late_arm_acknowledgment_from_start_preparation ... ok
test pausing_a_prepared_run_without_arm_does_not_fence_other_cell_work ... ok
test pause_after_emit_is_not_cancellation_and_late_correlated_result_is_still_recorded ... ok
test part_completion_waits_for_release_and_closes_exhausted_run ... ok
test pending_start_has_a_deadline_and_key_covers_budget_intent ... ok
test package_intake_rechecks_authority_policy_and_time_after_file_work ... ok
test permit_deadline_cannot_outlive_the_observation_that_supported_it ... ok
test part_completion_requires_only_the_committed_branch_and_its_real_release_proof ... ok
test non_operating_close_is_atomic_idempotent_and_retains_other_case_restrictions ... ok
test non_operating_close_does_not_accept_missing_people_proof_or_invented_evidence ... ok
test prepared_is_not_an_authorization_ack_and_duplicate_receipts_complete_the_right_message ... ok
test physical_case_open_is_atomic_and_acknowledgment_cannot_restore_authority ... ok
test pause_commits_reply_fence_and_unsent_sealing_atomically_without_refunding_budget ... ok
test process_change_fence_confirmation_is_not_configuration_application ... ok
test procedure_requires_real_fence_and_condition_evidence_then_accounts_for_every_worker ... ok
test process_change_proposal_and_stage_preserve_configuration_and_all_step_guards ... ok
test native_outcomes_tests::native_outcome_pairs_separate_terminal_meanings_and_leave_unknown_unsettled ... ok
test process_change_revoked_software_review_rejects_pending_stage_without_installing_target ... ok
test process_change_refresh_preserves_existing_blocks_and_replaces_only_preparation_context ... ok
test process_change_shared_host_closure_requires_rights_for_every_affected_cell ... ok
test process_change_preparation_requires_current_terminal_and_serializes_overlapping_changes ... ok
test process_change_proposal_failure_is_atomic_and_lost_reply_recovers_original_plan ... ok
test process_checkpoint_survives_runtime_restart_without_restoring_execution_authority ... ok
test process_review_lists_are_scoped_and_history_is_read_only_with_latest_revision_visible ... ok
test process_review_new_report_invalidates_old_decision_and_cas_prevents_overwriting_reviews ... ok
test producer_reconnect_requires_current_identity_and_cell_negotiation ... ok
test process_review_signature_and_compiled_bytes_cannot_be_replaced_or_rebound ... ok
test process_review_restart_preserves_software_decision_but_rejects_old_pending_ticket ... ok
test process_review_signed_compiler_success_does_not_override_cell_binding_mismatch ... ok
test process_review_authority_and_role_changes_reject_pending_approvals ... ok
test producer_runtime_restart_tests::consecutive_p_restarts_preserve_historical_operating_session_and_each_runtime_block ... ok
test producer_runtime_restart_tests::malformed_provenance_rolls_back_session_replacement_instead_of_claiming_runtime_only ... ok
test producer_runtime_restart_tests::current_origin_must_cover_every_registered_cell_of_the_host ... ok
test producer_runtime_restart_tests::runtime_only_session_replacement_recovers_commit_loss_without_repeated_invalidation ... ok
test producer_runtime_restart_tests::prior_source_generation_loss_remains_restricted_after_p_runtime_evidence_reconnect ... ok
test production_read_before_first_part_has_complete_budget_and_detects_missing_parts ... ok
test producer_runtime_restart_tests::changed_host_journal_authentication_or_session_validity_still_adds_device_restart ... ok
test qualification_defaults::procedure_admission_requires_an_explicit_qualification_capability ... ok
test qualification_defaults::close_policy_admission_requires_an_explicit_qualification_capability ... ok
test producer_runtime_restart_tests::absent_or_wrong_boot_configuration_and_scope_coverage_cannot_suppress_invalidation ... ok
test production_completion_requires_release_and_preserves_original_reply_and_budget ... ok
test process_review_signed_report_and_separate_reviewer_approval_are_atomic_and_non_actuating ... ok
test resolved_plan_binding_and_digest_cannot_be_substituted_in_cell_configuration ... ok
test recorded_cell_context_tracks_start_intervention_and_real_block_creation_revisions ... ok
test process_change_preparation_is_atomic_preserves_unknown_work_and_requires_config_ack ... ok
test reconciliation_requests_are_durable_coalesced_and_cannot_claim_release ... ok
test renewal_uses_durable_sequence_and_original_send_time_without_replaying_permission ... ok
test runtime_invalidation_tests::first_runtime_restart_records_the_exact_before_and_after_boundaries ... ok
test runtime_invalidation_tests::older_runtime_restart_reasons_and_operator_holds_do_not_acquire_origins ... ok
test restarting_runtime_preserves_consumption_and_revokes_mandate ... ok
test runtime_invalidation_tests::consecutive_restarts_keep_each_immutable_origin_and_old_block_readable ... ok
test runtime_invalidation_tests::origin_lookup_rejects_wrong_identity_and_does_not_accept_a_changed_block ... ok
test repeated_disputed_samples_do_not_create_unbounded_latches_but_a_new_episode_does ... ok
test role_revocation_is_checked_before_cached_result_lookup ... ok
test service_roles_cannot_impersonate_human_procedure_reporters_or_case_leads ... ok
test runtime_invalidation_tests::restart_origin_and_restriction_commit_together_even_when_the_reply_is_lost ... ok
test runtime_invalidation_tests::origin_recording_preserves_source_facts_and_existing_run_budget_on_restart ... ok
test producer_runtime_restart_tests::p_only_restart_replaces_only_evidence_session_and_preserves_all_authority_records ... ok
test same_slot_new_key_and_lost_reply_do_not_create_another_operation ... ok
test stale_observation_and_wrong_executor_do_not_reach_t1 ... ok
test start_requires_all_hosts_and_cannot_be_completed_by_partial_ack ... ok
test uncommissioned_cell_cannot_start_from_package_presence ... ok
test stale_procedure_report_keeps_external_fact_and_latch_but_never_grants_entry ... ok
test unregistered_terminal_cannot_start_even_with_operator_role ... ok
test runtime_invalidation_tests::runtime_restriction_view_checks_current_roles_cell_access_and_preserves_authority_state ... ok
test t1_failure_rolls_back_slot_resource_permit_and_outbox_together ... ok
test user_session_requires_its_issued_terminal_binding_and_registry_revision ... ok
test t2_commits_native_evidence_outcome_and_contiguous_cursor_atomically ... ok
test runtime_stop_barrier_is_atomic_blocks_new_authority_and_keeps_unknown_work ... ok
test t2_rollback_and_lost_ack_preserve_exactly_one_recorded_result ... ok
test wait_deadline_and_success_are_decided_by_p_and_cannot_be_reset_by_retries ... ok
test non_operating_close_rechecks_time_case_epoch_evidence_and_current_actor ... ok
test resource_release_requires_all_current_handover_facts ... ok

test result: ok. 240 passed; 0 failed; 0 ignored; 0 measured; 0 filtered out; finished in 11.16s

     Running unittests src/lib.rs (../.g5-evidence/platform-suite-target/debug/deps/rx_domain-cf5b3c3b4f168fa6)

running 0 tests

test result: ok. 0 passed; 0 failed; 0 ignored; 0 measured; 0 filtered out; finished in 0.00s

     Running tests/cell_invariants.rs (../.g5-evidence/platform-suite-target/debug/deps/cell_invariants-224afb391350f84e)

running 4 tests
test setup_and_material_budgets_are_not_interchangeable ... ok
test last_counted_part_can_continue_but_a_new_part_cannot_be_created ... ok
test duplicate_or_empty_scope_vectors_do_not_vacuously_authorize ... ok
test stale_vector_does_not_regress_or_partially_update_any_scope ... ok

test result: ok. 4 passed; 0 failed; 0 ignored; 0 measured; 0 filtered out; finished in 0.00s

     Running tests/contracts.rs (../.g5-evidence/platform-suite-target/debug/deps/contracts-1b4715c9a6f283eb)

running 16 tests
test counters_preserve_full_width_and_reject_json_numbers ... ok
test oneof_presence_and_false_are_not_missing_or_null ... ok
test frozen_cv02_negative_zero_and_cv03_false ... ok
test quality_alone_never_proves_freshness_generation_or_unit ... ok
test condition_schema_is_closed ... ok
test any_uses_a_valid_witness_deadline_and_all_uses_the_earliest_deadline ... ok
test input_rejects_unknown_duplicate_and_incompatible_fields ... ok
test source_age_not_callback_time_controls_freshness ... ok
test strict_json_rejects_trailing_bytes_and_duplicate_escaped_keys ... ok
test three_valued_groups_and_invalid_hidden_branch ... ok
test duplicate_conclusion_is_idempotent_and_empty_proof_rejected ... ok
test terminal_success_does_not_release_and_conflicting_result_is_preserved ... ok
test resource_order_is_not_semantic_but_duplicates_are_invalid ... ok
test frozen_cv01_canonical_bytes_and_digest ... ok
test response_loss_and_running_poll_never_create_a_result ... ok
test profile_calibration_and_rule_change_identity ... ok

test result: ok. 16 passed; 0 failed; 0 ignored; 0 measured; 0 filtered out; finished in 0.00s

     Running tests/restoration.rs (../.g5-evidence/platform-suite-target/debug/deps/restoration-397cd467e32dea12)

running 5 tests
test restoring_run_budget_never_refunds_consumption ... ok
test duplicate_or_overbudget_history_is_corruption_not_a_refund ... ok
test restoring_reconciling_operation_preserves_unknown_and_quarantine ... ok
test historical_dispute_survives_restart_without_rewriting_success ... ok
test stored_state_cannot_claim_success_without_terminal_evidence ... ok

test result: ok. 5 passed; 0 failed; 0 ignored; 0 measured; 0 filtered out; finished in 0.00s

     Running unittests src/lib.rs (../.g5-evidence/platform-suite-target/debug/deps/rx_host_client-cea5a0c01bc21883)

running 13 tests
test delivery::reconciliation::tests::unavailable_read_retries_but_broken_proof_and_revoked_authority_do_not ... ok
test connection::diagnostic::tests::stage_and_typed_reason_survive_without_logging_remote_text ... ok
test connection::diagnostic::tests::varying_timing_does_not_repeat_the_same_failure ... ok
test delivery::diagnostic::tests::suppresses_only_consecutive_identical_diagnostics_and_keeps_writer_reason ... ok
test delivery::diagnostic::tests::excludes_rpc_metadata_details_structured_bodies_and_request_identifiers ... ok
test service_health::tests::a_relay_cannot_label_another_services_samples_with_its_owner ... ok
test connection::tests::closed_owner_while_waiting_for_producer_stops_without_connecting ... ok
test configuration_worker::tests::configuration_worker_propagates_writer_failure_and_never_contacts_host ... ok
test bootstrap::provenance_tests::credential_bearing_and_non_origin_endpoints_are_rejected_before_tls ... ok
test observation::tests::maintained_monitor_does_not_hide_writer_failure_or_run_after_owner_disappears ... ok
test configuration_worker::tests::configuration_worker_stops_while_a_writer_reply_is_pending ... ok
test delivery::diagnostic::tests::bounds_the_complete_json_line_including_unicode_escaping_and_newline ... ok
test observation::tests::maintained_monitor_polls_independently_and_obeys_owner_stop ... ok

test result: ok. 13 passed; 0 failed; 0 ignored; 0 measured; 0 filtered out; finished in 0.03s

     Running tests/configuration_e2e.rs (../.g5-evidence/platform-suite-target/debug/deps/configuration_e2e-01cbfba396a85f78)

running 2 tests
test configuration_coordinator_persists_request_and_recovers_real_host_reply_loss ... ignored, tools/test_host_configuration_e2e.sh supplies S simulation server
test configuration_reply_loss_recovers_same_receipt_and_restarted_host_stays_unqualified ... ignored, tools/test_host_configuration_e2e.sh supplies S simulation server

test result: ok. 0 passed; 0 failed; 2 ignored; 0 measured; 0 filtered out; finished in 0.00s

     Running tests/network_e2e.rs (../.g5-evidence/platform-suite-target/debug/deps/network_e2e-5fd5bb8b5daf1387)

running 3 tests
test application_outbox_reaches_mtls_host_and_t2_commits_the_result ... ignored, tools/test_host_e2e.sh builds the separate Host fixture and supplies its path
test automatic_dispatcher_recovers_a_lost_authorize_reply_without_native_reexecution ... ignored, tools/test_host_e2e.sh builds the separate Host fixture and supplies its path
test remote_executor_submission_and_host_reply_loss_preserve_one_native_effect_per_slot ... ignored, tools/test_host_e2e.sh supplies the separate Host server

test result: ok. 0 passed; 0 failed; 3 ignored; 0 measured; 0 filtered out; finished in 0.00s

     Running unittests src/lib.rs (../.g5-evidence/platform-suite-target/debug/deps/rx_package-a12767f5691005b6)

running 0 tests

test result: ok. 0 passed; 0 failed; 0 ignored; 0 measured; 0 filtered out; finished in 0.00s

     Running tests/operating_area.rs (../.g5-evidence/platform-suite-target/debug/deps/operating_area-a8fb1784a6702267)

running 3 tests
test catalog_rejects_each_ambiguous_declaration_before_map_construction ... ok
test judge_approves_only_its_bounded_nonactuating_report_rule ... ok
test each_area_checks_its_own_limits_role_and_program ... ok

test result: ok. 3 passed; 0 failed; 0 ignored; 0 measured; 0 filtered out; finished in 0.00s

     Running tests/release.rs (../.g5-evidence/platform-suite-target/debug/deps/release-7c4d119f2c012fa7)

running 3 tests
test compiled_root_distinguishes_unsigned_signature_key_and_content_refusals ... ok
test revocation_survives_denied_candidate_restart_and_replayed_or_shrunk_lists ... ok
test durable_floor_rejects_restart_downgrade_and_same_version_equivocation ... ok

test result: ok. 3 passed; 0 failed; 0 ignored; 0 measured; 0 filtered out; finished in 0.01s

     Running tests/verification.rs (../.g5-evidence/platform-suite-target/debug/deps/verification-19f11fad895b3cac)

running 21 tests
test canonical_set_order_is_stable_and_duplicate_json_fields_are_rejected ... ok
test closed_paths_and_inventory_reject_traversal_aliases_and_hidden_files ... ok
test a_dependency_verified_before_key_revocation_is_not_retrusted_implicitly ... ok
test dependency_cannot_pull_an_older_copy_of_the_root_back_into_the_bundle ... ok
test device_reference_v2_has_explicit_version_and_no_executable_payload ... ok
test policy_document_requires_explicit_v2_schema_for_additional_abis ... ok
test dependency_closure_is_pinned_and_rechecked_against_current_trust ... ok
test package_kind_target_contract_and_publisher_scope_are_checked ... ok
test signed_content_is_immutable_and_signature_is_bound_to_key_identity ... ok
test directory_verification_owns_bytes_and_rejects_links ... ok
test relative_review_artifact_reads_are_bounded_and_reject_link_components ... ok
test verification_policy_fingerprint_preserves_all_u64_limits ... ok
test object_corruption_is_not_repaired_by_repeat_import ... ok
test policy_reader_pins_exact_bytes_and_reacquires_dependencies ... ok
test stored_package_dependencies_are_rechecked_after_revocation ... ok
test object_survives_source_change_restart_and_repeat_import_without_trust_persistence ... ok
test store_ownership_marker_and_unpublished_objects_cannot_be_bypassed ... ok
test explicit_multi_abi_policy_preserves_manifest_kind_target_and_trust_checks ... ok
test signing_key_alias_has_distinct_object_and_misnamed_valid_objects_are_rejected ... ok
test store_and_import_reject_symlinks_and_store_handles_survive_root_path_replacement ... ok
test deeply_nested_valid_package_roundtrips_and_excess_file_inventory_is_bounded ... ok

test result: ok. 21 passed; 0 failed; 0 ignored; 0 measured; 0 filtered out; finished in 0.13s

     Running unittests src/lib.rs (../.g5-evidence/platform-suite-target/debug/deps/rx_platformd-306ab94077b2d625)

running 0 tests

test result: ok. 0 passed; 0 failed; 0 ignored; 0 measured; 0 filtered out; finished in 0.00s

     Running unittests src/bin/rx-package-store.rs (../.g5-evidence/platform-suite-target/debug/deps/rx_package_store-854ab261011351b7)

running 0 tests

test result: ok. 0 passed; 0 failed; 0 ignored; 0 measured; 0 filtered out; finished in 0.00s

     Running unittests src/main.rs (../.g5-evidence/platform-suite-target/debug/deps/rx_platformd-d76160d39788cbbf)

running 0 tests

test result: ok. 0 passed; 0 failed; 0 ignored; 0 measured; 0 filtered out; finished in 0.00s

     Running tests/composition.rs (../.g5-evidence/platform-suite-target/debug/deps/composition-d5fe57d978392188)

running 9 tests
test export_container_fixture ... ignored, tools/test_platform_image.py requests isolated temporary container inputs
test invalid_pins_or_catalog_never_publish_a_partial_installation ... ok
test operator_ui_compares_resolved_aliases_with_missing_directory_suffixes ... ok
test operator_ui_rejects_parent_traversal_in_mutable_directory_locations ... ok
test configured_operator_ui_is_verified_before_installation_and_rejects_mutable_roots ... ok
test configured_operator_ui_serves_over_terminal_https_without_creating_runs_or_qualification ... ok
test configured_process_review_records_separate_account_approval_over_terminal_https ... ok
test configured_package_intake_uses_real_terminal_https_and_retains_history_across_restart ... ok
test composed_startup_restart_and_stop_preserve_store_and_never_start_a_run ... ok

test result: ok. 8 passed; 0 failed; 1 ignored; 0 measured; 0 filtered out; finished in 2.95s

     Running tests/delivery_fixture.rs (../.g5-evidence/platform-suite-target/debug/deps/delivery_fixture-8f799f9cbd850e36)

running 3 tests
test export_delivery_final ... ignored, explicit phase77 final export; requires actual S product compiler/package outputs
test export_delivery_seed ... ignored, explicit phase77 seed export; requires a fresh output directory
test sign_delivery ... ignored, explicit external test-only signer; never a product signing service

test result: ok. 0 passed; 0 failed; 3 ignored; 0 measured; 0 filtered out; finished in 0.00s

     Running unittests src/lib.rs (../.g5-evidence/platform-suite-target/debug/deps/rx_ports-22faccaf53ed8c83)

running 0 tests

test result: ok. 0 passed; 0 failed; 0 ignored; 0 measured; 0 filtered out; finished in 0.00s

     Running unittests src/lib.rs (../.g5-evidence/platform-suite-target/debug/deps/rx_process_contract-1e3115b60727cafc)

running 5 tests
test device_catalog::tests::duplicate_conditions_are_rejected_instead_of_normalized_away ... ok
test compile_input::tests::altered_bundle_source_is_not_accepted_under_the_original_digest ... ok
test source_validation::tests::a_full_error_budget_does_not_attempt_to_follow_missing_nodes ... ok
test source_validation::tests::source_validation_does_not_claim_binding_or_package_approval ... ok
test source_validation::tests::recursive_calls_unreachable_nodes_and_expansion_overflow_are_invalid ... ok

test result: ok. 5 passed; 0 failed; 0 ignored; 0 measured; 0 filtered out; finished in 0.00s

     Running tests/native_outcome.rs (../.g5-evidence/platform-suite-target/debug/deps/native_outcome-e414655b08774a7d)

running 2 tests
test table_is_strict_data_and_missing_pair_cannot_resolve ... ok
test table_rejects_duplicates_conflicts_and_oversized_code_sets ... ok

test result: ok. 2 passed; 0 failed; 0 ignored; 0 measured; 0 filtered out; finished in 0.00s

     Running unittests src/lib.rs (../.g5-evidence/platform-suite-target/debug/deps/rx_protocol-f025f43a34d7449b)

running 1 test
test checkpoint_rejection::tests::text_transport_errors_and_malformed_or_duplicated_details_do_not_prove_rejection ... ok

test result: ok. 1 passed; 0 failed; 0 ignored; 0 measured; 0 filtered out; finished in 0.01s

     Running tests/grpc_boundary.rs (../.g5-evidence/platform-suite-target/debug/deps/grpc_boundary-2c212fdf792d20db)

running 1 test
test malformed_wire_never_reaches_generated_service_handler ... ok

test result: ok. 1 passed; 0 failed; 0 ignored; 0 measured; 0 filtered out; finished in 0.01s

     Running tests/strict_conformance.rs (../.g5-evidence/platform-suite-target/debug/deps/strict_conformance-7cd8aa0d4a338ab1)

running 1 test
test authored_profile_vectors_check_existing_rust_codec_and_synthetic_guards ... ok

test result: ok. 1 passed; 0 failed; 0 ignored; 0 measured; 0 filtered out; finished in 0.09s

     Running tests/wire.rs (../.g5-evidence/platform-suite-target/debug/deps/wire-4d03dcd2a0342a5b)

running 11 tests
test document_manifest_hashes_remain_the_negotiation_identity ... ok
test core_enum_numbers_and_cell_union_tags_are_stable ... ok
test prost_last_wins_and_unknown_field_behavior_is_blocked_before_decode ... ok
test nested_duplicate_singular_is_not_merged ... ok
test nonfinite_numbers_rejected_in_scalar_and_packed_vector ... ok
test explicit_false_zero_and_optional_zero_survive_binary_roundtrip ... ok
test unknown_enum_bad_wire_and_varint_overflow_are_rejected ... ok
test fixed_digest_hex_and_oneof_contracts_are_checked ... ok
test json_is_rx_projection_not_protojson ... ok
test intent_crosses_json_protobuf_domain_without_changing_frozen_digest ... ok
test numbered_fields_match_frozen_documents_independently_of_generator ... ok

test result: ok. 11 passed; 0 failed; 0 ignored; 0 measured; 0 filtered out; finished in 0.01s

     Running unittests src/lib.rs (../.g5-evidence/platform-suite-target/debug/deps/rx_protocol_adapter-b89894ddcef1e838)

running 2 tests
test operation::tests::unknown_and_late_contradiction_preserve_distinct_result_integrity_and_release_axes ... ok
test workflow::tests::frozen_run_view_preserves_counters_slots_and_each_run_state ... ok

test result: ok. 2 passed; 0 failed; 0 ignored; 0 measured; 0 filtered out; finished in 0.01s

     Running tests/evidence.rs (../.g5-evidence/platform-suite-target/debug/deps/evidence-ae553219c1d1ef06)

running 2 tests
test projection_only_evidence_cannot_be_claimed_as_a_complete_source ... ok
test native_result_round_trip_keeps_vendor_id_payload_and_full_width_values ... ok

test result: ok. 2 passed; 0 failed; 0 ignored; 0 measured; 0 filtered out; finished in 0.00s

     Running unittests src/lib.rs (../.g5-evidence/platform-suite-target/debug/deps/rx_runtime-a4e84129703606f0)

running 0 tests

test result: ok. 0 passed; 0 failed; 0 ignored; 0 measured; 0 filtered out; finished in 0.00s

     Running tests/writer.rs (../.g5-evidence/platform-suite-target/debug/deps/writer-0dadba4eb3b45102)

running 3 tests
test panic_closes_admission_without_retrying_the_command ... ok
test dropped_response_still_commits_and_shutdown_drains ... ok
test normal_load_cannot_consume_control_reserve_and_control_is_scheduled_first ... ok

test result: ok. 3 passed; 0 failed; 0 ignored; 0 measured; 0 filtered out; finished in 0.01s

     Running unittests src/lib.rs (../.g5-evidence/platform-suite-target/debug/deps/rx_storage-f9b5e4b8535d640b)

running 4 tests
test mailbox::tests::partial_publication_and_oversized_input_are_refused_not_erased ... ok
test mailbox::tests::symlink_and_nonregular_payloads_are_refused_without_following ... ok
test mailbox::tests::publication_is_immutable_and_live_cooperating_writer_excluded ... ok
test ownership_close_tests::sqlite_close_failure_retains_ownership_until_process_exit ... ok

test result: ok. 4 passed; 0 failed; 0 ignored; 0 measured; 0 filtered out; finished in 0.02s

     Running tests/atomicity.rs (../.g5-evidence/platform-suite-target/debug/deps/atomicity-a99528ffd79558de)

running 12 tests
test schema_upgrade_preserves_emitted_work_and_delivered_records_never_resurrect ... ok
test request_identity_survives_reopening_and_namespace_isolated ... ok
test control_projection_and_sequence_roll_back_together_and_ignore_audit_appends ... ok
test second_runtime_cannot_open_owned_database ... ok
test one_transaction_commits_state_key_event_and_outbox ... ok
test snapshot_is_a_cut_and_after_is_exclusive ... ok
test metadata_compatibility_upgrade_preserves_record_bytes_and_rejects_future_stores ... ok
test online_backup_preserves_committed_state_without_copying_live_db_file ... ok
test pending_outbox_pages_are_exclusive_and_do_not_starve_later_ids ... ok
test stale_revision_does_not_partially_record_an_event ... ok
test voided_outbox_cannot_be_resurrected_or_sent ... ok
test failure_at_each_commit_component_rolls_everything_back ... ok

test result: ok. 12 passed; 0 failed; 0 ignored; 0 measured; 0 filtered out; finished in 0.03s

     Running tests/ownership.rs (../.g5-evidence/platform-suite-target/debug/deps/ownership-7079ec79b986e5c5)

running 3 tests
test failed_initialization_releases_its_own_lock_but_failed_acquisition_never_releases_another ... ok
test unwinding_transaction_does_not_release_live_owner ... ok
test live_writer_failed_contenders_and_rollback_preserve_exclusion_then_close_reopens_history ... ok

test result: ok. 3 passed; 0 failed; 0 ignored; 0 measured; 0 filtered out; finished in 0.01s

   Doc-tests rx_api

running 0 tests

test result: ok. 0 passed; 0 failed; 0 ignored; 0 measured; 0 filtered out; finished in 0.00s

   Doc-tests rx_application

running 0 tests

test result: ok. 0 passed; 0 failed; 0 ignored; 0 measured; 0 filtered out; finished in 0.00s

   Doc-tests rx_domain

running 0 tests

test result: ok. 0 passed; 0 failed; 0 ignored; 0 measured; 0 filtered out; finished in 0.00s

   Doc-tests rx_host_client

running 0 tests

test result: ok. 0 passed; 0 failed; 0 ignored; 0 measured; 0 filtered out; finished in 0.00s

   Doc-tests rx_package

running 0 tests

test result: ok. 0 passed; 0 failed; 0 ignored; 0 measured; 0 filtered out; finished in 0.00s

   Doc-tests rx_platformd

running 0 tests

test result: ok. 0 passed; 0 failed; 0 ignored; 0 measured; 0 filtered out; finished in 0.00s

   Doc-tests rx_ports

running 0 tests

test result: ok. 0 passed; 0 failed; 0 ignored; 0 measured; 0 filtered out; finished in 0.00s

   Doc-tests rx_process_contract

running 0 tests

test result: ok. 0 passed; 0 failed; 0 ignored; 0 measured; 0 filtered out; finished in 0.00s

   Doc-tests rx_protocol

running 0 tests

test result: ok. 0 passed; 0 failed; 0 ignored; 0 measured; 0 filtered out; finished in 0.00s

   Doc-tests rx_protocol_adapter

running 0 tests

test result: ok. 0 passed; 0 failed; 0 ignored; 0 measured; 0 filtered out; finished in 0.00s

   Doc-tests rx_runtime

running 0 tests

test result: ok. 0 passed; 0 failed; 0 ignored; 0 measured; 0 filtered out; finished in 0.00s

   Doc-tests rx_storage

running 2 tests
test crates/rx-storage/src/ownership.rs - ownership::ExclusiveFileLock (line 15) - compile fail ... ok
test crates/rx-storage/src/ownership.rs - ownership::ExclusiveFileLock (line 11) - compile fail ... ok

test result: ok. 2 passed; 0 failed; 0 ignored; 0 measured; 0 filtered out; finished in 0.15s

