 .github/workflows/ci.yml                       |  21 +-
 clients/README.md                              |  85 +++
 clients/examples/cpp/CMakeLists.txt            |   7 +
 clients/examples/cpp/main.cpp                  |  64 ++
 clients/examples/python_peer.py                |  40 ++
 clients/rxclcpp/CMakeLists.txt                 |  53 ++
 clients/rxclcpp/cmake/VerifyBundle.cmake       |  27 +
 clients/rxclcpp/cmake/rxclcppConfig.cmake.in   |   7 +
 clients/rxclcpp/include/rxclcpp/client.hpp     |  25 +
 clients/rxclcpp/include/rxclcpp/wire.hpp       |  19 +
 clients/rxclcpp/src/client.cpp                 |  71 ++
 clients/rxclcpp/src/wire.cpp                   | 174 +++++
 clients/rxclcpp/tests/conformance.cpp          |  66 ++
 clients/rxclpy/pyproject.toml                  |  17 +
 clients/rxclpy/setup.py                        |  21 +
 clients/rxclpy/src/rxclpy/__init__.py          |   5 +
 clients/rxclpy/src/rxclpy/client.py            |  55 ++
 clients/rxclpy/src/rxclpy/conformance.py       |  50 ++
 clients/rxclpy/src/rxclpy/wire.py              | 120 ++++
 clients/tests/loss_proxy.py                    |  41 ++
 crates/rx-api/src/grpc/README.md               |   2 +-
 crates/rx-protocol/build.rs                    |   8 +
 crates/rx-protocol/tests/strict_conformance.rs | 158 +++++
 proto/strict-wire-v1/README.md                 | 105 +++
 proto/strict-wire-v1/probe.proto               |  13 +
 proto/strict-wire-v1/vectors.json              | 919 +++++++++++++++++++++++++
 tools/export_protocol.py                       |   3 +-
 tools/generate_protocol.py                     |   2 +
 tools/prepare_clients.py                       |  98 +++
 tools/test_client_packages.py                  |  33 +
 tools/test_clients.py                          | 209 ++++++
 tools/test_prepare_clients.py                  |  34 +
 32 files changed, 2549 insertions(+), 3 deletions(-)
