[
    {
        "Id": "sha256:33ceb71981b602c1a7443a53469e4dba065f7503eab3078a2d7a57a2ab987517",
        "RepoTags": [
            "ubuntu:24.04"
        ],
        "RepoDigests": [
            "ubuntu@sha256:33ceb71981b602c1a7443a53469e4dba065f7503eab3078a2d7a57a2ab987517"
        ],
        "Created": "2026-08-17T13:11:34.47448671Z",
        "Config": {
            "Env": [
                "PATH=/usr/local/sbin:/usr/local/bin:/usr/sbin:/usr/bin:/sbin:/bin"
            ],
            "Cmd": [
                "/bin/bash"
            ],
            "Labels": {
                "org.opencontainers.image.version": "24.04"
            }
        },
        "Architecture": "arm64",
        "Variant": "v8",
        "Os": "linux",
        "Size": 28896414,
        "RootFS": {
            "Type": "layers",
            "Layers": [
                "sha256:646eea22414270d74b0c9e9d6d3b9550701ae62e658a099825d4d15045a3630b"
            ]
        },
        "Metadata": {
            "LastTagTime": "2026-09-06T02:33:05.618155879Z"
        },
        "Descriptor": {
            "mediaType": "application/vnd.oci.image.index.v1+json",
            "digest": "sha256:33ceb71981b602c1a7443a53469e4dba065f7503eab3078a2d7a57a2ab987517",
            "size": 6688
        },
        "Identity": {
            "Pull": [
                {
                    "Repository": "docker.io/library/ubuntu"
                }
            ]
        }
    }
]
