info: syncing channel updates for 1.98.1-aarch64-unknown-linux-gnu
info: latest update on 2026-09-03 for version 1.98.1 (48a229cea 2026-09-01)
info: downloading 2 components
 Downloading crates ...
  Downloaded autocfg v1.5.1
  Downloaded asn1-rs-derive v0.6.0
  Downloaded asn1-rs v0.7.2
  Downloaded asn1-rs-impl v0.2.0
  Downloaded lazy_static v1.5.0
  Downloaded displaydoc v0.2.7
  Downloaded pem v4.0.0
  Downloaded bit-vec v0.9.1
  Downloaded data-encoding v2.11.1
  Downloaded num-integer v0.1.47
  Downloaded oid-registry v0.8.1
  Downloaded num-traits v0.2.19
  Downloaded rusticata-macros v4.1.0
  Downloaded der-parser v10.0.0
  Downloaded rcgen v0.14.10
  Downloaded minimal-lexical v0.2.1
  Downloaded num-bigint v0.4.8
  Downloaded base64 v0.23.1
  Downloaded nom v7.1.3
  Downloaded synstructure v0.13.2
  Downloaded x509-parser v0.18.1
  Downloaded yasna v0.6.0
   Compiling tokio v1.53.1
   Compiling tokio-util v0.7.19
   Compiling h2 v0.4.19
   Compiling hyper v1.11.1
   Compiling hyper-util v0.1.20
   Compiling tower v0.5.3
   Compiling axum v0.8.9
   Compiling hyper-timeout v0.5.2
   Compiling tokio-rustls v0.26.5
   Compiling tokio-stream v0.1.19
   Compiling tonic v0.14.6
   Compiling tonic-prost v0.14.6
   Compiling rx-host v0.1.0 (/source/runtime/rx-host)
   Compiling rx-protocol v0.1.0 (/source/sdk/crates/rx-protocol)
   Compiling time-core v0.1.9
   Compiling powerfmt v0.2.0
   Compiling num-conv v0.2.2
   Compiling deranged v0.5.8
   Compiling time v0.3.55
   Compiling base64 v0.23.1
   Compiling pem v4.0.0
   Compiling yasna v0.6.0
   Compiling rcgen v0.14.10
    Finished `test` profile [unoptimized] target(s) in 52.65s
