#0 building with "desktop-linux" instance using docker driver

#1 [internal] load build definition from Solutions.Dockerfile
#1 transferring dockerfile: 421B done
#1 DONE 0.0s

#2 [internal] load metadata for docker.io/library/rx-solutions:g2-authenticated
#2 DONE 0.0s

#3 [internal] load .dockerignore
#3 transferring context: 2B done
#3 DONE 0.0s

#4 [1/3] FROM docker.io/library/rx-solutions:g2-authenticated@sha256:983e84c8c93602980531e72833c540fda53afb4f8a78460c26e5abecf8dae311
#4 resolve docker.io/library/rx-solutions:g2-authenticated@sha256:983e84c8c93602980531e72833c540fda53afb4f8a78460c26e5abecf8dae311 done
#4 DONE 0.7s

#5 [internal] load build context
#5 transferring context: 122.39MB 1.9s done
#5 DONE 1.9s

#6 [2/3] COPY bin/rx-solutions/ /opt/rx/bin/
#6 DONE 0.3s

#7 [3/3] RUN rm /opt/rx/manifests/release.json /opt/rx/manifests/revocations.json && python3 /opt/rx/tools/audit_native_install.py --catalog /opt/rx/catalogs/device-support.v1.json --output /opt/rx/manifests/native-install-audit.json && python3 /opt/rx/tools/write_runtime_inventory.py
#7 0.352 Traceback (most recent call last):
#7 0.352   File "/opt/rx/tools/audit_native_install.py", line 37, in <module>
#7 0.352     report = audit(args.prefix, args.catalog)
#7 0.352              ^^^^^^^^^^^^^^^^^^^^^^^^^^^^^^^^
#7 0.352   File "/opt/rx/tools/audit_native_install.py", line 23, in audit
#7 0.352     raise ValueError(f'unresolved executable dependency: {name}: {result.stdout}{result.stderr}')
#7 0.352 ValueError: unresolved executable dependency: rx-ros-jtc-bridge: 	linux-vdso.so.1 (0x0000ffffba81c000)
#7 0.352 	librclcpp.so => /opt/ros/jazzy/lib/librclcpp.so (0x0000ffffba4a0000)
#7 0.352 	libcontrol_msgs__rosidl_typesupport_cpp.so => /opt/ros/jazzy/lib/libcontrol_msgs__rosidl_typesupport_cpp.so (0x0000ffffba440000)
#7 0.352 	libcontroller_manager_msgs__rosidl_typesupport_cpp.so => /opt/ros/jazzy/lib/libcontroller_manager_msgs__rosidl_typesupport_cpp.so (0x0000ffffba400000)
#7 0.352 	libaction_msgs__rosidl_typesupport_cpp.so => /opt/ros/jazzy/lib/libaction_msgs__rosidl_typesupport_cpp.so (0x0000ffffba3d0000)
#7 0.352 	librcl.so => /opt/ros/jazzy/lib/librcl.so (0x0000ffffba360000)
#7 0.352 	librcutils.so => /opt/ros/jazzy/lib/librcutils.so (0x0000ffffba320000)
#7 0.352 	libstdc++.so.6 => /lib/aarch64-linux-gnu/libstdc++.so.6 (0x0000ffffba090000)
#7 0.352 	libgcc_s.so.1 => /lib/aarch64-linux-gnu/libgcc_s.so.1 (0x0000ffffba050000)
#7 0.352 	libc.so.6 => /lib/aarch64-linux-gnu/libc.so.6 (0x0000ffffb9e90000)
#7 0.352 	/lib/ld-linux-aarch64.so.1 (0x0000ffffba7e0000)
#7 0.352 	liblibstatistics_collector.so => not found
#7 0.352 	librcl_yaml_param_parser.so => not found
#7 0.352 	librosgraph_msgs__rosidl_typesupport_cpp.so => not found
#7 0.352 	libstatistics_msgs__rosidl_typesupport_cpp.so => not found
#7 0.352 	libtracetools.so => not found
#7 0.352 	librcl_logging_interface.so => not found
#7 0.352 	librmw_implementation.so => not found
#7 0.352 	libament_index_cpp.so => not found
#7 0.352 	libtype_description_interfaces__rosidl_typesupport_c.so => not found
#7 0.352 	librcl_interfaces__rosidl_typesupport_cpp.so => not found
#7 0.352 	librmw.so => not found
#7 0.352 	librosidl_dynamic_typesupport.so => not found
#7 0.352 	librosidl_typesupport_introspection_cpp.so => not found
#7 0.352 	librcpputils.so => not found
#7 0.352 	librosidl_runtime_c.so => not found
#7 0.352 	libcontrol_msgs__rosidl_generator_c.so => not found
#7 0.352 	librosidl_typesupport_cpp.so => not found
#7 0.352 	libcontroller_manager_msgs__rosidl_generator_c.so => not found
#7 0.352 	librosidl_typesupport_cpp.so => not found
#7 0.352 	libaction_msgs__rosidl_generator_c.so => not found
#7 0.352 	librosidl_typesupport_cpp.so => not found
#7 0.352 	librcl_yaml_param_parser.so => not found
#7 0.352 	librmw_implementation.so => not found
#7 0.352 	librcl_logging_spdlog.so => not found
#7 0.352 	libtracetools.so => not found
#7 0.352 	librcl_interfaces__rosidl_typesupport_c.so => not found
#7 0.352 	libtype_description_interfaces__rosidl_typesupport_c.so => not found
#7 0.352 	libtype_description_interfaces__rosidl_generator_c.so => not found
#7 0.352 	librmw.so => not found
#7 0.352 	librosidl_dynamic_typesupport.so => not found
#7 0.352 	librosidl_runtime_c.so => not found
#7 0.352 	libyaml-0.so.2 => /lib/aarch64-linux-gnu/libyaml-0.so.2 (0x0000ffffb9e50000)
#7 0.352 	libm.so.6 => /lib/aarch64-linux-gnu/libm.so.6 (0x0000ffffb9da0000)
#7 0.352 
#7 ERROR: process "/bin/bash -o pipefail -c rm /opt/rx/manifests/release.json /opt/rx/manifests/revocations.json && python3 /opt/rx/tools/audit_native_install.py --catalog /opt/rx/catalogs/device-support.v1.json --output /opt/rx/manifests/native-install-audit.json && python3 /opt/rx/tools/write_runtime_inventory.py" did not complete successfully: exit code: 1
------
 > [3/3] RUN rm /opt/rx/manifests/release.json /opt/rx/manifests/revocations.json && python3 /opt/rx/tools/audit_native_install.py --catalog /opt/rx/catalogs/device-support.v1.json --output /opt/rx/manifests/native-install-audit.json && python3 /opt/rx/tools/write_runtime_inventory.py:
0.352 	libtracetools.so => not found
0.352 	librcl_interfaces__rosidl_typesupport_c.so => not found
0.352 	libtype_description_interfaces__rosidl_typesupport_c.so => not found
0.352 	libtype_description_interfaces__rosidl_generator_c.so => not found
0.352 	librmw.so => not found
0.352 	librosidl_dynamic_typesupport.so => not found
0.352 	librosidl_runtime_c.so => not found
0.352 	libyaml-0.so.2 => /lib/aarch64-linux-gnu/libyaml-0.so.2 (0x0000ffffb9e50000)
0.352 	libm.so.6 => /lib/aarch64-linux-gnu/libm.so.6 (0x0000ffffb9da0000)
0.352 
------
Solutions.Dockerfile:4
--------------------
   2 |     USER 0
   3 |     COPY bin/rx-solutions/ /opt/rx/bin/
   4 | >>> RUN rm /opt/rx/manifests/release.json /opt/rx/manifests/revocations.json && python3 /opt/rx/tools/audit_native_install.py --catalog /opt/rx/catalogs/device-support.v1.json --output /opt/rx/manifests/native-install-audit.json && python3 /opt/rx/tools/write_runtime_inventory.py
   5 |     USER 10001:10001
   6 |     
--------------------
ERROR: failed to build: failed to solve: process "/bin/bash -o pipefail -c rm /opt/rx/manifests/release.json /opt/rx/manifests/revocations.json && python3 /opt/rx/tools/audit_native_install.py --catalog /opt/rx/catalogs/device-support.v1.json --output /opt/rx/manifests/native-install-audit.json && python3 /opt/rx/tools/write_runtime_inventory.py" did not complete successfully: exit code: 1
