    Checking tokio v1.53.1
    Checking rx-process v0.1.0 (<workspace>/rx-solutions/runtime/rx-process)
   Compiling rx-host v0.1.0 (<workspace>/rx-solutions/runtime/rx-host)
    Checking rx-process-package v0.1.0 (<workspace>/rx-solutions/runtime/rx-process-package)
    Checking tokio-util v0.7.19
    Checking tokio-rustls v0.26.5
    Checking tokio-stream v0.1.19
    Checking rx-supervisor v0.1.0 (<workspace>/rx-solutions/runtime/rx-supervisor)
    Checking h2 v0.4.19
    Checking tower v0.5.3
    Checking axum v0.8.9
    Checking hyper v1.11.1
    Checking hyper-util v0.1.20
    Checking hyper-timeout v0.5.2
    Checking tonic v0.14.6
    Checking tonic-prost v0.14.6
    Checking rx-protocol v0.1.0 (<workspace>/rx-solutions/sdk/crates/rx-protocol)
    Checking rx-executor v0.1.0 (<workspace>/rx-solutions/runtime/rx-executor)
    Checking rx-device-package v0.1.0 (<workspace>/rx-solutions/runtime/rx-device-package)
    Finished `dev` profile [unoptimized + debuginfo] target(s) in 6.38s
