#0 building with "desktop-linux" instance using docker driver

#1 [internal] load build definition from ExecutorValidation.Dockerfile
#1 transferring dockerfile: 729B done
#1 DONE 0.0s

#2 [internal] load metadata for docker.io/library/rx-solutions:protocol-validation
#2 DONE 0.0s

#3 [1/5] FROM docker.io/library/rx-solutions:protocol-validation@sha256:efb3b752bd6f7d69dadf038330511997d4e5f3013302355e76a03e15e886525d
#3 resolve docker.io/library/rx-solutions:protocol-validation@sha256:efb3b752bd6f7d69dadf038330511997d4e5f3013302355e76a03e15e886525d done
#3 DONE 0.0s

#4 [internal] load build context
#4 transferring context: 67.42kB 0.0s done
#4 DONE 0.0s

#5 [2/5] WORKDIR /src
#5 CACHED

#6 [3/5] COPY vendor/BehaviorTree.CPP /src/vendor/BehaviorTree.CPP
#6 CACHED

#7 [4/5] COPY native/executor /src/native/executor
#7 DONE 0.0s

#8 [5/5] RUN cmake -S native/executor -B /build/executor -G Ninja -DCMAKE_BUILD_TYPE=Release -DRX_BUILD_TEST_HARNESS=ON     && cmake --build /build/executor -j2
#8 0.183 -- The CXX compiler identification is GNU 13.3.0
#8 0.193 -- Detecting CXX compiler ABI info
#8 0.233 -- Detecting CXX compiler ABI info - done
#8 0.236 -- Check for working CXX compiler: /usr/bin/c++ - skipped
#8 0.237 -- Detecting CXX compile features
#8 0.237 -- Detecting CXX compile features - done
#8 0.265 -- The C compiler identification is GNU 13.3.0
#8 0.271 -- Detecting C compiler ABI info
#8 0.299 -- Detecting C compiler ABI info - done
#8 0.302 -- Check for working C compiler: /usr/bin/cc - skipped
#8 0.302 -- Detecting C compile features
#8 0.302 -- Detecting C compile features - done
#8 0.303 -- ------------------------------------------
#8 0.303 -- BehaviorTree is being built without AMENT.
#8 0.303 -- ------------------------------------------
#8 0.305 -- Performing Test CMAKE_HAVE_LIBC_PTHREAD
#8 0.328 -- Performing Test CMAKE_HAVE_LIBC_PTHREAD - Success
#8 0.328 -- Found Threads: TRUE  
#8 0.330 -- BTCPP_EXTRA_LIBRARIES: 
#8 0.330 -- BTCPP_LIB_DESTINATION:   lib 
#8 0.330 -- BTCPP_INCLUDE_DESTINATION: include 
#8 0.331 -- BUILD_TESTING:   OFF 
#8 0.334 -- Configuring done (0.2s)
#8 0.346 -- Generating done (0.0s)
#8 0.347 -- Build files have been written to: /build/executor
#8 2.505 [1/58] Building CXX object CMakeFiles/rx_bt_executor.dir/nodes.cpp.o
#8 2.713 [2/58] Building CXX object CMakeFiles/rx_bt_executor.dir/runtime.cpp.o
#8 3.859 [3/58] Building CXX object CMakeFiles/rx_bt_executor.dir/xml.cpp.o
#8 6.676 [4/58] Building CXX object CMakeFiles/rx_bt_executor.dir/frame.cpp.o
#8 8.188 [5/58] Building CXX object CMakeFiles/rx-bt-tests.dir/tests.cpp.o
#8 12.70 [6/58] Building CXX object CMakeFiles/rx-bt-engine.dir/engine.cpp.o
#8 13.79 [7/58] Building CXX object CMakeFiles/rx-bt-engine-fixture.dir/engine.cpp.o
#8 14.93 [8/58] Building CXX object btcpp/CMakeFiles/behaviortree_cpp.dir/src/action_node.cpp.o
#8 15.27 [9/58] Building CXX object CMakeFiles/rx-bt-request-fixture.dir/request_fixture.cpp.o
#8 16.55 [10/58] Building CXX object btcpp/CMakeFiles/behaviortree_cpp.dir/src/behavior_tree.cpp.o
#8 16.92 [11/58] Building CXX object btcpp/CMakeFiles/behaviortree_cpp.dir/src/basic_types.cpp.o
#8 17.92 [12/58] Building CXX object btcpp/CMakeFiles/behaviortree_cpp.dir/src/blackboard.cpp.o
#8 18.91 [13/58] Building CXX object btcpp/CMakeFiles/behaviortree_cpp.dir/src/decorator_node.cpp.o
#8 19.92 [14/58] Building CXX object btcpp/CMakeFiles/behaviortree_cpp.dir/src/condition_node.cpp.o
#8 20.85 [15/58] Building CXX object btcpp/CMakeFiles/behaviortree_cpp.dir/src/control_node.cpp.o
#8 21.00 [16/58] Building CXX object btcpp/CMakeFiles/behaviortree_cpp.dir/src/shared_library.cpp.o
#8 22.23 [17/58] Building CXX object btcpp/CMakeFiles/behaviortree_cpp.dir/src/tree_node.cpp.o
#8 23.07 [18/58] Building CXX object btcpp/CMakeFiles/behaviortree_cpp.dir/src/bt_factory.cpp.o
#8 24.82 [19/58] Building CXX object btcpp/CMakeFiles/behaviortree_cpp.dir/src/json_export.cpp.o
#8 25.91 [20/58] Building CXX object btcpp/CMakeFiles/behaviortree_cpp.dir/src/script_parser.cpp.o
#8 26.97 [21/58] Building CXX object btcpp/CMakeFiles/behaviortree_cpp.dir/src/actions/test_node.cpp.o
#8 27.20 [22/58] Building CXX object btcpp/CMakeFiles/behaviortree_cpp.dir/src/xml_parsing.cpp.o
#8 28.30 [23/58] Building CXX object btcpp/CMakeFiles/behaviortree_cpp.dir/src/actions/sleep_node.cpp.o
#8 28.55 [24/58] Building CXX object btcpp/CMakeFiles/behaviortree_cpp.dir/src/actions/updated_action.cpp.o
#8 29.46 [25/58] Building CXX object btcpp/CMakeFiles/behaviortree_cpp.dir/src/decorators/inverter_node.cpp.o
#8 29.64 [26/58] Building CXX object btcpp/CMakeFiles/behaviortree_cpp.dir/src/decorators/delay_node.cpp.o
#8 30.66 [27/58] Building CXX object btcpp/CMakeFiles/behaviortree_cpp.dir/src/decorators/repeat_node.cpp.o
#8 30.86 [28/58] Building CXX object btcpp/CMakeFiles/behaviortree_cpp.dir/src/decorators/retry_node.cpp.o
#8 31.57 [29/58] Building CXX object btcpp/CMakeFiles/behaviortree_cpp.dir/src/decorators/subtree_node.cpp.o
#8 32.11 [30/58] Building CXX object btcpp/CMakeFiles/behaviortree_cpp.dir/src/decorators/timeout_node.cpp.o
#8 32.87 [31/58] Building CXX object btcpp/CMakeFiles/behaviortree_cpp.dir/src/decorators/updated_decorator.cpp.o
#8 32.97 [32/58] Building CXX object btcpp/CMakeFiles/behaviortree_cpp.dir/src/controls/if_then_else_node.cpp.o
#8 33.75 [33/58] Building CXX object btcpp/CMakeFiles/behaviortree_cpp.dir/src/controls/fallback_node.cpp.o
#8 34.25 [34/58] Building CXX object btcpp/CMakeFiles/behaviortree_cpp.dir/src/controls/parallel_node.cpp.o
#8 34.93 [35/58] Building CXX object btcpp/CMakeFiles/behaviortree_cpp.dir/src/controls/parallel_all_node.cpp.o
#8 35.09 [36/58] Building CXX object btcpp/CMakeFiles/behaviortree_cpp.dir/src/controls/reactive_sequence.cpp.o
#8 35.76 [37/58] Building CXX object btcpp/CMakeFiles/behaviortree_cpp.dir/src/controls/reactive_fallback.cpp.o
#8 35.92 [38/58] Building CXX object btcpp/CMakeFiles/behaviortree_cpp.dir/src/controls/sequence_node.cpp.o
#8 36.62 [39/58] Building CXX object btcpp/CMakeFiles/behaviortree_cpp.dir/src/controls/sequence_with_memory_node.cpp.o
#8 36.76 [40/58] Building CXX object btcpp/CMakeFiles/behaviortree_cpp.dir/src/controls/switch_node.cpp.o
#8 37.47 [41/58] Building CXX object btcpp/CMakeFiles/behaviortree_cpp.dir/src/controls/while_do_else_node.cpp.o
#8 38.08 [42/58] Building CXX object btcpp/CMakeFiles/behaviortree_cpp.dir/src/loggers/bt_cout_logger.cpp.o
#8 38.90 [43/58] Building CXX object btcpp/CMakeFiles/behaviortree_cpp.dir/src/loggers/bt_file_logger_v2.cpp.o
#8 39.43 [44/58] Building CXX object btcpp/CMakeFiles/behaviortree_cpp.dir/src/loggers/bt_minitrace_logger.cpp.o
#8 39.59 [45/58] Building CXX object btcpp/CMakeFiles/behaviortree_cpp.dir/src/shared_library_UNIX.cpp.o
#8 40.06 [46/58] Building CXX object btcpp/3rdparty/tinyxml2/CMakeFiles/tinyxml2.dir/tinyxml2.cpp.o
#8 40.07 [47/58] Linking CXX static library btcpp/3rdparty/tinyxml2/libtinyxml2.a
#8 40.12 [48/58] Building CXX object btcpp/3rdparty/lexy/src/CMakeFiles/lexy_file.dir/input/file.cpp.o
#8 40.12 [49/58] Linking CXX static library btcpp/3rdparty/lexy/src/liblexy_file.a
#8 40.19 [50/58] Building CXX object btcpp/3rdparty/minitrace/CMakeFiles/minitrace.dir/minitrace.cpp.o
#8 40.19 [51/58] Linking CXX static library btcpp/3rdparty/minitrace/libminitrace.a
#8 40.36 [52/58] Building CXX object btcpp/CMakeFiles/behaviortree_cpp.dir/src/loggers/bt_observer.cpp.o
#8 40.39 [53/58] Linking CXX static library btcpp/libbehaviortree_cpp.a
#8 40.40 [54/58] Linking CXX static library librx_bt_executor.a
#8 40.46 [55/58] Linking CXX executable rx-bt-engine
#8 40.46 [56/58] Linking CXX executable rx-bt-tests
#8 40.51 [57/58] Linking CXX executable rx-bt-engine-fixture
#8 40.52 [58/58] Linking CXX executable rx-bt-request-fixture
#8 DONE 40.6s

#9 exporting to image
#9 exporting layers
#9 exporting layers 0.4s done
#9 exporting manifest sha256:6b5c06d3c8aa4f143863b0967fd240a7569d192c86147208ee0cd9f75e9126f6 done
#9 exporting config sha256:c0318fa068e13d791cfacb4abd1a5fd1adefbf212924b56dd56fc6f45534e041 done
#9 exporting attestation manifest sha256:5b9a49f37a4af20c0d66d5206dc99bea01db0d5cc0051f97864a2fb006309f9e done
#9 exporting manifest list sha256:66df9a62c2de62327acdf8adc65965d64ba2e2f9f7a4c287e60bac71c8c6ef25 done
#9 naming to docker.io/library/rx-solutions:executor-validation done
#9 unpacking to docker.io/library/rx-solutions:executor-validation 0.1s done
#9 DONE 0.5s
