info: syncing channel updates for 1.98.1-aarch64-unknown-linux-gnu
info: latest update on 2026-09-03 for version 1.98.1 (48a229cea 2026-09-01)
info: downloading 2 components
    Updating crates.io index
 Downloading crates ...
  Downloaded block-buffer v0.10.4
  Downloaded bitflags v2.13.2
  Downloaded foldhash v0.2.0
  Downloaded errno v0.3.14
  Downloaded fallible-iterator v0.3.0
  Downloaded fallible-streaming-iterator v0.1.9
  Downloaded generic-array v0.14.7
  Downloaded fastrand v2.5.0
  Downloaded find-msvc-tools v0.1.13
  Downloaded crypto-common v0.1.7
  Downloaded serde_jcs v0.2.0
  Downloaded cfg-if v1.0.5
  Downloaded itoa v1.0.18
  Downloaded version_check v0.9.5
  Downloaded cpufeatures v0.2.17
  Downloaded thiserror v2.0.20
  Downloaded zmij v1.0.23
  Downloaded pkg-config v0.3.34
  Downloaded quote v1.0.47
  Downloaded sha2 v0.10.9
  Downloaded smallvec v1.16.1
  Downloaded shlex v2.0.1
  Downloaded thiserror-impl v2.0.20
  Downloaded hashlink v0.12.2
  Downloaded ryu-js v0.2.2
  Downloaded unicode-ident v1.0.26
  Downloaded digest v0.10.7
  Downloaded tempfile v3.27.0
  Downloaded getrandom v0.4.3
  Downloaded serde_core v1.0.229
  Downloaded once_cell v1.21.4
  Downloaded serde_derive v1.0.229
  Downloaded uuid v1.26.1
  Downloaded proc-macro2 v1.0.107
  Downloaded serde v1.0.229
  Downloaded memchr v2.8.3
  Downloaded typenum v1.20.1
  Downloaded cc v1.4.7
  Downloaded serde_json v1.0.151
  Downloaded hashbrown v0.17.1
  Downloaded rusqlite v0.40.2
  Downloaded vcpkg v0.2.15
  Downloaded syn v3.0.6
  Downloaded rustix v1.1.5
  Downloaded libc v0.2.189
  Downloaded linux-raw-sys v0.12.1
  Downloaded libsqlite3-sys v0.38.2
   Compiling proc-macro2 v1.0.107
   Compiling quote v1.0.47
   Compiling unicode-ident v1.0.26
   Compiling version_check v0.9.5
   Compiling generic-array v0.14.7
   Compiling libc v0.2.189
   Compiling serde_core v1.0.229
   Compiling syn v3.0.6
   Compiling typenum v1.20.1
   Compiling zmij v1.0.23
   Compiling serde v1.0.229
   Compiling cfg-if v1.0.5
   Compiling shlex v2.0.1
   Compiling serde_json v1.0.151
   Compiling find-msvc-tools v0.1.13
   Compiling cc v1.4.7
   Compiling block-buffer v0.10.4
   Compiling crypto-common v0.1.7
   Compiling serde_derive v1.0.229
   Compiling itoa v1.0.18
   Compiling vcpkg v0.2.15
   Compiling memchr v2.8.3
   Compiling pkg-config v0.3.34
   Compiling thiserror v2.0.20
   Compiling libsqlite3-sys v0.38.2
   Compiling digest v0.10.7
   Compiling cpufeatures v0.2.17
   Compiling thiserror-impl v2.0.20
   Compiling rustix v1.1.5
   Compiling ryu-js v0.2.2
   Compiling bitflags v2.13.2
   Compiling foldhash v0.2.0
   Compiling hashbrown v0.17.1
   Compiling serde_jcs v0.2.0
   Compiling sha2 v0.10.9
   Compiling uuid v1.26.1
   Compiling getrandom v0.4.3
   Compiling linux-raw-sys v0.12.1
   Compiling rx-domain v0.1.0 (/platform/crates/rx-domain)
   Compiling hashlink v0.12.2
   Compiling fallible-iterator v0.3.0
   Compiling fallible-streaming-iterator v0.1.9
   Compiling smallvec v1.16.1
   Compiling rusqlite v0.40.2
   Compiling rx-ports v0.1.0 (/platform/crates/rx-ports)
   Compiling fastrand v2.5.0
   Compiling once_cell v1.21.4
   Compiling tempfile v3.27.0
   Compiling rx-storage v0.1.0 (/platform/crates/rx-storage)
   Compiling rx-lock-lifetime-probe v0.0.0 (/platform/tools/lock_lifetime_probe)
    Finished `dev` profile [unoptimized + debuginfo] target(s) in 17.50s
