info: syncing channel updates for 1.98.1-aarch64-unknown-linux-gnu
info: latest update on 2026-09-03 for version 1.98.1 (48a229cea 2026-09-01)
info: downloading 2 components
    Updating crates.io index
 Downloading crates ...
  Downloaded smallvec v1.16.0
  Downloaded cfg-if v1.0.4
  Downloaded unicode-ident v1.0.24
  Downloaded find-msvc-tools v0.1.12
  Downloaded cc v1.4.5
  Downloaded syn v3.0.5
  Downloaded rustix v1.1.4
   Compiling proc-macro2 v1.0.107
   Compiling quote v1.0.47
   Compiling unicode-ident v1.0.24
   Compiling libc v0.2.189
   Compiling version_check v0.9.5
   Compiling generic-array v0.14.7
   Compiling serde_core v1.0.229
   Compiling syn v3.0.5
   Compiling typenum v1.20.1
   Compiling cfg-if v1.0.4
   Compiling zmij v1.0.23
   Compiling getrandom v0.4.3
   Compiling shlex v2.0.1
   Compiling serde_json v1.0.151
   Compiling serde v1.0.229
   Compiling find-msvc-tools v0.1.12
   Compiling cc v1.4.5
   Compiling block-buffer v0.10.4
   Compiling crypto-common v0.1.7
   Compiling serde_derive v1.0.229
   Compiling memchr v2.8.3
   Compiling itoa v1.0.18
   Compiling vcpkg v0.2.15
   Compiling pkg-config v0.3.34
   Compiling thiserror v2.0.20
   Compiling libsqlite3-sys v0.38.2
   Compiling digest v0.10.7
   Compiling cpufeatures v0.2.17
   Compiling thiserror-impl v2.0.20
   Compiling foldhash v0.2.0
   Compiling ryu-js v0.2.2
   Compiling rustix v1.1.4
   Compiling bitflags v2.13.2
   Compiling serde_jcs v0.2.0
   Compiling hashbrown v0.17.1
   Compiling sha2 v0.10.9
   Compiling uuid v1.26.1
   Compiling linux-raw-sys v0.12.1
   Compiling rx-domain v0.1.0 (/platform/crates/rx-domain)
   Compiling hashlink v0.12.2
   Compiling fallible-iterator v0.3.0
   Compiling smallvec v1.16.0
   Compiling fallible-streaming-iterator v0.1.9
   Compiling rusqlite v0.40.2
   Compiling rx-ports v0.1.0 (/platform/crates/rx-ports)
   Compiling once_cell v1.21.4
   Compiling fastrand v2.5.0
   Compiling tempfile v3.27.0
   Compiling rx-storage v0.1.0 (/platform/crates/rx-storage)
    Finished `test` profile [unoptimized + debuginfo] target(s) in 19.05s
