#0 building with "desktop-linux" instance using docker driver

#1 [internal] load build definition from ExecutorValidation.Dockerfile
#1 transferring dockerfile: 702B done
#1 DONE 0.0s

#2 [internal] load metadata for docker.io/library/rx-solutions:protocol-validation
#2 DONE 0.0s

#3 [1/5] FROM docker.io/library/rx-solutions:protocol-validation@sha256:efb3b752bd6f7d69dadf038330511997d4e5f3013302355e76a03e15e886525d
#3 resolve docker.io/library/rx-solutions:protocol-validation@sha256:efb3b752bd6f7d69dadf038330511997d4e5f3013302355e76a03e15e886525d done
#3 DONE 0.0s

#4 [internal] load build context
#4 transferring context: 42.21kB 0.0s done
#4 DONE 0.0s

#5 [2/5] WORKDIR /src
#5 CACHED

#6 [3/5] COPY vendor/BehaviorTree.CPP /src/vendor/BehaviorTree.CPP
#6 CACHED

#7 [4/5] COPY native/executor /src/native/executor
#7 DONE 0.0s

#8 [5/5] RUN cmake -S native/executor -B /build/executor -G Ninja -DCMAKE_BUILD_TYPE=Release     && cmake --build /build/executor -j2
#8 0.139 -- The CXX compiler identification is GNU 13.3.0
#8 0.146 -- Detecting CXX compiler ABI info
#8 0.173 -- Detecting CXX compiler ABI info - done
#8 0.176 -- Check for working CXX compiler: /usr/bin/c++ - skipped
#8 0.176 -- Detecting CXX compile features
#8 0.177 -- Detecting CXX compile features - done
#8 0.197 -- The C compiler identification is GNU 13.3.0
#8 0.202 -- Detecting C compiler ABI info
#8 0.224 -- Detecting C compiler ABI info - done
#8 0.227 -- Check for working C compiler: /usr/bin/cc - skipped
#8 0.227 -- Detecting C compile features
#8 0.228 -- Detecting C compile features - done
#8 0.229 -- ------------------------------------------
#8 0.229 -- BehaviorTree is being built without AMENT.
#8 0.229 -- ------------------------------------------
#8 0.229 -- Performing Test CMAKE_HAVE_LIBC_PTHREAD
#8 0.252 -- Performing Test CMAKE_HAVE_LIBC_PTHREAD - Success
#8 0.252 -- Found Threads: TRUE  
#8 0.254 -- BTCPP_EXTRA_LIBRARIES: 
#8 0.254 -- BTCPP_LIB_DESTINATION:   lib 
#8 0.254 -- BTCPP_INCLUDE_DESTINATION: include 
#8 0.255 -- BUILD_TESTING:   OFF 
#8 0.257 -- Configuring done (0.2s)
#8 0.262 -- Generating done (0.0s)
#8 0.263 -- Build files have been written to: /build/executor
#8 1.784 [1/51] Building CXX object CMakeFiles/rx_bt_executor.dir/nodes.cpp.o
#8 1.887 [2/51] Building CXX object CMakeFiles/rx_bt_executor.dir/runtime.cpp.o
#8 2.876 [3/51] Building CXX object CMakeFiles/rx_bt_executor.dir/xml.cpp.o
#8 3.879 [4/51] Building CXX object btcpp/CMakeFiles/behaviortree_cpp.dir/src/action_node.cpp.o
#8 4.182 [5/51] Building CXX object CMakeFiles/rx-bt-tests.dir/tests.cpp.o
#8 5.386 [6/51] Building CXX object btcpp/CMakeFiles/behaviortree_cpp.dir/src/behavior_tree.cpp.o
#8 5.761 [7/51] Building CXX object btcpp/CMakeFiles/behaviortree_cpp.dir/src/basic_types.cpp.o
#8 6.637 [8/51] Building CXX object btcpp/CMakeFiles/behaviortree_cpp.dir/src/blackboard.cpp.o
#8 7.514 [9/51] Building CXX object btcpp/CMakeFiles/behaviortree_cpp.dir/src/decorator_node.cpp.o
#8 8.355 [10/51] Building CXX object btcpp/CMakeFiles/behaviortree_cpp.dir/src/condition_node.cpp.o
#8 9.206 [11/51] Building CXX object btcpp/CMakeFiles/behaviortree_cpp.dir/src/control_node.cpp.o
#8 9.351 [12/51] Building CXX object btcpp/CMakeFiles/behaviortree_cpp.dir/src/shared_library.cpp.o
#8 10.46 [13/51] Building CXX object btcpp/CMakeFiles/behaviortree_cpp.dir/src/tree_node.cpp.o
#8 11.24 [14/51] Building CXX object btcpp/CMakeFiles/behaviortree_cpp.dir/src/bt_factory.cpp.o
#8 12.84 [15/51] Building CXX object btcpp/CMakeFiles/behaviortree_cpp.dir/src/json_export.cpp.o
#8 13.81 [16/51] Building CXX object btcpp/CMakeFiles/behaviortree_cpp.dir/src/script_parser.cpp.o
#8 14.74 [17/51] Building CXX object btcpp/CMakeFiles/behaviortree_cpp.dir/src/actions/test_node.cpp.o
#8 15.00 [18/51] Building CXX object btcpp/CMakeFiles/behaviortree_cpp.dir/src/xml_parsing.cpp.o
#8 15.93 [19/51] Building CXX object btcpp/CMakeFiles/behaviortree_cpp.dir/src/actions/sleep_node.cpp.o
#8 16.18 [20/51] Building CXX object btcpp/CMakeFiles/behaviortree_cpp.dir/src/actions/updated_action.cpp.o
#8 16.96 [21/51] Building CXX object btcpp/CMakeFiles/behaviortree_cpp.dir/src/decorators/inverter_node.cpp.o
#8 17.13 [22/51] Building CXX object btcpp/CMakeFiles/behaviortree_cpp.dir/src/decorators/delay_node.cpp.o
#8 18.14 [23/51] Building CXX object btcpp/CMakeFiles/behaviortree_cpp.dir/src/decorators/repeat_node.cpp.o
#8 18.31 [24/51] Building CXX object btcpp/CMakeFiles/behaviortree_cpp.dir/src/decorators/retry_node.cpp.o
#8 18.95 [25/51] Building CXX object btcpp/CMakeFiles/behaviortree_cpp.dir/src/decorators/subtree_node.cpp.o
#8 19.42 [26/51] Building CXX object btcpp/CMakeFiles/behaviortree_cpp.dir/src/decorators/timeout_node.cpp.o
#8 20.14 [27/51] Building CXX object btcpp/CMakeFiles/behaviortree_cpp.dir/src/decorators/updated_decorator.cpp.o
#8 20.19 [28/51] Building CXX object btcpp/CMakeFiles/behaviortree_cpp.dir/src/controls/if_then_else_node.cpp.o
#8 20.93 [29/51] Building CXX object btcpp/CMakeFiles/behaviortree_cpp.dir/src/controls/fallback_node.cpp.o
#8 21.34 [30/51] Building CXX object btcpp/CMakeFiles/behaviortree_cpp.dir/src/controls/parallel_node.cpp.o
#8 22.02 [31/51] Building CXX object btcpp/CMakeFiles/behaviortree_cpp.dir/src/controls/parallel_all_node.cpp.o
#8 22.09 [32/51] Building CXX object btcpp/CMakeFiles/behaviortree_cpp.dir/src/controls/reactive_sequence.cpp.o
#8 22.76 [33/51] Building CXX object btcpp/CMakeFiles/behaviortree_cpp.dir/src/controls/reactive_fallback.cpp.o
#8 22.83 [34/51] Building CXX object btcpp/CMakeFiles/behaviortree_cpp.dir/src/controls/sequence_node.cpp.o
#8 23.54 [35/51] Building CXX object btcpp/CMakeFiles/behaviortree_cpp.dir/src/controls/sequence_with_memory_node.cpp.o
#8 23.56 [36/51] Building CXX object btcpp/CMakeFiles/behaviortree_cpp.dir/src/controls/switch_node.cpp.o
#8 24.30 [37/51] Building CXX object btcpp/CMakeFiles/behaviortree_cpp.dir/src/controls/while_do_else_node.cpp.o
#8 24.76 [38/51] Building CXX object btcpp/CMakeFiles/behaviortree_cpp.dir/src/loggers/bt_cout_logger.cpp.o
#8 25.61 [39/51] Building CXX object btcpp/CMakeFiles/behaviortree_cpp.dir/src/loggers/bt_file_logger_v2.cpp.o
#8 25.95 [40/51] Building CXX object btcpp/CMakeFiles/behaviortree_cpp.dir/src/loggers/bt_minitrace_logger.cpp.o
#8 26.10 [41/51] Building CXX object btcpp/CMakeFiles/behaviortree_cpp.dir/src/shared_library_UNIX.cpp.o
#8 26.53 [42/51] Building CXX object btcpp/3rdparty/tinyxml2/CMakeFiles/tinyxml2.dir/tinyxml2.cpp.o
#8 26.54 [43/51] Linking CXX static library btcpp/3rdparty/tinyxml2/libtinyxml2.a
#8 26.58 [44/51] Building CXX object btcpp/3rdparty/lexy/src/CMakeFiles/lexy_file.dir/input/file.cpp.o
#8 26.59 [45/51] Linking CXX static library btcpp/3rdparty/lexy/src/liblexy_file.a
#8 26.64 [46/51] Building CXX object btcpp/3rdparty/minitrace/CMakeFiles/minitrace.dir/minitrace.cpp.o
#8 26.65 [47/51] Linking CXX static library btcpp/3rdparty/minitrace/libminitrace.a
#8 26.92 [48/51] Building CXX object btcpp/CMakeFiles/behaviortree_cpp.dir/src/loggers/bt_observer.cpp.o
#8 26.94 [49/51] Linking CXX static library btcpp/libbehaviortree_cpp.a
#8 26.95 [50/51] Linking CXX static library librx_bt_executor.a
#8 26.99 [51/51] Linking CXX executable rx-bt-tests
#8 DONE 27.0s

#9 exporting to image
#9 exporting layers
#9 exporting layers 0.2s done
#9 exporting manifest sha256:ef88a470a72d4e4bac6789ffa2a47b3ea65ec75eebf3b62f446f52829a20271f done
#9 exporting config sha256:f77c450b22de605ad29ca896def915421c108fc472d6ca95505a9148dc5244d3 done
#9 exporting attestation manifest sha256:f655ede29ba769fd1d16d230cb46a9a7ed46c06d0aee666023ec021770d960b4 done
#9 exporting manifest list sha256:1895aae6368dd995604a7ede547d746074ca0dc846e68fb2841a688511ef976e done
#9 naming to docker.io/library/rx-solutions:executor-validation done
#9 unpacking to docker.io/library/rx-solutions:executor-validation 0.1s done
#9 DONE 0.3s
