-- Install configuration: "Release"
-- Installing: /evidence/final-client-packages/install/lib/librxclcpp.so.0.1.0
-- Installing: /evidence/final-client-packages/install/lib/librxclcpp.so.0
-- Installing: /evidence/final-client-packages/install/lib/librxclcpp.so
-- Installing: /evidence/final-client-packages/install/include
-- Installing: /evidence/final-client-packages/install/include/rxclcpp
-- Installing: /evidence/final-client-packages/install/include/rxclcpp/build_info.hpp
-- Installing: /evidence/final-client-packages/install/include/rxclcpp/wire.hpp
-- Installing: /evidence/final-client-packages/install/include/rxclcpp/client.hpp
-- Installing: /evidence/final-client-packages/install/include/rx
-- Installing: /evidence/final-client-packages/install/include/rx/contract
-- Installing: /evidence/final-client-packages/install/include/rx/contract/v1
-- Installing: /evidence/final-client-packages/install/include/rx/contract/v1/contract.pb.h
-- Installing: /evidence/final-client-packages/install/include/rx/host
-- Installing: /evidence/final-client-packages/install/include/rx/host/configuration
-- Installing: /evidence/final-client-packages/install/include/rx/host/configuration/v1
-- Installing: /evidence/final-client-packages/install/include/rx/host/configuration/v1/configuration.pb.h
-- Installing: /evidence/final-client-packages/install/include/rx/host/read
-- Installing: /evidence/final-client-packages/install/include/rx/host/read/v1
-- Installing: /evidence/final-client-packages/install/include/rx/host/read/v1/read.pb.h
-- Installing: /evidence/final-client-packages/install/include/rx/host/qualification
-- Installing: /evidence/final-client-packages/install/include/rx/host/qualification/v1
-- Installing: /evidence/final-client-packages/install/include/rx/host/qualification/v1/qualification.pb.h
-- Installing: /evidence/final-client-packages/install/include/rx/cell
-- Installing: /evidence/final-client-packages/install/include/rx/cell/v1
-- Installing: /evidence/final-client-packages/install/include/rx/cell/v1/cell.pb.h
-- Installing: /evidence/final-client-packages/install/include/rx/executor
-- Installing: /evidence/final-client-packages/install/include/rx/executor/v1
-- Installing: /evidence/final-client-packages/install/include/rx/executor/v1/executor.pb.h
-- Installing: /evidence/final-client-packages/install/include/rx/executor/plan
-- Installing: /evidence/final-client-packages/install/include/rx/executor/plan/v1
-- Installing: /evidence/final-client-packages/install/include/rx/executor/plan/v1/plan.pb.h
-- Installing: /evidence/final-client-packages/install/include/rx/executor/assignment
-- Installing: /evidence/final-client-packages/install/include/rx/executor/assignment/v1
-- Installing: /evidence/final-client-packages/install/include/rx/executor/assignment/v1/assignment.pb.h
-- Installing: /evidence/final-client-packages/install/include/rx/executor/production
-- Installing: /evidence/final-client-packages/install/include/rx/executor/production/v1
-- Installing: /evidence/final-client-packages/install/include/rx/executor/production/v1/production.pb.h
-- Installing: /evidence/final-client-packages/install/share/rxclcpp/protocol
-- Installing: /evidence/final-client-packages/install/share/rxclcpp/protocol/semantic_fields.json
-- Installing: /evidence/final-client-packages/install/share/rxclcpp/protocol/cell_operations_manifest.json
-- Installing: /evidence/final-client-packages/install/share/rxclcpp/protocol/strict-wire-v1
-- Installing: /evidence/final-client-packages/install/share/rxclcpp/protocol/strict-wire-v1/README.md
-- Installing: /evidence/final-client-packages/install/share/rxclcpp/protocol/strict-wire-v1/vectors.json
-- Installing: /evidence/final-client-packages/install/share/rxclcpp/protocol/strict-wire-v1/probe.proto
-- Installing: /evidence/final-client-packages/install/share/rxclcpp/protocol/bundle.json
-- Installing: /evidence/final-client-packages/install/share/rxclcpp/protocol/README.md
-- Installing: /evidence/final-client-packages/install/share/rxclcpp/protocol/contracts_manifest.json
-- Installing: /evidence/final-client-packages/install/share/rxclcpp/protocol/rx
-- Installing: /evidence/final-client-packages/install/share/rxclcpp/protocol/rx/contract
-- Installing: /evidence/final-client-packages/install/share/rxclcpp/protocol/rx/contract/v1
-- Installing: /evidence/final-client-packages/install/share/rxclcpp/protocol/rx/contract/v1/contract.proto
-- Installing: /evidence/final-client-packages/install/share/rxclcpp/protocol/rx/host
-- Installing: /evidence/final-client-packages/install/share/rxclcpp/protocol/rx/host/configuration
-- Installing: /evidence/final-client-packages/install/share/rxclcpp/protocol/rx/host/configuration/v1
-- Installing: /evidence/final-client-packages/install/share/rxclcpp/protocol/rx/host/configuration/v1/configuration.proto
-- Installing: /evidence/final-client-packages/install/share/rxclcpp/protocol/rx/host/read
-- Installing: /evidence/final-client-packages/install/share/rxclcpp/protocol/rx/host/read/v1
-- Installing: /evidence/final-client-packages/install/share/rxclcpp/protocol/rx/host/read/v1/read.proto
-- Installing: /evidence/final-client-packages/install/share/rxclcpp/protocol/rx/host/qualification
-- Installing: /evidence/final-client-packages/install/share/rxclcpp/protocol/rx/host/qualification/v1
-- Installing: /evidence/final-client-packages/install/share/rxclcpp/protocol/rx/host/qualification/v1/qualification.proto
-- Installing: /evidence/final-client-packages/install/share/rxclcpp/protocol/rx/cell
-- Installing: /evidence/final-client-packages/install/share/rxclcpp/protocol/rx/cell/v1
-- Installing: /evidence/final-client-packages/install/share/rxclcpp/protocol/rx/cell/v1/cell.proto
-- Installing: /evidence/final-client-packages/install/share/rxclcpp/protocol/rx/executor
-- Installing: /evidence/final-client-packages/install/share/rxclcpp/protocol/rx/executor/v1
-- Installing: /evidence/final-client-packages/install/share/rxclcpp/protocol/rx/executor/v1/executor.proto
-- Installing: /evidence/final-client-packages/install/share/rxclcpp/protocol/rx/executor/plan
-- Installing: /evidence/final-client-packages/install/share/rxclcpp/protocol/rx/executor/plan/v1
-- Installing: /evidence/final-client-packages/install/share/rxclcpp/protocol/rx/executor/plan/v1/plan.proto
-- Installing: /evidence/final-client-packages/install/share/rxclcpp/protocol/rx/executor/assignment
-- Installing: /evidence/final-client-packages/install/share/rxclcpp/protocol/rx/executor/assignment/v1
-- Installing: /evidence/final-client-packages/install/share/rxclcpp/protocol/rx/executor/assignment/v1/assignment.proto
-- Installing: /evidence/final-client-packages/install/share/rxclcpp/protocol/rx/executor/production
-- Installing: /evidence/final-client-packages/install/share/rxclcpp/protocol/rx/executor/production/v1
-- Installing: /evidence/final-client-packages/install/share/rxclcpp/protocol/rx/executor/production/v1/production.proto
-- Installing: /evidence/final-client-packages/install/lib/cmake/rxclcpp/rxclcppTargets.cmake
-- Installing: /evidence/final-client-packages/install/lib/cmake/rxclcpp/rxclcppTargets-release.cmake
-- Installing: /evidence/final-client-packages/install/lib/cmake/rxclcpp/rxclcppConfig.cmake
-- Installing: /evidence/final-client-packages/install/lib/cmake/rxclcpp/rxclcppConfigVersion.cmake
