    Checking rustix v1.1.4
    Checking uuid v1.26.1
    Checking rx-domain v0.1.0 (/src/sdk/crates/rx-domain)
    Checking fs-set-times v0.20.3
    Checking rustix-linux-procfs v0.1.1
    Checking cap-primitives v4.0.3
    Checking tempfile v3.27.0
    Checking cap-std v4.0.3
    Checking cap-fs-ext v4.0.3
    Checking rx-package v0.1.0 (/src/sdk/crates/rx-package)
    Checking rx-ports v0.1.0 (/src/sdk/crates/rx-ports)
    Checking rx-storage v0.1.0 (/src/sdk/crates/rx-storage)
    Checking rx-service-status v0.1.0 (/src/runtime/rx-service-status)
    Checking tokio-stream v0.1.19
    Checking tonic v0.14.6
    Checking tonic-prost v0.14.6
    Checking rx-process-contract v0.1.0 (/src/sdk/crates/rx-process-contract)
    Checking rx-protocol v0.1.0 (/src/sdk/crates/rx-protocol)
    Checking rx-solution-catalog v0.1.0 (/src/runtime/rx-solution-catalog)
    Checking rx-process v0.1.0 (/src/runtime/rx-process)
   Compiling rx-host v0.1.0 (/src/runtime/rx-host)
    Checking rx-melsec-mc v0.1.0 (/src/drivers/rx-melsec-mc)
    Checking rx-executor v0.1.0 (/src/runtime/rx-executor)
    Checking powerfmt v0.2.0
    Checking deranged v0.5.8
    Checking num-conv v0.2.2
    Checking time-core v0.1.9
    Checking time v0.3.55
    Checking base64 v0.23.1
    Checking pem v4.0.0
    Checking yasna v0.6.0
    Checking rcgen v0.14.10
    Checking rx-supervisor v0.1.0 (/src/runtime/rx-supervisor)
    Finished `dev` profile [unoptimized + debuginfo] target(s) in 13.01s
