    Blocking waiting for file lock on package cache
    Blocking waiting for file lock on package cache
    Blocking waiting for file lock on package cache
    Checking rx-process-contract v0.1.0 (/Users/ojaehong/RX_automation/rx_ws/rx-platform/crates/rx-process-contract)
    Checking rx-application v0.1.0 (/Users/ojaehong/RX_automation/rx_ws/rx-platform/crates/rx-application)
    Checking rx-runtime v0.1.0 (/Users/ojaehong/RX_automation/rx_ws/rx-platform/crates/rx-runtime)
    Checking rx-protocol-adapter v0.1.0 (/Users/ojaehong/RX_automation/rx_ws/rx-platform/crates/rx-protocol-adapter)
    Checking rx-api v0.1.0 (/Users/ojaehong/RX_automation/rx_ws/rx-platform/crates/rx-api)
    Checking rx-host-client v0.1.0 (/Users/ojaehong/RX_automation/rx_ws/rx-platform/crates/rx-host-client)
    Checking rx-platformd v0.1.0 (/Users/ojaehong/RX_automation/rx_ws/rx-platform/crates/rx-platformd)
error: function `device_fixture` is never used
  --> crates/rx-host-client/tests/../../rx-application/tests/support/process_review.rs:38:8
   |
38 | pub fn device_fixture(cfg: &CellConfiguration, validator: Digest) -> Fixture {
   |        ^^^^^^^^^^^^^^
   |
   = note: `-D dead-code` implied by `-D warnings`
   = help: to override `-D warnings` add `#[expect(dead_code)]` or `#[allow(dead_code)]`

error: could not compile `rx-host-client` (test "configuration_e2e") due to 1 previous error
warning: build failed, waiting for other jobs to finish...
error: function `device_fixture` is never used
  --> crates/rx-api/tests/../../rx-application/tests/support/process_review.rs:38:8
   |
38 | pub fn device_fixture(cfg: &CellConfiguration, validator: Digest) -> Fixture {
   |        ^^^^^^^^^^^^^^
   |
   = note: `-D dead-code` implied by `-D warnings`
   = help: to override `-D warnings` add `#[expect(dead_code)]` or `#[allow(dead_code)]`

error: could not compile `rx-api` (test "http") due to 1 previous error
error: function `device_fixture` is never used
  --> crates/rx-platformd/tests/../../rx-application/tests/support/process_review.rs:38:8
   |
38 | pub fn device_fixture(cfg: &CellConfiguration, validator: Digest) -> Fixture {
   |        ^^^^^^^^^^^^^^
   |
   = note: `-D dead-code` implied by `-D warnings`
   = help: to override `-D warnings` add `#[expect(dead_code)]` or `#[allow(dead_code)]`

error: could not compile `rx-platformd` (test "composition") due to 1 previous error
