    Checking rx-application v0.1.0 (/Users/ojaehong/RX_automation/rx_ws/rx-platform/crates/rx-application)
    Checking rx-platformd v0.1.0 (/Users/ojaehong/RX_automation/rx_ws/rx-platform/crates/rx-platformd)
    Checking rx-api v0.1.0 (/Users/ojaehong/RX_automation/rx_ws/rx-platform/crates/rx-api)
    Checking rx-host-client v0.1.0 (/Users/ojaehong/RX_automation/rx_ws/rx-platform/crates/rx-host-client)
error: items after a test module
   --> crates/rx-host-client/src/bootstrap.rs:21:1
    |
 21 | mod provenance_tests {
    | ^^^^^^^^^^^^^^^^^^^^
...
 62 | impl HostClient {
    | ^^^^^^^^^^^^^^^
...
251 | impl HostClient {
    | ^^^^^^^^^^^^^^^
    |
    = help: for further information visit https://rust-lang.github.io/rust-clippy/rust-1.98.0/index.html#items_after_test_module
    = note: `-D clippy::items-after-test-module` implied by `-D warnings`
    = help: to override `-D warnings` add `#[allow(clippy::items_after_test_module)]`
    = help: move the items to before the test module was defined

error: could not compile `rx-host-client` (lib test) due to 1 previous error
warning: build failed, waiting for other jobs to finish...
