    Checking tokio v1.53.1
    Checking rx-solution-catalog v0.1.0 (/Users/ojaehong/RX_automation/rx_ws/rx-solutions/runtime/rx-solution-catalog)
   Compiling rx-host v0.1.0 (/Users/ojaehong/RX_automation/rx_ws/rx-solutions/runtime/rx-host)
    Checking tokio-util v0.7.19
    Checking tokio-rustls v0.26.5
    Checking tokio-stream v0.1.19
    Checking h2 v0.4.19
    Checking tower v0.5.3
    Checking axum v0.8.9
    Checking hyper v1.11.1
    Checking hyper-util v0.1.20
    Checking hyper-timeout v0.5.2
    Checking tonic v0.14.6
    Checking tonic-prost v0.14.6
    Checking rx-protocol v0.1.0 (/Users/ojaehong/RX_automation/rx_ws/rx-solutions/sdk/crates/rx-protocol)
warning: unused import: `crate::native::NativeShutdown`
 --> runtime/rx-host/src/service/mod.rs:3:5
  |
3 | use crate::native::NativeShutdown;
  |     ^^^^^^^^^^^^^^^^^^^^^^^^^^^^^
  |
  = note: `#[warn(unused_imports)]` (part of `#[warn(unused)]`) on by default

warning: unused import: `HostError`
 --> runtime/rx-host/src/service/mod.rs:4:48
  |
4 | use crate::{Binding, Clock, Environment, Host, HostError, NativeAdapter};
  |                                                ^^^^^^^^^

warning: unused import: `PathBuf`
  --> runtime/rx-host/src/service/mod.rs:11:18
   |
11 |     path::{Path, PathBuf},
   |                  ^^^^^^^

warning: unused import: `Id`
 --> runtime/rx-host/src/service_clock.rs:3:33
  |
3 | use rx_domain::types::{Counter, Id, TimePoint};
  |                                 ^^

warning: field `clock_id` is never read
 --> runtime/rx-host/src/service_clock.rs:6:5
  |
5 | pub struct SystemClock {
  |            ----------- field in this struct
6 |     clock_id: String,
  |     ^^^^^^^^
  |
  = note: `SystemClock` has a derived impl for the trait `Clone`, but this is intentionally ignored during dead code analysis
  = note: `#[warn(dead_code)]` (part of `#[warn(unused)]`) on by default

warning: `rx-host` (lib) generated 5 warnings (run `cargo fix --lib -p rx-host` to apply 4 suggestions)
    Finished `dev` profile [unoptimized + debuginfo] target(s) in 7.42s
