#0 building with "desktop-linux" instance using docker driver

#1 [internal] load build definition from Solutions.Dockerfile
#1 transferring dockerfile: 8.34kB done
#1 DONE 0.0s

#2 [context robotis] load .dockerignore
#2 transferring robotis: 2B done
#2 DONE 0.0s

#3 [context btcpp] load .dockerignore
#3 transferring btcpp: 2B done
#3 DONE 0.0s

#4 [internal] load metadata for docker.io/library/node:26.5.0-bookworm-slim@sha256:2d49d876e96237d76de412761cf05dbfe5aee325cc4406a4d41d5824c5bb8beb
#4 ...

#5 [auth] library/ros:pull token for registry-1.docker.io
#5 DONE 0.0s

#6 [auth] library/rust:pull token for registry-1.docker.io
#6 DONE 0.0s

#7 [auth] library/node:pull token for registry-1.docker.io
#7 DONE 0.0s

#8 [internal] load metadata for docker.io/library/rust:1.98.1-bookworm@sha256:9a73a5088750b4c95158ab26629c854c3d6fc4b173cb7bc8079ad252d8ed7bfa
#8 ...

#9 [internal] load metadata for docker.io/library/ros:jazzy-ros-base@sha256:386d06ec6d4188f731bae5678e07b4cb64a4e4d4152090c0bd1f881dcf7706f5
#9 DONE 1.4s

#8 [internal] load metadata for docker.io/library/rust:1.98.1-bookworm@sha256:9a73a5088750b4c95158ab26629c854c3d6fc4b173cb7bc8079ad252d8ed7bfa
#8 DONE 1.4s

#4 [internal] load metadata for docker.io/library/node:26.5.0-bookworm-slim@sha256:2d49d876e96237d76de412761cf05dbfe5aee325cc4406a4d41d5824c5bb8beb
#4 DONE 1.4s

#10 [ui-build 1/6] FROM docker.io/library/node:26.5.0-bookworm-slim@sha256:2d49d876e96237d76de412761cf05dbfe5aee325cc4406a4d41d5824c5bb8beb
#10 resolve docker.io/library/node:26.5.0-bookworm-slim@sha256:2d49d876e96237d76de412761cf05dbfe5aee325cc4406a4d41d5824c5bb8beb 0.0s done
#10 DONE 0.0s

#11 [rust-build  1/11] FROM docker.io/library/rust:1.98.1-bookworm@sha256:9a73a5088750b4c95158ab26629c854c3d6fc4b173cb7bc8079ad252d8ed7bfa
#11 resolve docker.io/library/rust:1.98.1-bookworm@sha256:9a73a5088750b4c95158ab26629c854c3d6fc4b173cb7bc8079ad252d8ed7bfa 0.0s done
#11 DONE 0.0s

#12 [native-dependencies 1/8] FROM docker.io/library/ros:jazzy-ros-base@sha256:386d06ec6d4188f731bae5678e07b4cb64a4e4d4152090c0bd1f881dcf7706f5
#12 resolve docker.io/library/ros:jazzy-ros-base@sha256:386d06ec6d4188f731bae5678e07b4cb64a4e4d4152090c0bd1f881dcf7706f5 0.0s done
#12 DONE 0.0s

#13 [context robotis] load from client
#13 transferring robotis: 45B done
#13 DONE 0.0s

#14 [context btcpp] load from client
#14 transferring btcpp: 27.43kB 0.0s done
#14 DONE 0.0s

#15 [internal] load build context
#15 transferring context: 304.90kB 0.1s done
#15 DONE 0.1s

#16 [rust-build  2/11] WORKDIR /src
#16 CACHED

#17 [rust-build  3/11] COPY Cargo.toml Cargo.lock ./
#17 DONE 0.0s

#18 [rust-build  4/11] COPY sdk ./sdk
#18 DONE 0.1s

#19 [rust-build  5/11] COPY runtime ./runtime
#19 DONE 0.1s

#20 [context robotis] load from client
#20 transferring robotis: 349.07kB 0.3s done
#20 DONE 0.4s

#21 [rust-build  6/11] COPY drivers ./drivers
#21 DONE 0.0s

#22 [rust-build  7/11] COPY catalogs ./catalogs
#22 DONE 0.0s

#23 [rust-build  8/11] COPY native/ros-jtc ./native/ros-jtc
#23 DONE 0.0s

#24 [rust-build  9/11] COPY dependencies ./dependencies
#24 DONE 0.0s

#25 [rust-build 10/11] COPY interfaces ./interfaces
#25 DONE 0.0s

#26 [rust-build 11/11] RUN --mount=type=cache,id=rx-solutions-registry,target=/usr/local/cargo/registry     --mount=type=cache,id=rx-solutions-release,target=/src/target     cargo build --release --locked --workspace && mkdir -p /out && cp target/release/rx-hostd target/release/rx-executor-service target/release/rx-process-compile target/release/rx-solutionsd target/release/rx-process-package target/release/rx-device-package /out/
#26 0.561    Compiling rx-host v0.1.0 (/src/runtime/rx-host)
#26 13.46    Compiling rx-device-package v0.1.0 (/src/runtime/rx-device-package)
#26 17.49    Compiling rx-process-package v0.1.0 (/src/runtime/rx-process-package)
#26 20.31    Compiling rx-executor v0.1.0 (/src/runtime/rx-executor)
#26 80.67     Finished `release` profile [optimized] target(s) in 1m 20s
#26 DONE 80.7s

#27 [native-audit 6/6] RUN --network=none g++ -std=c++17 /tmp/ort_inspect.cpp -I/opt/onnxruntime/include -L/opt/onnxruntime/lib -Wl,-rpath,/opt/onnxruntime/lib -lonnxruntime -o /opt/rx/tools/ort-inspect     && source /opt/ros/jazzy/setup.bash && source /opt/rx/robotis/setup.bash     && python3 /opt/rx/tools/audit_native_install.py --catalog /opt/rx/manifests/robotis-support.v1.json --output /opt/rx/manifests/native-install-audit.json
#27 CACHED

#28 [native-audit 2/6] RUN ldconfig
#28 CACHED

#29 [native-build 2/5] COPY --from=robotis / /workspace/src/
#29 CACHED

#30 [native-dependencies 8/8] RUN case "arm64" in       arm64) ORT_ARCH=aarch64; ORT_SHA=7c63c73560ed76b1fac6cff8204ffe34fe180e70d6582b5332ec094810241e5c ;;       amd64) ORT_ARCH=x64; ORT_SHA=1fa4dcaef22f6f7d5cd81b28c2800414350c10116f5fdd46a2160082551c5f9b ;;       *) exit 1 ;;     esac     && curl --fail --location --proto '=https' --tlsv1.2 "https://github.com/microsoft/onnxruntime/releases/download/v1.23.2/onnxruntime-linux-${ORT_ARCH}-1.23.2.tgz" -o /tmp/ort.tgz     && echo "${ORT_SHA}  /tmp/ort.tgz" | sha256sum --check     && mkdir -p /opt/onnxruntime     && tar -xzf /tmp/ort.tgz --strip-components=1 -C /opt/onnxruntime     && rm /tmp/ort.tgz
#30 CACHED

#31 [native-audit 3/6] COPY tools/audit_native_install.py /opt/rx/tools/audit_native_install.py
#31 CACHED

#32 [native-dependencies 6/8] RUN mkdir -p /etc/ros/rosdep/sources.list.d &&     printf 'yaml https://raw.githubusercontent.com/ros/rosdistro/86ac06531559f070ce9ea5ad485714395336ec6f/rosdep/base.yaml\nyaml https://raw.githubusercontent.com/ros/rosdistro/86ac06531559f070ce9ea5ad485714395336ec6f/rosdep/python.yaml\n' > /etc/ros/rosdep/sources.list.d/20-default.list
#32 CACHED

#33 [runtime  1/17] COPY native/support/onnxruntime.conf /etc/ld.so.conf.d/rx-onnxruntime.conf
#33 CACHED

#34 [native-audit 4/6] COPY native/support/ort_inspect.cpp /tmp/ort_inspect.cpp
#34 CACHED

#35 [native-audit 5/6] COPY catalogs/robotis-support.v1.json /opt/rx/manifests/robotis-support.v1.json
#35 CACHED

#36 [native-build 3/5] COPY tools/native_source_inventory.py /opt/rx/tools/native_source_inventory.py
#36 CACHED

#37 [native-build 4/5] RUN python3 /opt/rx/tools/native_source_inventory.py /workspace/src
#37 CACHED

#38 [native-dependencies 7/8] RUN if [ ! -f /etc/ros/rosdep/sources.list.d/20-default.list ]; then rosdep init; fi     && rosdep update --rosdistro jazzy     && apt-get update     && rosdep install --from-paths /workspace/dependencies --ignore-src --rosdistro jazzy -y     && apt-get install -y --no-install-recommends ros-jazzy-rmw-zenoh-cpp     && mkdir -p /opt/rx/manifests     && dpkg-query -W -f='${Package}\t${Version}\t${Architecture}\n' | sort > /opt/rx/manifests/native-packages.tsv     && rm -rf /var/lib/apt/lists/*
#38 CACHED

#39 [runtime  2/17] COPY dependencies/native-apt-locks /opt/rx/apt-locks
#39 CACHED

#40 [native-audit 1/6] COPY native/support/onnxruntime.conf /etc/ld.so.conf.d/rx-onnxruntime.conf
#40 CACHED

#41 [runtime  3/17] RUN ldconfig
#41 CACHED

#42 [native-build 5/5] RUN --network=none source /opt/ros/jazzy/setup.bash     && colcon list --base-paths src --names-only | sort > /opt/rx/manifests/native-source-packages.txt     && colcon build --base-paths src --executor sequential --merge-install        --install-base /opt/rx/robotis --cmake-args -DCMAKE_BUILD_TYPE=Release -DBUILD_TESTING=OFF -DCMAKE_AUTOGEN_PARALLEL=1 -DONNXRUNTIME_ROOT=/opt/onnxruntime     && cp src/source-lock.json /opt/rx/manifests/native-sources.json
#42 CACHED

#43 [native-dependencies 2/8] RUN apt-get update && apt-get install -y --no-install-recommends     build-essential cmake ninja-build curl ca-certificates python3-colcon-common-extensions     python3-rosdep python3-yaml libyaml-cpp-dev libeigen3-dev     && rm -rf /var/lib/apt/lists/*
#43 CACHED

#44 [native-dependencies 3/8] COPY --from=robotis /package-manifests.json /opt/rx/input/package-manifests.json
#44 CACHED

#45 [runtime  4/17] COPY --from=native-audit /opt/rx/robotis /opt/rx/robotis
#45 CACHED

#46 [native-build 1/5] WORKDIR /workspace
#46 CACHED

#47 [native-dependencies 4/8] COPY tools/materialize_package_manifests.py /opt/rx/tools/materialize_package_manifests.py
#47 CACHED

#48 [native-dependencies 5/8] RUN python3 /opt/rx/tools/materialize_package_manifests.py /opt/rx/input/package-manifests.json /workspace/dependencies
#48 CACHED

#49 [runtime  5/17] COPY --from=native-audit /opt/rx/manifests /opt/rx/manifests
#49 CACHED

#50 [bt-build 1/3] COPY --from=btcpp / /btcpp/
#50 CACHED

#51 [bt-build 2/3] COPY native/executor /executor/
#51 CACHED

#52 [bt-build 3/3] RUN --network=none cmake -S /executor -B /bt-build -G Ninja -DCMAKE_BUILD_TYPE=Release -DBTCPP_SOURCE=/btcpp -DRX_BUILD_TEST_HARNESS=OFF     && cmake --build /bt-build --target rx-bt-engine -j1
#52 CACHED

#53 [ros-jtc-build 2/3] COPY catalogs/robotis-support.v1.json /catalogs/robotis-support.v1.json
#53 CACHED

#54 [ros-jtc-build 1/3] COPY native/ros-jtc /ros-jtc/
#54 CACHED

#55 [ros-jtc-build 3/3] RUN --network=none source /opt/ros/jazzy/setup.bash     && cmake -S /ros-jtc -B /ros-jtc-build -G Ninja -DCMAKE_BUILD_TYPE=Release -DRX_CATALOG=/catalogs/robotis-support.v1.json     && cmake --build /ros-jtc-build --target rx-ros-jtc-bridge -j1
#55 CACHED

#56 [ui-build 4/6] RUN npm ci
#56 CACHED

#57 [ui-build 5/6] COPY apps/operator/ ./
#57 CACHED

#58 [ui-build 2/6] WORKDIR /src
#58 CACHED

#59 [ui-build 3/6] COPY apps/operator/package.json apps/operator/package-lock.json ./
#59 CACHED

#60 [ui-build 6/6] RUN npm run build
#60 CACHED

#61 [runtime  6/17] COPY --from=rust-build /out/ /opt/rx/bin/
#61 DONE 0.0s

#62 [runtime  7/17] COPY --from=bt-build /bt-build/rx-bt-engine /opt/rx/bin/rx-bt-engine
#62 DONE 0.0s

#63 [runtime  8/17] COPY --from=ros-jtc-build /ros-jtc-build/rx-ros-jtc-bridge /opt/rx/bin/rx-ros-jtc-bridge
#63 DONE 0.0s

#64 [runtime  9/17] COPY --from=ui-build /src/dist/ /opt/rx/operator/
#64 DONE 0.0s

#65 [runtime 10/17] COPY catalogs /opt/rx/catalogs
#65 DONE 0.0s

#66 [runtime 11/17] COPY dependencies/native-stack.lock.json /opt/rx/manifests/native-stack.lock.json
#66 DONE 0.0s

#67 [runtime 12/17] COPY native/support/solutions_status.py /opt/rx/tools/solutions_status.py
#67 DONE 0.0s

#68 [runtime 13/17] COPY native/support/entrypoint.sh /opt/rx/entrypoint.sh
#68 DONE 0.0s

#69 [runtime 14/17] COPY tools/write_runtime_inventory.py /opt/rx/tools/write_runtime_inventory.py
#69 DONE 0.0s

#70 [runtime 15/17] RUN cmp /opt/rx/manifests/native-packages.tsv /opt/rx/apt-locks/arm64.tsv     && rm -rf /workspace/dependencies     && mkdir -p /var/lib/rx-solutions/ros-log /run/rx-solutions     && chown -R 10001:10001 /var/lib/rx-solutions /run/rx-solutions     && chmod 755 /opt/rx/entrypoint.sh     && python3 /opt/rx/tools/write_runtime_inventory.py
#70 DONE 0.2s

#71 [runtime 16/17] RUN mkdir -p /run/rx-host && chown 10001:10001 /run/rx-host
#71 DONE 0.1s

#72 [runtime 17/17] WORKDIR /var/lib/rx-solutions
#72 DONE 0.0s

#73 exporting to image
#73 exporting layers
#73 exporting layers 0.8s done
#73 exporting manifest sha256:7bd11ee541e9f6eb6d051b3ad0c3d45e10785d0754b0c74ff3be793b56cbd468 done
#73 exporting config sha256:035ee657497313340dc376efdd79e7b80b6efba3414a7226b9f2dabb02bf08b6 done
#73 exporting attestation manifest sha256:4511247668700df9c9769381d6912fff3a6c672a2342d4f9acd9a699a27ec4ce done
#73 exporting manifest list sha256:b32a6bfc4573ab59ec198fb838ed8498e189a1fccc9a87a8f6d3c84c5d5131a1 done
#73 naming to docker.io/library/rx-solutions:runtime-draft done
#73 unpacking to docker.io/library/rx-solutions:runtime-draft
#73 unpacking to docker.io/library/rx-solutions:runtime-draft 0.2s done
#73 DONE 1.0s
