#0 building with "desktop-linux" instance using docker driver

#1 [internal] load build definition from Platform.Dockerfile
#1 transferring dockerfile: 1.29kB done
#1 DONE 0.0s

#2 [internal] load metadata for docker.io/library/ubuntu:24.04@sha256:224a1869083a311ef3f13648a154ba79832fbef6364d31493642ca03082da254
#2 ...

#3 [auth] library/rust:pull token for registry-1.docker.io
#3 DONE 0.0s

#4 [auth] library/ubuntu:pull token for registry-1.docker.io
#4 DONE 0.0s

#5 [internal] load metadata for docker.io/library/rust:1.98.1-bookworm@sha256:9a73a5088750b4c95158ab26629c854c3d6fc4b173cb7bc8079ad252d8ed7bfa
#5 ...

#2 [internal] load metadata for docker.io/library/ubuntu:24.04@sha256:224a1869083a311ef3f13648a154ba79832fbef6364d31493642ca03082da254
#2 DONE 1.5s

#5 [internal] load metadata for docker.io/library/rust:1.98.1-bookworm@sha256:9a73a5088750b4c95158ab26629c854c3d6fc4b173cb7bc8079ad252d8ed7bfa
#5 DONE 1.5s

#6 [runtime 1/4] FROM docker.io/library/ubuntu:24.04@sha256:224a1869083a311ef3f13648a154ba79832fbef6364d31493642ca03082da254
#6 resolve docker.io/library/ubuntu:24.04@sha256:224a1869083a311ef3f13648a154ba79832fbef6364d31493642ca03082da254 0.0s done
#6 DONE 0.0s

#7 [build 1/8] FROM docker.io/library/rust:1.98.1-bookworm@sha256:9a73a5088750b4c95158ab26629c854c3d6fc4b173cb7bc8079ad252d8ed7bfa
#7 resolve docker.io/library/rust:1.98.1-bookworm@sha256:9a73a5088750b4c95158ab26629c854c3d6fc4b173cb7bc8079ad252d8ed7bfa 0.0s done
#7 DONE 0.0s

#8 [internal] load build context
#8 transferring context: 71.08kB 0.0s done
#8 DONE 0.0s

#9 [build 2/8] WORKDIR /src
#9 CACHED

#10 [build 3/8] COPY Cargo.toml Cargo.lock ./
#10 CACHED

#11 [build 4/8] COPY crates ./crates
#11 DONE 0.1s

#12 [build 5/8] COPY proto ./proto
#12 DONE 0.0s

#13 [build 6/8] COPY spec ./spec
#13 DONE 0.0s

#14 [build 7/8] RUN mkdir -p /out
#14 DONE 0.1s

#15 [build 8/8] RUN --mount=type=cache,id=rx-platform-registry,target=/usr/local/cargo/registry     --mount=type=cache,id=rx-platform-release,target=/src/target     cargo build --release --locked -p rx-platformd && cp target/release/rx-platformd target/release/rx-package-store /out/
#15 0.470    Compiling rx-application v0.1.0 (/src/crates/rx-application)
#15 26.97    Compiling rx-protocol-adapter v0.1.0 (/src/crates/rx-protocol-adapter)
#15 28.42    Compiling rx-runtime v0.1.0 (/src/crates/rx-runtime)
#15 31.50    Compiling rx-api v0.1.0 (/src/crates/rx-api)
#15 64.47    Compiling rx-host-client v0.1.0 (/src/crates/rx-host-client)
#15 72.34    Compiling rx-platformd v0.1.0 (/src/crates/rx-platformd)
#15 148.3     Finished `release` profile [optimized] target(s) in 2m 28s
#15 DONE 148.4s

#16 [runtime 2/4] RUN mkdir -p /etc/rx/platform /var/lib/rx /run/rx && chown 10001:10001 /var/lib/rx /run/rx
#16 CACHED

#17 [runtime 3/4] COPY --from=build /out/rx-platformd /out/rx-package-store /usr/local/bin/
#17 DONE 0.1s

#18 [runtime 4/4] WORKDIR /var/lib/rx
#18 DONE 0.0s

#19 exporting to image
#19 exporting layers
#19 exporting layers 0.9s done
#19 exporting manifest sha256:c8b1783eaa517a9d5b025bccdd7de800512621f58ee979308d4f390911a2bef1 done
#19 exporting config sha256:4f271cdda7007143c7b312f8904dcbc5f73fde5bda3107772e9b7770e50ff3a5 done
#19 exporting attestation manifest sha256:0b033f626fa1ad01aa8a91d4b11098d045459fa5b01187dc3beab052f3022a4c done
#19 exporting manifest list sha256:e5e78f94ead90a4d664107211fc0508e5d7a37d8f9e36a5fd853c8dd41fcff31 done
#19 naming to docker.io/library/rx-platform:runtime-draft done
#19 unpacking to docker.io/library/rx-platform:runtime-draft 0.1s done
#19 DONE 1.0s
