#0 building with "desktop-linux" instance using docker driver

#1 [internal] load build definition from ExecutorValidation.Dockerfile
#1 transferring dockerfile: 702B done
#1 DONE 0.0s

#2 [internal] load metadata for docker.io/library/rx-solutions:protocol-validation
#2 DONE 0.0s

#3 [1/5] FROM docker.io/library/rx-solutions:protocol-validation@sha256:efb3b752bd6f7d69dadf038330511997d4e5f3013302355e76a03e15e886525d
#3 resolve docker.io/library/rx-solutions:protocol-validation@sha256:efb3b752bd6f7d69dadf038330511997d4e5f3013302355e76a03e15e886525d done
#3 DONE 0.0s

#4 [internal] load build context
#4 transferring context: 49.06kB 0.0s done
#4 DONE 0.0s

#5 [2/5] WORKDIR /src
#5 CACHED

#6 [3/5] COPY vendor/BehaviorTree.CPP /src/vendor/BehaviorTree.CPP
#6 CACHED

#7 [4/5] COPY native/executor /src/native/executor
#7 DONE 0.0s

#8 [5/5] RUN cmake -S native/executor -B /build/executor -G Ninja -DCMAKE_BUILD_TYPE=Release     && cmake --build /build/executor -j2
#8 0.111 -- The CXX compiler identification is GNU 13.3.0
#8 0.118 -- Detecting CXX compiler ABI info
#8 0.145 -- Detecting CXX compiler ABI info - done
#8 0.148 -- Check for working CXX compiler: /usr/bin/c++ - skipped
#8 0.148 -- Detecting CXX compile features
#8 0.149 -- Detecting CXX compile features - done
#8 0.166 -- The C compiler identification is GNU 13.3.0
#8 0.171 -- Detecting C compiler ABI info
#8 0.190 -- Detecting C compiler ABI info - done
#8 0.194 -- Check for working C compiler: /usr/bin/cc - skipped
#8 0.194 -- Detecting C compile features
#8 0.194 -- Detecting C compile features - done
#8 0.196 -- ------------------------------------------
#8 0.196 -- BehaviorTree is being built without AMENT.
#8 0.196 -- ------------------------------------------
#8 0.197 -- Performing Test CMAKE_HAVE_LIBC_PTHREAD
#8 0.218 -- Performing Test CMAKE_HAVE_LIBC_PTHREAD - Success
#8 0.219 -- Found Threads: TRUE  
#8 0.221 -- BTCPP_EXTRA_LIBRARIES: 
#8 0.221 -- BTCPP_LIB_DESTINATION:   lib 
#8 0.221 -- BTCPP_INCLUDE_DESTINATION: include 
#8 0.222 -- BUILD_TESTING:   OFF 
#8 0.225 -- Configuring done (0.1s)
#8 0.231 -- Generating done (0.0s)
#8 0.232 -- Build files have been written to: /build/executor
#8 1.577 [1/51] Building CXX object CMakeFiles/rx_bt_executor.dir/nodes.cpp.o
#8 1.732 [2/51] Building CXX object CMakeFiles/rx_bt_executor.dir/runtime.cpp.o
#8 2.658 [3/51] Building CXX object CMakeFiles/rx_bt_executor.dir/xml.cpp.o
#8 3.661 [4/51] Building CXX object btcpp/CMakeFiles/behaviortree_cpp.dir/src/action_node.cpp.o
#8 3.988 [5/51] Building CXX object CMakeFiles/rx-bt-tests.dir/tests.cpp.o
#8 5.184 [6/51] Building CXX object btcpp/CMakeFiles/behaviortree_cpp.dir/src/behavior_tree.cpp.o
#8 5.531 [7/51] Building CXX object btcpp/CMakeFiles/behaviortree_cpp.dir/src/basic_types.cpp.o
#8 6.443 [8/51] Building CXX object btcpp/CMakeFiles/behaviortree_cpp.dir/src/blackboard.cpp.o
#8 7.316 [9/51] Building CXX object btcpp/CMakeFiles/behaviortree_cpp.dir/src/decorator_node.cpp.o
#8 8.151 [10/51] Building CXX object btcpp/CMakeFiles/behaviortree_cpp.dir/src/condition_node.cpp.o
#8 9.001 [11/51] Building CXX object btcpp/CMakeFiles/behaviortree_cpp.dir/src/control_node.cpp.o
#8 9.150 [12/51] Building CXX object btcpp/CMakeFiles/behaviortree_cpp.dir/src/shared_library.cpp.o
#8 10.25 [13/51] Building CXX object btcpp/CMakeFiles/behaviortree_cpp.dir/src/tree_node.cpp.o
#8 11.08 [14/51] Building CXX object btcpp/CMakeFiles/behaviortree_cpp.dir/src/bt_factory.cpp.o
#8 12.69 [15/51] Building CXX object btcpp/CMakeFiles/behaviortree_cpp.dir/src/json_export.cpp.o
#8 13.61 [16/51] Building CXX object btcpp/CMakeFiles/behaviortree_cpp.dir/src/script_parser.cpp.o
#8 14.55 [17/51] Building CXX object btcpp/CMakeFiles/behaviortree_cpp.dir/src/actions/test_node.cpp.o
#8 14.84 [18/51] Building CXX object btcpp/CMakeFiles/behaviortree_cpp.dir/src/xml_parsing.cpp.o
#8 15.72 [19/51] Building CXX object btcpp/CMakeFiles/behaviortree_cpp.dir/src/actions/sleep_node.cpp.o
#8 16.01 [20/51] Building CXX object btcpp/CMakeFiles/behaviortree_cpp.dir/src/actions/updated_action.cpp.o
#8 16.79 [21/51] Building CXX object btcpp/CMakeFiles/behaviortree_cpp.dir/src/decorators/inverter_node.cpp.o
#8 16.92 [22/51] Building CXX object btcpp/CMakeFiles/behaviortree_cpp.dir/src/decorators/delay_node.cpp.o
#8 17.89 [23/51] Building CXX object btcpp/CMakeFiles/behaviortree_cpp.dir/src/decorators/repeat_node.cpp.o
#8 18.02 [24/51] Building CXX object btcpp/CMakeFiles/behaviortree_cpp.dir/src/decorators/retry_node.cpp.o
#8 18.71 [25/51] Building CXX object btcpp/CMakeFiles/behaviortree_cpp.dir/src/decorators/subtree_node.cpp.o
#8 19.13 [26/51] Building CXX object btcpp/CMakeFiles/behaviortree_cpp.dir/src/decorators/timeout_node.cpp.o
#8 19.89 [27/51] Building CXX object btcpp/CMakeFiles/behaviortree_cpp.dir/src/controls/if_then_else_node.cpp.o
#8 19.89 [28/51] Building CXX object btcpp/CMakeFiles/behaviortree_cpp.dir/src/decorators/updated_decorator.cpp.o
#8 20.68 [29/51] Building CXX object btcpp/CMakeFiles/behaviortree_cpp.dir/src/controls/fallback_node.cpp.o
#8 21.03 [30/51] Building CXX object btcpp/CMakeFiles/behaviortree_cpp.dir/src/controls/parallel_node.cpp.o
#8 21.76 [31/51] Building CXX object btcpp/CMakeFiles/behaviortree_cpp.dir/src/controls/parallel_all_node.cpp.o
#8 21.77 [32/51] Building CXX object btcpp/CMakeFiles/behaviortree_cpp.dir/src/controls/reactive_sequence.cpp.o
#8 22.49 [33/51] Building CXX object btcpp/CMakeFiles/behaviortree_cpp.dir/src/controls/reactive_fallback.cpp.o
#8 22.51 [34/51] Building CXX object btcpp/CMakeFiles/behaviortree_cpp.dir/src/controls/sequence_node.cpp.o
#8 23.25 [35/51] Building CXX object btcpp/CMakeFiles/behaviortree_cpp.dir/src/controls/switch_node.cpp.o
#8 23.29 [36/51] Building CXX object btcpp/CMakeFiles/behaviortree_cpp.dir/src/controls/sequence_with_memory_node.cpp.o
#8 24.02 [37/51] Building CXX object btcpp/CMakeFiles/behaviortree_cpp.dir/src/controls/while_do_else_node.cpp.o
#8 24.52 [38/51] Building CXX object btcpp/CMakeFiles/behaviortree_cpp.dir/src/loggers/bt_cout_logger.cpp.o
#8 25.35 [39/51] Building CXX object btcpp/CMakeFiles/behaviortree_cpp.dir/src/loggers/bt_file_logger_v2.cpp.o
#8 25.71 [40/51] Building CXX object btcpp/CMakeFiles/behaviortree_cpp.dir/src/loggers/bt_minitrace_logger.cpp.o
#8 25.86 [41/51] Building CXX object btcpp/CMakeFiles/behaviortree_cpp.dir/src/shared_library_UNIX.cpp.o
#8 26.28 [42/51] Building CXX object btcpp/3rdparty/tinyxml2/CMakeFiles/tinyxml2.dir/tinyxml2.cpp.o
#8 26.29 [43/51] Linking CXX static library btcpp/3rdparty/tinyxml2/libtinyxml2.a
#8 26.33 [44/51] Building CXX object btcpp/3rdparty/lexy/src/CMakeFiles/lexy_file.dir/input/file.cpp.o
#8 26.33 [45/51] Linking CXX static library btcpp/3rdparty/lexy/src/liblexy_file.a
#8 26.39 [46/51] Building CXX object btcpp/3rdparty/minitrace/CMakeFiles/minitrace.dir/minitrace.cpp.o
#8 26.39 [47/51] Linking CXX static library btcpp/3rdparty/minitrace/libminitrace.a
#8 26.65 [48/51] Building CXX object btcpp/CMakeFiles/behaviortree_cpp.dir/src/loggers/bt_observer.cpp.o
#8 26.67 [49/51] Linking CXX static library btcpp/libbehaviortree_cpp.a
#8 26.67 [50/51] Linking CXX static library librx_bt_executor.a
#8 26.72 [51/51] Linking CXX executable rx-bt-tests
#8 DONE 26.7s

#9 exporting to image
#9 exporting layers
#9 exporting layers 0.2s done
#9 exporting manifest sha256:937c15d85d507e3e7f36eb4fb50836385ab48432e1770053c193b825bd9a2ec7 done
#9 exporting config sha256:e77cd6500a34b9dd07f2d52c3caad97c7a426692fa5ae3e6a70988388f4043ad done
#9 exporting attestation manifest sha256:2779f38d3eceee0c69746225e8bc2e4de7e8c3dd0e6fac23844e6c6c75d794e5 done
#9 exporting manifest list sha256:84c275b83af2dd3d3c9d6cd2a8cbbdc539a8c666c85b516fe3484ba7ce7c79bf done
#9 naming to docker.io/library/rx-solutions:executor-validation done
#9 unpacking to docker.io/library/rx-solutions:executor-validation 0.0s done
#9 DONE 0.3s
