$ python3 tools/check_contract_baselines.py
contracts: 4 normative files unchanged
cell_operations: 4 normative files unchanged
exit_code=0

$ python3 tools/check_host_sdk.py ../rx-solutions/sdk
SDK synchronized with platform: 94 files; authority excluded
exit_code=0

$ python3 tools/update_executor_read_binding.py --check
Executor read binding sources unchanged
exit_code=0

$ python3 tools/update_executor_plan_binding.py --check
Executor plan binding sources unchanged
exit_code=0

$ python3 tools/update_production_binding.py --check
Production binding sources unchanged
exit_code=0

$ python3 tools/update_host_read_binding.py --check
Host read binding unchanged
exit_code=0

$ python3 tools/update_host_configuration_binding.py --check
Host configuration binding unchanged
exit_code=0

$ python3 tools/update_host_qualification_binding.py --check
Host qualification binding unchanged
exit_code=0
