#0 building with "desktop-linux" instance using docker driver

#1 [internal] load build definition from Platform.Dockerfile
#1 transferring dockerfile: 1.29kB done
#1 DONE 0.0s

#2 [internal] load metadata for docker.io/library/rust:1.98.1-bookworm@sha256:9a73a5088750b4c95158ab26629c854c3d6fc4b173cb7bc8079ad252d8ed7bfa
#2 DONE 0.0s

#3 [internal] load metadata for docker.io/library/ubuntu:24.04@sha256:224a1869083a311ef3f13648a154ba79832fbef6364d31493642ca03082da254
#3 DONE 0.0s

#4 [runtime 1/4] FROM docker.io/library/ubuntu:24.04@sha256:224a1869083a311ef3f13648a154ba79832fbef6364d31493642ca03082da254
#4 resolve docker.io/library/ubuntu:24.04@sha256:224a1869083a311ef3f13648a154ba79832fbef6364d31493642ca03082da254 done
#4 DONE 0.0s

#5 [build 1/8] FROM docker.io/library/rust:1.98.1-bookworm@sha256:9a73a5088750b4c95158ab26629c854c3d6fc4b173cb7bc8079ad252d8ed7bfa
#5 resolve docker.io/library/rust:1.98.1-bookworm@sha256:9a73a5088750b4c95158ab26629c854c3d6fc4b173cb7bc8079ad252d8ed7bfa done
#5 DONE 0.0s

#6 [internal] load build context
#6 transferring context: 45.83kB 0.0s done
#6 DONE 0.0s

#7 [build 2/8] WORKDIR /src
#7 CACHED

#8 [build 3/8] COPY Cargo.toml Cargo.lock ./
#8 CACHED

#9 [build 4/8] COPY crates ./crates
#9 DONE 0.0s

#10 [build 5/8] COPY proto ./proto
#10 DONE 0.0s

#11 [build 6/8] COPY spec ./spec
#11 DONE 0.0s

#12 [build 7/8] RUN mkdir -p /out
#12 DONE 0.1s

#13 [build 8/8] RUN --mount=type=cache,id=rx-platform-registry,target=/usr/local/cargo/registry     --mount=type=cache,id=rx-platform-release,target=/src/target     cargo build --release --locked -p rx-platformd && cp target/release/rx-platformd target/release/rx-package-store /out/
#13 0.183    Compiling rx-api v0.1.0 (/src/crates/rx-api)
#13 29.51    Compiling rx-platformd v0.1.0 (/src/crates/rx-platformd)
#13 116.6     Finished `release` profile [optimized] target(s) in 1m 56s
#13 DONE 116.6s

#14 [runtime 2/4] RUN mkdir -p /etc/rx/platform /var/lib/rx /run/rx && chown 10001:10001 /var/lib/rx /run/rx
#14 CACHED

#15 [runtime 3/4] COPY --from=build /out/rx-platformd /out/rx-package-store /usr/local/bin/
#15 DONE 0.0s

#16 [runtime 4/4] WORKDIR /var/lib/rx
#16 DONE 0.0s

#17 exporting to image
#17 exporting layers
#17 exporting layers 0.7s done
#17 exporting manifest sha256:a303cde24d84084366241dbcb6a5088f0fe75d45269fd9b322347de5d982a311 done
#17 exporting config sha256:6689dd179861d3f51fc0a530a55d7184370e0ea5827df43ae2aa74b363b8badc done
#17 exporting attestation manifest sha256:d2308412ecd656bc11042956f6ab5756a8c2639ae89a5bba8ab7d493c0bb3627 done
#17 exporting manifest list sha256:1830a7ac22a91dd5d4b5e4dd8ea683e64e9d481f1f7b46fc7b80ae88f51e71c0 done
#17 naming to docker.io/library/rx-platform:runtime-draft done
#17 unpacking to docker.io/library/rx-platform:runtime-draft 0.1s done
#17 DONE 0.8s
