   Compiling rx-application v0.1.0 (/Users/ojaehong/RX_automation/rx_ws/rx-platform/crates/rx-application)
   Compiling rx-runtime v0.1.0 (/Users/ojaehong/RX_automation/rx_ws/rx-platform/crates/rx-runtime)
   Compiling rx-protocol-adapter v0.1.0 (/Users/ojaehong/RX_automation/rx_ws/rx-platform/crates/rx-protocol-adapter)
   Compiling rx-host-client v0.1.0 (/Users/ojaehong/RX_automation/rx_ws/rx-platform/crates/rx-host-client)
   Compiling rx-api v0.1.0 (/Users/ojaehong/RX_automation/rx_ws/rx-platform/crates/rx-api)
error[E0061]: this function takes 7 arguments but 6 arguments were supplied
   --> crates/rx-host-client/tests/configuration_e2e.rs:140:9
    |
140 |         coordinator::run(&host, &cfg, &before, &installation, dir.path(), &state).await;
    |         ^^^^^^^^^^^^^^^^--------------------------------------------------------- argument #7 of type `rx_domain::types::Digest` is missing
    |
note: function defined here
   --> crates/rx-host-client/tests/support/configuration_coordinator.rs:227:14
    |
227 | pub async fn run(
    |              ^^^
...
234 |     terminal_fingerprint: Digest,
    |     ----------------------------
help: provide the argument
    |
140 |         coordinator::run(&host, &cfg, &before, &installation, dir.path(), &state, /* rx_domain::types::Digest */).await;
    |                                                                                 ++++++++++++++++++++++++++++++++

For more information about this error, try `rustc --explain E0061`.
error: could not compile `rx-host-client` (test "configuration_e2e") due to 1 previous error
