    Checking rx-domain v0.1.0 (/Users/ojaehong/RX_automation/rx_ws/rx-platform/crates/rx-domain)
    Checking rx-package v0.1.0 (/Users/ojaehong/RX_automation/rx_ws/rx-platform/crates/rx-package)
    Checking rx-process-contract v0.1.0 (/Users/ojaehong/RX_automation/rx_ws/rx-platform/crates/rx-process-contract)
    Checking rx-ports v0.1.0 (/Users/ojaehong/RX_automation/rx_ws/rx-platform/crates/rx-ports)
    Checking rx-application v0.1.0 (/Users/ojaehong/RX_automation/rx_ws/rx-platform/crates/rx-application)
error[E0599]: no variant, associated function, or constant named `DependencyUnavailable` found for enum `Rejection` in the current scope
   --> crates/rx-application/src/engine/package_intake.rs:117:71
    |
117 |                 current(tx, meta)?.ok_or(StoreError::Rejected(Reject::DependencyUnavailable))?;
    |                                                                       ^^^^^^^^^^^^^^^^^^^^^ variant, associated function, or constant not found in `Rejection`

error[E0599]: no variant, associated function, or constant named `IdConflict` found for enum `Rejection` in the current scope
   --> crates/rx-application/src/engine/package_intake.rs:124:39
    |
124 |                 return reject(Reject::IdConflict);
    |                                       ^^^^^^^^^^ variant, associated function, or constant not found in `Rejection`

error[E0599]: no method named `add_ns` found for struct `rx_domain::types::TimePoint` in the current scope
   --> crates/rx-application/src/engine/package_intake.rs:132:33
    |
132 |                 expires_at: now.add_ns(30_000_000_000).map_err(domain_error)?,
    |                                 ^^^^^^
    |
help: there is a method `age_ns` with a similar name
    |
132 -                 expires_at: now.add_ns(30_000_000_000).map_err(domain_error)?,
132 +                 expires_at: now.age_ns(30_000_000_000).map_err(domain_error)?,
    |

error[E0599]: no variant, associated function, or constant named `IdConflict` found for enum `Rejection` in the current scope
   --> crates/rx-application/src/engine/package_intake.rs:182:39
    |
182 |                 return reject(Reject::IdConflict);
    |                                       ^^^^^^^^^^ variant, associated function, or constant not found in `Rejection`

error[E0308]: mismatched types
   --> crates/rx-application/src/engine/package_intake.rs:193:27
    |
193 |                 terminal: ticket.identity.terminal.as_ref().map(|(id, _)| id.clone()),
    |                           ^^^^^^^^^^^^^^^^^^^^^^^^^^^^^^^^^^^^^^^^^^^^^^^^^^^^^^^^^^^ expected `Option<Id>`, found `Option<Name>`
    |
    = note: expected enum `std::option::Option<rx_domain::types::Id>`
               found enum `std::option::Option<rx_domain::types::Name>`

Some errors have detailed explanations: E0308, E0599.
For more information about an error, try `rustc --explain E0308`.
error: could not compile `rx-application` (lib) due to 5 previous errors
