Traceback (most recent call last):
  File "/Users/ojaehong/RX_automation/rx_ws/rx-platform/tools/test_cell_delivery.py", line 67, in <module>
    if __name__=='__main__':main()
                            ^^^^^^
  File "/Users/ojaehong/RX_automation/rx_ws/rx-platform/tools/test_cell_delivery.py", line 62, in main
    exercise(docker,materials,final,bundle,p_image,s_image,port,validator,args.release_evidence.resolve(),args.composition)
  File "/Users/ojaehong/RX_automation/rx_ws/rx-platform/tools/cell_delivery/installation.py", line 92, in exercise
    run_commissioning(context)
  File "/Users/ojaehong/RX_automation/rx_ws/rx-platform/tools/cell_delivery/installation.py", line 119, in run_commissioning
    run(context)
  File "/Users/ojaehong/RX_automation/rx_ws/rx-platform/tools/cell_delivery/workflow.py", line 99, in run
    exercise_operator(c,active)
  File "/Users/ojaehong/RX_automation/rx_ws/rx-platform/tools/cell_delivery/operator.py", line 101, in exercise_operator
    supervisor_stop=stop(c)
                    ^^^^^^^
  File "/Users/ojaehong/RX_automation/rx_ws/rx-platform/tools/cell_delivery/supervisor.py", line 412, in stop
    _require(docker.state(c['s'])['State']['Running'], 'supervisor exited before the requested normal stop')
  File "/Users/ojaehong/RX_automation/rx_ws/rx-platform/tools/cell_delivery/supervisor.py", line 23, in _require
    raise ValueError(message)
ValueError: supervisor exited before the requested normal stop
