   Compiling proc-macro2 v1.0.107
   Compiling unicode-ident v1.0.24
   Compiling quote v1.0.47
   Compiling libc v0.2.189
    Checking bytes v1.12.1
   Compiling version_check v0.9.5
    Checking pin-project-lite v0.2.17
    Checking itoa v1.0.18
    Checking futures-core v0.3.34
   Compiling anyhow v1.0.104
    Checking once_cell v1.21.4
    Checking cfg-if v1.0.4
   Compiling either v1.18.0
   Compiling getrandom v0.4.3
   Compiling zmij v1.0.23
   Compiling itertools v0.14.0
   Compiling serde_core v1.0.229
   Compiling generic-array v0.14.7
    Checking http v1.5.0
   Compiling find-msvc-tools v0.1.12
   Compiling shlex v2.0.1
   Compiling cc v1.4.5
    Checking tracing-core v0.1.36
    Checking futures-sink v0.3.34
    Checking equivalent v1.0.2
    Checking hashbrown v0.17.1
    Checking slab v0.4.12
    Checking http-body v1.1.0
    Checking typenum v1.20.1
    Checking indexmap v2.14.2
   Compiling prettyplease v0.2.37
    Checking futures-task v0.3.34
   Compiling rustix v1.1.4
   Compiling httparse v1.10.1
   Compiling pulldown-cmark v0.13.4
    Checking memchr v2.8.3
   Compiling ring v0.17.14
    Checking tower-service v0.3.3
   Compiling syn v2.0.119
   Compiling syn v3.0.5
    Checking mio v1.2.3
    Checking socket2 v0.6.5
   Compiling errno v0.3.14
    Checking getrandom v0.2.17
    Checking futures-util v0.3.34
    Checking fnv v1.0.7
    Checking try-lock v0.2.5
    Checking zeroize v1.9.0
   Compiling foldhash v0.1.5
    Checking untrusted v0.9.0
   Compiling unicase v2.9.0
    Checking atomic-waker v1.1.2
   Compiling regex-syntax v0.8.11
   Compiling hashbrown v0.15.5
    Checking rustls-pki-types v1.15.1
    Checking want v0.3.1
    Checking futures-channel v0.3.34
   Compiling tokio-macros v2.7.2
   Compiling regex-automata v0.4.18
   Compiling prost-derive v0.14.4
   Compiling tracing-attributes v0.1.31
warning: ring@0.17.14: Compiler family detection failed due to error: ToolNotFound: failed to find tool "aarch64-linux-gnu-gcc": No such file or directory (os error 2)
warning: ring@0.17.14: Compiler family detection failed due to error: ToolNotFound: failed to find tool "aarch64-linux-gnu-gcc": No such file or directory (os error 2)
warning: ring@0.17.14: Compiler family detection failed due to error: ToolNotFound: failed to find tool "aarch64-linux-gnu-gcc": No such file or directory (os error 2)
warning: ring@0.17.14: Compiler family detection failed due to error: ToolNotFound: failed to find tool "aarch64-linux-gnu-gcc": No such file or directory (os error 2)
error: failed to run custom build command for `ring v0.17.14`

Caused by:
  process didn't exit successfully: `/Users/ojaehong/RX_automation/rx_ws/rx-solutions/target/debug/build/ring-2371a6386c9b703e/build-script-build` (exit status: 1)
  --- stdout
  cargo:rerun-if-env-changed=CARGO_MANIFEST_DIR
  cargo:rerun-if-env-changed=CARGO_PKG_NAME
  cargo:rerun-if-env-changed=CARGO_PKG_VERSION_MAJOR
  cargo:rerun-if-env-changed=CARGO_PKG_VERSION_MINOR
  cargo:rerun-if-env-changed=CARGO_PKG_VERSION_PATCH
  cargo:rerun-if-env-changed=CARGO_PKG_VERSION_PRE
  cargo:rerun-if-env-changed=CARGO_MANIFEST_LINKS
  cargo:rerun-if-env-changed=RING_PREGENERATE_ASM
  cargo:rerun-if-env-changed=OUT_DIR
  cargo:rerun-if-env-changed=CARGO_CFG_TARGET_ARCH
  cargo:rerun-if-env-changed=CARGO_CFG_TARGET_OS
  cargo:rerun-if-env-changed=CARGO_CFG_TARGET_ENV
  cargo:rerun-if-env-changed=CARGO_CFG_TARGET_ENDIAN
  cargo:rerun-if-env-changed=CC_aarch64-unknown-linux-gnu
  CC_aarch64-unknown-linux-gnu = None
  cargo:rerun-if-env-changed=CC_aarch64_unknown_linux_gnu
  CC_aarch64_unknown_linux_gnu = None
  cargo:rerun-if-env-changed=TARGET_CC
  TARGET_CC = None
  cargo:rerun-if-env-changed=CC
  CC = None
  cargo:rerun-if-env-changed=CROSS_COMPILE
  CROSS_COMPILE = None
  cargo:rerun-if-env-changed=CC_ENABLE_DEBUG_OUTPUT
  cargo:warning=Compiler family detection failed due to error: ToolNotFound: failed to find tool "aarch64-linux-gnu-gcc": No such file or directory (os error 2)
  cargo:rerun-if-env-changed=CRATE_CC_NO_DEFAULTS
  CRATE_CC_NO_DEFAULTS = None
  cargo:rerun-if-env-changed=CC_ENABLE_DEBUG_OUTPUT
  cargo:warning=Compiler family detection failed due to error: ToolNotFound: failed to find tool "aarch64-linux-gnu-gcc": No such file or directory (os error 2)
  cargo:rerun-if-env-changed=CRATE_CC_NO_DEFAULTS
  CRATE_CC_NO_DEFAULTS = None
  cargo:rerun-if-env-changed=CFLAGS
  CFLAGS = None
  cargo:rerun-if-env-changed=TARGET_CFLAGS
  TARGET_CFLAGS = None
  cargo:rerun-if-env-changed=CFLAGS_aarch64_unknown_linux_gnu
  CFLAGS_aarch64_unknown_linux_gnu = None
  cargo:rerun-if-env-changed=CFLAGS_aarch64-unknown-linux-gnu
  CFLAGS_aarch64-unknown-linux-gnu = None
  cargo:rerun-if-env-changed=CFLAGS
  CFLAGS = None
  cargo:rerun-if-env-changed=TARGET_CFLAGS
  TARGET_CFLAGS = None
  cargo:rerun-if-env-changed=CFLAGS_aarch64_unknown_linux_gnu
  CFLAGS_aarch64_unknown_linux_gnu = None
  cargo:rerun-if-env-changed=CFLAGS_aarch64-unknown-linux-gnu
  CFLAGS_aarch64-unknown-linux-gnu = None
  cargo:warning=Compiler family detection failed due to error: ToolNotFound: failed to find tool "aarch64-linux-gnu-gcc": No such file or directory (os error 2)
  cargo:warning=Compiler family detection failed due to error: ToolNotFound: failed to find tool "aarch64-linux-gnu-gcc": No such file or directory (os error 2)

  --- stderr


  error occurred in cc-rs: failed to find tool "aarch64-linux-gnu-gcc": No such file or directory (os error 2)


warning: build failed, waiting for other jobs to finish...
