#0 building with "desktop-linux" instance using docker driver

#1 [internal] load build definition from Platform.Dockerfile
#1 transferring dockerfile: 1.29kB done
#1 DONE 0.0s

#2 [internal] load metadata for docker.io/library/ubuntu:24.04@sha256:224a1869083a311ef3f13648a154ba79832fbef6364d31493642ca03082da254
#2 DONE 0.0s

#3 [internal] load metadata for docker.io/library/rust:1.98.1-bookworm@sha256:9a73a5088750b4c95158ab26629c854c3d6fc4b173cb7bc8079ad252d8ed7bfa
#3 DONE 0.0s

#4 [build 1/8] FROM docker.io/library/rust:1.98.1-bookworm@sha256:9a73a5088750b4c95158ab26629c854c3d6fc4b173cb7bc8079ad252d8ed7bfa
#4 resolve docker.io/library/rust:1.98.1-bookworm@sha256:9a73a5088750b4c95158ab26629c854c3d6fc4b173cb7bc8079ad252d8ed7bfa done
#4 DONE 0.0s

#5 [runtime 1/4] FROM docker.io/library/ubuntu:24.04@sha256:224a1869083a311ef3f13648a154ba79832fbef6364d31493642ca03082da254
#5 resolve docker.io/library/ubuntu:24.04@sha256:224a1869083a311ef3f13648a154ba79832fbef6364d31493642ca03082da254 done
#5 DONE 0.0s

#6 [internal] load build context
#6 transferring context: 52.84kB 0.0s done
#6 DONE 0.0s

#7 [build 2/8] WORKDIR /src
#7 CACHED

#8 [build 3/8] COPY Cargo.toml Cargo.lock ./
#8 CACHED

#9 [build 4/8] COPY crates ./crates
#9 DONE 0.0s

#10 [build 5/8] COPY proto ./proto
#10 DONE 0.0s

#11 [build 6/8] COPY spec ./spec
#11 DONE 0.0s

#12 [build 7/8] RUN mkdir -p /out
#12 DONE 0.1s

#13 [build 8/8] RUN --mount=type=cache,id=rx-platform-registry,target=/usr/local/cargo/registry     --mount=type=cache,id=rx-platform-release,target=/src/target     cargo build --release --locked -p rx-platformd && cp target/release/rx-platformd target/release/rx-package-store /out/
#13 0.220    Compiling rx-host-client v0.1.0 (/src/crates/rx-host-client)
#13 12.86    Compiling rx-platformd v0.1.0 (/src/crates/rx-platformd)
#13 77.51     Finished `release` profile [optimized] target(s) in 1m 17s
#13 DONE 77.6s

#14 [runtime 2/4] RUN mkdir -p /etc/rx/platform /var/lib/rx /run/rx && chown 10001:10001 /var/lib/rx /run/rx
#14 CACHED

#15 [runtime 3/4] COPY --from=build /out/rx-platformd /out/rx-package-store /usr/local/bin/
#15 DONE 0.0s

#16 [runtime 4/4] WORKDIR /var/lib/rx
#16 DONE 0.0s

#17 exporting to image
#17 exporting layers
#17 exporting layers 0.6s done
#17 exporting manifest sha256:dd9d857682ece66301cdc0496b66f9b6badc3a23f7cce4b29175bfe8cbdcf23f done
#17 exporting config sha256:3b31a050f93901711a3dff970fe0a22c227d1e320991ffed1171b9397d522b7e done
#17 exporting attestation manifest sha256:36c9d37117ae4040c678cf07cadfa8a21b1d4033096b8cb7fcd291dfa282458f done
#17 exporting manifest list sha256:c89a1734c7317de90d2e1f96edf5c1c521c3856c76bed3f8c8e0fab8f90d91e7 done
#17 naming to docker.io/library/rx-platform:runtime-draft done
#17 unpacking to docker.io/library/rx-platform:runtime-draft 0.1s done
#17 DONE 0.7s
