    Checking rx-service-status v0.1.0 (/Users/ojaehong/RX_automation/rx_ws/rx-solutions/runtime/rx-service-status)
    Checking rx-solution-catalog v0.1.0 (/Users/ojaehong/RX_automation/rx_ws/rx-solutions/runtime/rx-solution-catalog)
    Checking rx-process v0.1.0 (/Users/ojaehong/RX_automation/rx_ws/rx-solutions/runtime/rx-process)
   Compiling rx-host v0.1.0 (/Users/ojaehong/RX_automation/rx_ws/rx-solutions/runtime/rx-host)
    Checking rx-melsec-mc v0.1.0 (/Users/ojaehong/RX_automation/rx_ws/rx-solutions/drivers/rx-melsec-mc)
    Checking rx-process-package v0.1.0 (/Users/ojaehong/RX_automation/rx_ws/rx-solutions/runtime/rx-process-package)
    Checking rx-executor v0.1.0 (/Users/ojaehong/RX_automation/rx_ws/rx-solutions/runtime/rx-executor)
    Checking rx-supervisor v0.1.0 (/Users/ojaehong/RX_automation/rx_ws/rx-solutions/runtime/rx-supervisor)
error: very complex type used. Consider factoring parts into `type` definitions
   --> runtime/rx-host/src/service/mod.rs:380:25
    |
380 |     let guarded_target: Arc<std::sync::OnceLock<Arc<Host<F::Adapter, C>>>> =
    |                         ^^^^^^^^^^^^^^^^^^^^^^^^^^^^^^^^^^^^^^^^^^^^^^^^^^
    |
    = help: for further information visit https://rust-lang.github.io/rust-clippy/rust-1.98.0/index.html#type_complexity
    = note: `-D clippy::type-complexity` implied by `-D warnings`
    = help: to override `-D warnings` add `#[allow(clippy::type_complexity)]`

error: this `if` statement can be collapsed
   --> runtime/rx-host/src/service/mod.rs:564:17
    |
564 | /                 if let Some(guarded) = &mut guarded {
565 | |                     if let Err(error) = guarded.publish(next).await {
566 | |                         service_error.get_or_insert(format!("guarded Host status failed: {error}"));
567 | |                     }
568 | |                 }
    | |_________________^
    |
    = help: for further information visit https://rust-lang.github.io/rust-clippy/rust-1.98.0/index.html#collapsible_if
    = note: `-D clippy::collapsible-if` implied by `-D warnings`
    = help: to override `-D warnings` add `#[allow(clippy::collapsible_if)]`
help: collapse nested if block
    |
564 ~                 if let Some(guarded) = &mut guarded
565 ~                     && let Err(error) = guarded.publish(next).await {
566 |                         service_error.get_or_insert(format!("guarded Host status failed: {error}"));
567 ~                     }
    |

error: this `if` statement can be collapsed
   --> runtime/rx-host/src/service/mod.rs:684:5
    |
684 | /     if service_error.is_none() {
685 | |         if let Err(error) = host.seal_service_stop(
686 | |             loaded.identity,
687 | |             startup_configuration_digest,
...   |
695 | |     }
    | |_____^
    |
    = help: for further information visit https://rust-lang.github.io/rust-clippy/rust-1.98.0/index.html#collapsible_if
help: collapse nested if block
    |
684 ~     if service_error.is_none()
685 ~         && let Err(error) = host.seal_service_stop(
686 |             loaded.identity,
...
693 |             return Err(error.into());
694 ~         }
    |

error: could not compile `rx-host` (lib) due to 3 previous errors
warning: build failed, waiting for other jobs to finish...
error: could not compile `rx-host` (lib test) due to 3 previous errors
