    Checking libc v0.2.189
    Checking cfg-if v1.0.4
    Checking itoa v1.0.18
    Checking bytes v1.12.1
    Checking once_cell v1.21.4
    Checking typenum v1.20.1
    Checking pin-project-lite v0.2.17
    Checking serde_core v1.0.229
    Checking futures-core v0.3.34
    Checking errno v0.3.14
    Checking foldhash v0.2.0
    Checking hashbrown v0.17.1
    Checking signal-hook-registry v1.4.8
    Checking socket2 v0.6.5
    Checking mio v1.2.3
    Checking tokio v1.53.1
    Checking memchr v2.8.3
    Checking generic-array v0.14.7
    Checking http v1.5.0
    Checking zeroize v1.9.0
    Checking bitflags v2.13.2
    Checking tracing-core v0.1.36
    Checking equivalent v1.0.2
    Checking futures-sink v0.3.34
    Checking slab v0.4.12
    Checking tokio-util v0.7.19
    Checking indexmap v2.14.2
    Checking tracing v0.1.44
    Checking http-body v1.1.0
    Checking block-buffer v0.10.4
    Checking crypto-common v0.1.7
    Checking zmij v1.0.23
    Checking getrandom v0.4.3
    Checking linux-raw-sys v0.12.1
    Checking subtle v2.6.1
    Checking rustix v1.1.4
    Checking serde v1.0.229
    Checking serde_json v1.0.151
    Checking digest v0.10.7
    Checking hybrid-array v0.4.15
    Checking cpufeatures v0.2.17
    Checking futures-task v0.3.34
    Checking ryu-js v0.2.2
    Checking tower-service v0.3.3
    Checking smallvec v1.16.0
    Checking serde_jcs v0.2.0
    Checking futures-util v0.3.34
    Checking sha2 v0.10.9
    Checking thiserror v2.0.20
    Checking uuid v1.26.1
    Checking getrandom v0.2.17
    Checking try-lock v0.2.5
    Checking fnv v1.0.7
    Checking untrusted v0.9.0
    Checking atomic-waker v1.1.2
    Checking h2 v0.4.19
   Compiling pulldown-cmark v0.13.4
    Checking ring v0.17.14
    Checking want v0.3.1
    Checking rx-domain v0.1.0 (/src/sdk/crates/rx-domain)
    Checking io-lifetimes v3.0.1
    Checking io-lifetimes v2.0.4
    Checking httparse v1.10.1
    Checking crypto-common v0.2.2
    Checking block-buffer v0.12.1
    Checking rustls-pki-types v1.15.1
    Checking futures-channel v0.3.34
    Checking sync_wrapper v1.0.2
    Checking tower-layer v0.3.3
    Checking httpdate v1.0.3
    Checking hyper v1.11.1
   Compiling tempfile v3.27.0
   Compiling petgraph v0.8.3
    Checking rustls-webpki v0.103.15
    Checking digest v0.11.3
    Checking fs-set-times v0.20.3
    Checking io-extras v0.19.0
   Compiling pulldown-cmark-to-cmark v22.0.1
   Compiling prost-types v0.14.4
    Checking rustix-linux-procfs v0.1.1
    Checking http-body-util v0.1.5
    Checking ambient-authority v0.0.2
   Compiling log v0.4.34
    Checking maybe-owned v0.3.4
    Checking ipnet v2.12.2
    Checking mime v0.3.17
   Compiling prost-build v0.14.4
    Checking rustls v0.23.44
    Checking axum-core v0.5.6
    Checking cap-primitives v4.0.3
    Checking hyper-util v0.1.20
    Checking tower v0.5.3
    Checking prost v0.14.4
    Checking cpufeatures v0.3.1
    Checking matchit v0.8.4
    Checking signature v3.0.0
    Checking percent-encoding v2.3.2
    Checking axum v0.8.9
    Checking ed25519 v3.0.0
    Checking sha2 v0.11.0
    Checking pin-project v1.1.13
   Compiling tonic-prost-build v0.14.6
    Checking hyper-timeout v0.5.2
    Checking curve25519-dalek v5.0.0
    Checking cap-std v4.0.3
    Checking tokio-rustls v0.26.5
    Checking tokio-stream v0.1.19
    Checking base64 v0.22.1
    Checking fastrand v2.5.0
    Checking tonic v0.14.6
    Checking libsqlite3-sys v0.38.2
    Checking cap-fs-ext v4.0.3
    Checking ed25519-dalek v3.0.0
   Compiling rx-protocol v0.1.0 (/src/sdk/crates/rx-protocol)
    Checking hashlink v0.12.2
    Checking semver v1.0.28
    Checking fallible-iterator v0.3.0
    Checking fallible-streaming-iterator v0.1.9
    Checking rusqlite v0.40.2
    Checking rx-package v0.1.0 (/src/sdk/crates/rx-package)
    Checking prost-reflect v0.16.5
    Checking tonic-prost v0.14.6
    Checking rx-process-contract v0.1.0 (/src/sdk/crates/rx-process-contract)
    Checking rx-ports v0.1.0 (/src/sdk/crates/rx-ports)
    Checking rx-storage v0.1.0 (/src/sdk/crates/rx-storage)
    Checking rx-process v0.1.0 (/src/runtime/rx-process)
    Checking rx-executor v0.1.0 (/src/runtime/rx-executor)
    Finished `dev` profile [unoptimized + debuginfo] target(s) in 20.01s
