    Checking rx-application v0.1.0 (/Users/ojaehong/RX_automation/rx_ws/rx-platform/crates/rx-application)
    Checking rx-protocol-adapter v0.1.0 (/Users/ojaehong/RX_automation/rx_ws/rx-platform/crates/rx-protocol-adapter)
    Checking rx-runtime v0.1.0 (/Users/ojaehong/RX_automation/rx_ws/rx-platform/crates/rx-runtime)
    Checking rx-api v0.1.0 (/Users/ojaehong/RX_automation/rx_ws/rx-platform/crates/rx-api)
    Checking rx-host-client v0.1.0 (/Users/ojaehong/RX_automation/rx_ws/rx-platform/crates/rx-host-client)
error[E0425]: cannot find type `IntakesQuery` in this scope
    --> crates/rx-api/src/routes/device_binding.rs:104:21
     |
 104 |     Query(q): Query<IntakesQuery>,
     |                     ^^^^^^^^^^^^
     |
    ::: crates/rx-api/src/routes.rs:1019:1
     |
1019 | struct IntakeQuery {
     | ------------------ similarly named struct `IntakeQuery` defined here
     |
help: a struct with a similar name exists
     |
 104 -     Query(q): Query<IntakesQuery>,
 104 +     Query(q): Query<IntakeQuery>,
     |
help: you might be missing a type parameter
     |
 101 | pub(super) async fn list<IntakesQuery>(
     |                         ++++++++++++++

For more information about this error, try `rustc --explain E0425`.
error: could not compile `rx-api` (lib) due to 1 previous error
