-- The CXX compiler identification is GNU 13.3.0
-- Detecting CXX compiler ABI info
-- Detecting CXX compiler ABI info - done
-- Check for working CXX compiler: /usr/bin/c++ - skipped
-- Detecting CXX compile features
-- Detecting CXX compile features - done
-- Found ament_cmake: 2.5.6 (/opt/ros/jazzy/share/ament_cmake/cmake)
-- Found Python3: /usr/bin/python3 (found version "3.12.3") found components: Interpreter 
-- Found rclcpp: 28.1.21 (/opt/ros/jazzy/share/rclcpp/cmake)
-- Found rosidl_generator_c: 4.6.9 (/opt/ros/jazzy/share/rosidl_generator_c/cmake)
-- Found rosidl_generator_cpp: 4.6.9 (/opt/ros/jazzy/share/rosidl_generator_cpp/cmake)
-- Using all available rosidl_typesupport_c: rosidl_typesupport_fastrtps_c;rosidl_typesupport_introspection_c
-- Using all available rosidl_typesupport_cpp: rosidl_typesupport_fastrtps_cpp;rosidl_typesupport_introspection_cpp
-- Found rmw_implementation_cmake: 7.3.3 (/opt/ros/jazzy/share/rmw_implementation_cmake/cmake)
-- Found rmw_fastrtps_cpp: 8.4.4 (/opt/ros/jazzy/share/rmw_fastrtps_cpp/cmake)
-- Found OpenSSL: /usr/lib/aarch64-linux-gnu/libcrypto.so (found version "3.0.13")  
-- Found FastRTPS: /opt/ros/jazzy/include (Required is at least version "2.13") 
-- Using RMW implementation 'rmw_fastrtps_cpp' as default
-- Found control_msgs: 5.9.0 (/opt/ros/jazzy/share/control_msgs/cmake)
-- Found controller_manager_msgs: 4.48.0 (/opt/ros/jazzy/share/controller_manager_msgs/cmake)
-- Found nlohmann_json: /usr/share/cmake/nlohmann_json/nlohmann_jsonConfig.cmake (found version "3.11.3") 
-- Configuring done (0.6s)
-- Generating done (0.0s)
-- Build files have been written to: /build
[1/2] Building CXX object CMakeFiles/rx-ros-jtc-bridge.dir/bridge.cpp.o
FAILED: CMakeFiles/rx-ros-jtc-bridge.dir/bridge.cpp.o 
/usr/bin/c++ -DDEFAULT_RMW_IMPLEMENTATION=rmw_fastrtps_cpp -DFASTCDR_DYN_LINK -I/build -isystem /opt/ros/jazzy/include/rclcpp -isystem /opt/ros/jazzy/include/control_msgs -isystem /opt/ros/jazzy/include/controller_manager_msgs -isystem /opt/ros/jazzy/include/action_msgs -isystem /opt/ros/jazzy/include/builtin_interfaces -isystem /opt/ros/jazzy/include/rosidl_runtime_c -isystem /opt/ros/jazzy/include/rcutils -isystem /opt/ros/jazzy/include/rosidl_typesupport_interface -isystem /opt/ros/jazzy/include/fastcdr -isystem /opt/ros/jazzy/include/rosidl_runtime_cpp -isystem /opt/ros/jazzy/include/rosidl_typesupport_fastrtps_cpp -isystem /opt/ros/jazzy/include/rmw -isystem /opt/ros/jazzy/include/rosidl_dynamic_typesupport -isystem /opt/ros/jazzy/include/rosidl_typesupport_fastrtps_c -isystem /opt/ros/jazzy/include/rosidl_typesupport_introspection_c -isystem /opt/ros/jazzy/include/rosidl_typesupport_introspection_cpp -isystem /opt/ros/jazzy/include/libstatistics_collector -isystem /opt/ros/jazzy/include/rcl -isystem /opt/ros/jazzy/include/rcl_interfaces -isystem /opt/ros/jazzy/include/service_msgs -isystem /opt/ros/jazzy/include/rcl_logging_interface -isystem /opt/ros/jazzy/include/rcl_yaml_param_parser -isystem /opt/ros/jazzy/include/type_description_interfaces -isystem /opt/ros/jazzy/include/rcpputils -isystem /opt/ros/jazzy/include/statistics_msgs -isystem /opt/ros/jazzy/include/rosgraph_msgs -isystem /opt/ros/jazzy/include/rosidl_typesupport_cpp -isystem /opt/ros/jazzy/include/rosidl_typesupport_c -isystem /opt/ros/jazzy/include/tracetools -isystem /opt/ros/jazzy/include/unique_identifier_msgs -isystem /opt/ros/jazzy/include/geometry_msgs -isystem /opt/ros/jazzy/include/std_msgs -isystem /opt/ros/jazzy/include/sensor_msgs -isystem /opt/ros/jazzy/include/trajectory_msgs -isystem /opt/ros/jazzy/include/lifecycle_msgs -g -std=gnu++17 -Wall -Wextra -Werror -MD -MT CMakeFiles/rx-ros-jtc-bridge.dir/bridge.cpp.o -MF CMakeFiles/rx-ros-jtc-bridge.dir/bridge.cpp.o.d -o CMakeFiles/rx-ros-jtc-bridge.dir/bridge.cpp.o -c /solutions/native/ros-jtc/bridge.cpp
/solutions/native/ros-jtc/bridge.cpp: In member function ‘typename Service::Response::SharedPtr {anonymous}::Bridge::call(typename rclcpp::Client<ServiceT>::SharedPtr, typename Service::Request::SharedPtr, uint64_t)’:
/solutions/native/ros-jtc/bridge.cpp:36:5: error: this ‘if’ clause does not guard... [-Werror=misleading-indentation]
   36 |     if(!client->wait_for_service(remaining))throw std::runtime_error("ROS service unavailable before deadline");deadline(end);
      |     ^~
/solutions/native/ros-jtc/bridge.cpp:36:113: note: ...this statement, but the latter is misleadingly indented as if it were guarded by the ‘if’
   36 |     if(!client->wait_for_service(remaining))throw std::runtime_error("ROS service unavailable before deadline");deadline(end);
      |                                                                                                                 ^~~~~~~~
cc1plus: all warnings being treated as errors
ninja: build stopped: subcommand failed.
