    Checking rx-process-contract v0.1.0 (/Users/ojaehong/RX_automation/rx_ws/rx-platform/crates/rx-process-contract)
   Compiling rx-protocol v0.1.0 (/Users/ojaehong/RX_automation/rx_ws/rx-platform/crates/rx-protocol)
    Checking rx-application v0.1.0 (/Users/ojaehong/RX_automation/rx_ws/rx-platform/crates/rx-application)
    Checking rx-runtime v0.1.0 (/Users/ojaehong/RX_automation/rx_ws/rx-platform/crates/rx-runtime)
    Checking rx-protocol-adapter v0.1.0 (/Users/ojaehong/RX_automation/rx_ws/rx-platform/crates/rx-protocol-adapter)
error[E0560]: struct `CellRef` has no field named `definition_digest`
  --> crates/rx-protocol-adapter/src/intervention.rs:22:13
   |
22 |             definition_digest: reference.definition.as_bytes().to_vec(),
   |             ^^^^^^^^^^^^^^^^^ `CellRef` does not have this field
   |
   = note: available fields are: `scopes`

error[E0560]: struct `CellRef` has no field named `scope_epochs`
  --> crates/rx-protocol-adapter/src/intervention.rs:24:13
   |
24 |             scope_epochs: reference
   |             ^^^^^^^^^^^^ `CellRef` does not have this field
   |
   = note: available fields are: `scopes`

For more information about this error, try `rustc --explain E0560`.
error: could not compile `rx-protocol-adapter` (lib) due to 2 previous errors
warning: build failed, waiting for other jobs to finish...
