   Compiling rx-protocol v0.1.0 (/Users/ojaehong/RX_automation/rx_ws/rx-platform/crates/rx-protocol)
    Checking rx-application v0.1.0 (/Users/ojaehong/RX_automation/rx_ws/rx-platform/crates/rx-application)
    Checking rx-runtime v0.1.0 (/Users/ojaehong/RX_automation/rx_ws/rx-platform/crates/rx-runtime)
    Checking rx-protocol-adapter v0.1.0 (/Users/ojaehong/RX_automation/rx_ws/rx-platform/crates/rx-protocol-adapter)
    Checking rx-api v0.1.0 (/Users/ojaehong/RX_automation/rx_ws/rx-platform/crates/rx-api)
    Checking rx-host-client v0.1.0 (/Users/ojaehong/RX_automation/rx_ws/rx-platform/crates/rx-host-client)
error[E0308]: mismatched types
   --> crates/rx-host-client/src/connection.rs:266:21
    |
253 |                 ConnectedHost::establish(
    |                 ------------------------ arguments to this function are incorrect
...
266 |                     &cell,
    |                     ^^^^^ expected `&CellConfiguration`, found `&Box<Cell>`
    |
    = note: expected reference `&CellConfiguration`
               found reference `&Box<rx_application::Cell>`
note: associated function defined here
   --> crates/rx-host-client/src/connection.rs:25:18
    |
 25 |     pub async fn establish(
    |                  ^^^^^^^^^
...
 31 |         configuration: &CellConfiguration,
    |         ---------------------------------

For more information about this error, try `rustc --explain E0308`.
error: could not compile `rx-host-client` (lib) due to 1 previous error
warning: build failed, waiting for other jobs to finish...
