    Checking rx-package v0.1.0 (/Users/ojaehong/RX_automation/rx_ws/rx-platform/crates/rx-package)
    Checking rx-application v0.1.0 (/Users/ojaehong/RX_automation/rx_ws/rx-platform/crates/rx-application)
    Checking rx-runtime v0.1.0 (/Users/ojaehong/RX_automation/rx_ws/rx-platform/crates/rx-runtime)
    Checking rx-protocol-adapter v0.1.0 (/Users/ojaehong/RX_automation/rx_ws/rx-platform/crates/rx-protocol-adapter)
    Checking rx-api v0.1.0 (/Users/ojaehong/RX_automation/rx_ws/rx-platform/crates/rx-api)
    Checking rx-host-client v0.1.0 (/Users/ojaehong/RX_automation/rx_ws/rx-platform/crates/rx-host-client)
error[E0277]: the trait bound `std::option::Option<Arc<Worker>>: Handler<_, _>` is not satisfied
   --> crates/rx-api/src/routes.rs:116:46
    |
116 |         .route("/api/v1/package-intake", get(package_intake))
    |                                          --- ^^^^^^^^^^^^^^ the trait `Handler<_, _>` is not implemented for `std::option::Option<Arc<Worker>>`
    |                                          |
    |                                          required by a bound introduced by this call
    |
    = note: Consider using `#[axum::debug_handler]` to improve the error message
note: required by a bound in `axum::routing::get`
   --> /Users/ojaehong/RX_automation/rx_ws/.tools/cargo/registry/src/index.crates.io-1949cf8c6b5b557f/axum-0.8.9/src/routing/method_routing.rs:167:16
    |
167 |             H: Handler<T, S>,
    |                ^^^^^^^^^^^^^ required by this bound in `get`
...
441 | top_level_handler_fn!(get, GET);
    | -------------------------------
    | |                     |
    | |                     required by a bound in this function
    | in this macro invocation
    = note: this error originates in the macro `top_level_handler_fn` (in Nightly builds, run with -Z macro-backtrace for more info)

For more information about this error, try `rustc --explain E0277`.
error: could not compile `rx-api` (lib) due to 1 previous error
