#0 building with "desktop-linux" instance using docker driver

#1 [internal] load build definition from Solutions.Dockerfile
#1 transferring dockerfile: 8.34kB done
#1 DONE 0.0s

#2 [context robotis] load .dockerignore
#2 transferring robotis: 2B done
#2 DONE 0.0s

#3 [context btcpp] load .dockerignore
#3 transferring btcpp: 2B done
#3 DONE 0.0s

#4 [internal] load metadata for docker.io/library/rust:1.98.1-bookworm@sha256:9a73a5088750b4c95158ab26629c854c3d6fc4b173cb7bc8079ad252d8ed7bfa
#4 DONE 0.0s

#5 [internal] load metadata for docker.io/library/ros:jazzy-ros-base@sha256:386d06ec6d4188f731bae5678e07b4cb64a4e4d4152090c0bd1f881dcf7706f5
#5 ...

#6 [auth] library/node:pull token for registry-1.docker.io
#6 DONE 0.0s

#7 [auth] library/ros:pull token for registry-1.docker.io
#7 DONE 0.0s

#8 [internal] load metadata for docker.io/library/node:26.5.0-bookworm-slim@sha256:2d49d876e96237d76de412761cf05dbfe5aee325cc4406a4d41d5824c5bb8beb
#8 ...

#5 [internal] load metadata for docker.io/library/ros:jazzy-ros-base@sha256:386d06ec6d4188f731bae5678e07b4cb64a4e4d4152090c0bd1f881dcf7706f5
#5 DONE 1.4s

#8 [internal] load metadata for docker.io/library/node:26.5.0-bookworm-slim@sha256:2d49d876e96237d76de412761cf05dbfe5aee325cc4406a4d41d5824c5bb8beb
#8 DONE 1.4s

#9 [rust-build  1/11] FROM docker.io/library/rust:1.98.1-bookworm@sha256:9a73a5088750b4c95158ab26629c854c3d6fc4b173cb7bc8079ad252d8ed7bfa
#9 resolve docker.io/library/rust:1.98.1-bookworm@sha256:9a73a5088750b4c95158ab26629c854c3d6fc4b173cb7bc8079ad252d8ed7bfa done
#9 DONE 0.0s

#10 [native-dependencies 1/8] FROM docker.io/library/ros:jazzy-ros-base@sha256:386d06ec6d4188f731bae5678e07b4cb64a4e4d4152090c0bd1f881dcf7706f5
#10 resolve docker.io/library/ros:jazzy-ros-base@sha256:386d06ec6d4188f731bae5678e07b4cb64a4e4d4152090c0bd1f881dcf7706f5 done
#10 DONE 0.0s

#11 [ui-build 1/6] FROM docker.io/library/node:26.5.0-bookworm-slim@sha256:2d49d876e96237d76de412761cf05dbfe5aee325cc4406a4d41d5824c5bb8beb
#11 resolve docker.io/library/node:26.5.0-bookworm-slim@sha256:2d49d876e96237d76de412761cf05dbfe5aee325cc4406a4d41d5824c5bb8beb done
#11 DONE 0.0s

#12 [context robotis] load from client
#12 transferring robotis: 45B done
#12 DONE 0.0s

#13 [context btcpp] load from client
#13 transferring btcpp: 27.43kB 0.0s done
#13 DONE 0.0s

#14 [internal] load build context
#14 transferring context: 142.27kB 0.0s done
#14 DONE 0.0s

#15 [rust-build  2/11] WORKDIR /src
#15 CACHED

#16 [rust-build  3/11] COPY Cargo.toml Cargo.lock ./
#16 CACHED

#17 [context robotis] load from client
#17 ...

#18 [ui-build 2/6] WORKDIR /src
#18 CACHED

#19 [ui-build 3/6] COPY apps/operator/package.json apps/operator/package-lock.json ./
#19 CACHED

#20 [ui-build 4/6] RUN npm ci
#20 CACHED

#21 [ui-build 5/6] COPY apps/operator/ ./
#21 DONE 0.1s

#22 [rust-build  4/11] COPY sdk ./sdk
#22 DONE 0.1s

#23 [rust-build  5/11] COPY runtime ./runtime
#23 DONE 0.1s

#17 [context robotis] load from client
#17 ...

#24 [rust-build  6/11] COPY drivers ./drivers
#24 DONE 0.0s

#25 [rust-build  7/11] COPY catalogs ./catalogs
#25 DONE 0.0s

#26 [rust-build  8/11] COPY native/ros-jtc ./native/ros-jtc
#26 DONE 0.0s

#27 [rust-build  9/11] COPY dependencies ./dependencies
#27 DONE 0.0s

#17 [context robotis] load from client
#17 transferring robotis: 349.07kB 0.3s done
#17 DONE 0.3s

#28 [rust-build 10/11] COPY interfaces ./interfaces
#28 DONE 0.0s

#29 [rust-build 11/11] RUN --mount=type=cache,id=rx-solutions-registry,target=/usr/local/cargo/registry     --mount=type=cache,id=rx-solutions-release,target=/src/target     cargo build --release --locked --workspace && mkdir -p /out && cp target/release/rx-hostd target/release/rx-executor-service target/release/rx-process-compile target/release/rx-solutionsd target/release/rx-process-package target/release/rx-device-package /out/
#29 0.429    Compiling rx-process-contract v0.1.0 (/src/sdk/crates/rx-process-contract)
#29 ...

#30 [ui-build 6/6] RUN npm run build
#30 0.338 
#30 0.338 > @rx/operator@0.1.0 build
#30 0.338 > tsc --noEmit && vite build
#30 0.338 
#30 2.303 vite v8.2.2 building client environment for production...
#30 2.308 transforming...
#30 2.506 ✓ 135 modules transformed.
#30 2.550 rendering chunks...
#30 2.606 computing gzip size...
#30 2.611 dist/index.html                                                 0.45 kB │ gzip:   0.30 kB
#30 2.611 dist/assets/ibm-plex-sans-kr-65-600-normal-CuB_ApqX.woff2       4.12 kB
#30 2.611 dist/assets/ibm-plex-sans-kr-96-600-normal-E6j9XpvP.woff        4.29 kB
#30 2.611 dist/assets/ibm-plex-sans-kr-96-400-normal-m9r3xH18.woff        4.35 kB
#30 2.611 dist/assets/ibm-plex-sans-kr-96-500-normal-DOFBEi4W.woff        4.36 kB
#30 2.611 dist/assets/ibm-plex-sans-kr-96-600-normal-qnNrW3Df.woff2       4.60 kB
#30 2.611 dist/assets/ibm-plex-sans-kr-96-400-normal-DqxPcneT.woff2       4.71 kB
#30 2.611 dist/assets/ibm-plex-sans-kr-96-500-normal-BTbACruS.woff2       4.85 kB
#30 2.611 dist/assets/ibm-plex-sans-kr-93-400-normal-5J6UR9CM.woff2       4.98 kB
#30 2.611 dist/assets/ibm-plex-sans-kr-93-500-normal-CYfF4l4d.woff2       5.00 kB
#30 2.611 dist/assets/ibm-plex-sans-kr-99-400-normal-COuj214s.woff2       5.04 kB
#30 2.611 dist/assets/ibm-plex-sans-kr-99-500-normal-Dz27KSuo.woff2       5.11 kB
#30 2.611 dist/assets/ibm-plex-sans-kr-93-600-normal-C3ObUrek.woff2       5.11 kB
#30 2.611 dist/assets/ibm-plex-sans-kr-93-500-normal-Cdd0aOxJ.woff        5.15 kB
#30 2.611 dist/assets/ibm-plex-sans-kr-93-400-normal-Cdi-IBra.woff        5.16 kB
#30 2.611 dist/assets/ibm-plex-sans-kr-99-600-normal-j_ccRvHi.woff2       5.18 kB
#30 2.611 dist/assets/ibm-plex-sans-kr-93-600-normal-4KzAAJzD.woff        5.28 kB
#30 2.611 dist/assets/ibm-plex-sans-kr-101-600-normal-DOUVV8ig.woff       5.77 kB
#30 2.611 dist/assets/ibm-plex-sans-kr-101-500-normal-Dt55yHJE.woff       5.79 kB
#30 2.611 dist/assets/ibm-plex-sans-kr-0-400-normal-COdVePwF.woff2        5.84 kB
#30 2.611 dist/assets/ibm-plex-sans-kr-0-500-normal-ZOw-Oe4Z.woff2        5.87 kB
#30 2.611 dist/assets/ibm-plex-sans-kr-101-400-normal-DQN8MKOE.woff       5.87 kB
#30 2.611 dist/assets/ibm-plex-sans-kr-98-400-normal-D-_zohjb.woff        5.96 kB
#30 2.611 dist/assets/ibm-plex-sans-kr-100-600-normal-ZYmKSXu1.woff       5.97 kB
#30 2.611 dist/assets/ibm-plex-sans-kr-0-600-normal-DuzcAQdo.woff2        5.98 kB
#30 2.611 dist/assets/ibm-plex-sans-kr-98-500-normal-CtGPk__x.woff        5.98 kB
#30 2.611 dist/assets/ibm-plex-sans-kr-98-600-normal-CizO16Ew.woff        6.01 kB
#30 2.611 dist/assets/ibm-plex-sans-kr-100-500-normal-CYmhs-uc.woff       6.02 kB
#30 2.611 dist/assets/ibm-plex-sans-kr-98-400-normal-CyxDRXqs.woff2       6.04 kB
#30 2.611 dist/assets/ibm-plex-sans-kr-100-400-normal-BQdwTqgb.woff       6.07 kB
#30 2.611 dist/assets/ibm-plex-sans-kr-0-500-normal-aGZllF0U.woff         6.16 kB
#30 2.611 dist/assets/ibm-plex-sans-kr-0-400-normal-DEF_oZFa.woff         6.16 kB
#30 2.611 dist/assets/ibm-plex-sans-kr-98-500-normal-PEz79xhx.woff2       6.17 kB
#30 2.611 dist/assets/ibm-plex-sans-kr-0-600-normal-DLXpb0hq.woff         6.21 kB
#30 2.611 dist/assets/ibm-plex-sans-kr-98-600-normal-D-SBD5Hk.woff2       6.22 kB
#30 2.611 dist/assets/ibm-plex-sans-kr-97-400-normal-DOlHHts_.woff2       6.48 kB
#30 2.611 dist/assets/ibm-plex-sans-kr-97-500-normal-C_F2h3q_.woff2       6.53 kB
#30 2.611 dist/assets/ibm-plex-sans-kr-97-600-normal-CHxkMEAU.woff2       6.55 kB
#30 2.611 dist/assets/ibm-plex-sans-kr-102-600-normal-BIIL4Btv.woff       6.69 kB
#30 2.611 dist/assets/ibm-plex-sans-kr-102-500-normal-CW45f5lP.woff       6.73 kB
#30 2.611 dist/assets/ibm-plex-sans-kr-97-400-normal-TWLDWHgL.woff        6.75 kB
#30 2.611 dist/assets/ibm-plex-sans-kr-97-500-normal-BAgq0JpV.woff        6.77 kB
#30 2.611 dist/assets/ibm-plex-sans-kr-97-600-normal-CXVo40nf.woff        6.78 kB
#30 2.611 dist/assets/ibm-plex-sans-kr-102-400-normal-DHfan8x-.woff       6.81 kB
#30 2.611 dist/assets/ibm-plex-sans-kr-104-500-normal-DA4R5HED.woff       7.06 kB
#30 2.611 dist/assets/ibm-plex-sans-kr-104-600-normal-DbfrFOKo.woff       7.08 kB
#30 2.611 dist/assets/ibm-plex-sans-kr-104-400-normal-kn3L8mkz.woff       7.09 kB
#30 2.611 dist/assets/ibm-plex-sans-kr-103-600-normal-BKXxr4Vf.woff       7.30 kB
#30 2.611 dist/assets/ibm-plex-sans-kr-103-500-normal-W1XFNDU3.woff       7.34 kB
#30 2.611 dist/assets/ibm-plex-sans-kr-103-400-normal-BQNnzD7b.woff       7.48 kB
#30 2.611 dist/assets/ibm-plex-sans-kr-105-600-normal-DU6215sy.woff       8.09 kB
#30 2.611 dist/assets/ibm-plex-sans-kr-105-500-normal-DU0dswGg.woff       8.13 kB
#30 2.611 dist/assets/ibm-plex-sans-kr-105-400-normal-D20hKn8x.woff       8.14 kB
#30 2.611 dist/assets/ibm-plex-sans-kr-101-400-normal-CwhtzdGH.woff2      8.45 kB
#30 2.611 dist/assets/ibm-plex-sans-kr-118-500-normal-CDUCZo4L.woff       8.48 kB
#30 2.611 dist/assets/ibm-plex-sans-kr-118-400-normal-BvkVX0xm.woff       8.49 kB
#30 2.611 dist/assets/ibm-plex-sans-kr-117-500-normal-CZylu9y6.woff       8.60 kB
#30 2.611 dist/assets/ibm-plex-sans-kr-118-600-normal-BKNr8HaE.woff       8.61 kB
#30 2.611 dist/assets/ibm-plex-sans-kr-106-600-normal-CIkK4pwL.woff       8.63 kB
#30 2.611 dist/assets/ibm-plex-sans-kr-117-600-normal-BUVowAmE.woff       8.64 kB
#30 2.611 dist/assets/ibm-plex-sans-kr-94-400-normal-CsJn1kPf.woff2       8.66 kB
#30 2.611 dist/assets/ibm-plex-sans-kr-117-400-normal-CAkrqKEd.woff       8.67 kB
#30 2.611 dist/assets/ibm-plex-sans-kr-106-500-normal-B9LKd6uR.woff       8.69 kB
#30 2.611 dist/assets/ibm-plex-sans-kr-94-500-normal-DAIKdeR_.woff2       8.80 kB
#30 2.611 dist/assets/ibm-plex-sans-kr-106-400-normal-DRimGseV.woff       8.81 kB
#30 2.611 dist/assets/ibm-plex-sans-kr-94-600-normal-BqkCATJS.woff2       8.83 kB
#30 2.611 dist/assets/ibm-plex-sans-kr-100-400-normal-3DeNbFry.woff2      8.89 kB
#30 2.611 dist/assets/ibm-plex-sans-kr-101-600-normal-Cf7HWvBM.woff2      8.94 kB
#30 2.611 dist/assets/ibm-plex-sans-kr-101-500-normal-D3ziJXl9.woff2      9.04 kB
#30 2.611 dist/assets/ibm-plex-sans-kr-112-600-normal-lS3UdozO.woff       9.43 kB
#30 2.611 dist/assets/ibm-plex-sans-kr-112-500-normal-CfQwtfnO.woff       9.48 kB
#30 2.611 dist/assets/ibm-plex-sans-kr-115-500-normal-iyItw9QE.woff       9.52 kB
#30 2.611 dist/assets/ibm-plex-sans-kr-116-500-normal-CLkvTRzN.woff       9.57 kB
#30 2.611 dist/assets/ibm-plex-sans-kr-112-400-normal-B8TcbMdb.woff       9.60 kB
#30 2.611 dist/assets/ibm-plex-sans-kr-116-600-normal-2NuQXMn5.woff       9.61 kB
#30 2.611 dist/assets/ibm-plex-sans-kr-94-400-normal-CLS33fqM.woff        9.62 kB
#30 2.611 dist/assets/ibm-plex-sans-kr-115-600-normal-c6nUiZEv.woff       9.62 kB
#30 2.611 dist/assets/ibm-plex-sans-kr-115-400-normal-CM7tVCiU.woff       9.63 kB
#30 2.611 dist/assets/ibm-plex-sans-kr-100-600-normal-CcI0wmDd.woff2      9.64 kB
#30 2.611 dist/assets/ibm-plex-sans-kr-116-400-normal-BCjvaIwI.woff       9.66 kB
#30 2.611 dist/assets/ibm-plex-sans-kr-102-400-normal-BC0mCFX2.woff2      9.67 kB
#30 2.611 dist/assets/ibm-plex-sans-kr-107-600-normal-IB6GFZTf.woff       9.67 kB
#30 2.611 dist/assets/ibm-plex-sans-kr-108-600-normal-C5FnASlc.woff       9.67 kB
#30 2.611 dist/assets/ibm-plex-sans-kr-94-500-normal-sf6j_mxe.woff        9.72 kB
#30 2.611 dist/assets/ibm-plex-sans-kr-107-500-normal-B8C6z9mf.woff       9.75 kB
#30 2.611 dist/assets/ibm-plex-sans-kr-94-600-normal-DGs8D_d9.woff        9.76 kB
#30 2.611 dist/assets/ibm-plex-sans-kr-108-500-normal-CAKLebRT.woff       9.78 kB
#30 2.611 dist/assets/ibm-plex-sans-kr-38-600-normal-Dln3mVPi.woff        9.80 kB
#30 2.611 dist/assets/ibm-plex-sans-kr-108-400-normal-D7nsD7Wm.woff       9.81 kB
#30 2.611 dist/assets/ibm-plex-sans-kr-113-600-normal-C_RUWM8I.woff       9.82 kB
#30 2.611 dist/assets/ibm-plex-sans-kr-107-400-normal-9_m442uC.woff       9.82 kB
#30 2.611 dist/assets/ibm-plex-sans-kr-114-500-normal-DwbHpjAF.woff       9.83 kB
#30 2.611 dist/assets/ibm-plex-sans-kr-114-600-normal-BKj6RBZ7.woff       9.88 kB
#30 2.611 dist/assets/ibm-plex-sans-kr-113-400-normal-DlThbTsi.woff       9.88 kB
#30 2.611 dist/assets/ibm-plex-sans-kr-113-500-normal-DYUtiDlk.woff       9.88 kB
#30 2.611 dist/assets/ibm-plex-sans-kr-38-500-normal-DPBjbA25.woff        9.89 kB
#30 2.611 dist/assets/ibm-plex-sans-kr-38-400-normal-B4UIE9Zj.woff        9.93 kB
#30 2.611 dist/assets/ibm-plex-sans-kr-110-500-normal-BNbXS7l_.woff       9.94 kB
#30 2.611 dist/assets/ibm-plex-sans-kr-110-600-normal-ReaqIn5m.woff       9.95 kB
#30 2.611 dist/assets/ibm-plex-sans-kr-114-400-normal-5bMSGSar.woff       9.97 kB
#30 2.611 dist/assets/ibm-plex-sans-kr-100-500-normal-DRrgX_RY.woff2      9.99 kB
#30 2.611 dist/assets/ibm-plex-sans-kr-111-500-normal-yMGVhWWr.woff      10.03 kB
#30 2.611 dist/assets/ibm-plex-sans-kr-41-400-normal-Ce6_8B6O.woff       10.03 kB
#30 2.611 dist/assets/ibm-plex-sans-kr-11-500-normal-BuJhjvIH.woff       10.04 kB
#30 2.611 dist/assets/ibm-plex-sans-kr-110-400-normal-D259vsJ_.woff      10.04 kB
#30 2.611 dist/assets/ibm-plex-sans-kr-111-600-normal-2DkYfPPb.woff      10.04 kB
#30 2.611 dist/assets/ibm-plex-sans-kr-41-500-normal-DiLp_0kR.woff       10.05 kB
#30 2.611 dist/assets/ibm-plex-sans-kr-109-600-normal-CG9-PeCF.woff      10.08 kB
#30 2.611 dist/assets/ibm-plex-sans-kr-109-500-normal-BnWOOl51.woff      10.13 kB
#30 2.611 dist/assets/ibm-plex-sans-kr-111-400-normal-BqppHOeA.woff      10.14 kB
#30 2.611 dist/assets/ibm-plex-sans-kr-109-400-normal-Ch-uxywT.woff      10.19 kB
#30 2.611 dist/assets/ibm-plex-sans-kr-11-400-normal-CN_UQa3U.woff       10.20 kB
#30 2.611 dist/assets/ibm-plex-sans-kr-104-400-normal-BrHR60F5.woff2     10.20 kB
#30 2.611 dist/assets/ibm-plex-sans-kr-102-500-normal-BmX3x0t4.woff2     10.27 kB
#30 2.611 dist/assets/ibm-plex-sans-kr-41-600-normal-Df3Wep6L.woff       10.28 kB
#30 2.611 dist/assets/ibm-plex-sans-kr-102-600-normal-CN8RaHGd.woff2     10.28 kB
#30 2.611 dist/assets/ibm-plex-sans-kr-11-600-normal-BUarw7E5.woff       10.28 kB
#30 2.611 dist/assets/ibm-plex-sans-kr-64-500-normal-CdK6D4vh.woff       10.50 kB
#30 2.611 dist/assets/ibm-plex-sans-kr-38-400-normal-CLr3K58D.woff2      10.53 kB
#30 2.611 dist/assets/ibm-plex-sans-kr-64-400-normal-DhttFBeF.woff       10.53 kB
#30 2.611 dist/assets/ibm-plex-sans-kr-11-400-normal-DY57wkwV.woff2      10.54 kB
#30 2.611 dist/assets/ibm-plex-sans-kr-2-600-normal-BBWiOGe2.woff        10.56 kB
#30 2.611 dist/assets/ibm-plex-sans-kr-2-500-normal-CSqMQxgI.woff        10.65 kB
#30 2.611 dist/assets/ibm-plex-sans-kr-8-600-normal-BJjl00Le.woff        10.66 kB
#30 2.611 dist/assets/ibm-plex-sans-kr-8-500-normal-BSA0Y_vv.woff        10.71 kB
#30 2.611 dist/assets/ibm-plex-sans-kr-103-400-normal-CYHfi_5o.woff2     10.72 kB
#30 2.611 dist/assets/ibm-plex-sans-kr-2-400-normal-ZCEqhetZ.woff        10.73 kB
#30 2.611 dist/assets/ibm-plex-sans-kr-41-400-normal-THO3jy3s.woff2      10.73 kB
#30 2.611 dist/assets/ibm-plex-sans-kr-11-600-normal-Ds-mjTNk.woff2      10.74 kB
#30 2.611 dist/assets/ibm-plex-sans-kr-38-600-normal-Uy8tuoQH.woff2      10.78 kB
#30 2.611 dist/assets/ibm-plex-sans-kr-8-400-normal-BmMhoS32.woff2       10.80 kB
#30 2.611 dist/assets/ibm-plex-sans-kr-64-400-normal-BoOvEFVR.woff2      10.86 kB
#30 2.611 dist/assets/ibm-plex-sans-kr-8-400-normal-Ci0W5IWz.woff        10.86 kB
#30 2.611 dist/assets/ibm-plex-sans-kr-11-500-normal-dR3lXot0.woff2      10.92 kB
#30 2.611 dist/assets/ibm-plex-sans-kr-38-500-normal-KdQq52D1.woff2      10.92 kB
#30 2.611 dist/assets/ibm-plex-sans-kr-8-600-normal-B0rxBWNc.woff2       10.93 kB
#30 2.611 dist/assets/ibm-plex-sans-kr-44-400-normal-BPQ_BGOm.woff       10.96 kB
#30 2.611 dist/assets/ibm-plex-sans-kr-44-500-normal-CKASaSWW.woff       11.00 kB
#30 2.611 dist/assets/ibm-plex-sans-kr-64-600-normal-DnHS-nmP.woff       11.02 kB
#30 2.611 dist/assets/ibm-plex-sans-kr-48-500-normal-BFJwbsKF.woff       11.03 kB
#30 2.611 dist/assets/ibm-plex-sans-kr-61-400-normal-Ci1tC2DE.woff       11.08 kB
#30 2.611 dist/assets/ibm-plex-sans-kr-44-400-normal-BvoXxhh-.woff2      11.13 kB
#30 2.611 dist/assets/ibm-plex-sans-kr-48-400-normal-5VJWa5C8.woff       11.14 kB
#30 2.611 dist/assets/ibm-plex-sans-kr-104-500-normal-DHbM5qs4.woff2     11.15 kB
#30 2.611 dist/assets/ibm-plex-sans-kr-10-500-normal-4KY48fu0.woff       11.17 kB
#30 2.611 dist/assets/ibm-plex-sans-kr-2-400-normal-CnxhIj-f.woff2       11.17 kB
#30 2.611 dist/assets/ibm-plex-sans-kr-51-500-normal-kawlUwcv.woff       11.17 kB
#30 2.611 dist/assets/ibm-plex-sans-kr-58-400-normal-i71EDyfV.woff2      11.17 kB
#30 2.611 dist/assets/ibm-plex-sans-kr-51-600-normal-DCKOx3do.woff       11.18 kB
#30 2.611 dist/assets/ibm-plex-sans-kr-48-600-normal-DAbbVYEi.woff       11.19 kB
#30 2.611 dist/assets/ibm-plex-sans-kr-58-400-normal-DqIzdKrV.woff       11.20 kB
#30 2.611 dist/assets/ibm-plex-sans-kr-104-600-normal-DHHBh9NH.woff2     11.24 kB
#30 2.611 dist/assets/ibm-plex-sans-kr-58-500-normal-D5AnMdIq.woff       11.27 kB
#30 2.611 dist/assets/ibm-plex-sans-kr-61-500-normal-BWi6Ha-w.woff       11.27 kB
#30 2.611 dist/assets/ibm-plex-sans-kr-8-500-normal-UU4QCA8B.woff2       11.27 kB
#30 2.611 dist/assets/ibm-plex-sans-kr-10-600-normal-DIq7Gv9V.woff       11.28 kB
#30 2.611 dist/assets/ibm-plex-sans-kr-48-400-normal-CBCdCJJN.woff2      11.30 kB
#30 2.611 dist/assets/ibm-plex-sans-kr-61-600-normal-BZxjTCO5.woff       11.30 kB
#30 2.611 dist/assets/ibm-plex-sans-kr-10-400-normal-BOnpTeYv.woff2      11.31 kB
#30 2.611 dist/assets/ibm-plex-sans-kr-44-600-normal-B1vhjtxY.woff       11.31 kB
#30 2.611 dist/assets/ibm-plex-sans-kr-58-600-normal-Bpgq8MX2.woff       11.32 kB
#30 2.611 dist/assets/ibm-plex-sans-kr-10-400-normal-CRn7_mZz.woff       11.33 kB
#30 2.611 dist/assets/ibm-plex-sans-kr-51-400-normal-Nb_ATV55.woff       11.33 kB
#30 2.611 dist/assets/ibm-plex-sans-kr-51-400-normal-CI8zKOiq.woff2      11.41 kB
#30 2.611 dist/assets/ibm-plex-sans-kr-103-600-normal-8oNp3a_g.woff2     11.43 kB
#30 2.611 dist/assets/ibm-plex-sans-kr-41-500-normal-CoKUeK1m.woff2      11.43 kB
#30 2.611 dist/assets/ibm-plex-sans-kr-41-600-normal-Ck2K5Ulf.woff2      11.46 kB
#30 2.611 dist/assets/ibm-plex-sans-kr-53-400-normal-uFBOSatZ.woff2      11.52 kB
#30 2.611 dist/assets/ibm-plex-sans-kr-51-600-normal-D1q9iZG9.woff2      11.54 kB
#30 2.611 dist/assets/ibm-plex-sans-kr-45-600-normal-D74kcLg1.woff       11.56 kB
#30 2.611 dist/assets/ibm-plex-sans-kr-55-400-normal-DACpgdpL.woff       11.57 kB
#30 2.611 dist/assets/ibm-plex-sans-kr-10-500-normal-ycH3xAAg.woff2      11.60 kB
#30 2.611 dist/assets/ibm-plex-sans-kr-58-600-normal-Bqgrv0lo.woff2      11.60 kB
#30 2.611 dist/assets/ibm-plex-sans-kr-103-500-normal-2RWRnHUp.woff2     11.62 kB
#30 2.611 dist/assets/ibm-plex-sans-kr-45-400-normal-BN1x-JCl.woff       11.63 kB
#30 2.611 dist/assets/ibm-plex-sans-kr-45-500-normal-CSR2L3Yg.woff       11.63 kB
#30 2.611 dist/assets/ibm-plex-sans-kr-64-500-normal-CgK0jDrR.woff2      11.64 kB
#30 2.611 dist/assets/ibm-plex-sans-kr-55-600-normal-CNKcN-Ig.woff       11.65 kB
#30 2.611 dist/assets/ibm-plex-sans-kr-55-500-normal-Bk4ZO-Yx.woff       11.66 kB
#30 2.611 dist/assets/ibm-plex-sans-kr-48-600-normal-QEQJ2vNg.woff2      11.68 kB
#30 2.611 dist/assets/ibm-plex-sans-kr-119-400-normal-BVAYXEqw.woff      11.68 kB
#30 2.611 dist/assets/ibm-plex-sans-kr-50-400-normal-wVEmJJbn.woff2      11.68 kB
#30 2.611 dist/assets/ibm-plex-sans-kr-105-400-normal-BY6JiZG_.woff2     11.71 kB
#30 2.611 dist/assets/ibm-plex-sans-kr-25-400-normal-CSCHltyB.woff       11.71 kB
#30 2.611 dist/assets/ibm-plex-sans-kr-45-400-normal-DMKz6H_F.woff2      11.72 kB
#30 2.611 dist/assets/ibm-plex-sans-kr-51-500-normal-B3Qlfb5-.woff2      11.72 kB
#30 2.611 dist/assets/ibm-plex-sans-kr-44-500-normal-CnrBiW8T.woff2      11.75 kB
#30 2.611 dist/assets/ibm-plex-sans-kr-2-500-normal-CCn-pwD2.woff2       11.75 kB
#30 2.611 dist/assets/ibm-plex-sans-kr-61-400-normal-DnyFjM_B.woff2      11.76 kB
#30 2.611 dist/assets/ibm-plex-sans-kr-25-500-normal-DAuTWcSe.woff       11.78 kB
#30 2.611 dist/assets/ibm-plex-sans-kr-25-600-normal-ClJ2q6nT.woff       11.79 kB
#30 2.611 dist/assets/ibm-plex-sans-kr-47-500-normal-BWfN8bqy.woff       11.79 kB
#30 2.611 dist/assets/ibm-plex-sans-kr-53-600-normal-3e73VLox.woff2      11.81 kB
#30 2.611 dist/assets/ibm-plex-sans-kr-18-400-normal-Bs1zlN0G.woff2      11.81 kB
#30 2.611 dist/assets/ibm-plex-sans-kr-54-400-normal-DShvO3nx.woff       11.82 kB
#30 2.611 dist/assets/ibm-plex-sans-kr-44-600-normal-B1scqjS5.woff2      11.82 kB
#30 2.611 dist/assets/ibm-plex-sans-kr-54-600-normal-HSAnxCQg.woff       11.83 kB
#30 2.611 dist/assets/ibm-plex-sans-kr-58-500-normal-BFNTZIBF.woff2      11.85 kB
#30 2.611 dist/assets/ibm-plex-sans-kr-54-500-normal-DjX9ImWQ.woff       11.86 kB
#30 2.611 dist/assets/ibm-plex-sans-kr-50-400-normal-DSyr09Pi.woff       11.86 kB
#30 2.611 dist/assets/ibm-plex-sans-kr-48-500-normal-B2EKWItw.woff2      11.87 kB
#30 2.611 dist/assets/ibm-plex-sans-kr-15-400-normal-CBiEIaz5.woff2      11.88 kB
#30 2.611 dist/assets/ibm-plex-sans-kr-18-500-normal-CNuq5r-l.woff       11.88 kB
#30 2.611 dist/assets/ibm-plex-sans-kr-47-600-normal-CxMB4f1K.woff       11.88 kB
#30 2.611 dist/assets/ibm-plex-sans-kr-40-500-normal-BuazCxCP.woff       11.90 kB
#30 2.611 dist/assets/ibm-plex-sans-kr-55-400-normal-BIBVbLNo.woff2      11.90 kB
#30 2.611 dist/assets/ibm-plex-sans-kr-36-400-normal-BT6SwwtR.woff2      11.91 kB
#30 2.611 dist/assets/ibm-plex-sans-kr-56-400-normal-D6a133Nk.woff       11.91 kB
#30 2.611 dist/assets/ibm-plex-sans-kr-56-400-normal-E_0UP4jm.woff2      11.93 kB
#30 2.611 dist/assets/ibm-plex-sans-kr-118-400-normal-CPvF_U24.woff2     11.93 kB
#30 2.611 dist/assets/ibm-plex-sans-kr-6-400-normal-CTPxjOYB.woff2       11.93 kB
#30 2.611 dist/assets/ibm-plex-sans-kr-47-400-normal-BHD-6hCF.woff       11.94 kB
#30 2.611 dist/assets/ibm-plex-sans-kr-50-500-normal-Bxw81ACJ.woff       11.97 kB
#30 2.611 dist/assets/ibm-plex-sans-kr-53-500-normal-Cf9lqm0Z.woff       11.97 kB
#30 2.611 dist/assets/ibm-plex-sans-kr-56-500-normal-BxiWtQ63.woff       11.98 kB
#30 2.611 dist/assets/ibm-plex-sans-kr-53-400-normal-BPlmQmyN.woff       12.00 kB
#30 2.611 dist/assets/ibm-plex-sans-kr-15-400-normal-D-mZ9inR.woff       12.00 kB
#30 2.611 dist/assets/ibm-plex-sans-kr-18-600-normal-C0tjZHt0.woff       12.00 kB
#30 2.611 dist/assets/ibm-plex-sans-kr-53-600-normal-CHFWjDbo.woff       12.00 kB
#30 2.611 dist/assets/ibm-plex-sans-kr-6-400-normal-AY_mybA2.woff        12.02 kB
#30 2.611 dist/assets/ibm-plex-sans-kr-40-600-normal-D79iYZbh.woff       12.02 kB
#30 2.611 dist/assets/ibm-plex-sans-kr-64-600-normal-DdDi5wpQ.woff2      12.03 kB
#30 2.611 dist/assets/ibm-plex-sans-kr-46-400-normal-K8yMYku4.woff       12.04 kB
#30 2.611 dist/assets/ibm-plex-sans-kr-18-400-normal-BTtbRNyU.woff       12.04 kB
#30 2.611 dist/assets/ibm-plex-sans-kr-50-600-normal-DwlyYo3O.woff       12.04 kB
#30 2.611 dist/assets/ibm-plex-sans-kr-40-400-normal-BJCaISym.woff       12.05 kB
#30 2.611 dist/assets/ibm-plex-sans-kr-46-600-normal-Yu7W5Ur_.woff       12.06 kB
#30 2.611 dist/assets/ibm-plex-sans-kr-47-400-normal-DapCxPvn.woff2      12.06 kB
#30 2.611 dist/assets/ibm-plex-sans-kr-6-600-normal-oGadQOpD.woff        12.06 kB
#30 2.611 dist/assets/ibm-plex-sans-kr-46-500-normal-7ktFSJad.woff       12.07 kB
#30 2.611 dist/assets/ibm-plex-sans-kr-15-600-normal-Dl-orC8M.woff       12.08 kB
#30 2.611 dist/assets/ibm-plex-sans-kr-53-500-normal-CTkqgr8Q.woff2      12.08 kB
#30 2.611 dist/assets/ibm-plex-sans-kr-2-600-normal-i3phtpOA.woff2       12.09 kB
#30 2.611 dist/assets/ibm-plex-sans-kr-54-400-normal-B_JBM8HP.woff2      12.09 kB
#30 2.611 dist/assets/ibm-plex-sans-kr-61-500-normal-BHfyY8C5.woff2      12.09 kB
#30 2.611 dist/assets/ibm-plex-sans-kr-10-600-normal-BAjKvcG-.woff2      12.12 kB
#30 2.611 dist/assets/ibm-plex-sans-kr-15-500-normal-BJiRyHxF.woff       12.13 kB
#30 2.611 dist/assets/ibm-plex-sans-kr-50-600-normal-CNwgbPME.woff2      12.13 kB
#30 2.611 dist/assets/ibm-plex-sans-kr-56-600-normal-hzikha37.woff       12.13 kB
#30 2.611 dist/assets/ibm-plex-sans-kr-57-600-normal-BR6Du0PQ.woff       12.14 kB
#30 2.611 dist/assets/ibm-plex-sans-kr-6-500-normal-Dke2b5Bz.woff        12.15 kB
#30 2.611 dist/assets/ibm-plex-sans-kr-36-500-normal-B1iFWDLF.woff2      12.17 kB
#30 2.611 dist/assets/ibm-plex-sans-kr-57-500-normal-BtBoxULz.woff       12.17 kB
#30 2.611 dist/assets/ibm-plex-sans-kr-5-600-normal-vSSmYEgt.woff        12.18 kB
#30 2.611 dist/assets/ibm-plex-sans-kr-52-500-normal-CBaFAE5p.woff       12.18 kB
#30 2.611 dist/assets/ibm-plex-sans-kr-57-400-normal-CBQftTJt.woff       12.18 kB
#30 2.611 dist/assets/ibm-plex-sans-kr-52-400-normal-DgbfUacv.woff       12.20 kB
#30 2.611 dist/assets/ibm-plex-sans-kr-25-400-normal-C5hUXC4y.woff2      12.20 kB
#30 2.611 dist/assets/ibm-plex-sans-kr-18-500-normal-BWeF5dyd.woff2      12.24 kB
#30 2.611 dist/assets/ibm-plex-sans-kr-36-600-normal-kFFPHZH9.woff2      12.24 kB
#30 2.611 dist/assets/ibm-plex-sans-kr-61-600-normal-ChG7s6jj.woff2      12.24 kB
#30 2.611 dist/assets/ibm-plex-sans-kr-50-500-normal-B90Dmlwo.woff2      12.25 kB
#30 2.611 dist/assets/ibm-plex-sans-kr-28-500-normal-BspvdxR3.woff       12.27 kB
#30 2.611 dist/assets/ibm-plex-sans-kr-28-400-normal-DNnelfuN.woff       12.29 kB
#30 2.611 dist/assets/ibm-plex-sans-kr-42-600-normal-BIw3yp_o.woff       12.29 kB
#30 2.611 dist/assets/ibm-plex-sans-kr-43-500-normal-B_MM_0i3.woff       12.29 kB
#30 2.611 dist/assets/ibm-plex-sans-kr-5-500-normal-L-1Rm88n.woff        12.30 kB
#30 2.611 dist/assets/ibm-plex-sans-kr-42-500-normal-Y6rzavLQ.woff       12.30 kB
#30 2.611 dist/assets/ibm-plex-sans-kr-52-600-normal-DpEHO2lx.woff       12.31 kB
#30 2.611 dist/assets/ibm-plex-sans-kr-47-500-normal-CJrfuNV6.woff2      12.32 kB
#30 2.611 dist/assets/ibm-plex-sans-kr-43-400-normal-rklqUmDh.woff       12.33 kB
#30 2.611 dist/assets/ibm-plex-sans-kr-42-400-normal-mWRC9cE4.woff       12.36 kB
#30 2.611 dist/assets/ibm-plex-sans-kr-43-600-normal-Dl6BB-Lj.woff       12.36 kB
#30 2.611 dist/assets/ibm-plex-sans-kr-12-400-normal-AF35YmmH.woff2      12.37 kB
#30 2.611 dist/assets/ibm-plex-sans-kr-37-400-normal-BiWBJPQ7.woff2      12.40 kB
#30 2.611 dist/assets/ibm-plex-sans-kr-5-400-normal-BBWPbJ8R.woff2       12.40 kB
#30 2.611 dist/assets/ibm-plex-sans-kr-5-400-normal-B1Nb7Dqt.woff        12.42 kB
#30 2.611 dist/assets/ibm-plex-sans-kr-55-600-normal-ByArDHHI.woff2      12.42 kB
#30 2.611 dist/assets/ibm-plex-sans-kr-56-600-normal-DScuu4Uu.woff2      12.42 kB
#30 2.611 dist/assets/ibm-plex-sans-kr-31-600-normal-DWFfqfVJ.woff2      12.43 kB
#30 2.611 dist/assets/ibm-plex-sans-kr-54-600-normal-CIir-_6C.woff2      12.43 kB
#30 2.611 dist/assets/ibm-plex-sans-kr-63-500-normal-EwyND2AG.woff       12.43 kB
#30 2.611 dist/assets/ibm-plex-sans-kr-35-600-normal-M066d6gr.woff       12.44 kB
#30 2.611 dist/assets/ibm-plex-sans-kr-49-400-normal-BENNdZwd.woff2      12.44 kB
#30 2.611 dist/assets/ibm-plex-sans-kr-46-400-normal-Z0YZvJMA.woff2      12.45 kB
#30 2.611 dist/assets/ibm-plex-sans-kr-6-600-normal-CdfPYwdk.woff2       12.45 kB
#30 2.611 dist/assets/ibm-plex-sans-kr-31-500-normal-nX_pe9VE.woff2      12.46 kB
#30 2.611 dist/assets/ibm-plex-sans-kr-37-500-normal-B-MNJEe6.woff2      12.46 kB
#30 2.611 dist/assets/ibm-plex-sans-kr-57-400-normal-F8LL-J5_.woff2      12.46 kB
#30 2.611 dist/assets/ibm-plex-sans-kr-31-400-normal-DhPplA2S.woff2      12.48 kB
#30 2.611 dist/assets/ibm-plex-sans-kr-7-400-normal-CDkAi-IU.woff2       12.48 kB
#30 2.611 dist/assets/ibm-plex-sans-kr-47-600-normal-tmv6xC_z.woff2      12.48 kB
#30 2.611 dist/assets/ibm-plex-sans-kr-6-500-normal-UElWVruj.woff2       12.48 kB
#30 2.611 dist/assets/ibm-plex-sans-kr-34-400-normal-BFI-kcuc.woff       12.49 kB
#30 2.611 dist/assets/ibm-plex-sans-kr-28-600-normal-BeDPvyp8.woff       12.51 kB
#30 2.611 dist/assets/ibm-plex-sans-kr-9-500-normal-C6DRVnCw.woff        12.51 kB
#30 2.611 dist/assets/ibm-plex-sans-kr-15-500-normal-BWepl2fS.woff2      12.52 kB
#30 2.611 dist/assets/ibm-plex-sans-kr-37-600-normal-Cvgtdz7H.woff       12.52 kB
#30 2.611 dist/assets/ibm-plex-sans-kr-45-600-normal-DNXvxDIf.woff2      12.52 kB
#30 2.611 dist/assets/ibm-plex-sans-kr-9-400-normal-CeBwsqAD.woff        12.52 kB
#30 2.611 dist/assets/ibm-plex-sans-kr-39-600-normal-DHmemGdc.woff       12.54 kB
#30 2.611 dist/assets/ibm-plex-sans-kr-63-400-normal-Bi-DePsy.woff       12.54 kB
#30 2.611 dist/assets/ibm-plex-sans-kr-9-600-normal-DWoOSbq5.woff        12.54 kB
#30 2.611 dist/assets/ibm-plex-sans-kr-45-500-normal-uti_Zlfe.woff2      12.55 kB
#30 2.611 dist/assets/ibm-plex-sans-kr-36-400-normal-Cd-eoA5H.woff       12.56 kB
#30 2.611 dist/assets/ibm-plex-sans-kr-39-400-normal-WTG9_11D.woff       12.56 kB
#30 2.611 dist/assets/ibm-plex-sans-kr-34-600-normal-Dkhx4lxu.woff       12.56 kB
#30 2.611 dist/assets/ibm-plex-sans-kr-35-400-normal-D8XpW-jV.woff       12.56 kB
#30 2.611 dist/assets/ibm-plex-sans-kr-49-400-normal-DrUErJVA.woff       12.56 kB
#30 2.611 dist/assets/ibm-plex-sans-kr-63-600-normal-DXp5U46T.woff       12.56 kB
#30 2.611 dist/assets/ibm-plex-sans-kr-35-400-normal-CHpiv9C7.woff2      12.57 kB
#30 2.611 dist/assets/ibm-plex-sans-kr-37-400-normal-Bj7jp-Iz.woff       12.57 kB
#30 2.611 dist/assets/ibm-plex-sans-kr-34-500-normal-CFjeJ1tN.woff       12.58 kB
#30 2.611 dist/assets/ibm-plex-sans-kr-7-500-normal-DHoZsm8z.woff        12.58 kB
#30 2.611 dist/assets/ibm-plex-sans-kr-56-500-normal-CpmKpo0e.woff2      12.58 kB
#30 2.611 dist/assets/ibm-plex-sans-kr-23-400-normal-CUhld-kf.woff2      12.58 kB
#30 2.611 dist/assets/ibm-plex-sans-kr-37-500-normal-B6-fjph3.woff       12.60 kB
#30 2.611 dist/assets/ibm-plex-sans-kr-37-600-normal-CnPg-4RZ.woff2      12.60 kB
#30 2.611 dist/assets/ibm-plex-sans-kr-28-400-normal-Bwghrgjh.woff2      12.62 kB
#30 2.611 dist/assets/ibm-plex-sans-kr-106-400-normal-CKM4EqLH.woff2     12.62 kB
#30 2.611 dist/assets/ibm-plex-sans-kr-35-500-normal-DxaJNFWV.woff       12.63 kB
#30 2.611 dist/assets/ibm-plex-sans-kr-39-500-normal-C8uyz1B3.woff       12.63 kB
#30 2.611 dist/assets/ibm-plex-sans-kr-12-500-normal-CRJzzWQI.woff2      12.64 kB
#30 2.611 dist/assets/ibm-plex-sans-kr-18-600-normal-3CkcYQgr.woff2      12.64 kB
#30 2.611 dist/assets/ibm-plex-sans-kr-52-400-normal-Dqrwgacb.woff2      12.64 kB
#30 2.611 dist/assets/ibm-plex-sans-kr-54-500-normal-B5hzExpm.woff2      12.65 kB
#30 2.611 dist/assets/ibm-plex-sans-kr-12-400-normal-J5xWG5gS.woff       12.65 kB
#30 2.611 dist/assets/ibm-plex-sans-kr-12-500-normal-CZNo5Xam.woff       12.65 kB
#30 2.611 dist/assets/ibm-plex-sans-kr-55-500-normal-Bd7gnpgG.woff2      12.66 kB
#30 2.611 dist/assets/ibm-plex-sans-kr-49-600-normal-DHvPm2NF.woff       12.67 kB
#30 2.611 dist/assets/ibm-plex-sans-kr-118-600-normal-SYUuQfwq.woff2     12.68 kB
#30 2.611 dist/assets/ibm-plex-sans-kr-7-600-normal-CeGVp1rD.woff        12.69 kB
#30 2.611 dist/assets/ibm-plex-sans-kr-12-600-normal-Cdi7mG90.woff       12.70 kB
#30 2.611 dist/assets/ibm-plex-sans-kr-7-400-normal-VZ_YUdPy.woff        12.71 kB
#30 2.611 dist/assets/ibm-plex-sans-kr-36-600-normal-DsGroCqE.woff       12.72 kB
#30 2.611 dist/assets/ibm-plex-sans-kr-12-600-normal-Ba8rnT7_.woff2      12.72 kB
#30 2.611 dist/assets/ibm-plex-sans-kr-7-600-normal-Dh7JSXz4.woff2       12.72 kB
#30 2.611 dist/assets/ibm-plex-sans-kr-36-500-normal-brkbKZcZ.woff       12.74 kB
#30 2.611 dist/assets/ibm-plex-sans-kr-15-600-normal-CAapLUyl.woff2      12.74 kB
#30 2.611 dist/assets/ibm-plex-sans-kr-119-400-normal-CF0EWuft.woff2     12.75 kB
#30 2.611 dist/assets/ibm-plex-sans-kr-31-400-normal-BnpH2dyr.woff       12.75 kB
#30 2.611 dist/assets/ibm-plex-sans-kr-31-500-normal-BX-CPZrW.woff       12.75 kB
#30 2.611 dist/assets/ibm-plex-sans-kr-118-500-normal-bGPKLk2B.woff2     12.76 kB
#30 2.611 dist/assets/ibm-plex-sans-kr-43-400-normal-DofKP3XM.woff2      12.76 kB
#30 2.611 dist/assets/ibm-plex-sans-kr-31-600-normal-BDIwmQD2.woff       12.76 kB
#30 2.611 dist/assets/ibm-plex-sans-kr-25-600-normal-CpgWTSx7.woff2      12.77 kB
#30 2.611 dist/assets/ibm-plex-sans-kr-49-500-normal-7q_oMxUd.woff       12.80 kB
#30 2.611 dist/assets/ibm-plex-sans-kr-40-400-normal-DxlOKNb6.woff2      12.82 kB
#30 2.611 dist/assets/ibm-plex-sans-kr-57-600-normal-CQ1redVd.woff2      12.82 kB
#30 2.611 dist/assets/ibm-plex-sans-kr-14-400-normal-DPe2AXol.woff       12.83 kB
#30 2.611 dist/assets/ibm-plex-sans-kr-35-600-normal-CD4ArYzM.woff2      12.87 kB
#30 2.611 dist/assets/ibm-plex-sans-kr-52-600-normal-HtoGXJPD.woff2      12.90 kB
#30 2.611 dist/assets/ibm-plex-sans-kr-5-600-normal-BV1Q-ya9.woff2       12.91 kB
#30 2.611 dist/assets/ibm-plex-sans-kr-14-600-normal-BZRywIXe.woff       12.92 kB
#30 2.611 dist/assets/ibm-plex-sans-kr-117-400-normal-Bqi1rgUh.woff2     12.92 kB
#30 2.611 dist/assets/ibm-plex-sans-kr-34-400-normal-b_F-aCuz.woff2      12.93 kB
#30 2.611 dist/assets/ibm-plex-sans-kr-57-500-normal-B4IoHQu1.woff2      12.98 kB
#30 2.611 dist/assets/ibm-plex-sans-kr-5-500-normal-BAnyZ6Z-.woff2       13.01 kB
#30 2.611 dist/assets/ibm-plex-sans-kr-35-500-normal-cydu_WKV.woff2      13.01 kB
#30 2.611 dist/assets/ibm-plex-sans-kr-119-500-normal-Df4yrjnE.woff      13.02 kB
#30 2.611 dist/assets/ibm-plex-sans-kr-13-400-normal-CpXdOOTc.woff2      13.02 kB
#30 2.611 dist/assets/ibm-plex-sans-kr-23-500-normal-CCfThX_w.woff2      13.03 kB
#30 2.611 dist/assets/ibm-plex-sans-kr-49-600-normal-B9kwAyIi.woff2      13.03 kB
#30 2.611 dist/assets/ibm-plex-sans-kr-14-500-normal-Y4UlonKU.woff       13.04 kB
#30 2.611 dist/assets/ibm-plex-sans-kr-7-500-normal-CoHWPa7p.woff2       13.04 kB
#30 2.611 dist/assets/ibm-plex-sans-kr-59-600-normal-BuQf4YmM.woff       13.07 kB
#30 2.611 dist/assets/ibm-plex-sans-kr-25-500-normal-Dx_nna5V.woff2      13.08 kB
#30 2.611 dist/assets/ibm-plex-sans-kr-42-400-normal-Cgyyi6Mk.woff2      13.10 kB
#30 2.611 dist/assets/ibm-plex-sans-kr-23-600-normal-CR-CWSvQ.woff2      13.11 kB
#30 2.611 dist/assets/ibm-plex-sans-kr-52-500-normal-PI1BlAgy.woff2      13.12 kB
#30 2.611 dist/assets/ibm-plex-sans-kr-105-500-normal-CwEuw_bU.woff2     13.14 kB
#30 2.611 dist/assets/ibm-plex-sans-kr-105-600-normal-Bdo6QjXy.woff2     13.14 kB
#30 2.611 dist/assets/ibm-plex-sans-kr-119-600-normal-CSej5QVJ.woff      13.14 kB
#30 2.611 dist/assets/ibm-plex-sans-kr-14-400-normal-C-oyfrUa.woff2      13.15 kB
#30 2.611 dist/assets/ibm-plex-sans-kr-13-400-normal-eM8eMXyQ.woff       13.16 kB
#30 2.611 dist/assets/ibm-plex-sans-kr-43-600-normal-BPJjrS1c.woff2      13.16 kB
#30 2.611 dist/assets/ibm-plex-sans-kr-23-400-normal-DTBYTMn7.woff       13.17 kB
#30 2.611 dist/assets/ibm-plex-sans-kr-17-400-normal-BDhrvRnL.woff2      13.18 kB
#30 2.611 dist/assets/ibm-plex-sans-kr-46-500-normal-DSzZPjD2.woff2      13.19 kB
#30 2.611 dist/assets/ibm-plex-sans-kr-49-500-normal-BN2Nz7gV.woff2      13.19 kB
#30 2.611 dist/assets/ibm-plex-sans-kr-40-500-normal-BCFCRCdk.woff2      13.22 kB
#30 2.611 dist/assets/ibm-plex-sans-kr-63-400-normal-DbEg4X6i.woff2      13.24 kB
#30 2.611 dist/assets/ibm-plex-sans-kr-23-500-normal-B9nBP66o.woff       13.26 kB
#30 2.611 dist/assets/ibm-plex-sans-kr-40-600-normal-DyMFY3yG.woff2      13.28 kB
#30 2.611 dist/assets/ibm-plex-sans-kr-28-500-normal-Kfg687Jz.woff2      13.29 kB
#30 2.611 dist/assets/ibm-plex-sans-kr-62-400-normal-BIF8JT4K.woff2      13.30 kB
#30 2.611 dist/assets/ibm-plex-sans-kr-28-600-normal-BBQsSgWd.woff2      13.30 kB
#30 2.611 dist/assets/ibm-plex-sans-kr-42-600-normal-CgHlrSUg.woff2      13.30 kB
#30 2.611 dist/assets/ibm-plex-sans-kr-13-500-normal-DNr72JYY.woff       13.32 kB
#30 2.611 dist/assets/ibm-plex-sans-kr-23-600-normal-Cq5mpPr_.woff       13.32 kB
#30 2.611 dist/assets/ibm-plex-sans-kr-59-500-normal-CyiP_8_L.woff       13.33 kB
#30 2.611 dist/assets/ibm-plex-sans-kr-60-400-normal-CEDE9rS0.woff       13.34 kB
#30 2.611 dist/assets/ibm-plex-sans-kr-59-400-normal-BHAiqXEM.woff2      13.36 kB
#30 2.611 dist/assets/ibm-plex-sans-kr-62-400-normal-BMQQOADr.woff       13.38 kB
#30 2.611 dist/assets/ibm-plex-sans-kr-59-400-normal-B-8F2Uet.woff       13.39 kB
#30 2.611 dist/assets/ibm-plex-sans-kr-62-500-normal-DbYRmfJO.woff       13.39 kB
#30 2.611 dist/assets/ibm-plex-sans-kr-9-400-normal-DJinq116.woff2       13.39 kB
#30 2.611 dist/assets/ibm-plex-sans-kr-60-500-normal-Bs-OK-6m.woff       13.39 kB
#30 2.611 dist/assets/ibm-plex-sans-kr-13-600-normal-DXBEl0OU.woff       13.40 kB
#30 2.611 dist/assets/ibm-plex-sans-kr-17-500-normal-BI9iG84Y.woff       13.40 kB
#30 2.611 dist/assets/ibm-plex-sans-kr-4-600-normal-BGAcZoa5.woff        13.41 kB
#30 2.611 dist/assets/ibm-plex-sans-kr-43-500-normal-DYkscpdQ.woff2      13.45 kB
#30 2.611 dist/assets/ibm-plex-sans-kr-62-600-normal-BwPZY4No.woff       13.45 kB
#30 2.611 dist/assets/ibm-plex-sans-kr-17-400-normal-BOjgDpon.woff       13.46 kB
#30 2.611 dist/assets/ibm-plex-sans-kr-60-400-normal-z5dDoQx9.woff2      13.50 kB
#30 2.611 dist/assets/ibm-plex-sans-kr-60-600-normal-OLqttnKu.woff       13.57 kB
#30 2.611 dist/assets/ibm-plex-sans-kr-34-500-normal-JswnezOz.woff2      13.58 kB
#30 2.611 dist/assets/ibm-plex-sans-kr-59-500-normal-Ddlt4yS6.woff2      13.58 kB
#30 2.611 dist/assets/ibm-plex-sans-kr-4-500-normal-CZSxnr6K.woff        13.59 kB
#30 2.611 dist/assets/ibm-plex-sans-kr-59-600-normal-B-CGe3sL.woff2      13.60 kB
#30 2.611 dist/assets/ibm-plex-sans-kr-34-600-normal-BwgNjnnm.woff2      13.62 kB
#30 2.611 dist/assets/ibm-plex-sans-kr-4-400-normal-1GfpLFeR.woff        13.66 kB
#30 2.611 dist/assets/ibm-plex-sans-kr-62-500-normal-lDNHneib.woff2      13.67 kB
#30 2.611 dist/assets/ibm-plex-sans-kr-22-400-normal-3CnvMMD7.woff2      13.68 kB
#30 2.611 dist/assets/ibm-plex-sans-kr-22-600-normal-bBSJai_o.woff       13.68 kB
#30 2.611 dist/assets/ibm-plex-sans-kr-39-400-normal-BzR2eDWi.woff2      13.68 kB
#30 2.611 dist/assets/ibm-plex-sans-kr-27-500-normal-CPgbZ_eJ.woff       13.72 kB
#30 2.611 dist/assets/ibm-plex-sans-kr-17-600-normal-uD_8VqjX.woff       13.73 kB
#30 2.611 dist/assets/ibm-plex-sans-kr-26-600-normal-bxA4bluv.woff       13.73 kB
#30 2.611 dist/assets/ibm-plex-sans-kr-119-600-normal-CWNURXbv.woff2     13.74 kB
#30 2.611 dist/assets/ibm-plex-sans-kr-14-600-normal-BEKBLOkr.woff2      13.76 kB
#30 2.611 dist/assets/ibm-plex-sans-kr-106-600-normal-o84Tuavw.woff2     13.77 kB
#30 2.611 dist/assets/ibm-plex-sans-kr-62-600-normal-CCy9m1Yi.woff2      13.77 kB
#30 2.611 dist/assets/ibm-plex-sans-kr-13-500-normal-DVkNF81I.woff2      13.80 kB
#30 2.611 dist/assets/ibm-plex-sans-kr-42-500-normal-DceQ0siJ.woff2      13.81 kB
#30 2.611 dist/assets/ibm-plex-sans-kr-106-500-normal-waJW03NJ.woff2     13.81 kB
#30 2.611 dist/assets/ibm-plex-sans-kr-17-500-normal-B5RrK24I.woff2      13.82 kB
#30 2.611 dist/assets/ibm-plex-sans-kr-22-400-normal-TNl1bUeL.woff       13.82 kB
#30 2.611 dist/assets/ibm-plex-sans-kr-119-500-normal-CJJ-meqF.woff2     13.82 kB
#30 2.611 dist/assets/ibm-plex-sans-kr-22-600-normal-B4PQFGba.woff2      13.85 kB
#30 2.611 dist/assets/ibm-plex-sans-kr-46-600-normal-CfEBl86K.woff2      13.86 kB
#30 2.611 dist/assets/ibm-plex-sans-kr-16-400-normal-CKSk9toV.woff2      13.86 kB
#30 2.611 dist/assets/ibm-plex-sans-kr-26-400-normal-BDNWBg-b.woff       13.86 kB
#30 2.611 dist/assets/ibm-plex-sans-kr-63-500-normal-DnCEtrzT.woff2      13.88 kB
#30 2.611 dist/assets/ibm-plex-sans-kr-22-500-normal-B4MFCOia.woff       13.90 kB
#30 2.611 dist/assets/ibm-plex-sans-kr-27-600-normal-C07c5If1.woff       13.90 kB
#30 2.611 dist/assets/ibm-plex-sans-kr-27-400-normal-Dy5-YEOY.woff       13.92 kB
#30 2.611 dist/assets/ibm-plex-sans-kr-26-500-normal-BKPcd-dF.woff       13.93 kB
#30 2.611 dist/assets/ibm-plex-sans-kr-latin-400-normal-7kwLL-e3.woff    13.94 kB
#30 2.611 dist/assets/ibm-plex-sans-kr-63-600-normal-B_hznMYb.woff2      13.96 kB
#30 2.611 dist/assets/ibm-plex-sans-kr-24-500-normal-Cv5QDDSV.woff       14.02 kB
#30 2.611 dist/assets/ibm-plex-sans-kr-16-400-normal-DNGmaJIL.woff       14.06 kB
#30 2.611 dist/assets/ibm-plex-sans-kr-112-400-normal-BJLUyYDo.woff2     14.07 kB
#30 2.611 dist/assets/ibm-plex-sans-kr-60-500-normal-Dt1XTT7t.woff2      14.08 kB
#30 2.611 dist/assets/ibm-plex-sans-kr-16-600-normal-DDZagcz1.woff       14.13 kB
#30 2.611 dist/assets/ibm-plex-sans-kr-117-500-normal-B8S6P0qk.woff2     14.14 kB
#30 2.611 dist/assets/ibm-plex-sans-kr-14-500-normal-C6PSB_z7.woff2      14.16 kB
#30 2.611 dist/assets/ibm-plex-sans-kr-16-500-normal-CmCp5IpX.woff       14.17 kB
#30 2.611 dist/assets/ibm-plex-sans-kr-117-600-normal-CVV1AoIy.woff2     14.18 kB
#30 2.611 dist/assets/ibm-plex-sans-kr-24-400-normal-DDVUYQLq.woff       14.20 kB
#30 2.611 dist/assets/ibm-plex-sans-kr-60-600-normal-Bl94dFYa.woff2      14.22 kB
#30 2.611 dist/assets/ibm-plex-sans-kr-22-500-normal-9RYlHGVt.woff2      14.25 kB
#30 2.611 dist/assets/ibm-plex-sans-kr-115-400-normal-6-qa9Uj4.woff2     14.26 kB
#30 2.611 dist/assets/ibm-plex-sans-kr-39-600-normal-DxNgVy70.woff2      14.28 kB
#30 2.611 dist/assets/ibm-plex-sans-kr-4-400-normal-BSOJFi3M.woff2       14.32 kB
#30 2.611 dist/assets/ibm-plex-sans-kr-116-400-normal-CPQAppG5.woff2     14.34 kB
#30 2.611 dist/assets/ibm-plex-sans-kr-13-600-normal-ON8tPSnT.woff2      14.35 kB
#30 2.611 dist/assets/ibm-plex-sans-kr-33-500-normal-DrcDIvwW.woff       14.35 kB
#30 2.611 dist/assets/ibm-plex-sans-kr-107-400-normal-DFBsPAhk.woff2     14.36 kB
#30 2.611 dist/assets/ibm-plex-sans-kr-24-600-normal-DL0LF1av.woff       14.37 kB
#30 2.611 dist/assets/ibm-plex-sans-kr-114-400-normal-Bpqw4_PX.woff2     14.38 kB
#30 2.611 dist/assets/ibm-plex-sans-kr-39-500-normal-CeHGwbYp.woff2      14.40 kB
#30 2.611 dist/assets/ibm-plex-sans-kr-33-400-normal-BEJcB5Pj.woff       14.40 kB
#30 2.611 dist/assets/ibm-plex-sans-kr-21-400-normal-Cv3FeIij.woff2      14.42 kB
#30 2.611 dist/assets/ibm-plex-sans-kr-108-400-normal-DbmD_Owd.woff2     14.42 kB
#30 2.611 dist/assets/ibm-plex-sans-kr-33-600-normal-Dk43PWfK.woff       14.43 kB
#30 2.611 dist/assets/ibm-plex-sans-kr-3-400-normal-01r-uCGK.woff        14.44 kB
#30 2.611 dist/assets/ibm-plex-sans-kr-3-600-normal-OOnXi3dj.woff        14.46 kB
#30 2.611 dist/assets/ibm-plex-sans-kr-3-500-normal-BF7AAfCm.woff        14.50 kB
#30 2.611 dist/assets/ibm-plex-sans-kr-33-400-normal-DOnua0XC.woff2      14.50 kB
#30 2.611 dist/assets/ibm-plex-sans-kr-24-400-normal-BCEQWDh5.woff2      14.51 kB
#30 2.611 dist/assets/ibm-plex-sans-kr-21-600-normal-CJHvMuEH.woff2      14.52 kB
#30 2.611 dist/assets/ibm-plex-sans-kr-109-400-normal-ChZ2CLi-.woff2     14.64 kB
#30 2.611 dist/assets/ibm-plex-sans-kr-9-500-normal-C3WEWxiq.woff2       14.66 kB
#30 2.611 dist/assets/ibm-plex-sans-kr-113-400-normal-CEDRAc_f.woff2     14.74 kB
#30 2.611 dist/assets/ibm-plex-sans-kr-29-400-normal-gP3qcvie.woff2      14.76 kB
#30 2.611 dist/assets/ibm-plex-sans-kr-29-600-normal-Dn9kzegM.woff2      14.76 kB
#30 2.611 dist/assets/ibm-plex-sans-kr-21-500-normal-Bq99UyTU.woff2      14.80 kB
#30 2.611 dist/assets/ibm-plex-sans-kr-19-600-normal-DcS6irVl.woff2      14.81 kB
#30 2.611 dist/assets/ibm-plex-sans-kr-21-400-normal-Dml5TFym.woff       14.82 kB
#30 2.611 dist/assets/ibm-plex-sans-kr-110-400-normal-DvUF8GMi.woff2     14.85 kB
#30 2.611 dist/assets/ibm-plex-sans-kr-111-400-normal-DaCXFUcH.woff2     14.87 kB
#30 2.611 dist/assets/ibm-plex-sans-kr-19-400-normal-CCVU2G9b.woff2      14.91 kB
#30 2.611 dist/assets/ibm-plex-sans-kr-32-500-normal-BFr0uy16.woff       14.92 kB
#30 2.611 dist/assets/ibm-plex-sans-kr-21-500-normal-DNGhvuIq.woff       14.93 kB
#30 2.611 dist/assets/ibm-plex-sans-kr-32-400-normal-GRBsq_TQ.woff       14.95 kB
#30 2.611 dist/assets/ibm-plex-sans-kr-29-600-normal-B0Nsm10J.woff       14.97 kB
#30 2.611 dist/assets/ibm-plex-sans-kr-32-600-normal-qBGKeeZh.woff       14.99 kB
#30 2.611 dist/assets/ibm-plex-sans-kr-32-400-normal-BkNndOiq.woff2      15.01 kB
#30 2.611 dist/assets/ibm-plex-sans-kr-33-600-normal-_9rnVtrt.woff2      15.04 kB
#30 2.611 dist/assets/ibm-plex-sans-kr-9-600-normal-DraA-1Zl.woff2       15.06 kB
#30 2.611 dist/assets/ibm-plex-sans-kr-4-500-normal-DYhdxHR-.woff2       15.07 kB
#30 2.611 dist/assets/ibm-plex-sans-kr-21-600-normal-ChXV0eBj.woff       15.10 kB
#30 2.611 dist/assets/ibm-plex-sans-kr-29-500-normal-BsGS2LIm.woff2      15.10 kB
#30 2.611 dist/assets/ibm-plex-sans-kr-latin-400-normal-Bc7vhvxM.woff2   15.11 kB
#30 2.611 dist/assets/ibm-plex-sans-kr-30-500-normal-C_KfcsGa.woff2      15.12 kB
#30 2.611 dist/assets/ibm-plex-sans-kr-29-400-normal-Dj7VksMf.woff       15.12 kB
#30 2.611 dist/assets/ibm-plex-sans-kr-30-600-normal-CHYuKtvD.woff       15.16 kB
#30 2.611 dist/assets/ibm-plex-sans-kr-4-600-normal-DP-OzMv8.woff2       15.16 kB
#30 2.611 dist/assets/ibm-plex-sans-kr-30-400-normal-D9W6fT0U.woff2      15.18 kB
#30 2.611 dist/assets/ibm-plex-sans-kr-26-400-normal-BnV7FV79.woff2      15.18 kB
#30 2.611 dist/assets/ibm-plex-sans-kr-17-600-normal-BeTmwP_K.woff2      15.22 kB
#30 2.611 dist/assets/ibm-plex-sans-kr-19-500-normal-lytT2cFM.woff2      15.24 kB
#30 2.611 dist/assets/ibm-plex-sans-kr-16-500-normal-CDsqjPM5.woff2      15.24 kB
#30 2.611 dist/assets/ibm-plex-sans-kr-30-500-normal-D4wCcu5D.woff       15.26 kB
#30 2.611 dist/assets/ibm-plex-sans-kr-3-400-normal-MpgNCYqt.woff2       15.28 kB
#30 2.611 dist/assets/ibm-plex-sans-kr-30-400-normal-4H84KBjL.woff       15.28 kB
#30 2.611 dist/assets/ibm-plex-sans-kr-32-500-normal-xYF7ztoJ.woff2      15.30 kB
#30 2.611 dist/assets/ibm-plex-sans-kr-115-500-normal-HzYFTBDK.woff2     15.31 kB
#30 2.611 dist/assets/ibm-plex-sans-kr-24-500-normal-xY0ze7De.woff2      15.31 kB
#30 2.611 dist/assets/ibm-plex-sans-kr-29-500-normal-DrYYhV-u.woff       15.34 kB
#30 2.611 dist/assets/ibm-plex-sans-kr-32-600-normal-Dc31ixSD.woff2      15.34 kB
#30 2.611 dist/assets/ibm-plex-sans-kr-33-500-normal-C9zC6FjO.woff2      15.34 kB
#30 2.611 dist/assets/ibm-plex-sans-kr-27-400-normal-B5ZhKYLO.woff2      15.44 kB
#30 2.611 dist/assets/ibm-plex-sans-kr-30-600-normal-DAX8ENIb.woff2      15.44 kB
#30 2.611 dist/assets/ibm-plex-sans-kr-116-600-normal-pwYieqoq.woff2     15.45 kB
#30 2.611 dist/assets/ibm-plex-sans-kr-24-600-normal-DyaIQrhK.woff2      15.50 kB
#30 2.611 dist/assets/ibm-plex-sans-kr-112-500-normal-CZCyW_ny.woff2     15.56 kB
#30 2.611 dist/assets/ibm-plex-sans-kr-latin-500-normal-DMi_vAK3.woff    15.58 kB
#30 2.611 dist/assets/ibm-plex-sans-kr-20-400-normal-2BRpmgCV.woff2      15.66 kB
#30 2.611 dist/assets/ibm-plex-sans-kr-116-500-normal-BARxh3Ni.woff2     15.67 kB
#30 2.611 dist/assets/ibm-plex-sans-kr-108-600-normal-Cz9v4gjx.woff2     15.69 kB
#30 2.611 dist/assets/ibm-plex-sans-kr-20-600-normal-CKeHRgKb.woff       15.69 kB
#30 2.611 dist/assets/ibm-plex-sans-kr-19-600-normal-w0hsbhoe.woff       15.70 kB
#30 2.611 dist/assets/ibm-plex-sans-kr-latin-600-normal-yks4z4wu.woff    15.72 kB
#30 2.611 dist/assets/ibm-plex-sans-kr-108-500-normal-CdP8F2Jv.woff2     15.77 kB
#30 2.611 dist/assets/ibm-plex-sans-kr-26-600-normal-BQpAkNz5.woff2      15.79 kB
#30 2.611 dist/assets/ibm-plex-sans-kr-115-600-normal-CokKDsRY.woff2     15.81 kB
#30 2.611 dist/assets/ibm-plex-sans-kr-19-400-normal-dcW_ilWW.woff       15.82 kB
#30 2.611 dist/assets/ibm-plex-sans-kr-112-600-normal-nFX-cMXi.woff2     15.84 kB
#30 2.611 dist/assets/ibm-plex-sans-kr-19-500-normal-33mABreN.woff       15.86 kB
#30 2.611 dist/assets/ibm-plex-sans-kr-20-400-normal-B2cWSh78.woff       15.86 kB
#30 2.611 dist/assets/ibm-plex-sans-kr-27-600-normal-C6bVD75P.woff2      15.92 kB
#30 2.611 dist/assets/ibm-plex-sans-kr-20-500-normal-CrfFBvwl.woff       15.93 kB
#30 2.611 dist/assets/ibm-plex-sans-kr-27-500-normal-Bqt-c90l.woff2      15.94 kB
#30 2.611 dist/assets/ibm-plex-sans-kr-107-500-normal-CywikKdj.woff2     16.02 kB
#30 2.611 dist/assets/ibm-plex-sans-kr-114-600-normal-CjRp-Iz4.woff2     16.05 kB
#30 2.611 dist/assets/ibm-plex-sans-kr-107-600-normal-Bj6Oga3u.woff2     16.12 kB
#30 2.611 dist/assets/ibm-plex-sans-kr-113-600-normal-Dhfyy0ky.woff2     16.14 kB
#30 2.611 dist/assets/ibm-plex-sans-kr-20-600-normal-CXFU6tjk.woff2      16.15 kB
#30 2.611 dist/assets/ibm-plex-sans-kr-110-600-normal-CisRgCMg.woff2     16.26 kB
#30 2.611 dist/assets/ibm-plex-sans-kr-114-500-normal-D4nP60kj.woff2     16.28 kB
#30 2.611 dist/assets/ibm-plex-sans-kr-latin-500-normal-2SdHzE3p.woff2   16.30 kB
#30 2.611 dist/assets/ibm-plex-sans-kr-110-500-normal-HZkWM0xD.woff2     16.34 kB
#30 2.611 dist/assets/ibm-plex-sans-kr-111-600-normal-DN6cN55_.woff2     16.34 kB
#30 2.611 dist/assets/ibm-plex-sans-kr-109-600-normal-BkGpNJKI.woff2     16.39 kB
#30 2.611 dist/assets/ibm-plex-sans-kr-113-500-normal-DJQiET6F.woff2     16.39 kB
#30 2.611 dist/assets/ibm-plex-sans-kr-111-500-normal-B2z91AWP.woff2     16.51 kB
#30 2.611 dist/assets/ibm-plex-sans-kr-20-500-normal-mnpVtiHU.woff2      16.53 kB
#30 2.611 dist/assets/ibm-plex-sans-kr-26-500-normal-DXCDkot3.woff2      16.57 kB
#30 2.611 dist/assets/ibm-plex-sans-kr-latin-600-normal-n-2PV5Ut.woff2   16.59 kB
#30 2.611 dist/assets/ibm-plex-sans-kr-16-600-normal-DloGa7SL.woff2      16.62 kB
#30 2.611 dist/assets/ibm-plex-sans-kr-109-500-normal-Dm0Ank3e.woff2     16.64 kB
#30 2.611 dist/assets/ibm-plex-sans-kr-3-500-normal-C-bo63NS.woff2       17.16 kB
#30 2.611 dist/assets/ibm-plex-sans-kr-3-600-normal-CuyoBBEp.woff2       17.65 kB
#30 2.611 dist/assets/index-CrW0DkzR.css                                258.66 kB │ gzip: 110.08 kB
#30 2.611 dist/assets/index-hvWVPMLq.js                                 440.17 kB │ gzip: 129.10 kB
#30 2.611 
#30 2.615 ✓ built in 312ms
#30 DONE 2.7s

#29 [rust-build 11/11] RUN --mount=type=cache,id=rx-solutions-registry,target=/usr/local/cargo/registry     --mount=type=cache,id=rx-solutions-release,target=/src/target     cargo build --release --locked --workspace && mkdir -p /out && cp target/release/rx-hostd target/release/rx-executor-service target/release/rx-process-compile target/release/rx-solutionsd target/release/rx-process-package target/release/rx-device-package /out/
#29 6.227    Compiling rx-protocol v0.1.0 (/src/sdk/crates/rx-protocol)
#29 11.49    Compiling rx-process v0.1.0 (/src/runtime/rx-process)
#29 13.96    Compiling rx-host v0.1.0 (/src/runtime/rx-host)
#29 24.94    Compiling rx-device-package v0.1.0 (/src/runtime/rx-device-package)
#29 29.09    Compiling rx-process-package v0.1.0 (/src/runtime/rx-process-package)
#29 31.91    Compiling rx-executor v0.1.0 (/src/runtime/rx-executor)
#29 87.40     Finished `release` profile [optimized] target(s) in 1m 27s
#29 DONE 87.5s

#31 [native-dependencies 5/8] RUN python3 /opt/rx/tools/materialize_package_manifests.py /opt/rx/input/package-manifests.json /workspace/dependencies
#31 CACHED

#32 [native-build 3/5] COPY tools/native_source_inventory.py /opt/rx/tools/native_source_inventory.py
#32 CACHED

#33 [native-audit 4/6] COPY native/support/ort_inspect.cpp /tmp/ort_inspect.cpp
#33 CACHED

#34 [native-build 5/5] RUN --network=none source /opt/ros/jazzy/setup.bash     && colcon list --base-paths src --names-only | sort > /opt/rx/manifests/native-source-packages.txt     && colcon build --base-paths src --executor sequential --merge-install        --install-base /opt/rx/robotis --cmake-args -DCMAKE_BUILD_TYPE=Release -DBUILD_TESTING=OFF -DCMAKE_AUTOGEN_PARALLEL=1 -DONNXRUNTIME_ROOT=/opt/onnxruntime     && cp src/source-lock.json /opt/rx/manifests/native-sources.json
#34 CACHED

#35 [native-dependencies 6/8] RUN mkdir -p /etc/ros/rosdep/sources.list.d &&     printf 'yaml https://raw.githubusercontent.com/ros/rosdistro/86ac06531559f070ce9ea5ad485714395336ec6f/rosdep/base.yaml\nyaml https://raw.githubusercontent.com/ros/rosdistro/86ac06531559f070ce9ea5ad485714395336ec6f/rosdep/python.yaml\n' > /etc/ros/rosdep/sources.list.d/20-default.list
#35 CACHED

#36 [native-build 1/5] WORKDIR /workspace
#36 CACHED

#37 [native-audit 6/6] RUN --network=none g++ -std=c++17 /tmp/ort_inspect.cpp -I/opt/onnxruntime/include -L/opt/onnxruntime/lib -Wl,-rpath,/opt/onnxruntime/lib -lonnxruntime -o /opt/rx/tools/ort-inspect     && source /opt/ros/jazzy/setup.bash && source /opt/rx/robotis/setup.bash     && python3 /opt/rx/tools/audit_native_install.py --catalog /opt/rx/manifests/robotis-support.v1.json --output /opt/rx/manifests/native-install-audit.json
#37 CACHED

#38 [native-dependencies 3/8] COPY --from=robotis /package-manifests.json /opt/rx/input/package-manifests.json
#38 CACHED

#39 [native-audit 1/6] COPY native/support/onnxruntime.conf /etc/ld.so.conf.d/rx-onnxruntime.conf
#39 CACHED

#40 [runtime  2/17] COPY dependencies/native-apt-locks /opt/rx/apt-locks
#40 CACHED

#41 [runtime  4/17] COPY --from=native-audit /opt/rx/robotis /opt/rx/robotis
#41 CACHED

#42 [native-dependencies 4/8] COPY tools/materialize_package_manifests.py /opt/rx/tools/materialize_package_manifests.py
#42 CACHED

#43 [runtime  1/17] COPY native/support/onnxruntime.conf /etc/ld.so.conf.d/rx-onnxruntime.conf
#43 CACHED

#44 [native-build 2/5] COPY --from=robotis / /workspace/src/
#44 CACHED

#45 [runtime  3/17] RUN ldconfig
#45 CACHED

#46 [native-audit 3/6] COPY tools/audit_native_install.py /opt/rx/tools/audit_native_install.py
#46 CACHED

#47 [native-audit 5/6] COPY catalogs/robotis-support.v1.json /opt/rx/manifests/robotis-support.v1.json
#47 CACHED

#48 [native-audit 2/6] RUN ldconfig
#48 CACHED

#49 [native-build 4/5] RUN python3 /opt/rx/tools/native_source_inventory.py /workspace/src
#49 CACHED

#50 [native-dependencies 8/8] RUN case "arm64" in       arm64) ORT_ARCH=aarch64; ORT_SHA=7c63c73560ed76b1fac6cff8204ffe34fe180e70d6582b5332ec094810241e5c ;;       amd64) ORT_ARCH=x64; ORT_SHA=1fa4dcaef22f6f7d5cd81b28c2800414350c10116f5fdd46a2160082551c5f9b ;;       *) exit 1 ;;     esac     && curl --fail --location --proto '=https' --tlsv1.2 "https://github.com/microsoft/onnxruntime/releases/download/v1.23.2/onnxruntime-linux-${ORT_ARCH}-1.23.2.tgz" -o /tmp/ort.tgz     && echo "${ORT_SHA}  /tmp/ort.tgz" | sha256sum --check     && mkdir -p /opt/onnxruntime     && tar -xzf /tmp/ort.tgz --strip-components=1 -C /opt/onnxruntime     && rm /tmp/ort.tgz
#50 CACHED

#51 [native-dependencies 2/8] RUN apt-get update && apt-get install -y --no-install-recommends     build-essential cmake ninja-build curl ca-certificates python3-colcon-common-extensions     python3-rosdep python3-yaml libyaml-cpp-dev libeigen3-dev     && rm -rf /var/lib/apt/lists/*
#51 CACHED

#52 [native-dependencies 7/8] RUN if [ ! -f /etc/ros/rosdep/sources.list.d/20-default.list ]; then rosdep init; fi     && rosdep update --rosdistro jazzy     && apt-get update     && rosdep install --from-paths /workspace/dependencies --ignore-src --rosdistro jazzy -y     && apt-get install -y --no-install-recommends ros-jazzy-rmw-zenoh-cpp     && mkdir -p /opt/rx/manifests     && dpkg-query -W -f='${Package}\t${Version}\t${Architecture}\n' | sort > /opt/rx/manifests/native-packages.tsv     && rm -rf /var/lib/apt/lists/*
#52 CACHED

#53 [runtime  5/17] COPY --from=native-audit /opt/rx/manifests /opt/rx/manifests
#53 CACHED

#54 [bt-build 2/3] COPY native/executor /executor/
#54 CACHED

#55 [bt-build 1/3] COPY --from=btcpp / /btcpp/
#55 CACHED

#56 [bt-build 3/3] RUN --network=none cmake -S /executor -B /bt-build -G Ninja -DCMAKE_BUILD_TYPE=Release -DBTCPP_SOURCE=/btcpp -DRX_BUILD_TEST_HARNESS=OFF     && cmake --build /bt-build --target rx-bt-engine -j1
#56 CACHED

#57 [runtime  6/17] COPY --from=rust-build /out/ /opt/rx/bin/
#57 DONE 0.0s

#58 [ros-jtc-build 1/3] COPY native/ros-jtc /ros-jtc/
#58 CACHED

#59 [ros-jtc-build 2/3] COPY catalogs/robotis-support.v1.json /catalogs/robotis-support.v1.json
#59 CACHED

#60 [ros-jtc-build 3/3] RUN --network=none source /opt/ros/jazzy/setup.bash     && cmake -S /ros-jtc -B /ros-jtc-build -G Ninja -DCMAKE_BUILD_TYPE=Release -DRX_CATALOG=/catalogs/robotis-support.v1.json     && cmake --build /ros-jtc-build --target rx-ros-jtc-bridge -j1
#60 CACHED

#61 [runtime  7/17] COPY --from=bt-build /bt-build/rx-bt-engine /opt/rx/bin/rx-bt-engine
#61 DONE 0.0s

#62 [runtime  8/17] COPY --from=ros-jtc-build /ros-jtc-build/rx-ros-jtc-bridge /opt/rx/bin/rx-ros-jtc-bridge
#62 DONE 0.0s

#63 [runtime  9/17] COPY --from=ui-build /src/dist/ /opt/rx/operator/
#63 DONE 0.0s

#64 [runtime 10/17] COPY catalogs /opt/rx/catalogs
#64 DONE 0.0s

#65 [runtime 11/17] COPY dependencies/native-stack.lock.json /opt/rx/manifests/native-stack.lock.json
#65 DONE 0.0s

#66 [runtime 12/17] COPY native/support/solutions_status.py /opt/rx/tools/solutions_status.py
#66 DONE 0.0s

#67 [runtime 13/17] COPY native/support/entrypoint.sh /opt/rx/entrypoint.sh
#67 DONE 0.0s

#68 [runtime 14/17] COPY tools/write_runtime_inventory.py /opt/rx/tools/write_runtime_inventory.py
#68 DONE 0.0s

#69 [runtime 15/17] RUN cmp /opt/rx/manifests/native-packages.tsv /opt/rx/apt-locks/arm64.tsv     && rm -rf /workspace/dependencies     && mkdir -p /var/lib/rx-solutions/ros-log /run/rx-solutions     && chown -R 10001:10001 /var/lib/rx-solutions /run/rx-solutions     && chmod 755 /opt/rx/entrypoint.sh     && python3 /opt/rx/tools/write_runtime_inventory.py
#69 DONE 0.2s

#70 [runtime 16/17] RUN mkdir -p /run/rx-host && chown 10001:10001 /run/rx-host
#70 DONE 0.1s

#71 [runtime 17/17] WORKDIR /var/lib/rx-solutions
#71 DONE 0.0s

#72 exporting to image
#72 exporting layers
#72 exporting layers 0.7s done
#72 exporting manifest sha256:70b6dc749c0839c5e82b155d588fca27da8331718284213b3b5681c30eae93ac done
#72 exporting config sha256:1c2b740d7b81b3c52ba23045254ceeb9a172810180578716ab0e617f8af41629 done
#72 exporting attestation manifest sha256:7747024cb50aecfcf2fa518d3f638bffea2b3438fad7df67af3ec194802ace1a done
#72 exporting manifest list sha256:8ff06042e87fec6accdd311a8ce68e442c1c16e728f4fc6d0c7bd10b74d0fd17 done
#72 naming to docker.io/library/rx-solutions:runtime-draft done
#72 unpacking to docker.io/library/rx-solutions:runtime-draft
#72 unpacking to docker.io/library/rx-solutions:runtime-draft 0.2s done
#72 DONE 1.1s
