#0 building with "desktop-linux" instance using docker driver

#1 [internal] load build definition from Platform.Dockerfile
#1 transferring dockerfile: 1.29kB done
#1 DONE 0.0s

#2 [internal] load metadata for docker.io/library/ubuntu:24.04@sha256:224a1869083a311ef3f13648a154ba79832fbef6364d31493642ca03082da254
#2 DONE 0.0s

#3 [internal] load metadata for docker.io/library/rust:1.98.1-bookworm@sha256:9a73a5088750b4c95158ab26629c854c3d6fc4b173cb7bc8079ad252d8ed7bfa
#3 DONE 0.0s

#4 [runtime 1/4] FROM docker.io/library/ubuntu:24.04@sha256:224a1869083a311ef3f13648a154ba79832fbef6364d31493642ca03082da254
#4 resolve docker.io/library/ubuntu:24.04@sha256:224a1869083a311ef3f13648a154ba79832fbef6364d31493642ca03082da254 done
#4 DONE 0.0s

#5 [build 1/8] FROM docker.io/library/rust:1.98.1-bookworm@sha256:9a73a5088750b4c95158ab26629c854c3d6fc4b173cb7bc8079ad252d8ed7bfa
#5 resolve docker.io/library/rust:1.98.1-bookworm@sha256:9a73a5088750b4c95158ab26629c854c3d6fc4b173cb7bc8079ad252d8ed7bfa done
#5 DONE 0.0s

#6 [internal] load build context
#6 transferring context: 26.38kB 0.0s done
#6 DONE 0.0s

#7 [build 2/8] WORKDIR /src
#7 CACHED

#8 [build 3/8] COPY Cargo.toml Cargo.lock ./
#8 CACHED

#9 [build 4/8] COPY crates ./crates
#9 DONE 0.0s

#10 [build 5/8] COPY proto ./proto
#10 DONE 0.0s

#11 [build 6/8] COPY spec ./spec
#11 DONE 0.0s

#12 [build 7/8] RUN mkdir -p /out
#12 DONE 0.1s

#13 [build 8/8] RUN --mount=type=cache,id=rx-platform-registry,target=/usr/local/cargo/registry     --mount=type=cache,id=rx-platform-release,target=/src/target     cargo build --release --locked -p rx-platformd && cp target/release/rx-platformd target/release/rx-package-store /out/
#13 0.226    Compiling rx-package v0.1.0 (/src/crates/rx-package)
#13 5.270    Compiling rx-platformd v0.1.0 (/src/crates/rx-platformd)
#13 57.55     Finished `release` profile [optimized] target(s) in 57.39s
#13 DONE 57.6s

#14 [runtime 2/4] RUN mkdir -p /etc/rx/platform /var/lib/rx /run/rx && chown 10001:10001 /var/lib/rx /run/rx
#14 CACHED

#15 [runtime 3/4] COPY --from=build /out/rx-platformd /out/rx-package-store /usr/local/bin/
#15 DONE 0.0s

#16 [runtime 4/4] WORKDIR /var/lib/rx
#16 DONE 0.0s

#17 exporting to image
#17 exporting layers
#17 exporting layers 0.4s done
#17 exporting manifest sha256:1808026b077d4a885633b51d7ef8c96f361e48c828540a94dbf8a8cd7f75b273 done
#17 exporting config sha256:fe70c4a7b78ab5b3ae26b7337a90e93f524cc9605019f89e17c4f10802c5ebab done
#17 exporting attestation manifest sha256:88e1f752e36821bb973513c48ad0c10b992b8a67500078ceb098d12ad0df92cc done
#17 exporting manifest list sha256:1099ef1872745067cf0f1430dc62cc59034e7f51b5f8a3bbe1de71711ce204b0 done
#17 naming to docker.io/library/rx-platform:runtime-draft done
#17 unpacking to docker.io/library/rx-platform:runtime-draft 0.1s done
#17 DONE 0.5s
