#0 building with "desktop-linux" instance using docker driver

#1 [internal] load build definition from Solutions.Dockerfile
#1 transferring dockerfile: 7.76kB 0.0s done
#1 DONE 0.1s

#2 [context btcpp] load .dockerignore
#2 transferring btcpp: 2B 0.0s done
#2 DONE 0.0s

#3 [context robotis] load .dockerignore
#3 transferring robotis: 2B 0.0s done
#3 DONE 0.1s

#4 [internal] load metadata for docker.io/library/node:26.5.0-bookworm-slim@sha256:2d49d876e96237d76de412761cf05dbfe5aee325cc4406a4d41d5824c5bb8beb
#4 ...

#5 [auth] library/ros:pull token for registry-1.docker.io
#5 DONE 0.0s

#6 [auth] library/node:pull token for registry-1.docker.io
#6 DONE 0.0s

#7 [auth] library/rust:pull token for registry-1.docker.io
#7 DONE 0.0s

#8 [internal] load metadata for docker.io/library/rust:1.98.1-bookworm@sha256:9a73a5088750b4c95158ab26629c854c3d6fc4b173cb7bc8079ad252d8ed7bfa
#8 DONE 1.8s

#9 [internal] load metadata for docker.io/library/ros:jazzy-ros-base@sha256:386d06ec6d4188f731bae5678e07b4cb64a4e4d4152090c0bd1f881dcf7706f5
#9 DONE 1.8s

#4 [internal] load metadata for docker.io/library/node:26.5.0-bookworm-slim@sha256:2d49d876e96237d76de412761cf05dbfe5aee325cc4406a4d41d5824c5bb8beb
#4 DONE 1.8s

#10 [ui-build 1/6] FROM docker.io/library/node:26.5.0-bookworm-slim@sha256:2d49d876e96237d76de412761cf05dbfe5aee325cc4406a4d41d5824c5bb8beb
#10 resolve docker.io/library/node:26.5.0-bookworm-slim@sha256:2d49d876e96237d76de412761cf05dbfe5aee325cc4406a4d41d5824c5bb8beb 0.0s done
#10 DONE 0.0s

#11 [rust-build 1/9] FROM docker.io/library/rust:1.98.1-bookworm@sha256:9a73a5088750b4c95158ab26629c854c3d6fc4b173cb7bc8079ad252d8ed7bfa
#11 resolve docker.io/library/rust:1.98.1-bookworm@sha256:9a73a5088750b4c95158ab26629c854c3d6fc4b173cb7bc8079ad252d8ed7bfa 0.0s done
#11 DONE 0.0s

#12 [native-dependencies 1/8] FROM docker.io/library/ros:jazzy-ros-base@sha256:386d06ec6d4188f731bae5678e07b4cb64a4e4d4152090c0bd1f881dcf7706f5
#12 resolve docker.io/library/ros:jazzy-ros-base@sha256:386d06ec6d4188f731bae5678e07b4cb64a4e4d4152090c0bd1f881dcf7706f5 0.0s done
#12 DONE 0.0s

#13 [context robotis] load from client
#13 transferring robotis: 45B 0.0s done
#13 DONE 0.0s

#14 [context btcpp] load from client
#14 transferring btcpp: 27.43kB 0.1s done
#14 DONE 0.1s

#15 [internal] load build context
#15 transferring context: 213.19kB 0.2s done
#15 DONE 0.3s

#16 [rust-build 2/9] WORKDIR /src
#16 CACHED

#17 [rust-build 3/9] COPY Cargo.toml Cargo.lock ./
#17 DONE 0.0s

#18 [rust-build 4/9] COPY sdk ./sdk
#18 DONE 0.2s

#19 [context robotis] load from client
#19 ...

#20 [rust-build 5/9] COPY runtime ./runtime
#20 DONE 0.2s

#21 [rust-build 6/9] COPY drivers ./drivers
#21 DONE 0.0s

#22 [rust-build 7/9] COPY catalogs ./catalogs
#22 DONE 0.0s

#23 [rust-build 8/9] COPY interfaces ./interfaces
#23 DONE 0.0s

#19 [context robotis] load from client
#19 transferring robotis: 349.07kB 1.2s done
#19 DONE 1.5s

#24 [rust-build 9/9] RUN --mount=type=cache,id=rx-solutions-registry,target=/usr/local/cargo/registry     --mount=type=cache,id=rx-solutions-release,target=/src/target     cargo build --release --locked --workspace && mkdir -p /out && cp target/release/rx-hostd target/release/rx-executor-service target/release/rx-process-compile target/release/rx-solutionsd target/release/rx-process-package /out/
#24 1.647    Compiling rx-melsec-mc v0.1.0 (/src/drivers/rx-melsec-mc)
#24 2.344    Compiling rx-host v0.1.0 (/src/runtime/rx-host)
#24 8.422    Compiling rx-process-package v0.1.0 (/src/runtime/rx-process-package)
#24 40.20     Finished `release` profile [optimized] target(s) in 39.57s
#24 DONE 40.3s

#25 [native-audit 2/6] RUN ldconfig
#25 CACHED

#26 [native-audit 3/6] COPY tools/audit_native_install.py /opt/rx/tools/audit_native_install.py
#26 CACHED

#27 [native-dependencies 6/8] RUN mkdir -p /etc/ros/rosdep/sources.list.d &&     printf 'yaml https://raw.githubusercontent.com/ros/rosdistro/86ac06531559f070ce9ea5ad485714395336ec6f/rosdep/base.yaml\nyaml https://raw.githubusercontent.com/ros/rosdistro/86ac06531559f070ce9ea5ad485714395336ec6f/rosdep/python.yaml\n' > /etc/ros/rosdep/sources.list.d/20-default.list
#27 CACHED

#28 [native-build 1/5] WORKDIR /workspace
#28 CACHED

#29 [native-dependencies 8/8] RUN case "arm64" in       arm64) ORT_ARCH=aarch64; ORT_SHA=7c63c73560ed76b1fac6cff8204ffe34fe180e70d6582b5332ec094810241e5c ;;       amd64) ORT_ARCH=x64; ORT_SHA=1fa4dcaef22f6f7d5cd81b28c2800414350c10116f5fdd46a2160082551c5f9b ;;       *) exit 1 ;;     esac     && curl --fail --location --proto '=https' --tlsv1.2 "https://github.com/microsoft/onnxruntime/releases/download/v1.23.2/onnxruntime-linux-${ORT_ARCH}-1.23.2.tgz" -o /tmp/ort.tgz     && echo "${ORT_SHA}  /tmp/ort.tgz" | sha256sum --check     && mkdir -p /opt/onnxruntime     && tar -xzf /tmp/ort.tgz --strip-components=1 -C /opt/onnxruntime     && rm /tmp/ort.tgz
#29 CACHED

#30 [native-build 2/5] COPY --from=robotis / /workspace/src/
#30 CACHED

#31 [native-build 3/5] COPY tools/native_source_inventory.py /opt/rx/tools/native_source_inventory.py
#31 CACHED

#32 [native-build 5/5] RUN --network=none source /opt/ros/jazzy/setup.bash     && colcon list --base-paths src --names-only | sort > /opt/rx/manifests/native-source-packages.txt     && colcon build --base-paths src --executor sequential --merge-install        --install-base /opt/rx/robotis --cmake-args -DCMAKE_BUILD_TYPE=Release -DBUILD_TESTING=OFF -DCMAKE_AUTOGEN_PARALLEL=1 -DONNXRUNTIME_ROOT=/opt/onnxruntime     && cp src/source-lock.json /opt/rx/manifests/native-sources.json
#32 CACHED

#33 [native-dependencies 5/8] RUN python3 /opt/rx/tools/materialize_package_manifests.py /opt/rx/input/package-manifests.json /workspace/dependencies
#33 CACHED

#34 [native-audit 1/6] COPY native/support/onnxruntime.conf /etc/ld.so.conf.d/rx-onnxruntime.conf
#34 CACHED

#35 [native-dependencies 7/8] RUN if [ ! -f /etc/ros/rosdep/sources.list.d/20-default.list ]; then rosdep init; fi     && rosdep update --rosdistro jazzy     && apt-get update     && rosdep install --from-paths /workspace/dependencies --ignore-src --rosdistro jazzy -y     && apt-get install -y --no-install-recommends ros-jazzy-rmw-zenoh-cpp     && mkdir -p /opt/rx/manifests     && dpkg-query -W -f='${Package}\t${Version}\t${Architecture}\n' | sort > /opt/rx/manifests/native-packages.tsv     && rm -rf /var/lib/apt/lists/*
#35 CACHED

#36 [native-build 4/5] RUN python3 /opt/rx/tools/native_source_inventory.py /workspace/src
#36 CACHED

#37 [native-audit 4/6] COPY native/support/ort_inspect.cpp /tmp/ort_inspect.cpp
#37 CACHED

#38 [native-dependencies 3/8] COPY --from=robotis /package-manifests.json /opt/rx/input/package-manifests.json
#38 CACHED

#39 [runtime  1/16] COPY native/support/onnxruntime.conf /etc/ld.so.conf.d/rx-onnxruntime.conf
#39 CACHED

#40 [runtime  2/16] COPY dependencies/native-apt-locks /opt/rx/apt-locks
#40 CACHED

#41 [native-dependencies 4/8] COPY tools/materialize_package_manifests.py /opt/rx/tools/materialize_package_manifests.py
#41 CACHED

#42 [runtime  3/16] RUN ldconfig
#42 CACHED

#43 [native-dependencies 2/8] RUN apt-get update && apt-get install -y --no-install-recommends     build-essential cmake ninja-build curl ca-certificates python3-colcon-common-extensions     python3-rosdep python3-yaml libyaml-cpp-dev libeigen3-dev     && rm -rf /var/lib/apt/lists/*
#43 CACHED

#44 [native-audit 5/6] COPY catalogs/robotis-support.v1.json /opt/rx/manifests/robotis-support.v1.json
#44 CACHED

#45 [runtime  4/16] COPY --from=native-audit /opt/rx/robotis /opt/rx/robotis
#45 CACHED

#46 [native-audit 6/6] RUN --network=none g++ -std=c++17 /tmp/ort_inspect.cpp -I/opt/onnxruntime/include -L/opt/onnxruntime/lib -Wl,-rpath,/opt/onnxruntime/lib -lonnxruntime -o /opt/rx/tools/ort-inspect     && source /opt/ros/jazzy/setup.bash && source /opt/rx/robotis/setup.bash     && python3 /opt/rx/tools/audit_native_install.py --catalog /opt/rx/manifests/robotis-support.v1.json --output /opt/rx/manifests/native-install-audit.json
#46 CACHED

#47 [runtime  5/16] COPY --from=native-audit /opt/rx/manifests /opt/rx/manifests
#47 CACHED

#48 [bt-build 1/3] COPY --from=btcpp / /btcpp/
#48 CACHED

#49 [bt-build 2/3] COPY native/executor /executor/
#49 CACHED

#50 [bt-build 3/3] RUN --network=none cmake -S /executor -B /bt-build -G Ninja -DCMAKE_BUILD_TYPE=Release -DBTCPP_SOURCE=/btcpp -DRX_BUILD_TEST_HARNESS=OFF     && cmake --build /bt-build --target rx-bt-engine -j1
#50 CACHED

#51 [ui-build 3/6] COPY apps/operator/package.json apps/operator/package-lock.json ./
#51 CACHED

#52 [ui-build 5/6] COPY apps/operator/ ./
#52 CACHED

#53 [ui-build 4/6] RUN npm ci
#53 CACHED

#54 [ui-build 2/6] WORKDIR /src
#54 CACHED

#55 [ui-build 6/6] RUN npm run build
#55 CACHED

#56 [runtime  6/16] COPY --from=rust-build /out/ /opt/rx/bin/
#56 DONE 0.0s

#57 [runtime  7/16] COPY --from=bt-build /bt-build/rx-bt-engine /opt/rx/bin/rx-bt-engine
#57 DONE 0.0s

#58 [runtime  8/16] COPY --from=ui-build /src/dist/ /opt/rx/operator/
#58 DONE 0.1s

#59 [runtime  9/16] COPY catalogs /opt/rx/catalogs
#59 DONE 0.0s

#60 [runtime 10/16] COPY dependencies/native-stack.lock.json /opt/rx/manifests/native-stack.lock.json
#60 DONE 0.0s

#61 [runtime 11/16] COPY native/support/solutions_status.py /opt/rx/tools/solutions_status.py
#61 DONE 0.0s

#62 [runtime 12/16] COPY native/support/entrypoint.sh /opt/rx/entrypoint.sh
#62 DONE 0.0s

#63 [runtime 13/16] COPY tools/write_runtime_inventory.py /opt/rx/tools/write_runtime_inventory.py
#63 DONE 0.0s

#64 [runtime 14/16] RUN cmp /opt/rx/manifests/native-packages.tsv /opt/rx/apt-locks/arm64.tsv     && rm -rf /workspace/dependencies     && mkdir -p /var/lib/rx-solutions/ros-log /run/rx-solutions     && chown -R 10001:10001 /var/lib/rx-solutions /run/rx-solutions     && chmod 755 /opt/rx/entrypoint.sh     && python3 /opt/rx/tools/write_runtime_inventory.py
#64 DONE 0.2s

#65 [runtime 15/16] RUN mkdir -p /run/rx-host && chown 10001:10001 /run/rx-host
#65 DONE 0.1s

#66 [runtime 16/16] WORKDIR /var/lib/rx-solutions
#66 DONE 0.0s

#67 exporting to image
#67 exporting layers
#67 exporting layers 0.7s done
#67 exporting manifest sha256:256a8d5ab3a1817f3329e24024c91dfb6db26034100a788896a8fb23b6a21543 done
#67 exporting config sha256:5d1b87f5ef245485932743a2103d7d78efaced3a067a7994ccfe059011159686 done
#67 exporting attestation manifest sha256:648875407ec28e2fcee20e09765eb915f34011b8b341ae0e77e13c983d76ddbb done
#67 exporting manifest list sha256:8965bbe58a98937f249ed29dd17f3419eb67b85e53b9b447bb149740e9a0f809 done
#67 naming to docker.io/library/rx-solutions:runtime-draft done
#67 unpacking to docker.io/library/rx-solutions:runtime-draft
#67 unpacking to docker.io/library/rx-solutions:runtime-draft 0.2s done
#67 DONE 0.9s
