   Compiling rx-host v0.1.0 (/rx/rx-solutions/runtime/rx-host)
    Finished `test` profile [unoptimized + debuginfo] target(s) in 14.50s
     Running tests/melsec.rs (/host-build/debug/deps/melsec-a62acf48d6304d05)

running 15 tests
test linux_real_boottime_adapter_observation_write_completion_and_drop ... ok
test melsec_crash_child ... ignored, executed only as an isolated child by the crash-boundary test
test abrupt_exit_at_native_commit_and_write_boundaries_never_replays ... ok
test lost_reply_and_new_process_never_resubmit_or_clear_pending ... ok
test actual_host_gate_journal_reconcile_evidence_and_stop_use_melsec_adapter ... ok
test corrupted_completion_record_is_not_adopted_as_historical_fact ... ok
test captured_original_session_survives_restart_but_uncaptured_ack_does_not ... ok
test already_satisfied_state_records_evidence_without_a_native_write ... ok
test final_native_read_after_journal_commit_rechecks_ready_without_resend ... ok
test final_read_within_transport_budget_but_beyond_guard_lifetime_cannot_write ... ok
test ack_is_pending_and_only_later_independent_sensor_observation_captures ... ok
test new_or_replaced_journal_and_mismatched_profile_are_rejected_without_native_io ... ok
test profile_and_intent_scope_fail_before_native_writes ... ok
test publication_generation_regression_stale_and_inconsistent_images_latch ... ok
test valid_support_does_not_imply_drop_permission_and_protection_does_not_release_chuck ... ok

test result: ok. 14 passed; 0 failed; 1 ignored; 0 measured; 0 filtered out; finished in 0.16s

