    Checking rx-application v0.1.0 (/Users/ojaehong/RX_automation/rx_ws/rx-platform/crates/rx-application)
    Checking rx-runtime v0.1.0 (/Users/ojaehong/RX_automation/rx_ws/rx-platform/crates/rx-runtime)
    Checking rx-protocol-adapter v0.1.0 (/Users/ojaehong/RX_automation/rx_ws/rx-platform/crates/rx-protocol-adapter)
    Checking rx-api v0.1.0 (/Users/ojaehong/RX_automation/rx_ws/rx-platform/crates/rx-api)
    Checking rx-host-client v0.1.0 (/Users/ojaehong/RX_automation/rx_ws/rx-platform/crates/rx-host-client)
error: the borrowed expression implements the required traits
   --> crates/rx-application/tests/support/host_recovery_tests.rs:725:21
    |
725 |                     &name("host/0"),
    |                     ^^^^^^^^^^^^^^^ help: change this to: `name("host/0")`
    |
    = help: for further information visit https://rust-lang.github.io/rust-clippy/rust-1.98.0/index.html#needless_borrows_for_generic_args
    = note: `-D clippy::needless-borrows-for-generic-args` implied by `-D warnings`
    = help: to override `-D warnings` add `#[allow(clippy::needless_borrows_for_generic_args)]`

error: the borrowed expression implements the required traits
   --> crates/rx-application/tests/support/host_recovery_tests.rs:737:21
    |
737 |                     &name("host/0"),
    |                     ^^^^^^^^^^^^^^^ help: change this to: `name("host/0")`
    |
    = help: for further information visit https://rust-lang.github.io/rust-clippy/rust-1.98.0/index.html#needless_borrows_for_generic_args

error: the borrowed expression implements the required traits
   --> crates/rx-application/tests/support/host_recovery_tests.rs:857:37
    |
857 |                 p::load(tx, "cell", &name("cell/b"), "rx.internal.cell.v1")?;
    |                                     ^^^^^^^^^^^^^^^ help: change this to: `name("cell/b")`
    |
    = help: for further information visit https://rust-lang.github.io/rust-clippy/rust-1.98.0/index.html#needless_borrows_for_generic_args

error: the borrowed expression implements the required traits
   --> crates/rx-application/tests/support/host_recovery_tests.rs:861:17
    |
861 |                 &name("cell/b"),
    |                 ^^^^^^^^^^^^^^^ help: change this to: `name("cell/b")`
    |
    = help: for further information visit https://rust-lang.github.io/rust-clippy/rust-1.98.0/index.html#needless_borrows_for_generic_args

error: the borrowed expression implements the required traits
   --> crates/rx-application/tests/support/host_recovery_tests.rs:895:17
    |
895 |                 &name("panel/main"),
    |                 ^^^^^^^^^^^^^^^^^^^ help: change this to: `name("panel/main")`
    |
    = help: for further information visit https://rust-lang.github.io/rust-clippy/rust-1.98.0/index.html#needless_borrows_for_generic_args

error: the borrowed expression implements the required traits
    --> crates/rx-application/tests/support/host_recovery_tests.rs:1338:17
     |
1338 |                 &name("panel/main"),
     |                 ^^^^^^^^^^^^^^^^^^^ help: change this to: `name("panel/main")`
     |
     = help: for further information visit https://rust-lang.github.io/rust-clippy/rust-1.98.0/index.html#needless_borrows_for_generic_args

error: could not compile `rx-application` (test "transactions") due to 6 previous errors
warning: build failed, waiting for other jobs to finish...
