   Compiling syn v3.0.5
   Compiling syn v2.0.119
   Compiling tokio-macros v2.7.2
   Compiling serde_derive v1.0.229
   Compiling tokio v1.53.1
   Compiling serde v1.0.229
   Compiling prost-derive v0.14.4
   Compiling tracing-attributes v0.1.31
   Compiling tracing v0.1.44
   Compiling tokio-util v0.7.19
   Compiling thiserror-impl v2.0.20
   Compiling serde_jcs v0.2.0
   Compiling thiserror v2.0.20
   Compiling h2 v0.4.19
   Compiling rx-domain v0.1.0 (/rx/rx-platform/crates/rx-domain)
   Compiling prost v0.14.4
   Compiling hyper v1.11.1
   Compiling prettyplease v0.2.37
   Compiling sync_wrapper v1.0.2
   Compiling hyper-util v0.1.20
   Compiling prost-types v0.14.4
   Compiling prost-build v0.14.4
   Compiling serde_urlencoded v0.7.1
   Compiling axum-core v0.5.6
   Compiling tower v0.5.3
   Compiling tonic-build v0.14.6
   Compiling pin-project-internal v1.1.13
   Compiling axum v0.8.9
   Compiling pin-project v1.1.13
   Compiling tonic-prost-build v0.14.6
   Compiling tokio-rustls v0.26.5
   Compiling hyper-timeout v0.5.2
   Compiling rx-ports v0.1.0 (/rx/rx-platform/crates/rx-ports)
   Compiling tokio-stream v0.1.19
   Compiling async-trait v0.1.92
   Compiling tonic v0.14.6
   Compiling rx-package v0.1.0 (/rx/rx-platform/crates/rx-package)
   Compiling rx-protocol v0.1.0 (/rx/rx-platform/crates/rx-protocol)
   Compiling rx-process-contract v0.1.0 (/rx/rx-platform/crates/rx-process-contract)
   Compiling rx-application v0.1.0 (/rx/rx-platform/crates/rx-application)
   Compiling prost-reflect v0.16.5
   Compiling tonic-prost v0.14.6
   Compiling rx-protocol-adapter v0.1.0 (/rx/rx-platform/crates/rx-protocol-adapter)
   Compiling rx-runtime v0.1.0 (/rx/rx-platform/crates/rx-runtime)
   Compiling rx-storage v0.1.0 (/rx/rx-platform/crates/rx-storage)
   Compiling rx-api v0.1.0 (/rx/rx-platform/crates/rx-api)
   Compiling rx-host-client v0.1.0 (/rx/rx-platform/crates/rx-host-client)
    Finished `test` profile [unoptimized + debuginfo] target(s) in 45.51s
     Running tests/configuration_e2e.rs (/rust-build/debug/deps/configuration_e2e-c4d4348550fede77)

running 1 test
test configuration_reply_loss_recovers_same_receipt_and_restarted_host_stays_unqualified ... ok

test result: ok. 1 passed; 0 failed; 0 ignored; 0 measured; 0 filtered out; finished in 0.29s

