#0 building with "desktop-linux" instance using docker driver

#1 [internal] load build definition from Platform.Dockerfile
#1 transferring dockerfile: 1.29kB done
#1 DONE 0.0s

#2 [internal] load metadata for docker.io/library/ubuntu:24.04@sha256:224a1869083a311ef3f13648a154ba79832fbef6364d31493642ca03082da254
#2 ...

#3 [auth] library/ubuntu:pull token for registry-1.docker.io
#3 DONE 0.0s

#4 [auth] library/rust:pull token for registry-1.docker.io
#4 DONE 0.0s

#5 [internal] load metadata for docker.io/library/rust:1.98.1-bookworm@sha256:9a73a5088750b4c95158ab26629c854c3d6fc4b173cb7bc8079ad252d8ed7bfa
#5 ...

#2 [internal] load metadata for docker.io/library/ubuntu:24.04@sha256:224a1869083a311ef3f13648a154ba79832fbef6364d31493642ca03082da254
#2 DONE 1.4s

#5 [internal] load metadata for docker.io/library/rust:1.98.1-bookworm@sha256:9a73a5088750b4c95158ab26629c854c3d6fc4b173cb7bc8079ad252d8ed7bfa
#5 DONE 1.4s

#6 [build 1/8] FROM docker.io/library/rust:1.98.1-bookworm@sha256:9a73a5088750b4c95158ab26629c854c3d6fc4b173cb7bc8079ad252d8ed7bfa
#6 resolve docker.io/library/rust:1.98.1-bookworm@sha256:9a73a5088750b4c95158ab26629c854c3d6fc4b173cb7bc8079ad252d8ed7bfa done
#6 DONE 0.0s

#7 [runtime 1/4] FROM docker.io/library/ubuntu:24.04@sha256:224a1869083a311ef3f13648a154ba79832fbef6364d31493642ca03082da254
#7 resolve docker.io/library/ubuntu:24.04@sha256:224a1869083a311ef3f13648a154ba79832fbef6364d31493642ca03082da254 0.0s done
#7 DONE 0.0s

#8 [internal] load build context
#8 transferring context: 542.85kB 0.0s done
#8 DONE 0.0s

#9 [build 2/8] WORKDIR /src
#9 CACHED

#10 [build 3/8] COPY Cargo.toml Cargo.lock ./
#10 CACHED

#11 [build 4/8] COPY crates ./crates
#11 DONE 0.1s

#12 [build 5/8] COPY proto ./proto
#12 DONE 0.0s

#13 [build 6/8] COPY spec ./spec
#13 DONE 0.0s

#14 [build 7/8] RUN mkdir -p /out
#14 DONE 0.1s

#15 [build 8/8] RUN --mount=type=cache,id=rx-platform-registry,target=/usr/local/cargo/registry     --mount=type=cache,id=rx-platform-release,target=/src/target     cargo build --release --locked -p rx-platformd && cp target/release/rx-platformd target/release/rx-package-store /out/
#15 0.524    Compiling rx-application v0.1.0 (/src/crates/rx-application)
#15 16.37    Compiling rx-protocol-adapter v0.1.0 (/src/crates/rx-protocol-adapter)
#15 17.37    Compiling rx-runtime v0.1.0 (/src/crates/rx-runtime)
#15 19.14    Compiling rx-api v0.1.0 (/src/crates/rx-api)
#15 31.86    Compiling rx-host-client v0.1.0 (/src/crates/rx-host-client)
#15 35.67    Compiling rx-platformd v0.1.0 (/src/crates/rx-platformd)
#15 82.70     Finished `release` profile [optimized] target(s) in 1m 22s
#15 DONE 82.7s

#16 [runtime 2/4] RUN mkdir -p /etc/rx/platform /var/lib/rx /run/rx && chown 10001:10001 /var/lib/rx /run/rx
#16 CACHED

#17 [runtime 3/4] COPY --from=build /out/rx-platformd /out/rx-package-store /usr/local/bin/
#17 DONE 0.0s

#18 [runtime 4/4] WORKDIR /var/lib/rx
#18 DONE 0.0s

#19 exporting to image
#19 exporting layers
#19 exporting layers 0.4s done
#19 exporting manifest sha256:987f5288312b64c8f8212d54ced9d4bbd3f9809caa80e3225952c9ec65c6ce40 done
#19 exporting config sha256:6bae823d8916313e624e9f8c287ceede05264ea5c29faac69ac23561d241241e done
#19 exporting attestation manifest sha256:6d9b571829c31fb121708ea883a1defaccaf222dacb2440e9412326a4d5a503c done
#19 exporting manifest list sha256:b5fe08f4d1a26526025e4924861f0ade9eb93b60c52a85dee78e88238f8154c8 done
#19 naming to docker.io/library/rx-platform:runtime-draft done
#19 unpacking to docker.io/library/rx-platform:runtime-draft 0.1s done
#19 DONE 0.5s
