    Checking rx-solution-catalog v0.1.0 (/Users/ojaehong/RX_automation/rx_ws/rx-solutions/runtime/rx-solution-catalog)
   Compiling rx-host v0.1.0 (/Users/ojaehong/RX_automation/rx_ws/rx-solutions/runtime/rx-host)
   Compiling rx-protocol v0.1.0 (/Users/ojaehong/RX_automation/rx_ws/rx-solutions/sdk/crates/rx-protocol)
    Checking rx-process v0.1.0 (/Users/ojaehong/RX_automation/rx_ws/rx-solutions/runtime/rx-process)
    Checking rx-supervisor v0.1.0 (/Users/ojaehong/RX_automation/rx_ws/rx-solutions/runtime/rx-supervisor)
error: this `if` statement can be collapsed
   --> runtime/rx-supervisor/src/plan.rs:114:9
    |
114 | /         if let ReadyProbe::HttpStatus { port_parameter } = &p.ready {
115 | |             if !matches!(p.arguments.get(port_parameter), Some(Argument::Port { .. })) {
116 | |                 return Err(Error::Invalid("readiness port binding".into()));
117 | |             }
118 | |         }
    | |_________^
    |
    = help: for further information visit https://rust-lang.github.io/rust-clippy/rust-1.98.0/index.html#collapsible_if
    = note: `-D clippy::collapsible-if` implied by `-D warnings`
    = help: to override `-D warnings` add `#[allow(clippy::collapsible_if)]`
help: collapse nested if block
    |
114 ~         if let ReadyProbe::HttpStatus { port_parameter } = &p.ready
115 ~             && !matches!(p.arguments.get(port_parameter), Some(Argument::Port { .. })) {
116 |                 return Err(Error::Invalid("readiness port binding".into()));
117 ~             }
    |

error: this `if` statement can be collapsed
   --> runtime/rx-supervisor/src/supervisor.rs:202:13
    |
202 | /             if let Some(instance) = &record.instance {
203 | |                 if matches!(
204 | |                     record.phase,
205 | |                     Phase::Starting | Phase::ProcessReady | Phase::Unready | Phase::StopRequested
...   |
231 | |             }
    | |_____________^
    |
    = help: for further information visit https://rust-lang.github.io/rust-clippy/rust-1.98.0/index.html#collapsible_if
help: collapse nested if block
    |
202 ~             if let Some(instance) = &record.instance
203 ~                 && matches!(
204 |                     record.phase,
...
229 |                     }
230 ~                 }
    |

error: could not compile `rx-supervisor` (lib) due to 2 previous errors
warning: build failed, waiting for other jobs to finish...
error: could not compile `rx-supervisor` (lib test) due to 2 previous errors
