    Checking tokio v1.53.1
    Checking tokio-util v0.7.19
    Checking tokio-rustls v0.26.5
    Checking tokio-stream v0.1.19
    Checking h2 v0.4.19
    Checking tower v0.5.3
    Checking axum v0.8.9
    Checking hyper v1.11.1
    Checking hyper-util v0.1.20
    Checking hyper-timeout v0.5.2
    Checking tonic v0.14.6
    Checking tonic-prost v0.14.6
    Checking rx-protocol v0.1.0 (/Users/ojaehong/RX_automation/rx_ws/rx-solutions/sdk/crates/rx-protocol)
    Checking rx-executor v0.1.0 (/Users/ojaehong/RX_automation/rx_ws/rx-solutions/runtime/rx-executor)
error[E0308]: mismatched types
  --> runtime/rx-executor/src/journal/lifecycle.rs:43:17
   |
43 |                 revision,
   |                 ^^^^^^^^ expected `Counter`, found `Record`

error[E0308]: mismatched types
  --> runtime/rx-executor/src/journal/lifecycle.rs:55:57
   |
55 |                 return Err(StoreError::RevisionConflict(stop_key()));
   |                            ---------------------------- ^^^^^^^^^^ expected `String`, found `Name`
   |                            |
   |                            arguments to this enum variant are incorrect
   |
note: tuple variant defined here
  --> sdk/crates/rx-ports/src/lib.rs:16:5
   |
16 |     RevisionConflict(String),
   |     ^^^^^^^^^^^^^^^^
help: try using a conversion method
   |
55 |                 return Err(StoreError::RevisionConflict(stop_key().to_string()));
   |                                                                   ++++++++++++

error[E0308]: mismatched types
  --> runtime/rx-executor/src/journal/lifecycle.rs:64:16
   |
64 |             Ok(revision)
   |             -- ^^^^^^^^ expected `Counter`, found `Record`
   |             |
   |             arguments to this enum variant are incorrect
   |
help: the type constructed contains `rx_ports::Record` due to the type of the argument passed
  --> runtime/rx-executor/src/journal/lifecycle.rs:64:13
   |
64 |             Ok(revision)
   |             ^^^--------^
   |                |
   |                this argument influences the type of `Ok`
note: tuple variant defined here
  --> /rustc/48a229ceaefd4985c50990b14116b6d856af0985/library/core/src/result.rs:561:4

For more information about this error, try `rustc --explain E0308`.
error: could not compile `rx-executor` (lib) due to 3 previous errors
