#0 building with "desktop-linux" instance using docker driver

#1 [internal] load build definition from Platform.Dockerfile
#1 transferring dockerfile: 1.26kB done
#1 DONE 0.0s

#2 [internal] load metadata for docker.io/library/ubuntu:24.04@sha256:224a1869083a311ef3f13648a154ba79832fbef6364d31493642ca03082da254
#2 ...

#3 [auth] library/rust:pull token for registry-1.docker.io
#3 DONE 0.0s

#4 [auth] library/ubuntu:pull token for registry-1.docker.io
#4 DONE 0.0s

#5 [internal] load metadata for docker.io/library/rust:1.98.1-bookworm@sha256:9a73a5088750b4c95158ab26629c854c3d6fc4b173cb7bc8079ad252d8ed7bfa
#5 ...

#2 [internal] load metadata for docker.io/library/ubuntu:24.04@sha256:224a1869083a311ef3f13648a154ba79832fbef6364d31493642ca03082da254
#2 DONE 2.1s

#5 [internal] load metadata for docker.io/library/rust:1.98.1-bookworm@sha256:9a73a5088750b4c95158ab26629c854c3d6fc4b173cb7bc8079ad252d8ed7bfa
#5 DONE 2.1s

#6 [internal] load build context
#6 transferring context: 1.80MB 0.0s done
#6 DONE 0.1s

#7 [runtime 1/4] FROM docker.io/library/ubuntu:24.04@sha256:224a1869083a311ef3f13648a154ba79832fbef6364d31493642ca03082da254
#7 resolve docker.io/library/ubuntu:24.04@sha256:224a1869083a311ef3f13648a154ba79832fbef6364d31493642ca03082da254 0.0s done
#7 sha256:9332cde1e07015fd0f14e769fc74ea901a957e3f62a76de66638f99854867dd2 0B / 28.94MB 0.2s
#7 sha256:9332cde1e07015fd0f14e769fc74ea901a957e3f62a76de66638f99854867dd2 7.34MB / 28.94MB 0.3s
#7 sha256:9332cde1e07015fd0f14e769fc74ea901a957e3f62a76de66638f99854867dd2 12.58MB / 28.94MB 0.5s
#7 sha256:9332cde1e07015fd0f14e769fc74ea901a957e3f62a76de66638f99854867dd2 17.83MB / 28.94MB 0.6s
#7 sha256:9332cde1e07015fd0f14e769fc74ea901a957e3f62a76de66638f99854867dd2 19.92MB / 28.94MB 0.8s
#7 sha256:9332cde1e07015fd0f14e769fc74ea901a957e3f62a76de66638f99854867dd2 22.02MB / 28.94MB 0.9s
#7 sha256:9332cde1e07015fd0f14e769fc74ea901a957e3f62a76de66638f99854867dd2 24.12MB / 28.94MB 1.2s
#7 sha256:9332cde1e07015fd0f14e769fc74ea901a957e3f62a76de66638f99854867dd2 26.21MB / 28.94MB 2.1s
#7 sha256:9332cde1e07015fd0f14e769fc74ea901a957e3f62a76de66638f99854867dd2 28.31MB / 28.94MB 3.6s
#7 sha256:9332cde1e07015fd0f14e769fc74ea901a957e3f62a76de66638f99854867dd2 28.94MB / 28.94MB 4.1s done
#7 extracting sha256:9332cde1e07015fd0f14e769fc74ea901a957e3f62a76de66638f99854867dd2
#7 extracting sha256:9332cde1e07015fd0f14e769fc74ea901a957e3f62a76de66638f99854867dd2 0.6s done
#7 DONE 4.7s

#8 [build 1/8] FROM docker.io/library/rust:1.98.1-bookworm@sha256:9a73a5088750b4c95158ab26629c854c3d6fc4b173cb7bc8079ad252d8ed7bfa
#8 resolve docker.io/library/rust:1.98.1-bookworm@sha256:9a73a5088750b4c95158ab26629c854c3d6fc4b173cb7bc8079ad252d8ed7bfa 0.0s done
#8 sha256:df8fe434ff680a26b9e7ef5bf768dce7b45822269aeb251afc29ec66eed39a75 37.75MB / 182.04MB 4.7s
#8 sha256:9873f9cf3f97d8317bea39be5130389ca496910902e4c4327c227d606b57511d 203.19MB / 203.19MB 4.2s done
#8 sha256:742d423df6ec83a05afd11c678f055935985f615115c46681d670810438c3732 64.50MB / 64.50MB 3.1s done
#8 sha256:7fea2228218a869ae6619766dc4aae2d5e251700ebac01541d63cafea4bc7fc7 23.63MB / 23.63MB 1.0s done
#8 sha256:db86109db3a878cad2671ab822c9b43afbab6a5e1a67658d760dc0b15e7b75d5 26.21MB / 48.38MB 0.8s
#8 sha256:db86109db3a878cad2671ab822c9b43afbab6a5e1a67658d760dc0b15e7b75d5 33.55MB / 48.38MB 0.9s
#8 ...

#9 [runtime 2/4] RUN mkdir -p /etc/rx/platform /var/lib/rx /run/rx && chown 10001:10001 /var/lib/rx /run/rx
#9 DONE 0.4s

#8 [build 1/8] FROM docker.io/library/rust:1.98.1-bookworm@sha256:9a73a5088750b4c95158ab26629c854c3d6fc4b173cb7bc8079ad252d8ed7bfa
#8 sha256:df8fe434ff680a26b9e7ef5bf768dce7b45822269aeb251afc29ec66eed39a75 49.28MB / 182.04MB 5.0s
#8 sha256:db86109db3a878cad2671ab822c9b43afbab6a5e1a67658d760dc0b15e7b75d5 38.80MB / 48.38MB 1.1s
#8 sha256:db86109db3a878cad2671ab822c9b43afbab6a5e1a67658d760dc0b15e7b75d5 45.09MB / 48.38MB 1.2s
#8 sha256:df8fe434ff680a26b9e7ef5bf768dce7b45822269aeb251afc29ec66eed39a75 72.35MB / 182.04MB 5.4s
#8 sha256:db86109db3a878cad2671ab822c9b43afbab6a5e1a67658d760dc0b15e7b75d5 48.38MB / 48.38MB 1.3s done
#8 extracting sha256:db86109db3a878cad2671ab822c9b43afbab6a5e1a67658d760dc0b15e7b75d5
#8 sha256:df8fe434ff680a26b9e7ef5bf768dce7b45822269aeb251afc29ec66eed39a75 83.89MB / 182.04MB 5.6s
#8 sha256:df8fe434ff680a26b9e7ef5bf768dce7b45822269aeb251afc29ec66eed39a75 97.52MB / 182.04MB 5.7s
#8 sha256:df8fe434ff680a26b9e7ef5bf768dce7b45822269aeb251afc29ec66eed39a75 110.36MB / 182.04MB 5.9s
#8 sha256:df8fe434ff680a26b9e7ef5bf768dce7b45822269aeb251afc29ec66eed39a75 123.60MB / 182.04MB 6.0s
#8 sha256:df8fe434ff680a26b9e7ef5bf768dce7b45822269aeb251afc29ec66eed39a75 135.27MB / 182.04MB 6.2s
#8 sha256:df8fe434ff680a26b9e7ef5bf768dce7b45822269aeb251afc29ec66eed39a75 147.85MB / 182.04MB 6.3s
#8 extracting sha256:db86109db3a878cad2671ab822c9b43afbab6a5e1a67658d760dc0b15e7b75d5 0.9s done
#8 extracting sha256:7fea2228218a869ae6619766dc4aae2d5e251700ebac01541d63cafea4bc7fc7
#8 sha256:df8fe434ff680a26b9e7ef5bf768dce7b45822269aeb251afc29ec66eed39a75 161.48MB / 182.04MB 6.5s
#8 sha256:df8fe434ff680a26b9e7ef5bf768dce7b45822269aeb251afc29ec66eed39a75 173.02MB / 182.04MB 6.6s
#8 extracting sha256:7fea2228218a869ae6619766dc4aae2d5e251700ebac01541d63cafea4bc7fc7 0.3s done
#8 extracting sha256:742d423df6ec83a05afd11c678f055935985f615115c46681d670810438c3732
#8 sha256:df8fe434ff680a26b9e7ef5bf768dce7b45822269aeb251afc29ec66eed39a75 182.04MB / 182.04MB 6.8s done
#8 extracting sha256:742d423df6ec83a05afd11c678f055935985f615115c46681d670810438c3732 0.8s done
#8 DONE 7.4s

#8 [build 1/8] FROM docker.io/library/rust:1.98.1-bookworm@sha256:9a73a5088750b4c95158ab26629c854c3d6fc4b173cb7bc8079ad252d8ed7bfa
#8 extracting sha256:9873f9cf3f97d8317bea39be5130389ca496910902e4c4327c227d606b57511d
#8 extracting sha256:9873f9cf3f97d8317bea39be5130389ca496910902e4c4327c227d606b57511d 2.2s done
#8 DONE 9.6s

#8 [build 1/8] FROM docker.io/library/rust:1.98.1-bookworm@sha256:9a73a5088750b4c95158ab26629c854c3d6fc4b173cb7bc8079ad252d8ed7bfa
#8 extracting sha256:df8fe434ff680a26b9e7ef5bf768dce7b45822269aeb251afc29ec66eed39a75
#8 extracting sha256:df8fe434ff680a26b9e7ef5bf768dce7b45822269aeb251afc29ec66eed39a75 2.2s done
#8 DONE 11.8s

#10 [build 2/8] WORKDIR /src
#10 DONE 0.1s

#11 [build 3/8] COPY Cargo.toml Cargo.lock ./
#11 DONE 0.0s

#12 [build 4/8] COPY crates ./crates
#12 DONE 0.0s

#13 [build 5/8] COPY proto ./proto
#13 DONE 0.0s

#14 [build 6/8] COPY spec ./spec
#14 DONE 0.0s

#15 [build 7/8] RUN mkdir -p /out
#15 DONE 0.2s

#16 [build 8/8] RUN --mount=type=cache,id=rx-platform-registry,target=/usr/local/cargo/registry     --mount=type=cache,id=rx-platform-release,target=/src/target     cargo build --release --locked -p rx-platformd && cp target/release/rx-platformd /out/rx-platformd
#16 0.193     Updating crates.io index
#16 2.088  Downloading crates ...
#16 2.125   Downloaded axum-core v0.5.6
#16 2.129   Downloaded aho-corasick v1.1.5
#16 2.132   Downloaded anyhow v1.0.104
#16 2.133   Downloaded base64 v0.22.1
#16 2.135   Downloaded cfg-if v1.0.4
#16 2.135   Downloaded base64ct v1.8.3
#16 2.136   Downloaded fallible-streaming-iterator v0.1.9
#16 2.137   Downloaded getrandom v0.2.17
#16 2.138   Downloaded fnv v1.0.7
#16 2.138   Downloaded errno v0.3.14
#16 2.139   Downloaded hashbrown v0.17.1
#16 2.141   Downloaded password-hash v0.5.0
#16 2.141   Downloaded futures-core v0.3.34
#16 2.142   Downloaded itoa v1.0.18
#16 2.142   Downloaded block-buffer v0.10.4
#16 2.143   Downloaded find-msvc-tools v0.1.12
#16 2.143   Downloaded cpufeatures v0.2.17
#16 2.144   Downloaded equivalent v1.0.2
#16 2.144   Downloaded either v1.18.0
#16 2.145   Downloaded httpdate v1.0.3
#16 2.146   Downloaded form_urlencoded v1.2.2
#16 2.146   Downloaded powerfmt v0.2.0
#16 2.147   Downloaded crypto-common v0.1.7
#16 2.147   Downloaded foldhash v0.1.5
#16 2.147   Downloaded rusqlite v0.40.2
#16 2.151   Downloaded quote v1.0.47
#16 2.152   Downloaded http-body v1.1.0
#16 2.152   Downloaded prettyplease v0.2.37
#16 2.156   Downloaded generic-array v0.14.7
#16 2.157   Downloaded deranged v0.5.8
#16 2.158   Downloaded digest v0.10.7
#16 2.159   Downloaded serde_jcs v0.2.0
#16 2.160   Downloaded proc-macro2 v1.0.107
#16 2.162   Downloaded futures-sink v0.3.34
#16 2.162   Downloaded foldhash v0.2.0
#16 2.163   Downloaded pin-project-internal v1.1.13
#16 2.164   Downloaded serde_derive v1.0.229
#16 2.165   Downloaded version_check v0.9.5
#16 2.165   Downloaded tonic-build v0.14.6
#16 2.166   Downloaded prost-types v0.14.4
#16 2.166   Downloaded atomic-waker v1.1.2
#16 2.167   Downloaded untrusted v0.9.0
#16 2.168   Downloaded serde_path_to_error v0.1.20
#16 2.169   Downloaded percent-encoding v2.3.2
#16 2.170   Downloaded ipnet v2.12.2
#16 2.171   Downloaded heck v0.5.0
#16 2.172   Downloaded protoc-bin-vendored v3.2.0
#16 2.172   Downloaded tonic-prost-build v0.14.6
#16 2.173   Downloaded pin-project-lite v0.2.17
#16 2.177   Downloaded prost-build v0.14.4
#16 2.179   Downloaded subtle v2.6.1
#16 2.180   Downloaded tonic-prost v0.14.6
#16 2.181   Downloaded hyper-timeout v0.5.2
#16 2.182   Downloaded bitflags v2.13.2
#16 2.185   Downloaded itertools v0.14.0
#16 2.190   Downloaded want v0.3.1
#16 2.191   Downloaded multimap v0.10.1
#16 2.191   Downloaded num-conv v0.2.2
#16 2.192   Downloaded smallvec v1.16.0
#16 2.192   Downloaded mime v0.3.17
#16 2.193   Downloaded async-trait v0.1.92
#16 2.194   Downloaded fallible-iterator v0.3.0
#16 2.195   Downloaded try-lock v0.2.5
#16 2.195   Downloaded bytes v1.12.1
#16 2.197   Downloaded rand_core v0.6.4
#16 2.198   Downloaded sync_wrapper v1.0.2
#16 2.198   Downloaded fixedbitset v0.5.7
#16 2.199   Downloaded futures-task v0.3.34
#16 2.199   Downloaded tower-service v0.3.3
#16 2.200   Downloaded time-core v0.1.9
#16 2.200   Downloaded rand_core v0.10.1
#16 2.201   Downloaded matchit v0.8.4
#16 2.202   Downloaded blake2 v0.10.6
#16 2.203   Downloaded hashlink v0.12.2
#16 2.204   Downloaded argon2 v0.5.3
#16 2.205   Downloaded prost-derive v0.14.4
#16 2.205   Downloaded http-body-util v0.1.5
#16 2.206   Downloaded pkg-config v0.3.34
#16 2.207   Downloaded fastrand v2.5.0
#16 2.208   Downloaded tokio-macros v2.7.2
#16 2.208   Downloaded serde_urlencoded v0.7.1
#16 2.209   Downloaded tower-layer v0.3.3
#16 2.209   Downloaded prost v0.14.4
#16 2.211   Downloaded once_cell v1.21.4
#16 2.213   Downloaded pulldown-cmark-to-cmark v22.0.1
#16 2.215   Downloaded httparse v1.10.1
#16 2.217   Downloaded thiserror v2.0.20
#16 2.221   Downloaded rustls-pki-types v1.15.1
#16 2.222   Downloaded getrandom v0.4.3
#16 2.224   Downloaded pin-project v1.1.13
#16 2.230   Downloaded log v0.4.34
#16 2.231   Downloaded tokio-rustls v0.26.5
#16 2.232   Downloaded thiserror-impl v2.0.20
#16 2.233   Downloaded futures-channel v0.3.34
#16 2.234   Downloaded memchr v2.8.3
#16 2.237   Downloaded unicase v2.9.0
#16 2.237   Downloaded slab v0.4.12
#16 2.238   Downloaded indexmap v2.14.2
#16 2.241   Downloaded zeroize v1.9.0
#16 2.241   Downloaded zmij v1.0.23
#16 2.243   Downloaded shlex v2.0.1
#16 2.244   Downloaded hyper-util v0.1.20
#16 2.249   Downloaded mio v1.2.3
#16 2.254   Downloaded cc v1.4.5
#16 2.258   Downloaded time-macros v0.2.32
#16 2.260   Downloaded signal-hook-registry v1.4.8
#16 2.261   Downloaded http v1.5.0
#16 2.267   Downloaded tracing-attributes v0.1.31
#16 2.271   Downloaded prost-reflect v0.16.5
#16 2.282   Downloaded sha2 v0.10.9
#16 2.284   Downloaded ryu-js v0.2.2
#16 2.287   Downloaded tempfile v3.27.0
#16 2.288   Downloaded ryu v1.0.23
#16 2.291   Downloaded serde_json v1.0.151
#16 2.300   Downloaded tokio-stream v0.1.19
#16 2.306   Downloaded axum v0.8.9
#16 2.317   Downloaded pulldown-cmark v0.13.4
#16 2.328   Downloaded regex v1.13.1
#16 2.333   Downloaded hashbrown v0.15.5
#16 2.337   Downloaded unicode-ident v1.0.24
#16 2.341   Downloaded tracing-core v0.1.36
#16 2.342   Downloaded socket2 v0.6.5
#16 2.348   Downloaded hyper v1.11.1
#16 2.357   Downloaded futures-util v0.3.34
#16 2.368   Downloaded serde_core v1.0.229
#16 2.372   Downloaded uuid v1.26.1
#16 2.380   Downloaded h2 v0.4.19
#16 2.388   Downloaded rustls-webpki v0.103.15
#16 2.391   Downloaded serde v1.0.229
#16 2.395   Downloaded tonic v0.14.6
#16 2.402   Downloaded typenum v1.20.1
#16 2.407   Downloaded tower v0.5.3
#16 2.415   Downloaded tokio-util v0.7.19
#16 2.421   Downloaded regex-syntax v0.8.11
#16 2.429   Downloaded vcpkg v0.2.15
#16 2.460   Downloaded time v0.3.55
#16 2.470   Downloaded syn v2.0.119
#16 2.478   Downloaded syn v3.0.5
#16 2.493   Downloaded rustix v1.1.4
#16 2.518   Downloaded rustls v0.23.44
#16 2.529   Downloaded regex-automata v0.4.18
#16 2.543   Downloaded tracing v0.1.44
#16 2.570   Downloaded tokio v1.53.1
#16 2.611   Downloaded petgraph v0.8.3
#16 2.633   Downloaded libc v0.2.189
#16 2.679   Downloaded ring v0.17.14
#16 2.708   Downloaded protoc-bin-vendored-macos-aarch_64 v3.2.0
#16 2.739   Downloaded protoc-bin-vendored-macos-x86_64 v3.2.0
#16 2.769   Downloaded linux-raw-sys v0.12.1
#16 2.819   Downloaded protoc-bin-vendored-linux-aarch_64 v3.2.0
#16 2.845   Downloaded protoc-bin-vendored-win32 v3.2.0
#16 2.879   Downloaded protoc-bin-vendored-linux-x86_64 v3.2.0
#16 2.905   Downloaded protoc-bin-vendored-linux-ppcle_64 v3.2.0
#16 2.930   Downloaded protoc-bin-vendored-linux-x86_32 v3.2.0
#16 2.952   Downloaded protoc-bin-vendored-linux-s390_64 v3.2.0
#16 3.009   Downloaded libsqlite3-sys v0.38.2
#16 3.123    Compiling proc-macro2 v1.0.107
#16 3.438    Compiling unicode-ident v1.0.24
#16 3.469    Compiling quote v1.0.47
#16 3.887    Compiling libc v0.2.189
#16 4.398    Compiling syn v3.0.5
#16 5.690    Compiling syn v2.0.119
#16 7.178    Compiling version_check v0.9.5
#16 7.265    Compiling generic-array v0.14.7
#16 7.322    Compiling itoa v1.0.18
#16 7.391    Compiling cfg-if v1.0.4
#16 7.405    Compiling bytes v1.12.1
#16 7.666    Compiling zmij v1.0.23
#16 7.725    Compiling pin-project-lite v0.2.17
#16 7.738    Compiling serde_core v1.0.229
#16 7.802    Compiling getrandom v0.4.3
#16 8.599    Compiling subtle v2.6.1
#16 8.634    Compiling find-msvc-tools v0.1.12
#16 8.687    Compiling shlex v2.0.1
#16 8.724    Compiling cc v1.4.5
#16 9.147    Compiling errno v0.3.14
#16 9.188    Compiling once_cell v1.21.4
#16 9.240    Compiling futures-core v0.3.34
#16 9.269    Compiling signal-hook-registry v1.4.8
#16 9.396    Compiling tokio-macros v2.7.2
#16 9.605    Compiling mio v1.2.3
#16 9.798    Compiling socket2 v0.6.5
#16 10.09    Compiling anyhow v1.0.104
#16 10.17    Compiling serde v1.0.229
#16 10.24    Compiling foldhash v0.2.0
#16 10.31    Compiling typenum v1.20.1
#16 10.69    Compiling hashbrown v0.17.1
#16 10.97    Compiling tokio v1.53.1
#16 15.41    Compiling serde_derive v1.0.229
#16 16.40    Compiling log v0.4.34
#16 16.46    Compiling serde_json v1.0.151
#16 16.51    Compiling either v1.18.0
#16 16.56    Compiling itertools v0.14.0
#16 17.43    Compiling memchr v2.8.3
#16 19.07    Compiling prost-derive v0.14.4
#16 19.61    Compiling crypto-common v0.1.7
#16 19.63    Compiling block-buffer v0.10.4
#16 19.66    Compiling tracing-core v0.1.36
#16 19.98    Compiling http v1.5.0
#16 20.60    Compiling tracing-attributes v0.1.31
#16 21.12    Compiling tracing v0.1.44
#16 21.24    Compiling digest v0.10.7
#16 21.30    Compiling getrandom v0.2.17
#16 21.35    Compiling futures-sink v0.3.34
#16 21.37    Compiling equivalent v1.0.2
#16 21.38    Compiling slab v0.4.12
#16 21.43    Compiling indexmap v2.14.2
#16 21.67    Compiling tokio-util v0.7.19
#16 22.38    Compiling http-body v1.1.0
#16 22.41    Compiling ring v0.17.14
#16 22.56    Compiling httparse v1.10.1
#16 22.63    Compiling thiserror v2.0.20
#16 22.71    Compiling bitflags v2.13.2
#16 22.75    Compiling smallvec v1.16.0
#16 25.18    Compiling thiserror-impl v2.0.20
#16 25.79    Compiling cpufeatures v0.2.17
#16 25.83    Compiling futures-task v0.3.34
#16 25.89    Compiling atomic-waker v1.1.2
#16 25.92    Compiling pulldown-cmark v0.13.4
#16 25.98    Compiling ryu-js v0.2.2
#16 26.20    Compiling tower-service v0.3.3
#16 26.21    Compiling fnv v1.0.7
#16 26.23    Compiling rustix v1.1.4
#16 26.31    Compiling prettyplease v0.2.37
#16 26.56    Compiling try-lock v0.2.5
#16 26.58    Compiling want v0.3.1
#16 26.81    Compiling h2 v0.4.19
#16 30.32    Compiling serde_jcs v0.2.0
#16 30.89    Compiling futures-util v0.3.34
#16 31.49    Compiling sha2 v0.10.9
#16 32.07    Compiling uuid v1.26.1
#16 32.32    Compiling futures-channel v0.3.34
#16 32.56    Compiling foldhash v0.1.5
#16 32.60    Compiling zeroize v1.9.0
#16 32.64    Compiling httpdate v1.0.3
#16 32.90    Compiling linux-raw-sys v0.12.1
#16 33.00    Compiling unicase v2.9.0
#16 33.04    Compiling untrusted v0.9.0
#16 33.06    Compiling regex-syntax v0.8.11
#16 33.66    Compiling regex-automata v0.4.18
#16 36.85    Compiling prost v0.14.4
#16 36.96    Compiling hyper v1.11.1
#16 38.97    Compiling rustls-pki-types v1.15.1
#16 39.29    Compiling hashbrown v0.15.5
#16 39.72    Compiling rx-domain v0.1.0 (/src/crates/rx-domain)
#16 42.01    Compiling tower-layer v0.3.3
#16 42.06    Compiling percent-encoding v2.3.2
#16 42.13    Compiling sync_wrapper v1.0.2
#16 42.23    Compiling fastrand v2.5.0
#16 42.28    Compiling rustls v0.23.44
#16 42.32    Compiling fixedbitset v0.5.7
#16 42.39    Compiling petgraph v0.8.3
#16 42.88    Compiling tempfile v3.27.0
#16 42.98    Compiling form_urlencoded v1.2.2
#16 43.09    Compiling rustls-webpki v0.103.15
#16 44.15    Compiling hyper-util v0.1.20
#16 45.15    Compiling prost-types v0.14.4
#16 45.49    Compiling pulldown-cmark-to-cmark v22.0.1
#16 45.56    Compiling regex v1.13.1
#16 45.72    Compiling http-body-util v0.1.5
#16 45.84    Compiling mime v0.3.17
#16 46.02    Compiling heck v0.5.0
#16 46.07    Compiling ryu v1.0.23
#16 46.15    Compiling multimap v0.10.1
#16 46.18    Compiling prost-build v0.14.4
#16 46.58    Compiling serde_urlencoded v0.7.1
#16 46.66    Compiling axum-core v0.5.6
#16 56.34    Compiling tower v0.5.3
#16 56.74    Compiling tonic-build v0.14.6
#16 57.13    Compiling serde_path_to_error v0.1.20
#16 57.28    Compiling pin-project-internal v1.1.13
#16 57.71    Compiling protoc-bin-vendored-macos-x86_64 v3.2.0
#16 57.73    Compiling protoc-bin-vendored-linux-x86_64 v3.2.0
#16 57.79    Compiling matchit v0.8.4
#16 57.98    Compiling protoc-bin-vendored-linux-aarch_64 v3.2.0
#16 58.00    Compiling protoc-bin-vendored-macos-aarch_64 v3.2.0
#16 58.02    Compiling protoc-bin-vendored-linux-s390_64 v3.2.0
#16 58.04    Compiling vcpkg v0.2.15
#16 58.22    Compiling protoc-bin-vendored-linux-ppcle_64 v3.2.0
#16 58.23    Compiling protoc-bin-vendored-win32 v3.2.0
#16 58.25    Compiling protoc-bin-vendored-linux-x86_32 v3.2.0
#16 58.27    Compiling pkg-config v0.3.34
#16 58.40    Compiling libsqlite3-sys v0.38.2
#16 58.53    Compiling protoc-bin-vendored v3.2.0
#16 58.56    Compiling axum v0.8.9
#16 61.40    Compiling pin-project v1.1.13
#16 61.49    Compiling tonic-prost-build v0.14.6
#16 61.62    Compiling tokio-rustls v0.26.5
#16 61.72    Compiling hyper-timeout v0.5.2
#16 61.77    Compiling rx-ports v0.1.0 (/src/crates/rx-ports)
#16 61.85    Compiling tokio-stream v0.1.19
#16 61.99    Compiling async-trait v0.1.92
#16 62.33    Compiling num-conv v0.2.2
#16 62.36    Compiling base64 v0.22.1
#16 62.52    Compiling powerfmt v0.2.0
#16 62.69    Compiling time-core v0.1.9
#16 62.73    Compiling deranged v0.5.8
#16 63.12    Compiling time v0.3.55
#16 64.14    Compiling tonic v0.14.6
#16 70.03    Compiling rx-protocol v0.1.0 (/src/crates/rx-protocol)
#16 97.17    Compiling rx-process-contract v0.1.0 (/src/crates/rx-process-contract)
#16 99.39    Compiling rx-application v0.1.0 (/src/crates/rx-application)
#16 114.7    Compiling prost-reflect v0.16.5
#16 123.0    Compiling tonic-prost v0.14.6
#16 123.1    Compiling rand_core v0.6.4
#16 123.1    Compiling hashlink v0.12.2
#16 123.2    Compiling fallible-iterator v0.3.0
#16 123.3    Compiling fallible-streaming-iterator v0.1.9
#16 123.3    Compiling base64ct v1.8.3
#16 123.5    Compiling password-hash v0.5.0
#16 123.8    Compiling rusqlite v0.40.2
#16 129.2    Compiling blake2 v0.10.6
#16 130.4    Compiling argon2 v0.5.3
#16 130.7    Compiling rx-protocol-adapter v0.1.0 (/src/crates/rx-protocol-adapter)
#16 131.6    Compiling rx-storage v0.1.0 (/src/crates/rx-storage)
#16 133.0    Compiling rx-runtime v0.1.0 (/src/crates/rx-runtime)
#16 133.4    Compiling rx-api v0.1.0 (/src/crates/rx-api)
#16 143.4    Compiling rx-platformd v0.1.0 (/src/crates/rx-platformd)
#16 175.0     Finished `release` profile [optimized] target(s) in 2m 54s
#16 DONE 175.1s

#17 [runtime 3/4] COPY --from=build /out/rx-platformd /usr/local/bin/rx-platformd
#17 DONE 0.0s

#18 [runtime 4/4] WORKDIR /var/lib/rx
#18 DONE 0.0s

#19 exporting to image
#19 exporting layers
#19 exporting layers 0.3s done
#19 exporting manifest sha256:abcfbb04cc99ec6af049f9300a8543c0a15b07da0bae32b852b43bfbf6867894 done
#19 exporting config sha256:0d5f87876f84811ac06d5752accc34ac40c3bbec6ce2ee24202b8c77a22f30d2 done
#19 exporting attestation manifest sha256:2efabe11949721b97184fc4824bd8d712ae8a9aff5b42aa7a2f4db7f94bc6306 done
#19 exporting manifest list sha256:6ac8c836a71975b0805e4eccb3d15b9fd459aecd2a4e87c592f4d37d9e6e6737 done
#19 naming to docker.io/library/rx-platform:runtime-draft done
#19 unpacking to docker.io/library/rx-platform:runtime-draft 0.1s done
#19 DONE 0.4s
