    Checking digest v0.10.7
    Checking rustls v0.23.44
    Checking rustix v1.1.4
   Compiling prost-build v0.14.4
    Checking password-hash v0.5.0
    Checking cpufeatures v0.3.1
    Checking curve25519-dalek v5.0.0
    Checking semver v1.0.28
    Checking sha2 v0.11.0
    Checking sha2 v0.10.9
    Checking blake2 v0.10.6
    Checking rx-domain v0.1.0 (/Users/ojaehong/RX_automation/rx_ws/rx-platform/crates/rx-domain)
    Checking argon2 v0.5.3
   Compiling tonic-prost-build v0.14.6
    Checking ed25519-dalek v3.0.0
   Compiling rx-protocol v0.1.0 (/Users/ojaehong/RX_automation/rx_ws/rx-platform/crates/rx-protocol)
    Checking rx-ports v0.1.0 (/Users/ojaehong/RX_automation/rx_ws/rx-platform/crates/rx-ports)
    Checking tempfile v3.27.0
    Checking fs-set-times v0.20.3
    Checking cap-primitives v4.0.3
    Checking rx-application v0.1.0 (/Users/ojaehong/RX_automation/rx_ws/rx-platform/crates/rx-application)
    Checking rx-storage v0.1.0 (/Users/ojaehong/RX_automation/rx_ws/rx-platform/crates/rx-storage)
    Checking cap-std v4.0.3
    Checking cap-fs-ext v4.0.3
    Checking tokio-rustls v0.26.5
    Checking rx-package v0.1.0 (/Users/ojaehong/RX_automation/rx_ws/rx-platform/crates/rx-package)
    Checking tonic v0.14.6
    Checking rx-runtime v0.1.0 (/Users/ojaehong/RX_automation/rx_ws/rx-platform/crates/rx-runtime)
    Checking tonic-prost v0.14.6
    Checking rx-protocol-adapter v0.1.0 (/Users/ojaehong/RX_automation/rx_ws/rx-platform/crates/rx-protocol-adapter)
    Checking rx-api v0.1.0 (/Users/ojaehong/RX_automation/rx_ws/rx-platform/crates/rx-api)
    Checking rx-host-client v0.1.0 (/Users/ojaehong/RX_automation/rx_ws/rx-platform/crates/rx-host-client)
    Finished `dev` profile [unoptimized + debuginfo] target(s) in 4.57s
