$ python3 tools/check_contract_baselines.py
contracts: 4 normative files unchanged
cell_operations: 4 normative files unchanged
exit_code=0

$ python3 tools/check_host_sdk.py
SDK synchronized with platform: 93 files; authority excluded
exit_code=0

$ python3 tools/update_executor_read_binding.py
Executor read binding sources unchanged
exit_code=0

$ python3 tools/update_executor_plan_binding.py
Executor plan binding sources unchanged
exit_code=0

$ python3 tools/update_production_binding.py
Production binding sources unchanged
exit_code=0

$ python3 tools/update_host_read_binding.py
Host read binding unchanged
exit_code=0

$ python3 tools/update_host_configuration_binding.py
Host configuration binding unchanged
exit_code=0

$ python3 tools/update_host_qualification_binding.py
Host qualification binding unchanged
exit_code=0

