#0 building with "desktop-linux" instance using docker driver

#1 [internal] load build definition from Solutions.Dockerfile
#1 transferring dockerfile: 8.27kB done
#1 DONE 0.0s

#2 [context robotis] load .dockerignore
#2 transferring robotis: 2B done
#2 DONE 0.0s

#3 [context btcpp] load .dockerignore
#3 transferring btcpp: 2B done
#3 DONE 0.0s

#4 [internal] load metadata for docker.io/library/node:26.5.0-bookworm-slim@sha256:2d49d876e96237d76de412761cf05dbfe5aee325cc4406a4d41d5824c5bb8beb
#4 DONE 0.0s

#5 [internal] load metadata for docker.io/library/rust:1.98.1-bookworm@sha256:9a73a5088750b4c95158ab26629c854c3d6fc4b173cb7bc8079ad252d8ed7bfa
#5 DONE 0.0s

#6 [internal] load metadata for docker.io/library/ros:jazzy-ros-base@sha256:386d06ec6d4188f731bae5678e07b4cb64a4e4d4152090c0bd1f881dcf7706f5
#6 DONE 0.0s

#7 [ui-build 1/6] FROM docker.io/library/node:26.5.0-bookworm-slim@sha256:2d49d876e96237d76de412761cf05dbfe5aee325cc4406a4d41d5824c5bb8beb
#7 resolve docker.io/library/node:26.5.0-bookworm-slim@sha256:2d49d876e96237d76de412761cf05dbfe5aee325cc4406a4d41d5824c5bb8beb done
#7 DONE 0.0s

#8 [native-dependencies 1/8] FROM docker.io/library/ros:jazzy-ros-base@sha256:386d06ec6d4188f731bae5678e07b4cb64a4e4d4152090c0bd1f881dcf7706f5
#8 resolve docker.io/library/ros:jazzy-ros-base@sha256:386d06ec6d4188f731bae5678e07b4cb64a4e4d4152090c0bd1f881dcf7706f5 done
#8 DONE 0.0s

#9 [rust-build 1/9] FROM docker.io/library/rust:1.98.1-bookworm@sha256:9a73a5088750b4c95158ab26629c854c3d6fc4b173cb7bc8079ad252d8ed7bfa
#9 resolve docker.io/library/rust:1.98.1-bookworm@sha256:9a73a5088750b4c95158ab26629c854c3d6fc4b173cb7bc8079ad252d8ed7bfa done
#9 DONE 0.0s

#10 [internal] load build context
#10 transferring context: 67.67kB 0.0s done
#10 DONE 0.0s

#11 [context btcpp] load from client
#11 transferring btcpp: 27.43kB 0.0s done
#11 DONE 0.0s

#12 [context robotis] load from client
#12 transferring robotis: 45B 0.1s done
#12 DONE 0.1s

#13 [context robotis] load from client
#13 transferring robotis: 295.34MB 1.8s done
#13 DONE 1.8s

#14 [native-build 1/5] WORKDIR /workspace
#14 CACHED

#15 [native-build 4/5] RUN python3 /opt/rx/tools/native_source_inventory.py /workspace/src
#15 CACHED

#16 [native-dependencies 5/8] RUN python3 /opt/rx/tools/materialize_package_manifests.py /opt/rx/input/package-manifests.json /workspace/dependencies
#16 CACHED

#17 [native-build 3/5] COPY tools/native_source_inventory.py /opt/rx/tools/native_source_inventory.py
#17 CACHED

#18 [native-dependencies 7/8] RUN if [ ! -f /etc/ros/rosdep/sources.list.d/20-default.list ]; then rosdep init; fi     && rosdep update --rosdistro jazzy     && apt-get update     && rosdep install --from-paths /workspace/dependencies --ignore-src --rosdistro jazzy -y     && apt-get install -y --no-install-recommends ros-jazzy-rmw-zenoh-cpp     && mkdir -p /opt/rx/manifests     && dpkg-query -W -f='${Package}\t${Version}\t${Architecture}\n' | sort > /opt/rx/manifests/native-packages.tsv     && rm -rf /var/lib/apt/lists/*
#18 CACHED

#19 [native-build 2/5] COPY --from=robotis / /workspace/src/
#19 CACHED

#20 [native-dependencies 2/8] RUN apt-get update && apt-get install -y --no-install-recommends     build-essential cmake ninja-build curl ca-certificates python3-colcon-common-extensions     python3-rosdep python3-yaml libyaml-cpp-dev libeigen3-dev     && rm -rf /var/lib/apt/lists/*
#20 CACHED

#21 [native-dependencies 3/8] COPY --from=robotis /package-manifests.json /opt/rx/input/package-manifests.json
#21 CACHED

#22 [native-dependencies 4/8] COPY tools/materialize_package_manifests.py /opt/rx/tools/materialize_package_manifests.py
#22 CACHED

#23 [native-dependencies 6/8] RUN mkdir -p /etc/ros/rosdep/sources.list.d &&     printf 'yaml https://raw.githubusercontent.com/ros/rosdistro/86ac06531559f070ce9ea5ad485714395336ec6f/rosdep/base.yaml\nyaml https://raw.githubusercontent.com/ros/rosdistro/86ac06531559f070ce9ea5ad485714395336ec6f/rosdep/python.yaml\n' > /etc/ros/rosdep/sources.list.d/20-default.list
#23 CACHED

#24 [native-dependencies 8/8] RUN case "arm64" in       arm64) ORT_ARCH=aarch64; ORT_SHA=7c63c73560ed76b1fac6cff8204ffe34fe180e70d6582b5332ec094810241e5c ;;       amd64) ORT_ARCH=x64; ORT_SHA=1fa4dcaef22f6f7d5cd81b28c2800414350c10116f5fdd46a2160082551c5f9b ;;       *) exit 1 ;;     esac     && curl --fail --location --proto '=https' --tlsv1.2 "https://github.com/microsoft/onnxruntime/releases/download/v1.23.2/onnxruntime-linux-${ORT_ARCH}-1.23.2.tgz" -o /tmp/ort.tgz     && echo "${ORT_SHA}  /tmp/ort.tgz" | sha256sum --check     && mkdir -p /opt/onnxruntime     && tar -xzf /tmp/ort.tgz --strip-components=1 -C /opt/onnxruntime     && rm /tmp/ort.tgz
#24 CACHED

#25 [native-build 5/5] RUN --network=none source /opt/ros/jazzy/setup.bash     && colcon list --base-paths src --names-only | sort > /opt/rx/manifests/native-source-packages.txt     && colcon build --base-paths src --executor sequential --merge-install        --install-base /opt/rx/robotis --cmake-args -DCMAKE_BUILD_TYPE=Release -DBUILD_TESTING=OFF -DCMAKE_AUTOGEN_PARALLEL=1 -DONNXRUNTIME_ROOT=/opt/onnxruntime     && cp src/source-lock.json /opt/rx/manifests/native-sources.json
#25 CACHED

#26 [ros-jtc-build 1/3] COPY native/ros-jtc /ros-jtc/
#26 DONE 0.2s

#27 [ros-jtc-build 2/3] COPY catalogs/robotis-support.v1.json /catalogs/robotis-support.v1.json
#27 DONE 0.0s

#28 [ros-jtc-build 3/3] RUN --network=none source /opt/ros/jazzy/setup.bash     && cmake -S /ros-jtc -B /ros-jtc-build -G Ninja -DCMAKE_BUILD_TYPE=Release -DRX_CATALOG=/catalogs/robotis-support.v1.json     && cmake --build /ros-jtc-build --target rx-ros-jtc-bridge -j1
#28 0.161 -- The CXX compiler identification is GNU 13.3.0
#28 0.167 -- Detecting CXX compiler ABI info
#28 0.194 -- Detecting CXX compiler ABI info - done
#28 0.198 -- Check for working CXX compiler: /usr/bin/c++ - skipped
#28 0.198 -- Detecting CXX compile features
#28 0.198 -- Detecting CXX compile features - done
#28 0.200 -- Found ament_cmake: 2.5.6 (/opt/ros/jazzy/share/ament_cmake/cmake)
#28 0.257 -- Found Python3: /usr/bin/python3 (found version "3.12.3") found components: Interpreter 
#28 0.308 -- Found rclcpp: 28.1.21 (/opt/ros/jazzy/share/rclcpp/cmake)
#28 0.329 -- Found rosidl_generator_c: 4.6.9 (/opt/ros/jazzy/share/rosidl_generator_c/cmake)
#28 0.336 -- Found rosidl_generator_cpp: 4.6.9 (/opt/ros/jazzy/share/rosidl_generator_cpp/cmake)
#28 0.344 -- Using all available rosidl_typesupport_c: rosidl_typesupport_fastrtps_c;rosidl_typesupport_introspection_c
#28 0.353 -- Using all available rosidl_typesupport_cpp: rosidl_typesupport_fastrtps_cpp;rosidl_typesupport_introspection_cpp
#28 0.388 -- Found rmw_implementation_cmake: 7.3.3 (/opt/ros/jazzy/share/rmw_implementation_cmake/cmake)
#28 0.389 -- Found rmw_fastrtps_cpp: 8.4.4 (/opt/ros/jazzy/share/rmw_fastrtps_cpp/cmake)
#28 0.417 -- Found OpenSSL: /usr/lib/aarch64-linux-gnu/libcrypto.so (found version "3.0.13")  
#28 0.425 -- Found FastRTPS: /opt/ros/jazzy/include (Required is at least version "2.13") 
#28 0.434 -- Using RMW implementation 'rmw_fastrtps_cpp' as default
#28 0.467 -- Found control_msgs: 5.9.0 (/opt/ros/jazzy/share/control_msgs/cmake)
#28 0.527 -- Found controller_manager_msgs: 4.48.0 (/opt/ros/jazzy/share/controller_manager_msgs/cmake)
#28 0.548 -- Found nlohmann_json: /usr/share/cmake/nlohmann_json/nlohmann_jsonConfig.cmake (found version "3.11.3") 
#28 0.549 -- Configuring done (0.4s)
#28 0.555 -- Generating done (0.0s)
#28 0.557 -- Build files have been written to: /ros-jtc-build
#28 6.486 [1/2] Building CXX object CMakeFiles/rx-ros-jtc-bridge.dir/bridge.cpp.o
#28 6.540 [2/2] Linking CXX executable rx-ros-jtc-bridge
#28 DONE 6.6s

#29 [native-audit 6/6] RUN --network=none g++ -std=c++17 /tmp/ort_inspect.cpp -I/opt/onnxruntime/include -L/opt/onnxruntime/lib -Wl,-rpath,/opt/onnxruntime/lib -lonnxruntime -o /opt/rx/tools/ort-inspect     && source /opt/ros/jazzy/setup.bash && source /opt/rx/robotis/setup.bash     && python3 /opt/rx/tools/audit_native_install.py --catalog /opt/rx/manifests/robotis-support.v1.json --output /opt/rx/manifests/native-install-audit.json
#29 CACHED

#30 [runtime  1/17] COPY native/support/onnxruntime.conf /etc/ld.so.conf.d/rx-onnxruntime.conf
#30 CACHED

#31 [native-audit 5/6] COPY catalogs/robotis-support.v1.json /opt/rx/manifests/robotis-support.v1.json
#31 CACHED

#32 [rust-build 6/9] COPY drivers ./drivers
#32 CACHED

#33 [bt-build 2/3] COPY native/executor /executor/
#33 CACHED

#34 [native-audit 3/6] COPY tools/audit_native_install.py /opt/rx/tools/audit_native_install.py
#34 CACHED

#35 [bt-build 1/3] COPY --from=btcpp / /btcpp/
#35 CACHED

#36 [native-audit 4/6] COPY native/support/ort_inspect.cpp /tmp/ort_inspect.cpp
#36 CACHED

#37 [runtime  4/17] COPY --from=native-audit /opt/rx/robotis /opt/rx/robotis
#37 CACHED

#38 [runtime  5/17] COPY --from=native-audit /opt/rx/manifests /opt/rx/manifests
#38 CACHED

#39 [rust-build 8/9] COPY interfaces ./interfaces
#39 CACHED

#40 [rust-build 4/9] COPY sdk ./sdk
#40 CACHED

#41 [rust-build 5/9] COPY runtime ./runtime
#41 CACHED

#42 [runtime  3/17] RUN ldconfig
#42 CACHED

#43 [rust-build 7/9] COPY catalogs ./catalogs
#43 CACHED

#44 [bt-build 3/3] RUN --network=none cmake -S /executor -B /bt-build -G Ninja -DCMAKE_BUILD_TYPE=Release -DBTCPP_SOURCE=/btcpp -DRX_BUILD_TEST_HARNESS=OFF     && cmake --build /bt-build --target rx-bt-engine -j1
#44 CACHED

#45 [runtime  2/17] COPY dependencies/native-apt-locks /opt/rx/apt-locks
#45 CACHED

#46 [rust-build 3/9] COPY Cargo.toml Cargo.lock ./
#46 CACHED

#47 [runtime  6/17] COPY --from=rust-build /out/ /opt/rx/bin/
#47 CACHED

#48 [rust-build 9/9] RUN --mount=type=cache,id=rx-solutions-registry,target=/usr/local/cargo/registry     --mount=type=cache,id=rx-solutions-release,target=/src/target     cargo build --release --locked --workspace && mkdir -p /out && cp target/release/rx-hostd target/release/rx-executor-service target/release/rx-process-compile target/release/rx-solutionsd target/release/rx-process-package target/release/rx-device-package /out/
#48 CACHED

#49 [native-audit 2/6] RUN ldconfig
#49 CACHED

#50 [native-audit 1/6] COPY native/support/onnxruntime.conf /etc/ld.so.conf.d/rx-onnxruntime.conf
#50 CACHED

#51 [rust-build 2/9] WORKDIR /src
#51 CACHED

#52 [ui-build 5/6] COPY apps/operator/ ./
#52 CACHED

#53 [ui-build 2/6] WORKDIR /src
#53 CACHED

#54 [ui-build 4/6] RUN npm ci
#54 CACHED

#55 [ui-build 3/6] COPY apps/operator/package.json apps/operator/package-lock.json ./
#55 CACHED

#56 [runtime  7/17] COPY --from=bt-build /bt-build/rx-bt-engine /opt/rx/bin/rx-bt-engine
#56 CACHED

#57 [ui-build 6/6] RUN npm run build
#57 CACHED

#58 [runtime  8/17] COPY --from=ros-jtc-build /ros-jtc-build/rx-ros-jtc-bridge /opt/rx/bin/rx-ros-jtc-bridge
#58 DONE 0.0s

#59 [runtime  9/17] COPY --from=ui-build /src/dist/ /opt/rx/operator/
#59 DONE 0.0s

#60 [runtime 10/17] COPY catalogs /opt/rx/catalogs
#60 DONE 0.0s

#61 [runtime 11/17] COPY dependencies/native-stack.lock.json /opt/rx/manifests/native-stack.lock.json
#61 DONE 0.0s

#62 [runtime 12/17] COPY native/support/solutions_status.py /opt/rx/tools/solutions_status.py
#62 DONE 0.0s

#63 [runtime 13/17] COPY native/support/entrypoint.sh /opt/rx/entrypoint.sh
#63 DONE 0.0s

#64 [runtime 14/17] COPY tools/write_runtime_inventory.py /opt/rx/tools/write_runtime_inventory.py
#64 DONE 0.0s

#65 [runtime 15/17] RUN cmp /opt/rx/manifests/native-packages.tsv /opt/rx/apt-locks/arm64.tsv     && rm -rf /workspace/dependencies     && mkdir -p /var/lib/rx-solutions/ros-log /run/rx-solutions     && chown -R 10001:10001 /var/lib/rx-solutions /run/rx-solutions     && chmod 755 /opt/rx/entrypoint.sh     && python3 /opt/rx/tools/write_runtime_inventory.py
#65 DONE 0.2s

#66 [runtime 16/17] RUN mkdir -p /run/rx-host && chown 10001:10001 /run/rx-host
#66 DONE 0.1s

#67 [runtime 17/17] WORKDIR /var/lib/rx-solutions
#67 DONE 0.0s

#68 exporting to image
#68 exporting layers
#68 exporting layers 0.2s done
#68 exporting manifest sha256:e1d102966f6dd0334e77550c8f1c41983ce61ce716436d3f732f6fa152829604 done
#68 exporting config sha256:19b9b4765355fcc9382005051b1b1e9f3f713ebcc3a759c7502082a780d42ed0 done
#68 exporting attestation manifest sha256:878b1a6ea84eb67cbc8c8f3d9a24b5f777a5aa4fb781bbcb113d21f0531fcd28 done
#68 exporting manifest list sha256:363ee62946a7738dbfee8fcdeb0b982eccb4501e8f4e3540ab8ddf00eee5fd92 done
#68 naming to docker.io/library/rx-solutions:runtime-draft done
#68 unpacking to docker.io/library/rx-solutions:runtime-draft 0.1s done
#68 DONE 0.3s
