   Compiling rx-protocol v0.1.0 (/Users/ojaehong/RX_automation/rx_ws/rx-platform/crates/rx-protocol)
    Checking rx-protocol-adapter v0.1.0 (/Users/ojaehong/RX_automation/rx_ws/rx-platform/crates/rx-protocol-adapter)
    Checking rx-api v0.1.0 (/Users/ojaehong/RX_automation/rx_ws/rx-platform/crates/rx-api)
    Checking rx-host-client v0.1.0 (/Users/ojaehong/RX_automation/rx_ws/rx-platform/crates/rx-host-client)
warning: unused `Result` that must be used
   --> crates/rx-host-client/src/connection.rs:299:38
    |
299 | ...   result=&mut sender=>{result?;self.status.send_replace(ConnectionStatus::Attention);return Err("Host dispatcher stopped unexpe...
    |                            ^^^^^^^
    |
    = note: this `Result` may be an `Err` variant, which should be handled
    = note: `#[warn(unused_must_use)]` (part of `#[warn(unused)]`) on by default
help: use `let _ = ...` to ignore the resulting value
    |
299 |                 result=&mut sender=>{let _ = result?;self.status.send_replace(ConnectionStatus::Attention);return Err("Host dispatcher stopped unexpectedly".into());},
    |                                      +++++++

warning: unused `Result` that must be used
   --> crates/rx-host-client/src/connection.rs:313:9
    |
313 |         sender.await?;
    |         ^^^^^^^^^^^^^
    |
    = note: this `Result` may be an `Err` variant, which should be handled
help: use `let _ = ...` to ignore the resulting value
    |
313 |         let _ = sender.await?;
    |         +++++++

warning: `rx-host-client` (lib) generated 2 warnings
    Checking rx-platformd v0.1.0 (/Users/ojaehong/RX_automation/rx_ws/rx-platform/crates/rx-platformd)
    Finished `dev` profile [unoptimized + debuginfo] target(s) in 3.10s
