#0 building with "desktop-linux" instance using docker driver

#1 [internal] load build definition from Platform.Dockerfile
#1 transferring dockerfile: 1.26kB done
#1 DONE 0.0s

#2 [internal] load metadata for docker.io/library/ubuntu:24.04@sha256:224a1869083a311ef3f13648a154ba79832fbef6364d31493642ca03082da254
#2 ...

#3 [auth] library/rust:pull token for registry-1.docker.io
#3 DONE 0.0s

#4 [auth] library/ubuntu:pull token for registry-1.docker.io
#4 DONE 0.0s

#5 [internal] load metadata for docker.io/library/rust:1.98.1-bookworm@sha256:9a73a5088750b4c95158ab26629c854c3d6fc4b173cb7bc8079ad252d8ed7bfa
#5 DONE 1.4s

#2 [internal] load metadata for docker.io/library/ubuntu:24.04@sha256:224a1869083a311ef3f13648a154ba79832fbef6364d31493642ca03082da254
#2 DONE 1.4s

#6 [runtime 1/4] FROM docker.io/library/ubuntu:24.04@sha256:224a1869083a311ef3f13648a154ba79832fbef6364d31493642ca03082da254
#6 resolve docker.io/library/ubuntu:24.04@sha256:224a1869083a311ef3f13648a154ba79832fbef6364d31493642ca03082da254 0.0s done
#6 DONE 0.0s

#7 [build 1/8] FROM docker.io/library/rust:1.98.1-bookworm@sha256:9a73a5088750b4c95158ab26629c854c3d6fc4b173cb7bc8079ad252d8ed7bfa
#7 resolve docker.io/library/rust:1.98.1-bookworm@sha256:9a73a5088750b4c95158ab26629c854c3d6fc4b173cb7bc8079ad252d8ed7bfa 0.0s done
#7 DONE 0.0s

#8 [internal] load build context
#8 transferring context: 379.28kB 0.0s done
#8 DONE 0.0s

#9 [build 2/8] WORKDIR /src
#9 CACHED

#10 [build 3/8] COPY Cargo.toml Cargo.lock ./
#10 CACHED

#11 [build 4/8] COPY crates ./crates
#11 DONE 0.0s

#12 [build 5/8] COPY proto ./proto
#12 DONE 0.0s

#13 [build 6/8] COPY spec ./spec
#13 DONE 0.0s

#14 [build 7/8] RUN mkdir -p /out
#14 DONE 0.2s

#15 [build 8/8] RUN --mount=type=cache,id=rx-platform-registry,target=/usr/local/cargo/registry     --mount=type=cache,id=rx-platform-release,target=/src/target     cargo build --release --locked -p rx-platformd && cp target/release/rx-platformd /out/rx-platformd
#15 0.559    Compiling rx-application v0.1.0 (/src/crates/rx-application)
#15 28.38    Compiling rx-protocol-adapter v0.1.0 (/src/crates/rx-protocol-adapter)
#15 30.32    Compiling rx-runtime v0.1.0 (/src/crates/rx-runtime)
#15 30.46    Compiling rx-api v0.1.0 (/src/crates/rx-api)
#15 52.37    Compiling rx-host-client v0.1.0 (/src/crates/rx-host-client)
#15 61.29    Compiling rx-platformd v0.1.0 (/src/crates/rx-platformd)
#15 146.2     Finished `release` profile [optimized] target(s) in 2m 25s
#15 DONE 146.3s

#16 [runtime 2/4] RUN mkdir -p /etc/rx/platform /var/lib/rx /run/rx && chown 10001:10001 /var/lib/rx /run/rx
#16 CACHED

#17 [runtime 3/4] COPY --from=build /out/rx-platformd /usr/local/bin/rx-platformd
#17 DONE 0.2s

#18 [runtime 4/4] WORKDIR /var/lib/rx
#18 DONE 0.2s

#19 exporting to image
#19 exporting layers
#19 exporting layers 1.3s done
#19 exporting manifest sha256:55885e235a067dabcf96ca9cf0a8815419fcf3da610182dbd3a0ec1301f60715
#19 exporting manifest sha256:55885e235a067dabcf96ca9cf0a8815419fcf3da610182dbd3a0ec1301f60715 0.0s done
#19 exporting config sha256:cfbfb783300773d708264108aabc826154c1fbad32901e9adb3773e63db429ab 0.0s done
#19 exporting attestation manifest sha256:bcbd589fd34b54d19b3e6a3e887f8b476ad69c9ae29389ccd042c739f63afe09
#19 exporting attestation manifest sha256:bcbd589fd34b54d19b3e6a3e887f8b476ad69c9ae29389ccd042c739f63afe09 0.0s done
#19 exporting manifest list sha256:18050b63902cdd8c72a4cd72911c08490524b56f688f1caf55bdd52c6b41731d done
#19 naming to docker.io/library/rx-platform:runtime-draft done
#19 unpacking to docker.io/library/rx-platform:runtime-draft
#19 unpacking to docker.io/library/rx-platform:runtime-draft 0.2s done
#19 DONE 1.6s
