    Checking rx-application v0.1.0 (/Users/ojaehong/RX_automation/rx_ws/rx-platform/crates/rx-application)
    Checking rx-runtime v0.1.0 (/Users/ojaehong/RX_automation/rx_ws/rx-platform/crates/rx-runtime)
    Checking rx-protocol-adapter v0.1.0 (/Users/ojaehong/RX_automation/rx_ws/rx-platform/crates/rx-protocol-adapter)
error[E0424]: expected value, found module `self`
   --> crates/rx-runtime/src/application.rs:556:18
    |
549 |     fn priority(command: &Command) -> Priority {
    |        -------- this function doesn't have a `self` parameter
...
556 |             } => self
    |                  ^^^^ `self` value is a keyword only available in methods with a `self` parameter
    |
help: add a `self` receiver parameter to make the associated `fn` a method
    |
549 |     fn priority(&self, command: &Command) -> Priority {
    |                 ++++++

error[E0424]: expected value, found module `self`
   --> crates/rx-runtime/src/application.rs:565:18
    |
549 |     fn priority(command: &Command) -> Priority {
    |        -------- this function doesn't have a `self` parameter
...
565 |             } => self
    |                  ^^^^ `self` value is a keyword only available in methods with a `self` parameter
    |
help: add a `self` receiver parameter to make the associated `fn` a method
    |
549 |     fn priority(&self, command: &Command) -> Priority {
    |                 ++++++

error[E0004]: non-exhaustive patterns: `application::Command::ListProcessReviews { .. }` and `application::Command::GetProcessReviewRevision { .. }` not covered
    --> crates/rx-runtime/src/application.rs:588:15
     |
 588 |         match command {
     |               ^^^^^^^ patterns `application::Command::ListProcessReviews { .. }` and `application::Command::GetProcessReviewRevision { .. }` not covered
     |
note: `application::Command` defined here
    --> crates/rx-runtime/src/application.rs:10:10
     |
  10 | pub enum Command {
     |          ^^^^^^^
  11 |     ListProcessReviews {
     |     ------------------ not covered
...
  17 |     GetProcessReviewRevision {
     |     ------------------------ not covered
     = note: the matched value is of type `application::Command`
help: ensure that all possible cases are being handled by adding a match arm with a wildcard pattern, a match arm with multiple or-patterns as shown, or multiple match arms
     |
1295 ~                 .map(|v| Reply::Held(Box::new(v))),
1296 ~             application::Command::ListProcessReviews { .. } | application::Command::GetProcessReviewRevision { .. } => todo!(),
     |

Some errors have detailed explanations: E0004, E0424.
For more information about an error, try `rustc --explain E0004`.
error: could not compile `rx-runtime` (lib) due to 3 previous errors
