   Compiling rustix v1.1.4
   Compiling fs-set-times v0.20.3
   Compiling rustix-linux-procfs v0.1.1
   Compiling cap-primitives v4.0.3
   Compiling cap-std v4.0.3
   Compiling cap-fs-ext v4.0.3
   Compiling tempfile v3.27.0
   Compiling rx-package v0.1.0 (/rx/rx-solutions/sdk/crates/rx-package)
   Compiling rx-host v0.1.0 (/rx/rx-solutions/runtime/rx-host)
   Compiling rx-solution-catalog v0.1.0 (/rx/rx-solutions/runtime/rx-solution-catalog)
    Finished `test` profile [unoptimized + debuginfo] target(s) in 17.41s
     Running tests/ros_jtc.rs (/build/debug/deps/ros_jtc-a8790663a18c2278)

running 1 test

thread 'actual_rust_host_to_cpp_bridge_to_ros_action_preserves_original_goal' (273) panicked at runtime/rx-host/tests/ros_jtc.rs:403:6:
called `Result::unwrap()` on an `Err` value: NativeUnknown("Permission denied (os error 13)")
note: run with `RUST_BACKTRACE=1` environment variable to display a backtrace
test actual_rust_host_to_cpp_bridge_to_ros_action_preserves_original_goal ... FAILED

failures:

failures:
    actual_rust_host_to_cpp_bridge_to_ros_action_preserves_original_goal

test result: FAILED. 0 passed; 1 failed; 0 ignored; 0 measured; 5 filtered out; finished in 0.10s

error: test failed, to rerun pass `-p rx-host --test ros_jtc`
