    Checking rx-application v0.1.0 (/Users/ojaehong/RX_automation/rx_ws/rx-platform/crates/rx-application)
warning: fields `signature`, `blobs`, and `ready` are never read
   --> crates/rx-application/src/requalification.rs:319:16
    |
317 | pub struct Verified {
    |            -------- fields in this struct
318 |     pub(crate) report: Report,
319 |     pub(crate) signature: SignatureEnvelope,
    |                ^^^^^^^^^
320 |     pub(crate) blobs: BTreeMap<Digest, Vec<u8>>,
    |                ^^^^^
321 |     pub(crate) ready: bool,
    |                ^^^^^
    |
    = note: `#[warn(dead_code)]` (part of `#[warn(unused)]`) on by default

warning: fields `identity`, `key`, and `issued` are never read
   --> crates/rx-application/src/requalification.rs:435:16
    |
433 | pub struct Ticket {
    |            ------ fields in this struct
434 |     pub(crate) job: Job,
435 |     pub(crate) identity: Identity,
    |                ^^^^^^^^
436 |     pub(crate) key: Id,
    |                ^^^
437 |     pub(crate) input: Submit,
438 |     pub(crate) issued: TimePoint,
    |                ^^^^^^

warning: fields `ticket` and `verified` are never read
   --> crates/rx-application/src/requalification.rs:454:16
    |
453 | pub struct Prepared {
    |            -------- fields in this struct
454 |     pub(crate) ticket: Ticket,
    |                ^^^^^^
455 |     pub(crate) verified: Verified,
    |                ^^^^^^^^

warning: `rx-application` (lib) generated 3 warnings
    Finished `dev` profile [unoptimized + debuginfo] target(s) in 2.78s
