   Compiling rx-host v0.1.0 (/Users/ojaehong/RX_automation/rx_ws/rx-solutions/runtime/rx-host)
    Checking rx-process-package v0.1.0 (/Users/ojaehong/RX_automation/rx_ws/rx-solutions/runtime/rx-process-package)
    Checking rx-device-package v0.1.0 (/Users/ojaehong/RX_automation/rx_ws/rx-solutions/runtime/rx-device-package)
error: manual implementation of `.is_multiple_of()`
   --> runtime/rx-device-package/tests/jtc_authoring.rs:560:13
    |
560 |     assert!(text.len() % 2 == 0);
    |             ^^^^^^^^^^^^^^^^^^^ help: replace with: `text.len().is_multiple_of(2)`
    |
    = help: for further information visit https://rust-lang.github.io/rust-clippy/rust-1.98.0/index.html#manual_is_multiple_of
    = note: `-D clippy::manual-is-multiple-of` implied by `-D warnings`
    = help: to override `-D warnings` add `#[allow(clippy::manual_is_multiple_of)]`

error: using `chunks_exact` with a constant chunk size
   --> runtime/rx-device-package/tests/jtc_authoring.rs:563:10
    |
563 |         .chunks_exact(2)
    |          ^^^^^^^^^^^^^^^ help: consider using `as_chunks` instead: `as_chunks::<2>().0.iter()`
    |
    = help: for further information visit https://rust-lang.github.io/rust-clippy/rust-1.98.0/index.html#chunks_exact_to_as_chunks
    = note: `-D clippy::chunks-exact-to-as-chunks` implied by `-D warnings`
    = help: to override `-D warnings` add `#[allow(clippy::chunks_exact_to_as_chunks)]`

error: could not compile `rx-device-package` (test "jtc_authoring") due to 2 previous errors
warning: build failed, waiting for other jobs to finish...
