#0 building with "desktop-linux" instance using docker driver

#1 [internal] load build definition from Platform.Dockerfile
#1 transferring dockerfile: 1.26kB done
#1 DONE 0.0s

#2 [internal] load metadata for docker.io/library/rust:1.98.1-bookworm@sha256:9a73a5088750b4c95158ab26629c854c3d6fc4b173cb7bc8079ad252d8ed7bfa
#2 DONE 0.0s

#3 [internal] load metadata for docker.io/library/ubuntu:24.04@sha256:224a1869083a311ef3f13648a154ba79832fbef6364d31493642ca03082da254
#3 DONE 0.0s

#4 [runtime 1/4] FROM docker.io/library/ubuntu:24.04@sha256:224a1869083a311ef3f13648a154ba79832fbef6364d31493642ca03082da254
#4 resolve docker.io/library/ubuntu:24.04@sha256:224a1869083a311ef3f13648a154ba79832fbef6364d31493642ca03082da254 0.0s done
#4 DONE 0.0s

#5 [build 1/8] FROM docker.io/library/rust:1.98.1-bookworm@sha256:9a73a5088750b4c95158ab26629c854c3d6fc4b173cb7bc8079ad252d8ed7bfa
#5 resolve docker.io/library/rust:1.98.1-bookworm@sha256:9a73a5088750b4c95158ab26629c854c3d6fc4b173cb7bc8079ad252d8ed7bfa 0.0s done
#5 DONE 0.0s

#6 [internal] load build context
#6 transferring context: 269.35kB 0.0s done
#6 DONE 0.0s

#7 [build 2/8] WORKDIR /src
#7 CACHED

#8 [build 3/8] COPY Cargo.toml Cargo.lock ./
#8 CACHED

#9 [build 4/8] COPY crates ./crates
#9 DONE 0.0s

#10 [build 5/8] COPY proto ./proto
#10 DONE 0.0s

#11 [build 6/8] COPY spec ./spec
#11 DONE 0.0s

#12 [build 7/8] RUN mkdir -p /out
#12 DONE 0.1s

#13 [build 8/8] RUN --mount=type=cache,id=rx-platform-registry,target=/usr/local/cargo/registry     --mount=type=cache,id=rx-platform-release,target=/src/target     cargo build --release --locked -p rx-platformd && cp target/release/rx-platformd /out/rx-platformd
#13 0.223    Compiling rx-application v0.1.0 (/src/crates/rx-application)
#13 23.75    Compiling rx-protocol-adapter v0.1.0 (/src/crates/rx-protocol-adapter)
#13 25.57    Compiling rx-runtime v0.1.0 (/src/crates/rx-runtime)
#13 25.68    Compiling rx-api v0.1.0 (/src/crates/rx-api)
#13 44.68    Compiling rx-host-client v0.1.0 (/src/crates/rx-host-client)
#13 52.22    Compiling rx-platformd v0.1.0 (/src/crates/rx-platformd)
#13 130.2     Finished `release` profile [optimized] target(s) in 2m 10s
#13 DONE 130.2s

#14 [runtime 2/4] RUN mkdir -p /etc/rx/platform /var/lib/rx /run/rx && chown 10001:10001 /var/lib/rx /run/rx
#14 CACHED

#15 [runtime 3/4] COPY --from=build /out/rx-platformd /usr/local/bin/rx-platformd
#15 DONE 0.0s

#16 [runtime 4/4] WORKDIR /var/lib/rx
#16 DONE 0.0s

#17 exporting to image
#17 exporting layers
#17 exporting layers 0.7s done
#17 exporting manifest sha256:c517038e362add4f0f20b85e14f80efa03ce077dc40a3c1c686bacbeeb4cd465 done
#17 exporting config sha256:e7193c9030b3e0a6573cf424ad43d63999c610e388e7ff3507542a09aaf27ba0 done
#17 exporting attestation manifest sha256:5330186a497786ae4ed70b5aca12f799653bb22a2d3681cdd6adf935f21d1b07 done
#17 exporting manifest list sha256:e91f023a02b15dfa72578a93706fb7ff7ab3c0b8afe59294d73e0cee47dedfa2 done
#17 naming to docker.io/library/rx-platform:runtime-draft done
#17 unpacking to docker.io/library/rx-platform:runtime-draft 0.1s done
#17 DONE 0.8s
