   Compiling serde_json v1.0.151
   Compiling rx-melsec-mc v0.1.0 (/Users/ojaehong/RX_automation/rx_ws/rx-solutions/drivers/rx-melsec-mc)
    Finished `test` profile [unoptimized + debuginfo] target(s) in 1.52s
     Running unittests src/lib.rs (target/debug/deps/rx_melsec_mc-fecba094d66fa499)

running 0 tests

test result: ok. 0 passed; 0 failed; 0 ignored; 0 measured; 0 filtered out; finished in 0.00s

     Running tests/transport.rs (target/debug/deps/transport-da88fcc451cb9c52)

running 12 tests
test invalid_configuration_fails_before_a_connection_attempt ... ok
test profile_is_explicit_bounded_and_simulation_cannot_target_the_site ... ok
test denied_addresses_and_zero_or_oversize_reads_send_no_bytes ... ok
test explicit_route_bytes_and_24_bit_addresses_are_preserved ... ok
test lost_write_response_preserves_uncertainty_and_never_resends ... ok
test passive_connect_and_drop_never_send_plc_commands ... ok
test plc_error_code_is_preserved_without_assuming_write_nonexecution ... ok
test mapped_single_bit_write_ack_does_not_claim_physical_completion ... ok
test documented_bit_read_and_word_read_vectors_over_fragmented_tcp ... ok
test write_ack_payload_cannot_smuggle_a_completion_value ... ok
test malformed_headers_lengths_end_codes_and_payloads_fault_the_connection ... ok
test total_deadline_is_not_extended_by_a_slow_trickle ... ok

test result: ok. 12 passed; 0 failed; 0 ignored; 0 measured; 0 filtered out; finished in 0.16s

   Doc-tests rx_melsec_mc

running 0 tests

test result: ok. 0 passed; 0 failed; 0 ignored; 0 measured; 0 filtered out; finished in 0.00s

