#0 building with "desktop-linux" instance using docker driver

#1 [internal] load build definition from Platform.Dockerfile
#1 transferring dockerfile: 1.29kB done
#1 DONE 0.0s

#2 [internal] load metadata for docker.io/library/rust:1.98.1-bookworm@sha256:9a73a5088750b4c95158ab26629c854c3d6fc4b173cb7bc8079ad252d8ed7bfa
#2 ...

#3 [auth] library/rust:pull token for registry-1.docker.io
#3 DONE 0.0s

#4 [auth] library/ubuntu:pull token for registry-1.docker.io
#4 DONE 0.0s

#5 [internal] load metadata for docker.io/library/ubuntu:24.04@sha256:224a1869083a311ef3f13648a154ba79832fbef6364d31493642ca03082da254
#5 ...

#2 [internal] load metadata for docker.io/library/rust:1.98.1-bookworm@sha256:9a73a5088750b4c95158ab26629c854c3d6fc4b173cb7bc8079ad252d8ed7bfa
#2 DONE 1.3s

#5 [internal] load metadata for docker.io/library/ubuntu:24.04@sha256:224a1869083a311ef3f13648a154ba79832fbef6364d31493642ca03082da254
#5 DONE 1.3s

#6 [runtime 1/4] FROM docker.io/library/ubuntu:24.04@sha256:224a1869083a311ef3f13648a154ba79832fbef6364d31493642ca03082da254
#6 resolve docker.io/library/ubuntu:24.04@sha256:224a1869083a311ef3f13648a154ba79832fbef6364d31493642ca03082da254 0.0s done
#6 DONE 0.0s

#7 [runtime 2/4] RUN mkdir -p /etc/rx/platform /var/lib/rx /run/rx && chown 10001:10001 /var/lib/rx /run/rx
#7 CACHED

#8 [build 1/8] FROM docker.io/library/rust:1.98.1-bookworm@sha256:9a73a5088750b4c95158ab26629c854c3d6fc4b173cb7bc8079ad252d8ed7bfa
#8 resolve docker.io/library/rust:1.98.1-bookworm@sha256:9a73a5088750b4c95158ab26629c854c3d6fc4b173cb7bc8079ad252d8ed7bfa 0.0s done
#8 DONE 0.0s

#9 [internal] load build context
#9 transferring context: 176.30kB 0.0s done
#9 DONE 0.0s

#10 [build 2/8] WORKDIR /src
#10 CACHED

#11 [build 3/8] COPY Cargo.toml Cargo.lock ./
#11 DONE 0.0s

#12 [build 4/8] COPY crates ./crates
#12 DONE 0.0s

#13 [build 5/8] COPY proto ./proto
#13 DONE 0.0s

#14 [build 6/8] COPY spec ./spec
#14 DONE 0.0s

#15 [build 7/8] RUN mkdir -p /out
#15 DONE 0.1s

#16 [build 8/8] RUN --mount=type=cache,id=rx-platform-registry,target=/usr/local/cargo/registry     --mount=type=cache,id=rx-platform-release,target=/src/target     cargo build --release --locked -p rx-platformd && cp target/release/rx-platformd target/release/rx-package-store /out/
#16 0.267  Downloading crates ...
#16 0.493   Downloaded block-buffer v0.12.1
#16 0.495   Downloaded cap-std v4.0.3
#16 0.497   Downloaded crypto-common v0.2.2
#16 0.498   Downloaded rustc_version v0.4.1
#16 0.502   Downloaded fs-set-times v0.20.3
#16 0.504   Downloaded cpufeatures v0.3.1
#16 0.507   Downloaded maybe-owned v0.3.4
#16 0.508   Downloaded ambient-authority v0.0.2
#16 0.508   Downloaded signature v3.0.0
#16 0.509   Downloaded rustix-linux-procfs v0.1.1
#16 0.512   Downloaded digest v0.11.3
#16 0.516   Downloaded io-lifetimes v3.0.1
#16 0.517   Downloaded ed25519 v3.0.0
#16 0.518   Downloaded hybrid-array v0.4.15
#16 0.519   Downloaded io-extras v0.19.0
#16 0.520   Downloaded io-lifetimes v2.0.4
#16 0.520   Downloaded semver v1.0.28
#16 0.521   Downloaded sha2 v0.11.0
#16 0.523   Downloaded cap-fs-ext v4.0.3
#16 0.524   Downloaded ed25519-dalek v3.0.0
#16 0.525   Downloaded cap-primitives v4.0.3
#16 0.534   Downloaded curve25519-dalek v5.0.0
#16 0.614    Compiling typenum v1.20.1
#16 1.097    Compiling subtle v2.6.1
#16 1.135    Compiling generic-array v0.14.7
#16 1.306    Compiling block-buffer v0.10.4
#16 1.340    Compiling crypto-common v0.1.7
#16 1.386    Compiling digest v0.10.7
#16 1.455    Compiling sha2 v0.10.9
#16 1.817    Compiling rx-domain v0.1.0 (/src/crates/rx-domain)
#16 3.624    Compiling rustix v1.1.4
#16 3.772    Compiling linux-raw-sys v0.12.1
#16 5.297    Compiling rustls v0.23.44
#16 12.19    Compiling hybrid-array v0.4.15
#16 12.35    Compiling io-lifetimes v2.0.4
#16 12.41    Compiling io-lifetimes v3.0.1
#16 12.47    Compiling tokio-rustls v0.26.5
#16 12.55    Compiling rx-ports v0.1.0 (/src/crates/rx-ports)
#16 12.61    Compiling io-extras v0.19.0
#16 12.67    Compiling semver v1.0.28
#16 12.74    Compiling rustc_version v0.4.1
#16 12.82    Compiling tonic v0.14.6
#16 18.33    Compiling block-buffer v0.12.1
#16 18.36    Compiling crypto-common v0.2.2
#16 18.69    Compiling rx-process-contract v0.1.0 (/src/crates/rx-process-contract)
#16 22.44    Compiling cap-primitives v4.0.3
#16 22.52    Compiling rx-application v0.1.0 (/src/crates/rx-application)
#16 36.17    Compiling digest v0.11.3
#16 36.24    Compiling fs-set-times v0.20.3
#16 36.28    Compiling tonic-prost v0.14.6
#16 36.32    Compiling curve25519-dalek v5.0.0
#16 36.37    Compiling rustix-linux-procfs v0.1.1
#16 36.46    Compiling ambient-authority v0.0.2
#16 36.47    Compiling ipnet v2.12.2
#16 36.86    Compiling cap-std v4.0.3
#16 36.91    Compiling maybe-owned v0.3.4
#16 37.45    Compiling rx-protocol v0.1.0 (/src/crates/rx-protocol)
#16 41.45    Compiling cpufeatures v0.3.1
#16 41.47    Compiling signature v3.0.0
#16 41.48    Compiling cap-fs-ext v4.0.3
#16 41.54    Compiling password-hash v0.5.0
#16 41.83    Compiling ed25519 v3.0.0
#16 41.87    Compiling sha2 v0.11.0
#16 42.38    Compiling rx-protocol-adapter v0.1.0 (/src/crates/rx-protocol-adapter)
#16 44.13    Compiling rx-runtime v0.1.0 (/src/crates/rx-runtime)
#16 44.49    Compiling blake2 v0.10.6
#16 44.62    Compiling argon2 v0.5.3
#16 44.91    Compiling ed25519-dalek v3.0.0
#16 45.00    Compiling rx-storage v0.1.0 (/src/crates/rx-storage)
#16 46.50    Compiling tempfile v3.27.0
#16 46.75    Compiling rx-package v0.1.0 (/src/crates/rx-package)
#16 50.77    Compiling rx-api v0.1.0 (/src/crates/rx-api)
#16 61.30    Compiling rx-host-client v0.1.0 (/src/crates/rx-host-client)
#16 65.11    Compiling rx-platformd v0.1.0 (/src/crates/rx-platformd)
#16 109.0     Finished `release` profile [optimized] target(s) in 1m 48s
#16 DONE 109.1s

#17 [runtime 3/4] COPY --from=build /out/rx-platformd /out/rx-package-store /usr/local/bin/
#17 DONE 0.0s

#18 [runtime 4/4] WORKDIR /var/lib/rx
#18 DONE 0.0s

#19 exporting to image
#19 exporting layers
#19 exporting layers 0.4s done
#19 exporting manifest sha256:ea0b43842b809614bb59ceb8c47d9c1ab5b2aaf7487b790495c4a1dfc27ac091 done
#19 exporting config sha256:ffd9ce14e258f5951ac67a6a87e49eba21ccf336722938fdb26995cddce4ba79 done
#19 exporting attestation manifest sha256:51cc71aebe333b8ae7df131e987b228ff56f771dd4ca39d87287a672af35be7c done
#19 exporting manifest list sha256:8fcc435bf93e23e7495016a9c17cef92a30886194aba810b886ea32dd3546225 done
#19 naming to docker.io/library/rx-platform:runtime-draft done
#19 unpacking to docker.io/library/rx-platform:runtime-draft 0.1s done
#19 DONE 0.5s
