    Blocking waiting for file lock on build directory
    Checking rx-application v0.1.0 (/Users/ojaehong/RX_automation/rx_ws/rx-platform/crates/rx-application)
error: this `if` statement can be collapsed
   --> crates/rx-application/src/engine/procedure.rs:261:21
    |
261 | /                     if command.record.action == Action::WorkFinished
262 | |                         && assertions.certainty == Some(Certainty::Reported)
263 | |                     {
264 | |                         if let Some(person) = progress.people.get_mut(&actor.id) {
...   |
268 | |                     }
    | |_____________________^
    |
    = help: for further information visit https://rust-lang.github.io/rust-clippy/rust-1.98.0/index.html#collapsible_if
    = note: `-D clippy::collapsible-if` implied by `-D warnings`
    = help: to override `-D warnings` add `#[allow(clippy::collapsible_if)]`
help: collapse nested if block
    |
262 ~                         && assertions.certainty == Some(Certainty::Reported)
263 ~                         && let Some(person) = progress.people.get_mut(&actor.id) {
264 |                             person.active = false;
265 |                             person.finished = true;
266 ~                         }
    |

error: could not compile `rx-application` (lib) due to 1 previous error
warning: build failed, waiting for other jobs to finish...
error: could not compile `rx-application` (lib test) due to 1 previous error
