   Compiling rx-platformd v0.1.0 (/Users/ojaehong/RX_automation/rx_ws/rx-platform/crates/rx-platformd)
error[E0433]: cannot find module or crate `rx_process_contract` in this scope
 --> crates/rx-platformd/tests/../../rx-application/tests/support/process_review.rs:9:5
  |
9 | use rx_process_contract::{compile_input::CompileInput, model::*, package_review::Report};
  |     ^^^^^^^^^^^^^^^^^^^ use of unresolved module or unlinked crate `rx_process_contract`
  |
  = help: if you wanted to use a crate named `rx_process_contract`, use `cargo add rx_process_contract` to add it to your `Cargo.toml`

error[E0432]: unresolved imports `rx_process_contract::compile_input::CompileInput`, `rx_process_contract::package_review::Report`
 --> crates/rx-platformd/tests/../../rx-application/tests/support/process_review.rs:9:27
  |
9 | use rx_process_contract::{compile_input::CompileInput, model::*, package_review::Report};
  |                           ^^^^^^^^^^^^^^^^^^^^^^^^^^^            ^^^^^^^^^^^^^^^^^^^^^^

error[E0425]: cannot find type `ResolvedProcess` in this scope
  --> crates/rx-platformd/tests/../../rx-application/tests/support/process_review.rs:23:19
   |
23 |     pub resolved: ResolvedProcess,
   |                   ^^^^^^^^^^^^^^^ not found in this scope

error[E0425]: cannot find type `ProcessSource` in this scope
  --> crates/rx-platformd/tests/../../rx-application/tests/support/process_review.rs:39:16
   |
39 |     let source:ProcessSource=serde_json::from_value(serde_json::json!({"schema":"rx.process-source.v1","process":"test/review","entr...
   |                ^^^^^^^^^^^^^ not found in this scope

error[E0422]: cannot find struct, variant or union type `ActionBinding` in this scope
  --> crates/rx-platformd/tests/../../rx-application/tests/support/process_review.rs:42:9
   |
42 |         ActionBinding {
   |         ^^^^^^^^^^^^^ not found in this scope

error[E0422]: cannot find struct, variant or union type `SourceLocation` in this scope
   --> crates/rx-platformd/tests/../../rx-application/tests/support/process_review.rs:165:20
    |
165 |     let location = SourceLocation {
    |                    ^^^^^^^^^^^^^^ not found in this scope

error[E0422]: cannot find struct, variant or union type `ResolvedProcess` in this scope
   --> crates/rx-platformd/tests/../../rx-application/tests/support/process_review.rs:174:20
    |
174 |     let resolved = ResolvedProcess {
    |                    ^^^^^^^^^^^^^^^ not found in this scope

error[E0422]: cannot find struct, variant or union type `CompiledNode` in this scope
   --> crates/rx-platformd/tests/../../rx-application/tests/support/process_review.rs:179:15
    |
179 |         root: CompiledNode {
    |               ^^^^^^^^^^^^ not found in this scope

error[E0433]: cannot find type `CompiledBody` in this scope
   --> crates/rx-platformd/tests/../../rx-application/tests/support/process_review.rs:182:19
    |
182 |             body: CompiledBody::Operation {
    |                   ^^^^^^^^^^^^ use of undeclared type `CompiledBody`

Some errors have detailed explanations: E0422, E0425, E0432, E0433.
For more information about an error, try `rustc --explain E0422`.
error: could not compile `rx-platformd` (test "composition") due to 9 previous errors
