Traceback (most recent call last):
  File "/Users/ojaehong/RX_automation/rx_ws/rx-platform/tools/test_operator_delivery.py", line 128, in <module>
    page.get_by_label('실행 기록 선택',exact=True).select_option(selected_run['id'])
  File "/Users/ojaehong/RX_automation/rx_ws/.tools/browser-python/lib/python3.12/site-packages/playwright/sync_api/_generated.py", line 20069, in select_option
    self._sync(
  File "/Users/ojaehong/RX_automation/rx_ws/.tools/browser-python/lib/python3.12/site-packages/playwright/_impl/_sync_base.py", line 115, in _sync
    return task.result()
           ^^^^^^^^^^^^^
  File "/Users/ojaehong/RX_automation/rx_ws/.tools/browser-python/lib/python3.12/site-packages/playwright/_impl/_locator.py", line 633, in select_option
    return await self._frame.select_option(
           ^^^^^^^^^^^^^^^^^^^^^^^^^^^^^^^^
  File "/Users/ojaehong/RX_automation/rx_ws/.tools/browser-python/lib/python3.12/site-packages/playwright/_impl/_frame.py", line 814, in select_option
    return await self._channel.send("selectOption", self._timeout, params)
           ^^^^^^^^^^^^^^^^^^^^^^^^^^^^^^^^^^^^^^^^^^^^^^^^^^^^^^^^^^^^^^^
  File "/Users/ojaehong/RX_automation/rx_ws/.tools/browser-python/lib/python3.12/site-packages/playwright/_impl/_connection.py", line 76, in send
    return await self._connection.wrap_api_call(
           ^^^^^^^^^^^^^^^^^^^^^^^^^^^^^^^^^^^^^
  File "/Users/ojaehong/RX_automation/rx_ws/.tools/browser-python/lib/python3.12/site-packages/playwright/_impl/_connection.py", line 632, in wrap_api_call
    raise rewrite_error(error, f"{parsed_st['apiName']}: {error}") from None
playwright._impl._errors.TimeoutError: Locator.select_option: Timeout 30000ms exceeded.
Call log:
  - waiting for get_by_label("실행 기록 선택", exact=True)

