    Checking rx-domain v0.1.0 (/Users/ojaehong/RX_automation/rx_ws/rx-platform/crates/rx-domain)
   Compiling rx-protocol v0.1.0 (/Users/ojaehong/RX_automation/rx_ws/rx-platform/crates/rx-protocol)
    Checking rx-ports v0.1.0 (/Users/ojaehong/RX_automation/rx_ws/rx-platform/crates/rx-ports)
    Checking rx-process-contract v0.1.0 (/Users/ojaehong/RX_automation/rx_ws/rx-platform/crates/rx-process-contract)
    Checking rx-package v0.1.0 (/Users/ojaehong/RX_automation/rx_ws/rx-platform/crates/rx-package)
    Checking rx-storage v0.1.0 (/Users/ojaehong/RX_automation/rx_ws/rx-platform/crates/rx-storage)
    Checking rx-application v0.1.0 (/Users/ojaehong/RX_automation/rx_ws/rx-platform/crates/rx-application)
    Checking rx-protocol-adapter v0.1.0 (/Users/ojaehong/RX_automation/rx_ws/rx-platform/crates/rx-protocol-adapter)
    Checking rx-runtime v0.1.0 (/Users/ojaehong/RX_automation/rx_ws/rx-platform/crates/rx-runtime)
error[E0424]: expected value, found module `self`
   --> crates/rx-runtime/src/application.rs:413:48
    |
411 |     fn priority(command: &Command) -> Priority {
    |        -------- this function doesn't have a `self` parameter
412 |         match command {
413 |             Command::PrepareHostLink(input) => self
    |                                                ^^^^ `self` value is a keyword only available in methods with a `self` parameter
    |
help: add a `self` receiver parameter to make the associated `fn` a method
    |
411 |     fn priority(&self, command: &Command) -> Priority {
    |                 ++++++

error[E0424]: expected value, found module `self`
   --> crates/rx-runtime/src/application.rs:417:47
    |
411 |     fn priority(command: &Command) -> Priority {
    |        -------- this function doesn't have a `self` parameter
...
417 |             Command::CommitHostLink(input) => self
    |                                               ^^^^ `self` value is a keyword only available in methods with a `self` parameter
    |
help: add a `self` receiver parameter to make the associated `fn` a method
    |
411 |     fn priority(&self, command: &Command) -> Priority {
    |                 ++++++

error[E0424]: expected value, found module `self`
   --> crates/rx-runtime/src/application.rs:421:52
    |
411 |     fn priority(command: &Command) -> Priority {
    |        -------- this function doesn't have a `self` parameter
...
421 |             Command::CurrentTime => Ok(Reply::Time(self.engine.current_time())),
    |                                                    ^^^^ `self` value is a keyword only available in methods with a `self` parameter
    |
help: add a `self` receiver parameter to make the associated `fn` a method
    |
411 |     fn priority(&self, command: &Command) -> Priority {
    |                 ++++++

error[E0004]: non-exhaustive patterns: `application::Command::PrepareHostLink(_)`, `application::Command::CommitHostLink(_)` and `application::Command::CurrentTime` not covered
   --> crates/rx-runtime/src/application.rs:438:15
    |
438 |         match command {
    |               ^^^^^^^ patterns `application::Command::PrepareHostLink(_)`, `application::Command::CommitHostLink(_)` and `application::Command::CurrentTime` not covered
    |
note: `application::Command` defined here
   --> crates/rx-runtime/src/application.rs:10:10
    |
 10 | pub enum Command {
    |          ^^^^^^^
 11 |     PrepareHostLink(Box<rx_application::host_link::Prepare>),
    |     --------------- not covered
 12 |     CommitHostLink(Box<rx_application::host_link::Commit>),
    |     -------------- not covered
 13 |     CurrentTime,
    |     ----------- not covered
    = note: the matched value is of type `application::Command`
help: ensure that all possible cases are being handled by adding a match arm with a wildcard pattern, a match arm with multiple or-patterns as shown, or multiple match arms
    |
948 ~                 .map(|v| Reply::Held(Box::new(v))),
949 ~             application::Command::PrepareHostLink(_) | application::Command::CommitHostLink(_) | application::Command::CurrentTime => todo!(),
    |

Some errors have detailed explanations: E0004, E0424.
For more information about an error, try `rustc --explain E0004`.
error: could not compile `rx-runtime` (lib) due to 4 previous errors
