#0 building with "desktop-linux" instance using docker driver

#1 [internal] load build definition from Platform.Dockerfile
#1 transferring dockerfile: 1.26kB done
#1 DONE 0.0s

#2 [internal] load metadata for docker.io/library/rust:1.98.1-bookworm@sha256:9a73a5088750b4c95158ab26629c854c3d6fc4b173cb7bc8079ad252d8ed7bfa
#2 DONE 0.0s

#3 [internal] load metadata for docker.io/library/ubuntu:24.04@sha256:224a1869083a311ef3f13648a154ba79832fbef6364d31493642ca03082da254
#3 ...

#4 [auth] library/ubuntu:pull token for registry-1.docker.io
#4 DONE 0.0s

#3 [internal] load metadata for docker.io/library/ubuntu:24.04@sha256:224a1869083a311ef3f13648a154ba79832fbef6364d31493642ca03082da254
#3 DONE 1.3s

#5 [runtime 1/4] FROM docker.io/library/ubuntu:24.04@sha256:224a1869083a311ef3f13648a154ba79832fbef6364d31493642ca03082da254
#5 resolve docker.io/library/ubuntu:24.04@sha256:224a1869083a311ef3f13648a154ba79832fbef6364d31493642ca03082da254 0.0s done
#5 DONE 0.0s

#6 [build 1/8] FROM docker.io/library/rust:1.98.1-bookworm@sha256:9a73a5088750b4c95158ab26629c854c3d6fc4b173cb7bc8079ad252d8ed7bfa
#6 resolve docker.io/library/rust:1.98.1-bookworm@sha256:9a73a5088750b4c95158ab26629c854c3d6fc4b173cb7bc8079ad252d8ed7bfa 0.0s done
#6 DONE 0.0s

#7 [internal] load build context
#7 transferring context: 269.05kB 0.0s done
#7 DONE 0.0s

#8 [build 2/8] WORKDIR /src
#8 CACHED

#9 [build 3/8] COPY Cargo.toml Cargo.lock ./
#9 CACHED

#10 [build 4/8] COPY crates ./crates
#10 DONE 0.0s

#11 [build 5/8] COPY proto ./proto
#11 DONE 0.0s

#12 [build 6/8] COPY spec ./spec
#12 DONE 0.0s

#13 [build 7/8] RUN mkdir -p /out
#13 DONE 0.1s

#14 [build 8/8] RUN --mount=type=cache,id=rx-platform-registry,target=/usr/local/cargo/registry     --mount=type=cache,id=rx-platform-release,target=/src/target     cargo build --release --locked -p rx-platformd && cp target/release/rx-platformd /out/rx-platformd
#14 0.481    Compiling rx-application v0.1.0 (/src/crates/rx-application)
#14 23.95    Compiling rx-protocol-adapter v0.1.0 (/src/crates/rx-protocol-adapter)
#14 25.84    Compiling rx-runtime v0.1.0 (/src/crates/rx-runtime)
#14 25.98    Compiling rx-api v0.1.0 (/src/crates/rx-api)
#14 45.05    Compiling rx-host-client v0.1.0 (/src/crates/rx-host-client)
#14 51.73    Compiling rx-platformd v0.1.0 (/src/crates/rx-platformd)
#14 129.2     Finished `release` profile [optimized] target(s) in 2m 09s
#14 DONE 129.3s

#15 [runtime 2/4] RUN mkdir -p /etc/rx/platform /var/lib/rx /run/rx && chown 10001:10001 /var/lib/rx /run/rx
#15 CACHED

#16 [runtime 3/4] COPY --from=build /out/rx-platformd /usr/local/bin/rx-platformd
#16 DONE 0.0s

#17 [runtime 4/4] WORKDIR /var/lib/rx
#17 DONE 0.0s

#18 exporting to image
#18 exporting layers
#18 exporting layers 0.7s done
#18 exporting manifest sha256:1bfbc906c0f150a23ba7f8f416fee4dfe4373324aa7286456869fad011bbf1a4 done
#18 exporting config sha256:d25664a9a60069b4b3a6e861df816abf4c404d87d2f32124da004a054820f7ee done
#18 exporting attestation manifest sha256:1cc88e0c59e41af4075f1adc6685463be34f4e91eca9577f760becf102d9c2f5 done
#18 exporting manifest list sha256:408072cd6de56032283aa599dabaf75fa675a01cd858c801ce5637de11114aa8 done
#18 naming to docker.io/library/rx-platform:runtime-draft done
#18 unpacking to docker.io/library/rx-platform:runtime-draft 0.1s done
#18 DONE 0.8s
