   Compiling rx-domain v0.1.0 (/Users/ojaehong/RX_automation/rx_ws/rx-solutions/sdk/crates/rx-domain)
   Compiling rx-protocol v0.1.0 (/Users/ojaehong/RX_automation/rx_ws/rx-solutions/sdk/crates/rx-protocol)
   Compiling rx-host v0.1.0 (/Users/ojaehong/RX_automation/rx_ws/rx-solutions/runtime/rx-host)
   Compiling rx-package v0.1.0 (/Users/ojaehong/RX_automation/rx_ws/rx-solutions/sdk/crates/rx-package)
   Compiling rx-ports v0.1.0 (/Users/ojaehong/RX_automation/rx_ws/rx-solutions/sdk/crates/rx-ports)
   Compiling rx-storage v0.1.0 (/Users/ojaehong/RX_automation/rx_ws/rx-solutions/sdk/crates/rx-storage)
   Compiling rx-solution-catalog v0.1.0 (/Users/ojaehong/RX_automation/rx_ws/rx-solutions/runtime/rx-solution-catalog)
    Finished `dev` profile [unoptimized + debuginfo] target(s) in 6.73s
   Compiling rx-domain v0.1.0 (/Users/ojaehong/RX_automation/rx_ws/rx-platform/crates/rx-domain)
   Compiling rx-protocol v0.1.0 (/Users/ojaehong/RX_automation/rx_ws/rx-platform/crates/rx-protocol)
   Compiling rx-ports v0.1.0 (/Users/ojaehong/RX_automation/rx_ws/rx-platform/crates/rx-ports)
   Compiling rx-process-contract v0.1.0 (/Users/ojaehong/RX_automation/rx_ws/rx-platform/crates/rx-process-contract)
   Compiling rx-storage v0.1.0 (/Users/ojaehong/RX_automation/rx_ws/rx-platform/crates/rx-storage)
   Compiling rx-application v0.1.0 (/Users/ojaehong/RX_automation/rx_ws/rx-platform/crates/rx-application)
   Compiling rx-runtime v0.1.0 (/Users/ojaehong/RX_automation/rx_ws/rx-platform/crates/rx-runtime)
   Compiling rx-protocol-adapter v0.1.0 (/Users/ojaehong/RX_automation/rx_ws/rx-platform/crates/rx-protocol-adapter)
   Compiling rx-api v0.1.0 (/Users/ojaehong/RX_automation/rx_ws/rx-platform/crates/rx-api)
   Compiling rx-host-client v0.1.0 (/Users/ojaehong/RX_automation/rx_ws/rx-platform/crates/rx-host-client)
    Finished `test` profile [unoptimized + debuginfo] target(s) in 10.20s
     Running tests/network_e2e.rs (target/debug/deps/network_e2e-7bc09e10815e6ddf)

running 3 tests
test application_outbox_reaches_mtls_host_and_t2_commits_the_result ... FAILED
test remote_executor_submission_and_host_reply_loss_preserve_one_native_effect_per_slot ... FAILED
test automatic_dispatcher_recovers_a_lost_authorize_reply_without_native_reexecution ... FAILED

failures:

---- application_outbox_reaches_mtls_host_and_t2_commits_the_result stdout ----

thread 'application_outbox_reaches_mtls_host_and_t2_commits_the_result' (8619949) panicked at crates/rx-host-client/tests/network_e2e.rs:323:6:
called `Result::unwrap()` on an `Err` value: tonic::transport::Error(Transport, ConnectError(HttpsUriWithoutTlsSupport(())))
note: run with `RUST_BACKTRACE=1` environment variable to display a backtrace

---- remote_executor_submission_and_host_reply_loss_preserve_one_native_effect_per_slot stdout ----

thread 'remote_executor_submission_and_host_reply_loss_preserve_one_native_effect_per_slot' (8619951) panicked at crates/rx-host-client/tests/network_e2e.rs:323:6:
called `Result::unwrap()` on an `Err` value: tonic::transport::Error(Transport, ConnectError(HttpsUriWithoutTlsSupport(())))

---- automatic_dispatcher_recovers_a_lost_authorize_reply_without_native_reexecution stdout ----

thread 'automatic_dispatcher_recovers_a_lost_authorize_reply_without_native_reexecution' (8619950) panicked at crates/rx-host-client/tests/network_e2e.rs:323:6:
called `Result::unwrap()` on an `Err` value: tonic::transport::Error(Transport, ConnectError(HttpsUriWithoutTlsSupport(())))


failures:
    application_outbox_reaches_mtls_host_and_t2_commits_the_result
    automatic_dispatcher_recovers_a_lost_authorize_reply_without_native_reexecution
    remote_executor_submission_and_host_reply_loss_preserve_one_native_effect_per_slot

test result: FAILED. 0 passed; 3 failed; 0 ignored; 0 measured; 0 filtered out; finished in 0.82s

error: test failed, to rerun pass `-p rx-host-client --test network_e2e`
