    Updating crates.io index
     Locking 14 packages to latest Rust 1.98 compatible versions
      Adding cfg_aliases v0.2.2
      Adding chacha20 v0.10.2
      Adding hyper-rustls v0.27.9
      Adding lru-slab v0.1.2
      Adding quinn v0.11.11
      Adding quinn-proto v0.11.17
      Adding quinn-udp v0.5.15
      Adding rand v0.10.2
      Adding rand_core v0.10.1
      Adding rand_pcg v0.10.2
      Adding rustc-hash v2.1.3
      Adding tinyvec v1.13.2
      Adding tinyvec_macros v0.1.1
      Adding web-time v1.1.0
 Downloading crates ...
  Downloaded rand_core v0.10.1
    Checking rx-application v0.1.0 (/Users/ojaehong/RX_automation/rx_ws/rx-platform/crates/rx-application)
    Checking rx-protocol-adapter v0.1.0 (/Users/ojaehong/RX_automation/rx_ws/rx-platform/crates/rx-protocol-adapter)
    Checking rx-runtime v0.1.0 (/Users/ojaehong/RX_automation/rx_ws/rx-platform/crates/rx-runtime)
    Checking rx-api v0.1.0 (/Users/ojaehong/RX_automation/rx_ws/rx-platform/crates/rx-api)
    Checking rx-host-client v0.1.0 (/Users/ojaehong/RX_automation/rx_ws/rx-platform/crates/rx-host-client)
    Finished `dev` profile [unoptimized + debuginfo] target(s) in 3.03s
