#0 building with "desktop-linux" instance using docker driver

#1 [internal] load build definition from Platform.Dockerfile
#1 transferring dockerfile: 1.29kB done
#1 DONE 0.0s

#2 [internal] load metadata for docker.io/library/rust:1.98.1-bookworm@sha256:9a73a5088750b4c95158ab26629c854c3d6fc4b173cb7bc8079ad252d8ed7bfa
#2 DONE 0.0s

#3 [internal] load metadata for docker.io/library/ubuntu:24.04@sha256:224a1869083a311ef3f13648a154ba79832fbef6364d31493642ca03082da254
#3 ...

#4 [auth] library/ubuntu:pull token for registry-1.docker.io
#4 DONE 0.0s

#3 [internal] load metadata for docker.io/library/ubuntu:24.04@sha256:224a1869083a311ef3f13648a154ba79832fbef6364d31493642ca03082da254
#3 DONE 1.4s

#5 [build 1/8] FROM docker.io/library/rust:1.98.1-bookworm@sha256:9a73a5088750b4c95158ab26629c854c3d6fc4b173cb7bc8079ad252d8ed7bfa
#5 resolve docker.io/library/rust:1.98.1-bookworm@sha256:9a73a5088750b4c95158ab26629c854c3d6fc4b173cb7bc8079ad252d8ed7bfa done
#5 DONE 0.0s

#6 [runtime 1/4] FROM docker.io/library/ubuntu:24.04@sha256:224a1869083a311ef3f13648a154ba79832fbef6364d31493642ca03082da254
#6 resolve docker.io/library/ubuntu:24.04@sha256:224a1869083a311ef3f13648a154ba79832fbef6364d31493642ca03082da254 done
#6 DONE 0.0s

#7 [internal] load build context
#7 transferring context: 34.13kB 0.0s done
#7 DONE 0.0s

#8 [build 2/8] WORKDIR /src
#8 CACHED

#9 [build 3/8] COPY Cargo.toml Cargo.lock ./
#9 CACHED

#10 [build 4/8] COPY crates ./crates
#10 DONE 0.0s

#11 [build 5/8] COPY proto ./proto
#11 DONE 0.0s

#12 [build 6/8] COPY spec ./spec
#12 DONE 0.0s

#13 [build 7/8] RUN mkdir -p /out
#13 DONE 0.1s

#14 [build 8/8] RUN --mount=type=cache,id=rx-platform-registry,target=/usr/local/cargo/registry     --mount=type=cache,id=rx-platform-release,target=/src/target     cargo build --release --locked -p rx-platformd && cp target/release/rx-platformd target/release/rx-package-store /out/
#14 0.351    Compiling rx-package v0.1.0 (/src/crates/rx-package)
#14 4.950    Compiling rx-application v0.1.0 (/src/crates/rx-application)
#14 26.39    Compiling rx-protocol-adapter v0.1.0 (/src/crates/rx-protocol-adapter)
#14 27.37    Compiling rx-runtime v0.1.0 (/src/crates/rx-runtime)
#14 29.55    Compiling rx-api v0.1.0 (/src/crates/rx-api)
#14 44.73    Compiling rx-host-client v0.1.0 (/src/crates/rx-host-client)
#14 50.87    Compiling rx-platformd v0.1.0 (/src/crates/rx-platformd)
#14 106.9     Finished `release` profile [optimized] target(s) in 1m 46s
#14 DONE 106.9s

#15 [runtime 2/4] RUN mkdir -p /etc/rx/platform /var/lib/rx /run/rx && chown 10001:10001 /var/lib/rx /run/rx
#15 CACHED

#16 [runtime 3/4] COPY --from=build /out/rx-platformd /out/rx-package-store /usr/local/bin/
#16 DONE 0.0s

#17 [runtime 4/4] WORKDIR /var/lib/rx
#17 DONE 0.0s

#18 exporting to image
#18 exporting layers
#18 exporting layers 0.5s done
#18 exporting manifest sha256:8179d3e150937bcc4e1d7a2a155ad8767ffe2c50bfe37916cfe17b8a94e0c1a0 done
#18 exporting config sha256:cdabf664f4a152b3ec19abbec55ce1bb807b5310228176db0ee7e48a1898b971 done
#18 exporting attestation manifest sha256:0911a730d45f6f727a48a51c581e8fc3410ae44c7ad0c4c2315eb5773181f965 done
#18 exporting manifest list sha256:bc9ccbb72f6300ce7f9ac238b777130daaeba52c0a640888fdb4d312efb4167b done
#18 naming to docker.io/library/rx-platform:runtime-draft done
#18 unpacking to docker.io/library/rx-platform:runtime-draft 0.1s done
#18 DONE 0.6s
