#0 building with "desktop-linux" instance using docker driver

#1 [internal] load build definition from Platform.Dockerfile
#1 transferring dockerfile: 1.29kB done
#1 DONE 0.0s

#2 [internal] load metadata for docker.io/library/rust:1.98.1-bookworm@sha256:9a73a5088750b4c95158ab26629c854c3d6fc4b173cb7bc8079ad252d8ed7bfa
#2 DONE 0.0s

#3 [internal] load metadata for docker.io/library/ubuntu:24.04@sha256:224a1869083a311ef3f13648a154ba79832fbef6364d31493642ca03082da254
#3 DONE 0.0s

#4 [build 1/8] FROM docker.io/library/rust:1.98.1-bookworm@sha256:9a73a5088750b4c95158ab26629c854c3d6fc4b173cb7bc8079ad252d8ed7bfa
#4 resolve docker.io/library/rust:1.98.1-bookworm@sha256:9a73a5088750b4c95158ab26629c854c3d6fc4b173cb7bc8079ad252d8ed7bfa done
#4 DONE 0.0s

#5 [runtime 1/4] FROM docker.io/library/ubuntu:24.04@sha256:224a1869083a311ef3f13648a154ba79832fbef6364d31493642ca03082da254
#5 resolve docker.io/library/ubuntu:24.04@sha256:224a1869083a311ef3f13648a154ba79832fbef6364d31493642ca03082da254 done
#5 DONE 0.0s

#6 [internal] load build context
#6 transferring context: 85.18kB 0.0s done
#6 DONE 0.0s

#7 [build 2/8] WORKDIR /src
#7 CACHED

#8 [build 3/8] COPY Cargo.toml Cargo.lock ./
#8 CACHED

#9 [build 4/8] COPY crates ./crates
#9 DONE 0.1s

#10 [build 5/8] COPY proto ./proto
#10 DONE 0.0s

#11 [build 6/8] COPY spec ./spec
#11 DONE 0.0s

#12 [build 7/8] RUN mkdir -p /out
#12 DONE 0.1s

#13 [build 8/8] RUN --mount=type=cache,id=rx-platform-registry,target=/usr/local/cargo/registry     --mount=type=cache,id=rx-platform-release,target=/src/target     cargo build --release --locked -p rx-platformd && cp target/release/rx-platformd target/release/rx-package-store /out/
#13 0.194    Compiling rx-package v0.1.0 (/src/crates/rx-package)
#13 4.731    Compiling rx-application v0.1.0 (/src/crates/rx-application)
#13 18.55    Compiling rx-protocol-adapter v0.1.0 (/src/crates/rx-protocol-adapter)
#13 19.55    Compiling rx-runtime v0.1.0 (/src/crates/rx-runtime)
#13 20.06    Compiling rx-api v0.1.0 (/src/crates/rx-api)
#13 32.94    Compiling rx-host-client v0.1.0 (/src/crates/rx-host-client)
#13 37.10    Compiling rx-platformd v0.1.0 (/src/crates/rx-platformd)
#13 84.26     Finished `release` profile [optimized] target(s) in 1m 24s
#13 DONE 84.3s

#14 [runtime 2/4] RUN mkdir -p /etc/rx/platform /var/lib/rx /run/rx && chown 10001:10001 /var/lib/rx /run/rx
#14 CACHED

#15 [runtime 3/4] COPY --from=build /out/rx-platformd /out/rx-package-store /usr/local/bin/
#15 DONE 0.0s

#16 [runtime 4/4] WORKDIR /var/lib/rx
#16 DONE 0.0s

#17 exporting to image
#17 exporting layers
#17 exporting layers 0.4s done
#17 exporting manifest sha256:b17882a6b832c2ac2257cc589dc883b1ff318f1fff758aab2676fdd6f52c921f done
#17 exporting config sha256:b9e03c2f3b3aef1cf3fcdd65617b92cad7c611b4daf6823974f4e82e3b97872d done
#17 exporting attestation manifest sha256:c00540c03f70f45989d172d2cbb355548448c995e2269760d0c0e2b782cb375d done
#17 exporting manifest list sha256:933a9f2594b703e2296ff65aaf576ad415091ede0087b250ab9a37d1671a1bff done
#17 naming to docker.io/library/rx-platform:runtime-draft done
#17 unpacking to docker.io/library/rx-platform:runtime-draft 0.1s done
#17 DONE 0.6s
