#0 building with "desktop-linux" instance using docker driver

#1 [internal] load build definition from Solutions.Dockerfile
#1 transferring dockerfile: 6.45kB done
#1 DONE 0.0s

#2 [context robotis] load .dockerignore
#2 transferring robotis: 2B done
#2 DONE 0.0s

#3 [internal] load metadata for docker.io/library/ros:jazzy-ros-base@sha256:386d06ec6d4188f731bae5678e07b4cb64a4e4d4152090c0bd1f881dcf7706f5
#3 DONE 0.0s

#4 [native-dependencies 1/8] FROM docker.io/library/ros:jazzy-ros-base@sha256:386d06ec6d4188f731bae5678e07b4cb64a4e4d4152090c0bd1f881dcf7706f5
#4 resolve docker.io/library/ros:jazzy-ros-base@sha256:386d06ec6d4188f731bae5678e07b4cb64a4e4d4152090c0bd1f881dcf7706f5 done
#4 DONE 0.0s

#5 [context robotis] load from client
#5 transferring robotis: 45B done
#5 DONE 0.0s

#6 [internal] load build context
#6 transferring context: 4.01kB done
#6 DONE 0.0s

#7 [context robotis] load from client
#7 transferring robotis: 349.07kB 0.1s done
#7 DONE 0.1s

#8 [native-dependencies 4/8] COPY tools/materialize_package_manifests.py /opt/rx/tools/materialize_package_manifests.py
#8 CACHED

#9 [native-audit 1/6] COPY native/support/onnxruntime.conf /etc/ld.so.conf.d/rx-onnxruntime.conf
#9 CACHED

#10 [native-dependencies 3/8] COPY --from=robotis /package-manifests.json /opt/rx/input/package-manifests.json
#10 CACHED

#11 [native-dependencies 7/8] RUN if [ ! -f /etc/ros/rosdep/sources.list.d/20-default.list ]; then rosdep init; fi     && rosdep update --rosdistro jazzy     && apt-get update     && rosdep install --from-paths /workspace/dependencies --ignore-src --rosdistro jazzy -y     && apt-get install -y --no-install-recommends ros-jazzy-rmw-zenoh-cpp     && mkdir -p /opt/rx/manifests     && dpkg-query -W -f='${Package}\t${Version}\t${Architecture}\n' | sort > /opt/rx/manifests/native-packages.tsv     && rm -rf /var/lib/apt/lists/*
#11 CACHED

#12 [native-dependencies 5/8] RUN python3 /opt/rx/tools/materialize_package_manifests.py /opt/rx/input/package-manifests.json /workspace/dependencies
#12 CACHED

#13 [native-build 3/5] COPY tools/native_source_inventory.py /opt/rx/tools/native_source_inventory.py
#13 CACHED

#14 [native-build 4/5] RUN python3 /opt/rx/tools/native_source_inventory.py /workspace/src
#14 CACHED

#15 [native-dependencies 6/8] RUN mkdir -p /etc/ros/rosdep/sources.list.d &&     printf 'yaml https://raw.githubusercontent.com/ros/rosdistro/86ac06531559f070ce9ea5ad485714395336ec6f/rosdep/base.yaml\nyaml https://raw.githubusercontent.com/ros/rosdistro/86ac06531559f070ce9ea5ad485714395336ec6f/rosdep/python.yaml\n' > /etc/ros/rosdep/sources.list.d/20-default.list
#15 CACHED

#16 [native-build 5/5] RUN --network=none source /opt/ros/jazzy/setup.bash     && colcon list --base-paths src --names-only | sort > /opt/rx/manifests/native-source-packages.txt     && colcon build --base-paths src --executor sequential --merge-install        --install-base /opt/rx/robotis --cmake-args -DCMAKE_BUILD_TYPE=Release -DBUILD_TESTING=OFF -DCMAKE_AUTOGEN_PARALLEL=1 -DONNXRUNTIME_ROOT=/opt/onnxruntime     && cp src/source-lock.json /opt/rx/manifests/native-sources.json
#16 CACHED

#17 [native-build 1/5] WORKDIR /workspace
#17 CACHED

#18 [native-dependencies 8/8] RUN case "arm64" in       arm64) ORT_ARCH=aarch64; ORT_SHA=7c63c73560ed76b1fac6cff8204ffe34fe180e70d6582b5332ec094810241e5c ;;       amd64) ORT_ARCH=x64; ORT_SHA=1fa4dcaef22f6f7d5cd81b28c2800414350c10116f5fdd46a2160082551c5f9b ;;       *) exit 1 ;;     esac     && curl --fail --location --proto '=https' --tlsv1.2 "https://github.com/microsoft/onnxruntime/releases/download/v1.23.2/onnxruntime-linux-${ORT_ARCH}-1.23.2.tgz" -o /tmp/ort.tgz     && echo "${ORT_SHA}  /tmp/ort.tgz" | sha256sum --check     && mkdir -p /opt/onnxruntime     && tar -xzf /tmp/ort.tgz --strip-components=1 -C /opt/onnxruntime     && rm /tmp/ort.tgz
#18 CACHED

#19 [native-dependencies 2/8] RUN apt-get update && apt-get install -y --no-install-recommends     build-essential cmake ninja-build curl ca-certificates python3-colcon-common-extensions     python3-rosdep python3-yaml libyaml-cpp-dev libeigen3-dev     && rm -rf /var/lib/apt/lists/*
#19 CACHED

#20 [native-build 2/5] COPY --from=robotis / /workspace/src/
#20 CACHED

#21 [native-audit 2/6] RUN ldconfig
#21 CACHED

#22 [native-audit 3/6] COPY tools/audit_native_install.py /opt/rx/tools/audit_native_install.py
#22 DONE 0.0s

#23 [native-audit 4/6] COPY native/support/ort_inspect.cpp /tmp/ort_inspect.cpp
#23 DONE 0.0s

#24 [native-audit 5/6] COPY catalogs/robotis-support.v1.json /opt/rx/manifests/robotis-support.v1.json
#24 DONE 0.0s

#25 [native-audit 6/6] RUN --network=none g++ -std=c++17 /tmp/ort_inspect.cpp -I/opt/onnxruntime/include -L/opt/onnxruntime/lib -Wl,-rpath,/opt/onnxruntime/lib -lonnxruntime -o /opt/rx/tools/ort-inspect     && source /opt/ros/jazzy/setup.bash && source /opt/rx/robotis/setup.bash     && python3 /opt/rx/tools/audit_native_install.py --catalog /opt/rx/manifests/robotis-support.v1.json --output /opt/rx/manifests/native-install-audit.json
#25 1.038 invalid plugin XML /opt/ros/jazzy/share/moveit_kinematics/cached_ik_kinematics_plugin_description.xml: not well-formed (invalid token): line 2, column 129
#25 ERROR: process "/bin/bash -o pipefail -c g++ -std=c++17 /tmp/ort_inspect.cpp -I/opt/onnxruntime/include -L/opt/onnxruntime/lib -Wl,-rpath,/opt/onnxruntime/lib -lonnxruntime -o /opt/rx/tools/ort-inspect     && source /opt/ros/jazzy/setup.bash && source /opt/rx/robotis/setup.bash     && python3 /opt/rx/tools/audit_native_install.py --catalog /opt/rx/manifests/robotis-support.v1.json --output /opt/rx/manifests/native-install-audit.json" did not complete successfully: exit code: 1
------
 > [native-audit 6/6] RUN --network=none g++ -std=c++17 /tmp/ort_inspect.cpp -I/opt/onnxruntime/include -L/opt/onnxruntime/lib -Wl,-rpath,/opt/onnxruntime/lib -lonnxruntime -o /opt/rx/tools/ort-inspect     && source /opt/ros/jazzy/setup.bash && source /opt/rx/robotis/setup.bash     && python3 /opt/rx/tools/audit_native_install.py --catalog /opt/rx/manifests/robotis-support.v1.json --output /opt/rx/manifests/native-install-audit.json:
1.038 invalid plugin XML /opt/ros/jazzy/share/moveit_kinematics/cached_ik_kinematics_plugin_description.xml: not well-formed (invalid token): line 2, column 129
------
Solutions.Dockerfile:51
--------------------
  50 |     COPY catalogs/robotis-support.v1.json /opt/rx/manifests/robotis-support.v1.json
  51 | >>> RUN --network=none g++ -std=c++17 /tmp/ort_inspect.cpp -I/opt/onnxruntime/include -L/opt/onnxruntime/lib -Wl,-rpath,/opt/onnxruntime/lib -lonnxruntime -o /opt/rx/tools/ort-inspect \
  52 | >>>     && source /opt/ros/jazzy/setup.bash && source /opt/rx/robotis/setup.bash \
  53 | >>>     && python3 /opt/rx/tools/audit_native_install.py --catalog /opt/rx/manifests/robotis-support.v1.json --output /opt/rx/manifests/native-install-audit.json
  54 |     
--------------------
ERROR: failed to build: failed to solve: process "/bin/bash -o pipefail -c g++ -std=c++17 /tmp/ort_inspect.cpp -I/opt/onnxruntime/include -L/opt/onnxruntime/lib -Wl,-rpath,/opt/onnxruntime/lib -lonnxruntime -o /opt/rx/tools/ort-inspect     && source /opt/ros/jazzy/setup.bash && source /opt/rx/robotis/setup.bash     && python3 /opt/rx/tools/audit_native_install.py --catalog /opt/rx/manifests/robotis-support.v1.json --output /opt/rx/manifests/native-install-audit.json" did not complete successfully: exit code: 1
