#0 building with "desktop-linux" instance using docker driver

#1 [internal] load build definition from Solutions.Dockerfile
#1 transferring dockerfile: 5.82kB done
#1 DONE 0.0s

#2 [internal] load metadata for docker.io/library/rust:1.98.1-bookworm@sha256:9a73a5088750b4c95158ab26629c854c3d6fc4b173cb7bc8079ad252d8ed7bfa
#2 ...

#3 [auth] library/rust:pull token for registry-1.docker.io
#3 DONE 0.0s

#2 [internal] load metadata for docker.io/library/rust:1.98.1-bookworm@sha256:9a73a5088750b4c95158ab26629c854c3d6fc4b173cb7bc8079ad252d8ed7bfa
#2 DONE 1.3s

#4 [rust-build 1/8] FROM docker.io/library/rust:1.98.1-bookworm@sha256:9a73a5088750b4c95158ab26629c854c3d6fc4b173cb7bc8079ad252d8ed7bfa
#4 resolve docker.io/library/rust:1.98.1-bookworm@sha256:9a73a5088750b4c95158ab26629c854c3d6fc4b173cb7bc8079ad252d8ed7bfa done
#4 DONE 0.0s

#5 [internal] load build context
#5 transferring context: 1.21MB 0.0s done
#5 DONE 0.0s

#6 [rust-build 2/8] WORKDIR /src
#6 CACHED

#7 [rust-build 3/8] COPY Cargo.toml Cargo.lock ./
#7 DONE 0.1s

#8 [rust-build 4/8] COPY sdk ./sdk
#8 DONE 0.1s

#9 [rust-build 5/8] COPY runtime ./runtime
#9 DONE 0.0s

#10 [rust-build 6/8] COPY catalogs ./catalogs
#10 DONE 0.0s

#11 [rust-build 7/8] COPY interfaces ./interfaces
#11 DONE 0.0s

#12 [rust-build 8/8] RUN --mount=type=cache,id=rx-solutions-registry,target=/usr/local/cargo/registry     --mount=type=cache,id=rx-solutions-release,target=/src/target     cargo build --release --locked --workspace && mkdir -p /out && cp target/release/rx-executor-service target/release/rx-process-compile /out/
#12 0.342     Updating crates.io index
#12 1.667  Downloading crates ...
#12 1.816   Downloaded block-buffer v0.10.4
#12 1.817   Downloaded atomic-waker v1.1.2
#12 1.823   Downloaded bitflags v2.13.2
#12 1.824   Downloaded bytes v1.12.1
#12 1.826   Downloaded block-buffer v0.12.1
#12 1.827   Downloaded cap-fs-ext v4.0.3
#12 1.828   Downloaded axum-core v0.5.6
#12 1.832   Downloaded cap-primitives v4.0.3
#12 1.837   Downloaded base64 v0.22.1
#12 1.839   Downloaded rustls-webpki v0.103.15
#12 1.841   Downloaded ryu-js v0.2.2
#12 1.842   Downloaded aho-corasick v1.1.5
#12 1.847   Downloaded pulldown-cmark v0.13.4
#12 1.850   Downloaded matchit v0.8.4
#12 1.853   Downloaded crypto-common v0.1.7
#12 1.853   Downloaded rustc_version v0.4.1
#12 1.854   Downloaded axum v0.8.9
#12 1.861   Downloaded sha2 v0.10.9
#12 1.862   Downloaded rusqlite v0.40.2
#12 1.865   Downloaded tower v0.5.3
#12 1.870   Downloaded cpufeatures v0.2.17
#12 1.871   Downloaded httpdate v1.0.3
#12 1.872   Downloaded futures-sink v0.3.34
#12 1.873   Downloaded http-body v1.1.0
#12 1.874   Downloaded heck v0.5.0
#12 1.874   Downloaded fallible-streaming-iterator v0.1.9
#12 1.875   Downloaded serde_core v1.0.229
#12 1.876   Downloaded sync_wrapper v1.0.2
#12 1.877   Downloaded tower-layer v0.3.3
#12 1.877   Downloaded tokio-rustls v0.26.5
#12 1.879   Downloaded tonic-prost-build v0.14.6
#12 1.879   Downloaded itoa v1.0.18
#12 1.880   Downloaded cpufeatures v0.3.1
#12 1.882   Downloaded generic-array v0.14.7
#12 1.883   Downloaded memchr v2.8.3
#12 1.886   Downloaded http-body-util v0.1.5
#12 1.890   Downloaded maybe-owned v0.3.4
#12 1.890   Downloaded try-lock v0.2.5
#12 1.891   Downloaded tracing-core v0.1.36
#12 1.892   Downloaded unicase v2.9.0
#12 1.893   Downloaded signal-hook-registry v1.4.8
#12 1.894   Downloaded tower-service v0.3.3
#12 1.894   Downloaded rustix-linux-procfs v0.1.1
#12 1.895   Downloaded futures-core v0.3.34
#12 1.896   Downloaded signature v3.0.0
#12 1.896   Downloaded untrusted v0.9.0
#12 1.897   Downloaded subtle v2.6.1
#12 1.898   Downloaded tokio-macros v2.7.2
#12 1.899   Downloaded errno v0.3.14
#12 1.900   Downloaded ambient-authority v0.0.2
#12 1.901   Downloaded want v0.3.1
#12 1.902   Downloaded serde_jcs v0.2.0
#12 1.906   Downloaded futures-task v0.3.34
#12 1.907   Downloaded version_check v0.9.5
#12 1.908   Downloaded thiserror v2.0.20
#12 1.910   Downloaded smallvec v1.16.0
#12 1.911   Downloaded fs-set-times v0.20.3
#12 1.912   Downloaded equivalent v1.0.2
#12 1.912   Downloaded rustls-pki-types v1.15.1
#12 1.915   Downloaded tonic-prost v0.14.6
#12 1.916   Downloaded zeroize v1.9.0
#12 1.918   Downloaded zmij v1.0.23
#12 1.919   Downloaded percent-encoding v2.3.2
#12 1.919   Downloaded slab v0.4.12
#12 1.920   Downloaded thiserror-impl v2.0.20
#12 1.922   Downloaded tonic-build v0.14.6
#12 1.925   Downloaded tracing v0.1.44
#12 1.946   Downloaded tracing-attributes v0.1.31
#12 1.948   Downloaded tonic v0.14.6
#12 1.953   Downloaded unicode-ident v1.0.24
#12 1.955   Downloaded semver v1.0.28
#12 1.957   Downloaded sha2 v0.11.0
#12 1.959   Downloaded shlex v2.0.1
#12 1.960   Downloaded tempfile v3.27.0
#12 1.963   Downloaded tokio-stream v0.1.19
#12 1.966   Downloaded fnv v1.0.7
#12 1.966   Downloaded protoc-bin-vendored v3.2.0
#12 1.967   Downloaded serde_derive v1.0.229
#12 1.969   Downloaded mime v0.3.17
#12 1.969   Downloaded socket2 v0.6.5
#12 1.971   Downloaded uuid v1.26.1
#12 1.972   Downloaded serde v1.0.229
#12 1.975   Downloaded io-lifetimes v3.0.1
#12 1.976   Downloaded foldhash v0.1.5
#12 1.977   Downloaded typenum v1.20.1
#12 1.979   Downloaded cfg-if v1.0.4
#12 1.979   Downloaded regex v1.13.1
#12 1.982   Downloaded tokio-util v0.7.19
#12 1.988   Downloaded fixedbitset v0.5.7
#12 1.989   Downloaded serde_json v1.0.151
#12 1.993   Downloaded either v1.18.0
#12 1.995   Downloaded multimap v0.10.1
#12 1.995   Downloaded ipnet v2.12.2
#12 1.996   Downloaded fastrand v2.5.0
#12 1.997   Downloaded foldhash v0.2.0
#12 1.997   Downloaded pin-project-lite v0.2.17
#12 2.000   Downloaded pkg-config v0.3.34
#12 2.001   Downloaded crypto-common v0.2.2
#12 2.001   Downloaded io-lifetimes v2.0.4
#12 2.002   Downloaded vcpkg v0.2.15
#12 2.021   Downloaded digest v0.11.3
#12 2.022   Downloaded ed25519 v3.0.0
#12 2.023   Downloaded fallible-iterator v0.3.0
#12 2.024   Downloaded hyper-timeout v0.5.2
#12 2.025   Downloaded prost-derive v0.14.4
#12 2.027   Downloaded digest v0.10.7
#12 2.028   Downloaded httparse v1.10.1
#12 2.030   Downloaded syn v2.0.119
#12 2.037   Downloaded find-msvc-tools v0.1.12
#12 2.037   Downloaded syn v3.0.5
#12 2.042   Downloaded cap-std v4.0.3
#12 2.044   Downloaded quote v1.0.47
#12 2.045   Downloaded regex-syntax v0.8.11
#12 2.049   Downloaded hybrid-array v0.4.15
#12 2.051   Downloaded futures-channel v0.3.34
#12 2.052   Downloaded prost-build v0.14.4
#12 2.054   Downloaded rustls v0.23.44
#12 2.060   Downloaded prost v0.14.4
#12 2.061   Downloaded getrandom v0.2.17
#12 2.063   Downloaded anyhow v1.0.104
#12 2.065   Downloaded rustix v1.1.4
#12 2.081   Downloaded once_cell v1.21.4
#12 2.085   Downloaded pin-project-internal v1.1.13
#12 2.086   Downloaded async-trait v0.1.92
#12 2.088   Downloaded pulldown-cmark-to-cmark v22.0.1
#12 2.089   Downloaded hashlink v0.12.2
#12 2.091   Downloaded log v0.4.34
#12 2.093   Downloaded io-extras v0.19.0
#12 2.094   Downloaded regex-automata v0.4.18
#12 2.104   Downloaded getrandom v0.4.3
#12 2.106   Downloaded pin-project v1.1.13
#12 2.117   Downloaded prost-types v0.14.4
#12 2.119   Downloaded tokio v1.53.1
#12 2.155   Downloaded ring v0.17.14
#12 2.181   Downloaded prettyplease v0.2.37
#12 2.184   Downloaded proc-macro2 v1.0.107
#12 2.187   Downloaded http v1.5.0
#12 2.190   Downloaded indexmap v2.14.2
#12 2.193   Downloaded hyper-util v0.1.20
#12 2.199   Downloaded cc v1.4.5
#12 2.201   Downloaded ed25519-dalek v3.0.0
#12 2.203   Downloaded mio v1.2.3
#12 2.208   Downloaded prost-reflect v0.16.5
#12 2.219   Downloaded hashbrown v0.17.1
#12 2.224   Downloaded hashbrown v0.15.5
#12 2.226   Downloaded hyper v1.11.1
#12 2.229   Downloaded h2 v0.4.19
#12 2.233   Downloaded itertools v0.14.0
#12 2.236   Downloaded futures-util v0.3.34
#12 2.241   Downloaded curve25519-dalek v5.0.0
#12 2.246   Downloaded petgraph v0.8.3
#12 2.258   Downloaded libc v0.2.189
#12 2.282   Downloaded protoc-bin-vendored-macos-aarch_64 v3.2.0
#12 2.302   Downloaded protoc-bin-vendored-macos-x86_64 v3.2.0
#12 2.321   Downloaded linux-raw-sys v0.12.1
#12 2.357   Downloaded protoc-bin-vendored-linux-aarch_64 v3.2.0
#12 2.379   Downloaded protoc-bin-vendored-linux-x86_64 v3.2.0
#12 2.402   Downloaded protoc-bin-vendored-win32 v3.2.0
#12 2.424   Downloaded protoc-bin-vendored-linux-ppcle_64 v3.2.0
#12 2.447   Downloaded protoc-bin-vendored-linux-x86_32 v3.2.0
#12 2.472   Downloaded protoc-bin-vendored-linux-s390_64 v3.2.0
#12 2.500   Downloaded libsqlite3-sys v0.38.2
#12 2.579    Compiling proc-macro2 v1.0.107
#12 2.920    Compiling unicode-ident v1.0.24
#12 2.947    Compiling quote v1.0.47
#12 3.257    Compiling libc v0.2.189
#12 3.681    Compiling syn v3.0.5
#12 4.818    Compiling version_check v0.9.5
#12 4.897    Compiling generic-array v0.14.7
#12 4.941    Compiling syn v2.0.119
#12 6.429    Compiling cfg-if v1.0.4
#12 6.452    Compiling itoa v1.0.18
#12 6.524    Compiling typenum v1.20.1
#12 6.791    Compiling once_cell v1.21.4
#12 6.852    Compiling zmij v1.0.23
#12 6.911    Compiling bytes v1.12.1
#12 7.180    Compiling getrandom v0.4.3
#12 7.234    Compiling serde_core v1.0.229
#12 8.173    Compiling pin-project-lite v0.2.17
#12 8.191    Compiling find-msvc-tools v0.1.12
#12 8.254    Compiling shlex v2.0.1
#12 8.295    Compiling cc v1.4.5
#12 8.963    Compiling futures-core v0.3.34
#12 9.010    Compiling errno v0.3.14
#12 9.048    Compiling memchr v2.8.3
#12 9.296    Compiling anyhow v1.0.104
#12 9.367    Compiling foldhash v0.2.0
#12 9.417    Compiling hashbrown v0.17.1
#12 9.653    Compiling signal-hook-registry v1.4.8
#12 9.962    Compiling tokio-macros v2.7.2
#12 10.20    Compiling socket2 v0.6.5
#12 10.53    Compiling mio v1.2.3
#12 10.82    Compiling either v1.18.0
#12 10.87    Compiling zeroize v1.9.0
#12 10.91    Compiling itertools v0.14.0
#12 11.31    Compiling tokio v1.53.1
#12 16.07    Compiling serde v1.0.229
#12 16.13    Compiling serde_json v1.0.151
#12 16.18    Compiling bitflags v2.13.2
#12 16.39    Compiling prost-derive v0.14.4
#12 17.18    Compiling block-buffer v0.10.4
#12 17.21    Compiling crypto-common v0.1.7
#12 17.24    Compiling http v1.5.0
#12 17.86    Compiling serde_derive v1.0.229
#12 18.84    Compiling rustix v1.1.4
#12 18.93    Compiling thiserror v2.0.20
#12 19.01    Compiling subtle v2.6.1
#12 19.29    Compiling digest v0.10.7
#12 20.48    Compiling tracing-core v0.1.36
#12 20.77    Compiling hybrid-array v0.4.15
#12 20.94    Compiling tracing-attributes v0.1.31
#12 21.38    Compiling thiserror-impl v2.0.20
#12 21.76    Compiling cpufeatures v0.2.17
#12 21.78    Compiling ryu-js v0.2.2
#12 21.86    Compiling io-lifetimes v3.0.1
#12 21.92    Compiling linux-raw-sys v0.12.1
#12 22.01    Compiling futures-sink v0.3.34
#12 22.03    Compiling io-lifetimes v2.0.4
#12 22.09    Compiling equivalent v1.0.2
#12 22.10    Compiling slab v0.4.12
#12 22.59    Compiling indexmap v2.14.2
#12 22.84    Compiling tokio-util v0.7.19
#12 24.67    Compiling serde_jcs v0.2.0
#12 25.02    Compiling sha2 v0.10.9
#12 25.40    Compiling tracing v0.1.44
#12 25.49    Compiling uuid v1.26.1
#12 25.70    Compiling http-body v1.1.0
#12 25.73    Compiling ring v0.17.14
#12 25.86    Compiling io-extras v0.19.0
#12 25.92    Compiling semver v1.0.28
#12 26.04    Compiling rustc_version v0.4.1
#12 28.47    Compiling rx-domain v0.1.0 (/src/sdk/crates/rx-domain)
#12 30.05    Compiling crypto-common v0.2.2
#12 30.40    Compiling block-buffer v0.12.1
#12 30.43    Compiling tower-service v0.3.3
#12 30.44    Compiling futures-task v0.3.34
#12 30.47    Compiling httparse v1.10.1
#12 30.54    Compiling smallvec v1.16.0
#12 30.60    Compiling cap-primitives v4.0.3
#12 30.80    Compiling pulldown-cmark v0.13.4
#12 30.88    Compiling prettyplease v0.2.37
#12 30.99    Compiling futures-util v0.3.34
#12 31.52    Compiling digest v0.11.3
#12 31.56    Compiling fs-set-times v0.20.3
#12 31.63    Compiling curve25519-dalek v5.0.0
#12 31.69    Compiling rustix-linux-procfs v0.1.1
#12 31.92    Compiling getrandom v0.2.17
#12 32.13    Compiling try-lock v0.2.5
#12 32.19    Compiling atomic-waker v1.1.2
#12 32.21    Compiling unicase v2.9.0
#12 32.25    Compiling ipnet v2.12.2
#12 32.69    Compiling foldhash v0.1.5
#12 32.72    Compiling untrusted v0.9.0
#12 32.74    Compiling maybe-owned v0.3.4
#12 32.78    Compiling ambient-authority v0.0.2
#12 32.88    Compiling regex-syntax v0.8.11
#12 33.43    Compiling fnv v1.0.7
#12 33.62    Compiling cap-std v4.0.3
#12 33.87    Compiling h2 v0.4.19
#12 36.15    Compiling regex-automata v0.4.18
#12 39.25    Compiling hashbrown v0.15.5
#12 39.79    Compiling want v0.3.1
#12 39.82    Compiling prost v0.14.4
#12 41.00    Compiling rustls-pki-types v1.15.1
#12 41.25    Compiling futures-channel v0.3.34
#12 41.30    Compiling cpufeatures v0.3.1
#12 41.32    Compiling fixedbitset v0.5.7
#12 41.38    Compiling fastrand v2.5.0
#12 41.42    Compiling signature v3.0.0
#12 41.44    Compiling rustls v0.23.44
#12 41.48    Compiling httpdate v1.0.3
#12 41.58    Compiling tower-layer v0.3.3
#12 41.63    Compiling cap-fs-ext v4.0.3
#12 41.72    Compiling sync_wrapper v1.0.2
#12 41.77    Compiling tempfile v3.27.0
#12 42.15    Compiling hyper v1.11.1
#12 43.82    Compiling ed25519 v3.0.0
#12 43.87    Compiling petgraph v0.8.3
#12 44.32    Compiling sha2 v0.11.0
#12 44.85    Compiling rustls-webpki v0.103.15
#12 46.63    Compiling prost-types v0.14.4
#12 47.00    Compiling pulldown-cmark-to-cmark v22.0.1
#12 47.20    Compiling regex v1.13.1
#12 47.32    Compiling http-body-util v0.1.5
#12 47.39    Compiling multimap v0.10.1
#12 47.43    Compiling heck v0.5.0
#12 47.48    Compiling log v0.4.34
#12 47.53    Compiling vcpkg v0.2.15
#12 47.72    Compiling pkg-config v0.3.34
#12 47.90    Compiling mime v0.3.17
#12 48.04    Compiling axum-core v0.5.6
#12 48.75    Compiling prost-build v0.14.4
#12 49.16    Compiling libsqlite3-sys v0.38.2
#12 56.53    Compiling ed25519-dalek v3.0.0
#12 56.65    Compiling hyper-util v0.1.20
#12 57.66    Compiling tower v0.5.3
#12 57.97    Compiling tonic-build v0.14.6
#12 58.56    Compiling pin-project-internal v1.1.13
#12 58.94    Compiling protoc-bin-vendored-linux-ppcle_64 v3.2.0
#12 58.96    Compiling protoc-bin-vendored-macos-aarch_64 v3.2.0
#12 58.98    Compiling protoc-bin-vendored-linux-x86_64 v3.2.0
#12 59.00    Compiling protoc-bin-vendored-win32 v3.2.0
#12 59.02    Compiling percent-encoding v2.3.2
#12 59.09    Compiling protoc-bin-vendored-linux-s390_64 v3.2.0
#12 59.11    Compiling protoc-bin-vendored-linux-x86_32 v3.2.0
#12 59.13    Compiling protoc-bin-vendored-linux-aarch_64 v3.2.0
#12 59.15    Compiling matchit v0.8.4
#12 59.34    Compiling protoc-bin-vendored-macos-x86_64 v3.2.0
#12 59.36    Compiling protoc-bin-vendored v3.2.0
#12 59.39    Compiling axum v0.8.9
#12 61.57    Compiling pin-project v1.1.13
#12 61.60    Compiling rx-package v0.1.0 (/src/sdk/crates/rx-package)
#12 65.55    Compiling tonic-prost-build v0.14.6
#12 65.70    Compiling hyper-timeout v0.5.2
#12 65.76    Compiling tokio-rustls v0.26.5
#12 91.87    Compiling tokio-stream v0.1.19
#12 92.04    Compiling async-trait v0.1.92
#12 92.38    Compiling base64 v0.22.1
#12 92.54    Compiling tonic v0.14.6
#12 97.53    Compiling rx-protocol v0.1.0 (/src/sdk/crates/rx-protocol)
#12 98.64    Compiling hashlink v0.12.2
#12 98.73    Compiling fallible-streaming-iterator v0.1.9
#12 98.76    Compiling fallible-iterator v0.3.0
#12 98.85    Compiling rusqlite v0.40.2
#12 99.65    Compiling prost-reflect v0.16.5
#12 106.5    Compiling tonic-prost v0.14.6
#12 106.5    Compiling rx-ports v0.1.0 (/src/sdk/crates/rx-ports)
#12 106.6    Compiling rx-process-contract v0.1.0 (/src/sdk/crates/rx-process-contract)
#12 108.3    Compiling rx-process v0.1.0 (/src/runtime/rx-process)
#12 111.4    Compiling rx-storage v0.1.0 (/src/sdk/crates/rx-storage)
#12 117.3    Compiling rx-host v0.1.0 (/src/runtime/rx-host)
#12 117.5    Compiling rx-executor v0.1.0 (/src/runtime/rx-executor)
#12 125.0    Compiling rx-solution-catalog v0.1.0 (/src/runtime/rx-solution-catalog)
#12 154.2     Finished `release` profile [optimized] target(s) in 2m 33s
#12 DONE 154.3s

#13 exporting to image
#13 exporting layers
#13 exporting layers 0.4s done
#13 exporting manifest sha256:8497b6bae4920e2dcd1afae1cbbbcd7fcc5cc5ff6dd7abae49bb642652e8a13e done
#13 exporting config sha256:e7d623d1af170bbfd982a120235470ba7d99dd763962661275bd52ef146474c5 done
#13 exporting attestation manifest sha256:d41577a667d5f5359f6b0c20dc7ac87be109cf1439326ad47627863b0dfa5086 done
#13 exporting manifest list sha256:c4deaa1981a001293380b5550baad83263a3c650ba80a585a593c57906e85273 done
#13 naming to docker.io/library/rx-solutions:rust-build-draft done
#13 unpacking to docker.io/library/rx-solutions:rust-build-draft 0.1s done
#13 DONE 0.5s
