    Checking rx-executor v0.1.0 (/Users/ojaehong/RX_automation/rx_ws/rx-solutions/runtime/rx-executor)
error: using `chunks_exact` with a constant chunk size
  --> runtime/rx-executor/src/journal/recovery/wal.rs:47:23
   |
47 |     for pair in bytes.chunks_exact(8) {
   |                       ^^^^^^^^^^^^^^^ help: consider using `as_chunks` instead: `as_chunks::<8>().0`
   |
   = help: for further information visit https://rust-lang.github.io/rust-clippy/rust-1.98.0/index.html#chunks_exact_to_as_chunks
   = note: `-D clippy::chunks-exact-to-as-chunks` implied by `-D warnings`
   = help: to override `-D warnings` add `#[allow(clippy::chunks_exact_to_as_chunks)]`

error: using `chunks_exact` with a constant chunk size
   --> runtime/rx-executor/src/journal/recovery/wal.rs:207:14
    |
207 |             .chunks_exact(4)
    |              ^^^^^^^^^^^^^^^ help: consider using `as_chunks` instead: `as_chunks::<4>().0.iter()`
    |
    = help: for further information visit https://rust-lang.github.io/rust-clippy/rust-1.98.0/index.html#chunks_exact_to_as_chunks

error: using `chunks_exact` with a constant chunk size
   --> runtime/rx-executor/src/journal/recovery/wal.rs:217:27
    |
217 |         for pair in words.chunks_exact(2) {
    |                           ^^^^^^^^^^^^^^^ help: consider using `as_chunks` instead: `as_chunks::<2>().0`
    |
    = help: for further information visit https://rust-lang.github.io/rust-clippy/rust-1.98.0/index.html#chunks_exact_to_as_chunks

error: could not compile `rx-executor` (lib) due to 1 previous error
warning: build failed, waiting for other jobs to finish...
error: could not compile `rx-executor` (lib test) due to 3 previous errors
