#0 building with "desktop-linux" instance using docker driver

#1 [internal] load build definition from Solutions.Dockerfile
#1 transferring dockerfile: 6.45kB done
#1 DONE 0.0s

#2 [context btcpp] load .dockerignore
#2 transferring btcpp: 2B done
#2 DONE 0.0s

#3 [context robotis] load .dockerignore
#3 transferring robotis: 2B done
#3 DONE 0.0s

#4 [internal] load metadata for docker.io/library/ros:jazzy-ros-base@sha256:386d06ec6d4188f731bae5678e07b4cb64a4e4d4152090c0bd1f881dcf7706f5
#4 DONE 0.0s

#5 [internal] load metadata for docker.io/library/node:26.5.0-bookworm-slim@sha256:2d49d876e96237d76de412761cf05dbfe5aee325cc4406a4d41d5824c5bb8beb
#5 DONE 0.0s

#6 [internal] load metadata for docker.io/library/rust:1.98.1-bookworm@sha256:9a73a5088750b4c95158ab26629c854c3d6fc4b173cb7bc8079ad252d8ed7bfa
#6 DONE 0.0s

#7 [ui-build 1/6] FROM docker.io/library/node:26.5.0-bookworm-slim@sha256:2d49d876e96237d76de412761cf05dbfe5aee325cc4406a4d41d5824c5bb8beb
#7 resolve docker.io/library/node:26.5.0-bookworm-slim@sha256:2d49d876e96237d76de412761cf05dbfe5aee325cc4406a4d41d5824c5bb8beb done
#7 DONE 0.0s

#8 [rust-build 1/8] FROM docker.io/library/rust:1.98.1-bookworm@sha256:9a73a5088750b4c95158ab26629c854c3d6fc4b173cb7bc8079ad252d8ed7bfa
#8 resolve docker.io/library/rust:1.98.1-bookworm@sha256:9a73a5088750b4c95158ab26629c854c3d6fc4b173cb7bc8079ad252d8ed7bfa done
#8 DONE 0.0s

#9 [native-dependencies 1/8] FROM docker.io/library/ros:jazzy-ros-base@sha256:386d06ec6d4188f731bae5678e07b4cb64a4e4d4152090c0bd1f881dcf7706f5
#9 resolve docker.io/library/ros:jazzy-ros-base@sha256:386d06ec6d4188f731bae5678e07b4cb64a4e4d4152090c0bd1f881dcf7706f5 done
#9 DONE 0.0s

#10 [context btcpp] load from client
#10 transferring btcpp: 27.43kB 0.0s done
#10 DONE 0.1s

#11 [internal] load build context
#11 transferring context: 1.45MB 0.1s done
#11 DONE 0.1s

#12 [ui-build 2/6] WORKDIR /src
#12 CACHED

#13 [ui-build 4/6] RUN npm ci
#13 CACHED

#14 [ui-build 5/6] COPY apps/operator/ ./
#14 CACHED

#15 [ui-build 3/6] COPY apps/operator/package.json apps/operator/package-lock.json ./
#15 CACHED

#16 [ui-build 6/6] RUN npm run build
#16 CACHED

#17 [rust-build 4/8] COPY sdk ./sdk
#17 CACHED

#18 [rust-build 6/8] COPY catalogs ./catalogs
#18 CACHED

#19 [rust-build 5/8] COPY runtime ./runtime
#19 CACHED

#20 [rust-build 2/8] WORKDIR /src
#20 CACHED

#21 [rust-build 3/8] COPY Cargo.toml Cargo.lock ./
#21 CACHED

#22 [rust-build 7/8] COPY interfaces ./interfaces
#22 CACHED

#23 [rust-build 8/8] RUN --mount=type=cache,id=rx-solutions-registry,target=/usr/local/cargo/registry     --mount=type=cache,id=rx-solutions-release,target=/src/target     cargo build --release --locked --workspace && mkdir -p /out && cp target/release/rx-executor-service target/release/rx-process-compile /out/
#23 CACHED

#24 [context robotis] load from client
#24 ...

#25 [context robotis] load from client
#25 transferring robotis: 45B 0.2s done
#25 DONE 0.2s

#26 [native-dependencies 2/8] RUN apt-get update && apt-get install -y --no-install-recommends     build-essential cmake ninja-build curl ca-certificates python3-colcon-common-extensions     python3-rosdep python3-yaml libyaml-cpp-dev libeigen3-dev     && rm -rf /var/lib/apt/lists/*
#26 CACHED

#27 [native-dependencies 7/8] RUN if [ ! -f /etc/ros/rosdep/sources.list.d/20-default.list ]; then rosdep init; fi     && rosdep update --rosdistro jazzy     && apt-get update     && rosdep install --from-paths /workspace/dependencies --ignore-src --rosdistro jazzy -y     && apt-get install -y --no-install-recommends ros-jazzy-rmw-zenoh-cpp     && mkdir -p /opt/rx/manifests     && dpkg-query -W -f='${Package}\t${Version}\t${Architecture}\n' | sort > /opt/rx/manifests/native-packages.tsv     && rm -rf /var/lib/apt/lists/*
#27 CACHED

#28 [native-dependencies 5/8] RUN python3 /opt/rx/tools/materialize_package_manifests.py /opt/rx/input/package-manifests.json /workspace/dependencies
#28 CACHED

#29 [native-dependencies 6/8] RUN mkdir -p /etc/ros/rosdep/sources.list.d &&     printf 'yaml https://raw.githubusercontent.com/ros/rosdistro/86ac06531559f070ce9ea5ad485714395336ec6f/rosdep/base.yaml\nyaml https://raw.githubusercontent.com/ros/rosdistro/86ac06531559f070ce9ea5ad485714395336ec6f/rosdep/python.yaml\n' > /etc/ros/rosdep/sources.list.d/20-default.list
#29 CACHED

#30 [native-dependencies 4/8] COPY tools/materialize_package_manifests.py /opt/rx/tools/materialize_package_manifests.py
#30 CACHED

#31 [native-dependencies 3/8] COPY --from=robotis /package-manifests.json /opt/rx/input/package-manifests.json
#31 CACHED

#32 [bt-build 1/3] COPY --from=btcpp / /btcpp/
#32 CACHED

#33 [bt-build 2/3] COPY native/executor /executor/
#33 CACHED

#34 [native-dependencies 8/8] RUN case "arm64" in       arm64) ORT_ARCH=aarch64; ORT_SHA=7c63c73560ed76b1fac6cff8204ffe34fe180e70d6582b5332ec094810241e5c ;;       amd64) ORT_ARCH=x64; ORT_SHA=1fa4dcaef22f6f7d5cd81b28c2800414350c10116f5fdd46a2160082551c5f9b ;;       *) exit 1 ;;     esac     && curl --fail --location --proto '=https' --tlsv1.2 "https://github.com/microsoft/onnxruntime/releases/download/v1.23.2/onnxruntime-linux-${ORT_ARCH}-1.23.2.tgz" -o /tmp/ort.tgz     && echo "${ORT_SHA}  /tmp/ort.tgz" | sha256sum --check     && mkdir -p /opt/onnxruntime     && tar -xzf /tmp/ort.tgz --strip-components=1 -C /opt/onnxruntime     && rm /tmp/ort.tgz
#34 CACHED

#35 [bt-build 3/3] RUN --network=none cmake -S /executor -B /bt-build -G Ninja -DCMAKE_BUILD_TYPE=Release -DBTCPP_SOURCE=/btcpp -DRX_BUILD_TEST_HARNESS=OFF     && cmake --build /bt-build --target rx-bt-engine -j1
#35 CACHED

#36 [runtime  1/14] COPY native/support/onnxruntime.conf /etc/ld.so.conf.d/rx-onnxruntime.conf
#36 DONE 0.1s

#24 [context robotis] load from client
#24 ...

#37 [runtime  2/14] COPY dependencies/native-apt-locks /opt/rx/apt-locks
#37 DONE 0.1s

#24 [context robotis] load from client
#24 ...

#38 [runtime  3/14] RUN ldconfig
#38 DONE 1.2s

#24 [context robotis] load from client
#24 transferring robotis: 295.34MB 2.4s done
#24 DONE 2.4s

#39 [native-build 5/5] RUN --network=none source /opt/ros/jazzy/setup.bash     && colcon list --base-paths src --names-only | sort > /opt/rx/manifests/native-source-packages.txt     && colcon build --base-paths src --executor sequential --merge-install        --install-base /opt/rx/robotis --cmake-args -DCMAKE_BUILD_TYPE=Release -DBUILD_TESTING=OFF -DCMAKE_AUTOGEN_PARALLEL=1 -DONNXRUNTIME_ROOT=/opt/onnxruntime     && cp src/source-lock.json /opt/rx/manifests/native-sources.json
#39 CACHED

#40 [native-build 2/5] COPY --from=robotis / /workspace/src/
#40 CACHED

#41 [native-build 4/5] RUN python3 /opt/rx/tools/native_source_inventory.py /workspace/src
#41 CACHED

#42 [native-build 1/5] WORKDIR /workspace
#42 CACHED

#43 [native-build 3/5] COPY tools/native_source_inventory.py /opt/rx/tools/native_source_inventory.py
#43 CACHED

#44 [native-audit 1/6] COPY native/support/onnxruntime.conf /etc/ld.so.conf.d/rx-onnxruntime.conf
#44 CACHED

#45 [native-audit 2/6] RUN ldconfig
#45 CACHED

#46 [native-audit 3/6] COPY tools/audit_native_install.py /opt/rx/tools/audit_native_install.py
#46 DONE 0.1s

#47 [native-audit 4/6] COPY native/support/ort_inspect.cpp /tmp/ort_inspect.cpp
#47 DONE 0.0s

#48 [native-audit 5/6] COPY catalogs/robotis-support.v1.json /opt/rx/manifests/robotis-support.v1.json
#48 DONE 0.0s

#49 [native-audit 6/6] RUN --network=none g++ -std=c++17 /tmp/ort_inspect.cpp -I/opt/onnxruntime/include -L/opt/onnxruntime/lib -Wl,-rpath,/opt/onnxruntime/lib -lonnxruntime -o /opt/rx/tools/ort-inspect     && source /opt/ros/jazzy/setup.bash && source /opt/rx/robotis/setup.bash     && python3 /opt/rx/tools/audit_native_install.py --catalog /opt/rx/manifests/robotis-support.v1.json --output /opt/rx/manifests/native-install-audit.json
#49 1.505 {"packages": 42, "elf": 69, "policy_assets": 11, "model_sessions": 4}
#49 DONE 1.5s

#50 [runtime  4/14] COPY --from=native-audit /opt/rx/robotis /opt/rx/robotis
#50 DONE 0.7s

#51 [runtime  5/14] COPY --from=native-audit /opt/rx/manifests /opt/rx/manifests
#51 DONE 0.0s

#52 [runtime  6/14] COPY --from=rust-build /out/ /opt/rx/bin/
#52 DONE 0.0s

#53 [runtime  7/14] COPY --from=bt-build /bt-build/rx-bt-engine /opt/rx/bin/rx-bt-engine
#53 DONE 0.0s

#54 [runtime  8/14] COPY --from=ui-build /src/dist/ /opt/rx/operator/
#54 DONE 0.1s

#55 [runtime  9/14] COPY catalogs /opt/rx/catalogs
#55 DONE 0.0s

#56 [runtime 10/14] COPY dependencies/native-stack.lock.json /opt/rx/manifests/native-stack.lock.json
#56 DONE 0.0s

#57 [runtime 11/14] COPY native/support/solutions_status.py /opt/rx/tools/solutions_status.py
#57 DONE 0.0s

#58 [runtime 12/14] COPY native/support/entrypoint.sh /opt/rx/entrypoint.sh
#58 DONE 0.0s

#59 [runtime 13/14] RUN cmp /opt/rx/manifests/native-packages.tsv /opt/rx/apt-locks/arm64.tsv     && rm -rf /workspace/dependencies     && mkdir -p /var/lib/rx-solutions/ros-log /run/rx-solutions     && chown -R 10001:10001 /var/lib/rx-solutions /run/rx-solutions     && chmod 755 /opt/rx/entrypoint.sh
#59 DONE 0.1s

#60 [runtime 14/14] WORKDIR /var/lib/rx-solutions
#60 DONE 0.0s

#61 exporting to image
#61 exporting layers
#61 exporting layers 4.4s done
#61 exporting manifest sha256:8c7eeb85cf9489f92c39783fef3222356db879cd217e3fff21a69d2c69cc39ed done
#61 exporting config sha256:58990293c6ceedd076e37e9d3fb4609e5739930e44c95e8d7165782f07e59124 done
#61 exporting attestation manifest sha256:e7fafaec2f9aa7e256c05aae4332896b56935cc18d0fe611e169e9c5dc18e122 done
#61 exporting manifest list sha256:656fca497a13baa3e172e6dd81ab9c757c37d22749e4d5d6e155aea70a69620c done
#61 naming to docker.io/library/rx-solutions:runtime-draft done
#61 unpacking to docker.io/library/rx-solutions:runtime-draft
#61 unpacking to docker.io/library/rx-solutions:runtime-draft 0.8s done
#61 DONE 5.3s
