#0 building with "desktop-linux" instance using docker driver

#1 [internal] load build definition from Platform.Dockerfile
#1 transferring dockerfile: 1.29kB done
#1 DONE 0.0s

#2 [internal] load metadata for docker.io/library/rust:1.98.1-bookworm@sha256:9a73a5088750b4c95158ab26629c854c3d6fc4b173cb7bc8079ad252d8ed7bfa
#2 ...

#3 [auth] library/rust:pull token for registry-1.docker.io
#3 DONE 0.0s

#4 [auth] library/ubuntu:pull token for registry-1.docker.io
#4 DONE 0.0s

#5 [internal] load metadata for docker.io/library/ubuntu:24.04@sha256:224a1869083a311ef3f13648a154ba79832fbef6364d31493642ca03082da254
#5 DONE 1.4s

#2 [internal] load metadata for docker.io/library/rust:1.98.1-bookworm@sha256:9a73a5088750b4c95158ab26629c854c3d6fc4b173cb7bc8079ad252d8ed7bfa
#2 DONE 1.4s

#6 [build 1/8] FROM docker.io/library/rust:1.98.1-bookworm@sha256:9a73a5088750b4c95158ab26629c854c3d6fc4b173cb7bc8079ad252d8ed7bfa
#6 resolve docker.io/library/rust:1.98.1-bookworm@sha256:9a73a5088750b4c95158ab26629c854c3d6fc4b173cb7bc8079ad252d8ed7bfa 0.0s done
#6 DONE 0.0s

#7 [runtime 1/4] FROM docker.io/library/ubuntu:24.04@sha256:224a1869083a311ef3f13648a154ba79832fbef6364d31493642ca03082da254
#7 resolve docker.io/library/ubuntu:24.04@sha256:224a1869083a311ef3f13648a154ba79832fbef6364d31493642ca03082da254 0.0s done
#7 DONE 0.0s

#8 [internal] load build context
#8 transferring context: 614.20kB 0.0s done
#8 DONE 0.0s

#9 [build 2/8] WORKDIR /src
#9 CACHED

#10 [build 3/8] COPY Cargo.toml Cargo.lock ./
#10 CACHED

#11 [build 4/8] COPY crates ./crates
#11 DONE 0.0s

#12 [build 5/8] COPY proto ./proto
#12 DONE 0.0s

#13 [build 6/8] COPY spec ./spec
#13 DONE 0.0s

#14 [build 7/8] RUN mkdir -p /out
#14 DONE 0.1s

#15 [build 8/8] RUN --mount=type=cache,id=rx-platform-registry,target=/usr/local/cargo/registry     --mount=type=cache,id=rx-platform-release,target=/src/target     cargo build --release --locked -p rx-platformd && cp target/release/rx-platformd target/release/rx-package-store /out/
#15 0.417    Compiling rx-process-contract v0.1.0 (/src/crates/rx-process-contract)
#15 5.114    Compiling rx-application v0.1.0 (/src/crates/rx-application)
#15 29.42    Compiling rx-protocol-adapter v0.1.0 (/src/crates/rx-protocol-adapter)
#15 30.49    Compiling rx-runtime v0.1.0 (/src/crates/rx-runtime)
#15 32.77    Compiling rx-api v0.1.0 (/src/crates/rx-api)
#15 50.50    Compiling rx-host-client v0.1.0 (/src/crates/rx-host-client)
#15 56.74    Compiling rx-platformd v0.1.0 (/src/crates/rx-platformd)
#15 116.7     Finished `release` profile [optimized] target(s) in 1m 56s
#15 DONE 116.8s

#16 [runtime 2/4] RUN mkdir -p /etc/rx/platform /var/lib/rx /run/rx && chown 10001:10001 /var/lib/rx /run/rx
#16 CACHED

#17 [runtime 3/4] COPY --from=build /out/rx-platformd /out/rx-package-store /usr/local/bin/
#17 DONE 0.0s

#18 [runtime 4/4] WORKDIR /var/lib/rx
#18 DONE 0.0s

#19 exporting to image
#19 exporting layers
#19 exporting layers 0.5s done
#19 exporting manifest sha256:fd7d12034c58e7ccd3d0326ae5cc936c1a1381077ff4eccf2c6bd73c115d1f3b done
#19 exporting config sha256:648fae8246ede23af8fb9aff367af12c392d7bfbbf460cefb99fa0a6d042c8bd done
#19 exporting attestation manifest sha256:ec218200017b6e946bc1291a2ecad5e01d2a4f2dac8b0523d1374ea36ecfe8f9 done
#19 exporting manifest list sha256:8678fad9c689e5c1ce417193a057944d8b474c039477c934f341e714459bd8b1 done
#19 naming to docker.io/library/rx-platform:runtime-draft done
#19 unpacking to docker.io/library/rx-platform:runtime-draft 0.1s done
#19 DONE 0.7s
