   Compiling typenum v1.20.1
   Compiling subtle v2.6.1
   Compiling generic-array v0.14.7
   Compiling block-buffer v0.10.4
   Compiling crypto-common v0.1.7
   Compiling digest v0.10.7
   Compiling linux-raw-sys v0.12.1
   Compiling sha2 v0.10.9
   Compiling rustls v0.23.44
   Compiling rx-domain v0.1.0 (/rx/rx-platform/crates/rx-domain)
   Compiling rustix v1.1.4
   Compiling tempfile v3.27.0
   Compiling tokio-rustls v0.26.5
   Compiling prost-build v0.14.4
   Compiling tonic-prost-build v0.14.6
   Compiling rx-ports v0.1.0 (/rx/rx-platform/crates/rx-ports)
   Compiling tonic v0.14.6
   Compiling rx-protocol v0.1.0 (/rx/rx-platform/crates/rx-protocol)
   Compiling rx-process-contract v0.1.0 (/rx/rx-platform/crates/rx-process-contract)
   Compiling rx-application v0.1.0 (/rx/rx-platform/crates/rx-application)
   Compiling tonic-prost v0.14.6
   Compiling password-hash v0.5.0
   Compiling blake2 v0.10.6
   Compiling argon2 v0.5.3
   Compiling rx-protocol-adapter v0.1.0 (/rx/rx-platform/crates/rx-protocol-adapter)
   Compiling rx-storage v0.1.0 (/rx/rx-platform/crates/rx-storage)
   Compiling rx-runtime v0.1.0 (/rx/rx-platform/crates/rx-runtime)
   Compiling rx-api v0.1.0 (/rx/rx-platform/crates/rx-api)
   Compiling hyper-rustls v0.27.9
   Compiling reqwest v0.12.28
   Compiling rx-platformd v0.1.0 (/rx/rx-platform/crates/rx-platformd)
    Finished `test` profile [unoptimized + debuginfo] target(s) in 54.26s
     Running unittests src/lib.rs (/rust-build/debug/deps/rx_platformd-63b787fb52af5649)

running 0 tests

test result: ok. 0 passed; 0 failed; 0 ignored; 0 measured; 0 filtered out; finished in 0.00s

     Running unittests src/main.rs (/rust-build/debug/deps/rx_platformd-16771aec3e70a41c)

running 0 tests

test result: ok. 0 passed; 0 failed; 0 ignored; 0 measured; 0 filtered out; finished in 0.00s

     Running tests/composition.rs (/rust-build/debug/deps/composition-e03d6a35e7baeaf8)

running 4 tests
test export_container_fixture ... ignored, tools/test_platform_image.py requests isolated temporary container inputs
test invalid_pins_or_catalog_never_publish_a_partial_installation ... ok
test linux_executable_uses_shared_clock_and_sigterm_commits_process_stop ... ok
test composed_startup_restart_and_stop_preserve_store_and_never_start_a_run ... ok

test result: ok. 3 passed; 0 failed; 1 ignored; 0 measured; 0 filtered out; finished in 1.77s

   Doc-tests rx_platformd

running 0 tests

test result: ok. 0 passed; 0 failed; 0 ignored; 0 measured; 0 filtered out; finished in 0.00s

