rx-api v0.1.0 (/Users/ojaehong/RX_automation/rx_ws/rx-platform/crates/rx-api)
├── argon2 v0.5.3
│   ├── base64ct v1.8.3
│   ├── blake2 v0.10.6
│   │   └── digest v0.10.7
│   │       ├── block-buffer v0.10.4
│   │       │   └── generic-array v0.14.7
│   │       │       └── typenum v1.20.1
│   │       ├── crypto-common v0.1.7
│   │       │   ├── generic-array v0.14.7 (*)
│   │       │   └── typenum v1.20.1
│   │       └── subtle v2.6.1
│   └── password-hash v0.5.0
│       ├── base64ct v1.8.3
│       ├── rand_core v0.6.4
│       │   └── getrandom v0.2.17
│       │       ├── cfg-if v1.0.4
│       │       └── libc v0.2.189
│       └── subtle v2.6.1
├── axum v0.8.9
│   ├── axum-core v0.5.6
│   │   ├── bytes v1.12.1
│   │   ├── futures-core v0.3.34
│   │   ├── http v1.5.0
│   │   │   ├── bytes v1.12.1
│   │   │   └── itoa v1.0.18
│   │   ├── http-body v1.1.0
│   │   │   ├── bytes v1.12.1
│   │   │   └── http v1.5.0 (*)
│   │   ├── http-body-util v0.1.5
│   │   │   ├── bytes v1.12.1
│   │   │   ├── futures-core v0.3.34
│   │   │   ├── http v1.5.0 (*)
│   │   │   ├── http-body v1.1.0 (*)
│   │   │   └── pin-project-lite v0.2.17
│   │   ├── mime v0.3.17
│   │   ├── pin-project-lite v0.2.17
│   │   ├── sync_wrapper v1.0.2
│   │   ├── tower-layer v0.3.3
│   │   ├── tower-service v0.3.3
│   │   └── tracing v0.1.44
│   │       ├── log v0.4.34
│   │       ├── pin-project-lite v0.2.17
│   │       ├── tracing-attributes v0.1.31 (proc-macro)
│   │       │   ├── proc-macro2 v1.0.107
│   │       │   │   └── unicode-ident v1.0.24
│   │       │   ├── quote v1.0.47
│   │       │   │   └── proc-macro2 v1.0.107 (*)
│   │       │   └── syn v2.0.119
│   │       │       ├── proc-macro2 v1.0.107 (*)
│   │       │       ├── quote v1.0.47 (*)
│   │       │       └── unicode-ident v1.0.24
│   │       └── tracing-core v0.1.36
│   │           └── once_cell v1.21.4
│   ├── bytes v1.12.1
│   ├── form_urlencoded v1.2.2
│   │   └── percent-encoding v2.3.2
│   ├── futures-util v0.3.34
│   │   ├── futures-core v0.3.34
│   │   ├── futures-task v0.3.34
│   │   ├── pin-project-lite v0.2.17
│   │   └── slab v0.4.12
│   ├── http v1.5.0 (*)
│   ├── http-body v1.1.0 (*)
│   ├── http-body-util v0.1.5 (*)
│   ├── hyper v1.11.1
│   │   ├── atomic-waker v1.1.2
│   │   ├── bytes v1.12.1
│   │   ├── futures-channel v0.3.34
│   │   │   └── futures-core v0.3.34
│   │   ├── futures-core v0.3.34
│   │   ├── h2 v0.4.19
│   │   │   ├── atomic-waker v1.1.2
│   │   │   ├── bytes v1.12.1
│   │   │   ├── fnv v1.0.7
│   │   │   ├── futures-core v0.3.34
│   │   │   ├── futures-sink v0.3.34
│   │   │   ├── http v1.5.0 (*)
│   │   │   ├── indexmap v2.14.2
│   │   │   │   ├── equivalent v1.0.2
│   │   │   │   └── hashbrown v0.17.1
│   │   │   │       └── foldhash v0.2.0
│   │   │   ├── slab v0.4.12
│   │   │   ├── tokio v1.53.1
│   │   │   │   ├── bytes v1.12.1
│   │   │   │   ├── libc v0.2.189
│   │   │   │   ├── mio v1.2.3
│   │   │   │   │   └── libc v0.2.189
│   │   │   │   ├── pin-project-lite v0.2.17
│   │   │   │   ├── signal-hook-registry v1.4.8
│   │   │   │   │   ├── errno v0.3.14
│   │   │   │   │   │   └── libc v0.2.189
│   │   │   │   │   └── libc v0.2.189
│   │   │   │   ├── socket2 v0.6.5
│   │   │   │   │   └── libc v0.2.189
│   │   │   │   └── tokio-macros v2.7.2 (proc-macro)
│   │   │   │       ├── proc-macro2 v1.0.107 (*)
│   │   │   │       ├── quote v1.0.47 (*)
│   │   │   │       └── syn v3.0.5
│   │   │   │           ├── proc-macro2 v1.0.107 (*)
│   │   │   │           ├── quote v1.0.47 (*)
│   │   │   │           └── unicode-ident v1.0.24
│   │   │   ├── tokio-util v0.7.19
│   │   │   │   ├── bytes v1.12.1
│   │   │   │   ├── futures-core v0.3.34
│   │   │   │   ├── futures-sink v0.3.34
│   │   │   │   ├── libc v0.2.189
│   │   │   │   ├── pin-project-lite v0.2.17
│   │   │   │   └── tokio v1.53.1 (*)
│   │   │   └── tracing v0.1.44 (*)
│   │   ├── http v1.5.0 (*)
│   │   ├── http-body v1.1.0 (*)
│   │   ├── httparse v1.10.1
│   │   ├── httpdate v1.0.3
│   │   ├── itoa v1.0.18
│   │   ├── pin-project-lite v0.2.17
│   │   ├── smallvec v1.16.0
│   │   ├── tokio v1.53.1 (*)
│   │   └── want v0.3.1
│   │       └── try-lock v0.2.5
│   ├── hyper-util v0.1.20
│   │   ├── bytes v1.12.1
│   │   ├── futures-channel v0.3.34 (*)
│   │   ├── futures-util v0.3.34 (*)
│   │   ├── http v1.5.0 (*)
│   │   ├── http-body v1.1.0 (*)
│   │   ├── hyper v1.11.1 (*)
│   │   ├── libc v0.2.189
│   │   ├── pin-project-lite v0.2.17
│   │   ├── socket2 v0.6.5 (*)
│   │   ├── tokio v1.53.1 (*)
│   │   ├── tower-service v0.3.3
│   │   └── tracing v0.1.44 (*)
│   ├── itoa v1.0.18
│   ├── matchit v0.8.4
│   ├── memchr v2.8.3
│   ├── mime v0.3.17
│   ├── percent-encoding v2.3.2
│   ├── pin-project-lite v0.2.17
│   ├── serde_core v1.0.229
│   ├── serde_json v1.0.151
│   │   ├── itoa v1.0.18
│   │   ├── memchr v2.8.3
│   │   ├── serde_core v1.0.229
│   │   └── zmij v1.0.23
│   ├── serde_path_to_error v0.1.20
│   │   ├── itoa v1.0.18
│   │   └── serde_core v1.0.229
│   ├── serde_urlencoded v0.7.1
│   │   ├── form_urlencoded v1.2.2 (*)
│   │   ├── itoa v1.0.18
│   │   ├── ryu v1.0.23
│   │   └── serde v1.0.229
│   │       ├── serde_core v1.0.229
│   │       └── serde_derive v1.0.229 (proc-macro)
│   │           ├── proc-macro2 v1.0.107 (*)
│   │           ├── quote v1.0.47 (*)
│   │           └── syn v3.0.5 (*)
│   ├── sync_wrapper v1.0.2
│   ├── tokio v1.53.1 (*)
│   ├── tower v0.5.3
│   │   ├── futures-core v0.3.34
│   │   ├── futures-util v0.3.34 (*)
│   │   ├── indexmap v2.14.2 (*)
│   │   ├── pin-project-lite v0.2.17
│   │   ├── slab v0.4.12
│   │   ├── sync_wrapper v1.0.2
│   │   ├── tokio v1.53.1 (*)
│   │   ├── tokio-util v0.7.19 (*)
│   │   ├── tower-layer v0.3.3
│   │   ├── tower-service v0.3.3
│   │   └── tracing v0.1.44 (*)
│   ├── tower-layer v0.3.3
│   ├── tower-service v0.3.3
│   └── tracing v0.1.44 (*)
├── hyper v1.11.1 (*)
├── hyper-util v0.1.20 (*)
├── rand_core v0.6.4 (*)
├── rx-application v0.1.0 (/Users/ojaehong/RX_automation/rx_ws/rx-platform/crates/rx-application)
│   ├── rx-domain v0.1.0 (/Users/ojaehong/RX_automation/rx_ws/rx-platform/crates/rx-domain)
│   │   ├── serde v1.0.229 (*)
│   │   ├── serde_jcs v0.2.0
│   │   │   ├── ryu-js v0.2.2
│   │   │   ├── serde v1.0.229 (*)
│   │   │   └── serde_json v1.0.151 (*)
│   │   ├── serde_json v1.0.151 (*)
│   │   ├── sha2 v0.10.9
│   │   │   ├── cfg-if v1.0.4
│   │   │   ├── cpufeatures v0.2.17
│   │   │   │   └── libc v0.2.189
│   │   │   └── digest v0.10.7 (*)
│   │   ├── thiserror v2.0.20
│   │   │   └── thiserror-impl v2.0.20 (proc-macro)
│   │   │       ├── proc-macro2 v1.0.107 (*)
│   │   │       ├── quote v1.0.47 (*)
│   │   │       └── syn v3.0.5 (*)
│   │   └── uuid v1.26.1
│   │       ├── getrandom v0.4.3
│   │       │   ├── cfg-if v1.0.4
│   │       │   └── libc v0.2.189
│   │       └── serde_core v1.0.229
│   ├── rx-ports v0.1.0 (/Users/ojaehong/RX_automation/rx_ws/rx-platform/crates/rx-ports)
│   │   ├── rx-domain v0.1.0 (/Users/ojaehong/RX_automation/rx_ws/rx-platform/crates/rx-domain) (*)
│   │   ├── serde v1.0.229 (*)
│   │   ├── serde_json v1.0.151 (*)
│   │   └── thiserror v2.0.20 (*)
│   ├── rx-process-contract v0.1.0 (/Users/ojaehong/RX_automation/rx_ws/rx-platform/crates/rx-process-contract)
│   │   ├── rx-domain v0.1.0 (/Users/ojaehong/RX_automation/rx_ws/rx-platform/crates/rx-domain) (*)
│   │   ├── serde v1.0.229 (*)
│   │   └── sha2 v0.10.9 (*)
│   ├── serde v1.0.229 (*)
│   ├── serde_json v1.0.151 (*)
│   ├── sha2 v0.10.9 (*)
│   ├── time v0.3.55
│   │   ├── deranged v0.5.8
│   │   ├── num-conv v0.2.2
│   │   ├── powerfmt v0.2.0
│   │   └── time-core v0.1.9
│   └── uuid v1.26.1 (*)
├── rx-domain v0.1.0 (/Users/ojaehong/RX_automation/rx_ws/rx-platform/crates/rx-domain) (*)
├── rx-ports v0.1.0 (/Users/ojaehong/RX_automation/rx_ws/rx-platform/crates/rx-ports) (*)
├── rx-protocol v0.1.0 (/Users/ojaehong/RX_automation/rx_ws/rx-platform/crates/rx-protocol)
│   ├── bytes v1.12.1
│   ├── prost v0.14.4
│   │   ├── bytes v1.12.1
│   │   └── prost-derive v0.14.4 (proc-macro)
│   │       ├── anyhow v1.0.104
│   │       ├── itertools v0.14.0
│   │       │   └── either v1.18.0
│   │       ├── proc-macro2 v1.0.107 (*)
│   │       ├── quote v1.0.47 (*)
│   │       └── syn v2.0.119 (*)
│   ├── prost-reflect v0.16.5
│   │   ├── prost v0.14.4 (*)
│   │   └── prost-types v0.14.4
│   │       └── prost v0.14.4 (*)
│   ├── prost-types v0.14.4 (*)
│   ├── rx-domain v0.1.0 (/Users/ojaehong/RX_automation/rx_ws/rx-platform/crates/rx-domain) (*)
│   ├── serde v1.0.229 (*)
│   ├── serde_json v1.0.151 (*)
│   ├── sha2 v0.10.9 (*)
│   ├── thiserror v2.0.20 (*)
│   ├── tonic v0.14.6
│   │   ├── async-trait v0.1.92 (proc-macro)
│   │   │   ├── proc-macro2 v1.0.107 (*)
│   │   │   ├── quote v1.0.47 (*)
│   │   │   └── syn v3.0.5 (*)
│   │   ├── axum v0.8.9 (*)
│   │   ├── base64 v0.22.1
│   │   ├── bytes v1.12.1
│   │   ├── h2 v0.4.19 (*)
│   │   ├── http v1.5.0 (*)
│   │   ├── http-body v1.1.0 (*)
│   │   ├── http-body-util v0.1.5 (*)
│   │   ├── hyper v1.11.1 (*)
│   │   ├── hyper-timeout v0.5.2
│   │   │   ├── hyper v1.11.1 (*)
│   │   │   ├── hyper-util v0.1.20 (*)
│   │   │   ├── pin-project-lite v0.2.17
│   │   │   ├── tokio v1.53.1 (*)
│   │   │   └── tower-service v0.3.3
│   │   ├── hyper-util v0.1.20 (*)
│   │   ├── percent-encoding v2.3.2
│   │   ├── pin-project v1.1.13
│   │   │   └── pin-project-internal v1.1.13 (proc-macro)
│   │   │       ├── proc-macro2 v1.0.107 (*)
│   │   │       ├── quote v1.0.47 (*)
│   │   │       └── syn v2.0.119 (*)
│   │   ├── socket2 v0.6.5 (*)
│   │   ├── sync_wrapper v1.0.2
│   │   ├── tokio v1.53.1 (*)
│   │   ├── tokio-rustls v0.26.5
│   │   │   ├── rustls v0.23.44
│   │   │   │   ├── log v0.4.34
│   │   │   │   ├── once_cell v1.21.4
│   │   │   │   ├── ring v0.17.14
│   │   │   │   │   ├── cfg-if v1.0.4
│   │   │   │   │   ├── getrandom v0.2.17 (*)
│   │   │   │   │   ├── libc v0.2.189
│   │   │   │   │   └── untrusted v0.9.0
│   │   │   │   ├── rustls-pki-types v1.15.1
│   │   │   │   │   └── zeroize v1.9.0
│   │   │   │   ├── rustls-webpki v0.103.15
│   │   │   │   │   ├── ring v0.17.14 (*)
│   │   │   │   │   ├── rustls-pki-types v1.15.1 (*)
│   │   │   │   │   └── untrusted v0.9.0
│   │   │   │   ├── subtle v2.6.1
│   │   │   │   └── zeroize v1.9.0
│   │   │   └── tokio v1.53.1 (*)
│   │   ├── tokio-stream v0.1.19
│   │   │   ├── futures-core v0.3.34
│   │   │   ├── pin-project-lite v0.2.17
│   │   │   └── tokio v1.53.1 (*)
│   │   ├── tower v0.5.3 (*)
│   │   ├── tower-layer v0.3.3
│   │   ├── tower-service v0.3.3
│   │   └── tracing v0.1.44 (*)
│   └── tonic-prost v0.14.6
│       ├── bytes v1.12.1
│       ├── prost v0.14.4 (*)
│       └── tonic v0.14.6 (*)
├── rx-protocol-adapter v0.1.0 (/Users/ojaehong/RX_automation/rx_ws/rx-platform/crates/rx-protocol-adapter)
│   ├── rx-application v0.1.0 (/Users/ojaehong/RX_automation/rx_ws/rx-platform/crates/rx-application) (*)
│   ├── rx-domain v0.1.0 (/Users/ojaehong/RX_automation/rx_ws/rx-platform/crates/rx-domain) (*)
│   ├── rx-protocol v0.1.0 (/Users/ojaehong/RX_automation/rx_ws/rx-platform/crates/rx-protocol) (*)
│   └── tonic v0.14.6 (*)
├── rx-runtime v0.1.0 (/Users/ojaehong/RX_automation/rx_ws/rx-platform/crates/rx-runtime)
│   ├── rx-application v0.1.0 (/Users/ojaehong/RX_automation/rx_ws/rx-platform/crates/rx-application) (*)
│   ├── rx-domain v0.1.0 (/Users/ojaehong/RX_automation/rx_ws/rx-platform/crates/rx-domain) (*)
│   ├── rx-ports v0.1.0 (/Users/ojaehong/RX_automation/rx_ws/rx-platform/crates/rx-ports) (*)
│   ├── rx-process-contract v0.1.0 (/Users/ojaehong/RX_automation/rx_ws/rx-platform/crates/rx-process-contract) (*)
│   ├── thiserror v2.0.20 (*)
│   └── tokio v1.53.1 (*)
├── rx-storage v0.1.0 (/Users/ojaehong/RX_automation/rx_ws/rx-platform/crates/rx-storage)
│   ├── rusqlite v0.40.2
│   │   ├── bitflags v2.13.2
│   │   ├── fallible-iterator v0.3.0
│   │   ├── fallible-streaming-iterator v0.1.9
│   │   ├── hashlink v0.12.2
│   │   │   └── hashbrown v0.17.1 (*)
│   │   ├── libsqlite3-sys v0.38.2
│   │   └── smallvec v1.16.0
│   ├── rx-domain v0.1.0 (/Users/ojaehong/RX_automation/rx_ws/rx-platform/crates/rx-domain) (*)
│   ├── rx-ports v0.1.0 (/Users/ojaehong/RX_automation/rx_ws/rx-platform/crates/rx-ports) (*)
│   ├── serde v1.0.229 (*)
│   └── serde_json v1.0.151 (*)
├── serde v1.0.229 (*)
├── serde_json v1.0.151 (*)
├── sha2 v0.10.9 (*)
├── thiserror v2.0.20 (*)
├── tokio v1.53.1 (*)
├── tokio-rustls v0.26.5 (*)
├── tokio-stream v0.1.19 (*)
├── tonic v0.14.6 (*)
├── uuid v1.26.1 (*)
└── zeroize v1.9.0
