    Checking rx-application v0.1.0 (/Users/ojaehong/RX_automation/rx_ws/rx-platform/crates/rx-application)
error[E0277]: the trait bound `rx_ports::StoreError: serde::Deserialize<'de>` is not satisfied
   --> crates/rx-application/src/engine/procedure.rs:168:34
    |
168 |             if let Some(saved) = prior(tx, &scope, fingerprint, RECEIPT)? {
    |                                  ^^^^^^^^^^^^^^^^^^^^^^^^^^^^^^^^^^^^^^^ the trait `Deserialize<'_>` is not implemented for `rx_ports::StoreError`
    |
    = note: for local types consider adding `#[derive(serde::Deserialize)]` to your `rx_ports::StoreError` type
    = note: for types from other crates check whether the crate offers a `serde` feature flag
    = help: the following other types implement trait `Deserialize<'de>`:
              &'a Path
              &'a [u8]
              &'a str
              ()
              (T,)
              (T0, T1)
              (T0, T1, T2)
              (T0, T1, T2, T3)
            and 300 others
    = note: required for `std::result::Result<_, rx_ports::StoreError>` to implement `for<'de> Deserialize<'de>`
    = note: required for `std::result::Result<_, rx_ports::StoreError>` to implement `control_journal::_::_serde::de::DeserializeOwned`
note: required by a bound in `requests::prior`
   --> crates/rx-application/src/engine/requests.rs:22:24
    |
 22 | pub(super) fn prior<T: DeserializeOwned>(
    |                        ^^^^^^^^^^^^^^^^ required by this bound in `prior`

For more information about this error, try `rustc --explain E0277`.
error: could not compile `rx-application` (lib) due to 1 previous error
