   Compiling hashbrown v0.17.1
   Compiling uuid v1.26.1
   Compiling tokio-stream v0.1.19
   Compiling rx-domain v0.1.0 (/Users/ojaehong/RX_automation/rx_ws/rx-solutions/sdk/crates/rx-domain)
   Compiling indexmap v2.14.2
   Compiling h2 v0.4.19
   Compiling tower v0.5.3
   Compiling petgraph v0.8.3
   Compiling rx-package v0.1.0 (/Users/ojaehong/RX_automation/rx_ws/rx-solutions/sdk/crates/rx-package)
   Compiling rx-process-contract v0.1.0 (/Users/ojaehong/RX_automation/rx_ws/rx-solutions/sdk/crates/rx-process-contract)
   Compiling axum v0.8.9
   Compiling prost-build v0.14.4
   Compiling rx-process v0.1.0 (/Users/ojaehong/RX_automation/rx_ws/rx-solutions/runtime/rx-process)
   Compiling tonic-prost-build v0.14.6
   Compiling rx-protocol v0.1.0 (/Users/ojaehong/RX_automation/rx_ws/rx-solutions/sdk/crates/rx-protocol)
   Compiling hyper v1.11.1
   Compiling hyper-util v0.1.20
   Compiling hyper-timeout v0.5.2
   Compiling tonic v0.14.6
   Compiling tonic-prost v0.14.6
   Compiling rx-executor v0.1.0 (/Users/ojaehong/RX_automation/rx_ws/rx-solutions/runtime/rx-executor)
    Finished `dev` profile [unoptimized + debuginfo] target(s) in 7.60s
   Compiling cpufeatures v0.2.17
   Compiling digest v0.10.7
   Compiling serde_json v1.0.151
   Compiling rx-process-contract v0.1.0 (/Users/ojaehong/RX_automation/rx_ws/rx-platform/crates/rx-process-contract)
   Compiling sha2 v0.10.9
   Compiling rx-protocol v0.1.0 (/Users/ojaehong/RX_automation/rx_ws/rx-platform/crates/rx-protocol)
   Compiling rx-application v0.1.0 (/Users/ojaehong/RX_automation/rx_ws/rx-platform/crates/rx-application)
   Compiling rx-runtime v0.1.0 (/Users/ojaehong/RX_automation/rx_ws/rx-platform/crates/rx-runtime)
   Compiling rx-protocol-adapter v0.1.0 (/Users/ojaehong/RX_automation/rx_ws/rx-platform/crates/rx-protocol-adapter)
   Compiling rx-api v0.1.0 (/Users/ojaehong/RX_automation/rx_ws/rx-platform/crates/rx-api)
    Finished `test` profile [unoptimized + debuginfo] target(s) in 8.58s
     Running tests/executor_ingress.rs (target/debug/deps/executor_ingress-e1afbc6ccad4d637)

running 1 test
test solutions_reader_restores_a_new_session_without_restoring_run_authority ... ok

test result: ok. 1 passed; 0 failed; 0 ignored; 0 measured; 2 filtered out; finished in 0.87s

