   Compiling rx-application v0.1.0 (/Users/ojaehong/RX_automation/rx_ws/rx-platform/crates/rx-application)
   Compiling rx-runtime v0.1.0 (/Users/ojaehong/RX_automation/rx_ws/rx-platform/crates/rx-runtime)
   Compiling rx-protocol-adapter v0.1.0 (/Users/ojaehong/RX_automation/rx_ws/rx-platform/crates/rx-protocol-adapter)
   Compiling rx-api v0.1.0 (/Users/ojaehong/RX_automation/rx_ws/rx-platform/crates/rx-api)
   Compiling rx-host-client v0.1.0 (/Users/ojaehong/RX_automation/rx_ws/rx-platform/crates/rx-host-client)
   Compiling rx-platformd v0.1.0 (/Users/ojaehong/RX_automation/rx_ws/rx-platform/crates/rx-platformd)
    Finished `test` profile [unoptimized + debuginfo] target(s) in 12.05s
     Running unittests src/lib.rs (target/debug/deps/rx_platformd-66131be96ec82f39)

running 0 tests

test result: ok. 0 passed; 0 failed; 0 ignored; 0 measured; 0 filtered out; finished in 0.00s

     Running unittests src/bin/rx-package-store.rs (target/debug/deps/rx_package_store-4488d27e9a1432cd)

running 0 tests

test result: ok. 0 passed; 0 failed; 0 ignored; 0 measured; 0 filtered out; finished in 0.00s

     Running unittests src/main.rs (target/debug/deps/rx_platformd-831feeaa68c1dae3)

running 0 tests

test result: ok. 0 passed; 0 failed; 0 ignored; 0 measured; 0 filtered out; finished in 0.00s

     Running tests/composition.rs (target/debug/deps/composition-afee5f4727ed5f22)

running 1 test
test configured_process_review_records_separate_account_approval_over_terminal_https ... ok

test result: ok. 1 passed; 0 failed; 0 ignored; 0 measured; 4 filtered out; finished in 1.29s

