   Compiling rx-domain v0.1.0 (/rx/rx-platform/crates/rx-domain)
   Compiling rx-ports v0.1.0 (/rx/rx-platform/crates/rx-ports)
   Compiling rx-package v0.1.0 (/rx/rx-platform/crates/rx-package)
   Compiling rx-process-contract v0.1.0 (/rx/rx-platform/crates/rx-process-contract)
   Compiling rx-application v0.1.0 (/rx/rx-platform/crates/rx-application)
   Compiling rx-storage v0.1.0 (/rx/rx-platform/crates/rx-storage)
    Finished `test` profile [unoptimized + debuginfo] target(s) in 15.38s
     Running tests/transactions.rs (/rust-build/debug/deps/transactions-21d4b332a284442e)

running 8 tests
test configuration_dispatch_tests::configuration_dispatch_conflicting_receipt_never_overwrites_first_fact ... ok
test configuration_dispatch_tests::configuration_dispatch_new_preparation_cannot_bypass_older_unknown_send ... ok
test configuration_dispatch_tests::configuration_dispatch_revoked_sender_blocks_resend_but_late_fact_is_retained ... ok
test configuration_dispatch_tests::configuration_dispatch_receipt_survives_transport_failure_and_disappearance_latches_dispute ... ok
test configuration_dispatch_tests::configuration_dispatch_partial_host_confirmation_is_mixed_without_platform_swap ... ok
test configuration_dispatch_tests::configuration_dispatch_requires_fences_terminal_and_retains_one_task_after_commit_loss ... ok
test configuration_dispatch_tests::configuration_dispatch_send_entry_is_durable_and_missing_retry_uses_exact_request ... ok
test configuration_dispatch_tests::configuration_dispatch_changed_snapshot_cannot_authorize_missing_receipt_retry ... ok

test result: ok. 8 passed; 0 failed; 0 ignored; 0 measured; 120 filtered out; finished in 0.63s

   Compiling rx-application v0.1.0 (/rx/rx-platform/crates/rx-application)
   Compiling rx-protocol-adapter v0.1.0 (/rx/rx-platform/crates/rx-protocol-adapter)
   Compiling rx-runtime v0.1.0 (/rx/rx-platform/crates/rx-runtime)
   Compiling rx-api v0.1.0 (/rx/rx-platform/crates/rx-api)
   Compiling rx-host-client v0.1.0 (/rx/rx-platform/crates/rx-host-client)
    Finished `test` profile [unoptimized + debuginfo] target(s) in 16.25s
     Running unittests src/lib.rs (/rust-build/debug/deps/rx_host_client-2b7b87950c31d2f6)

running 2 tests
test configuration_worker::tests::configuration_worker_propagates_writer_failure_and_never_contacts_host ... ok
test configuration_worker::tests::configuration_worker_stops_while_a_writer_reply_is_pending ... ok

test result: ok. 2 passed; 0 failed; 0 ignored; 0 measured; 5 filtered out; finished in 0.00s

   Compiling rx-host-client v0.1.0 (/rx/rx-platform/crates/rx-host-client)
    Finished `test` profile [unoptimized + debuginfo] target(s) in 11.70s
     Running tests/configuration_e2e.rs (/rust-build/debug/deps/configuration_e2e-50a9a29d736b81d6)

running 2 tests
test configuration_reply_loss_recovers_same_receipt_and_restarted_host_stays_unqualified ... ok
test configuration_coordinator_persists_request_and_recovers_real_host_reply_loss ... ok

test result: ok. 2 passed; 0 failed; 0 ignored; 0 measured; 0 filtered out; finished in 0.41s

