   Compiling rx-host v0.1.0 (/rx/rx-solutions/runtime/rx-host)
    Finished `test` profile [unoptimized + debuginfo] target(s) in 53.48s
     Running unittests src/lib.rs (/host-build/debug/deps/rx_host-3c9431aab34a55d1)

running 0 tests

test result: ok. 0 passed; 0 failed; 0 ignored; 0 measured; 0 filtered out; finished in 0.00s

     Running unittests tests/support/crash_harness.rs (/host-build/debug/deps/rx_host_crash_fixture-955fcc4d319715a0)

running 0 tests

test result: ok. 0 passed; 0 failed; 0 ignored; 0 measured; 0 filtered out; finished in 0.00s

     Running unittests tests/support/sim_server.rs (/host-build/debug/deps/rx_host_sim_server-46932de39f050d9c)
     Running unittests src/bin/rx-hostd.rs (/host-build/debug/deps/rx_hostd-6f371d71d081c53f)

running 0 tests

test result: ok. 0 passed; 0 failed; 0 ignored; 0 measured; 0 filtered out; finished in 0.00s


running 0 tests

test result: ok. 0 passed; 0 failed; 0 ignored; 0 measured; 0 filtered out; finished in 0.00s

     Running tests/gate.rs (/host-build/debug/deps/gate-bf301a6d7b8b77ee)

running 30 tests
test configuration_rejects_an_old_quiescence_observation ... ok
test cancellation_arriving_before_prepare_creates_permanent_tombstone ... ok
test configuration_missing_quiescence_does_not_create_applied_context ... ok
test altered_permit_and_unapproved_intent_are_rejected_before_effect ... ok
test configuration_commit_failure_has_no_receipt_context_or_consumed_slot ... ok
test configuration_scope_binding_and_fence_are_not_caller_success_claims ... ok
test configuration_does_not_treat_prepared_native_work_as_quiescent ... ok
test configuration_cohort_is_complete_and_a_rejected_member_prevents_all_context_changes ... ok
test late_fence_replay_cannot_remove_a_new_arm_or_rewind_epoch ... ok
test expiry_during_commit_does_not_enter_native_and_is_not_retried ... ok
test configuration_context_is_durable_unqualified_and_same_request_never_reapplies ... ok
test native_submission_serializes_fence_while_protection_is_independent ... ok
test prepare_does_not_call_device_and_authorize_duplicates_are_receipt_lookup ... ok
test evidence_publication_cursor_is_durable_scoped_and_never_accepts_a_foreign_ack ... ok
test prepared_rebind_retires_old_permit_permanently ... ok
test qualification_tests::qualification_commit_failure_rolls_back_cohort_receipt_and_slot ... ok
test qualification_tests::qualification_arm_rejects_partial_clearance_and_any_changed_cohort_member ... ok
test renewal_replay_does_not_extend_expiry_and_expired_grant_stays_expired ... ok
test same_grant_fence_requires_same_request_identity ... ok
test qualification_tests::qualification_full_cohort_is_atomic_and_a_wrong_member_cannot_be_accepted ... ok
test qualification_tests::qualification_identity_cannot_be_reused_for_different_evidence_and_empty_scope_grants_no_operations ... ok
test simulated_device_has_an_independent_exclusive_owner ... ok
test qualification_tests::qualification_restart_keeps_receipt_and_never_restores_applicability_or_arm ... ok
test service_stop_latches_before_database_access_and_preserves_uncertain_work ... ok
test qualification_tests::qualification_revalidation_does_not_hide_prepared_native_work ... ok
test stable_handover_is_not_permission_to_drop_an_adapter ... ok
test service_stop_latch_interrupts_the_pre_native_boundary_without_waiting_for_gate_lock ... ok
test qualification_tests::qualification_same_key_same_review_and_changed_scope_cannot_replace_accepted_identity ... ok
test qualification_tests::qualification_acceptance_preserves_blocks_requires_explicit_arm_and_rejects_old_qualification ... ok
test qualification_tests::qualification_requires_supported_fresh_local_quiescence ... ok

test result: ok. 30 passed; 0 failed; 0 ignored; 0 measured; 0 filtered out; finished in 0.09s

     Running tests/mtls.rs (/host-build/debug/deps/mtls-286f5a97b9b762a5)

running 5 tests
test cell_manifest_and_session_are_mandatory_before_grant ... ok
test valid_ca_without_registered_fingerprint_cannot_impersonate_platform ... ok
test concurrent_hello_retries_produce_one_usable_session ... ok
test changed_content_under_rpc_key_is_rejected_and_legacy_dispatch_cannot_bypass_cell ... ok
test mtls_negotiation_prepare_authorize_and_evidence_roundtrip ... ok

test result: ok. 5 passed; 0 failed; 0 ignored; 0 measured; 0 filtered out; finished in 0.14s

     Running tests/process_crash.rs (/host-build/debug/deps/process_crash-67aab3ac9fa61c90)

running 3 tests
test configuration_commit_survives_sigkill_before_reply_without_restoring_arm ... ok
test qualification_commit_survives_sigkill_before_reply_without_restoring_authority ... ok
test sigkill_at_both_journal_native_boundaries_never_replays_device_effect ... ok

test result: ok. 3 passed; 0 failed; 0 ignored; 0 measured; 0 filtered out; finished in 0.05s

     Running tests/service.rs (/host-build/debug/deps/service-114378483933f264)

running 5 tests
test export_host_image_fixture ... ignored, exports isolated container fixture
test startup_rejects_policy_tampering_unknown_fields_and_unimplemented_physical_backend ... ok
test empty_replacement_database_is_not_reinitialized_as_a_fresh_host ... ok
test product_composition_has_immutable_installation_real_owner_and_clean_software_stop ... ok
test normal_stop_retains_adapter_until_drop_permission_is_explicit ... ok

test result: ok. 4 passed; 0 failed; 1 ignored; 0 measured; 0 filtered out; finished in 0.35s

   Doc-tests rx_host

running 0 tests

test result: ok. 0 passed; 0 failed; 0 ignored; 0 measured; 0 filtered out; finished in 0.00s

   Compiling rx-protocol v0.1.0 (/rx/rx-solutions/sdk/crates/rx-protocol)
   Compiling rx-host v0.1.0 (/rx/rx-solutions/runtime/rx-host)
    Finished `dev` profile [unoptimized + debuginfo] target(s) in 11.13s
   Compiling rx-domain v0.1.0 (/rx/rx-platform/crates/rx-domain)
   Compiling rx-ports v0.1.0 (/rx/rx-platform/crates/rx-ports)
   Compiling rx-package v0.1.0 (/rx/rx-platform/crates/rx-package)
   Compiling rx-protocol v0.1.0 (/rx/rx-platform/crates/rx-protocol)
   Compiling rx-process-contract v0.1.0 (/rx/rx-platform/crates/rx-process-contract)
   Compiling rx-application v0.1.0 (/rx/rx-platform/crates/rx-application)
   Compiling rx-protocol-adapter v0.1.0 (/rx/rx-platform/crates/rx-protocol-adapter)
   Compiling rx-runtime v0.1.0 (/rx/rx-platform/crates/rx-runtime)
   Compiling rx-storage v0.1.0 (/rx/rx-platform/crates/rx-storage)
   Compiling rx-api v0.1.0 (/rx/rx-platform/crates/rx-api)
   Compiling rx-host-client v0.1.0 (/rx/rx-platform/crates/rx-host-client)
    Finished `test` profile [unoptimized + debuginfo] target(s) in 25.56s
     Running tests/configuration_e2e.rs (/platform-build/debug/deps/configuration_e2e-6fc57858fb5500d1)

running 2 tests
test configuration_reply_loss_recovers_same_receipt_and_restarted_host_stays_unqualified ... ok
test configuration_coordinator_persists_request_and_recovers_real_host_reply_loss ... ok

test result: ok. 2 passed; 0 failed; 0 ignored; 0 measured; 0 filtered out; finished in 2.28s

