    Checking rx-domain v0.1.0 (/Users/ojaehong/RX_automation/rx_ws/rx-platform/crates/rx-domain)
   Compiling rx-protocol v0.1.0 (/Users/ojaehong/RX_automation/rx_ws/rx-platform/crates/rx-protocol)
    Checking rx-ports v0.1.0 (/Users/ojaehong/RX_automation/rx_ws/rx-platform/crates/rx-ports)
    Checking rx-process-contract v0.1.0 (/Users/ojaehong/RX_automation/rx_ws/rx-platform/crates/rx-process-contract)
    Checking rx-storage v0.1.0 (/Users/ojaehong/RX_automation/rx_ws/rx-platform/crates/rx-storage)
    Checking rx-application v0.1.0 (/Users/ojaehong/RX_automation/rx_ws/rx-platform/crates/rx-application)
    Checking rx-runtime v0.1.0 (/Users/ojaehong/RX_automation/rx_ws/rx-platform/crates/rx-runtime)
    Checking rx-protocol-adapter v0.1.0 (/Users/ojaehong/RX_automation/rx_ws/rx-platform/crates/rx-protocol-adapter)
    Checking rx-api v0.1.0 (/Users/ojaehong/RX_automation/rx_ws/rx-platform/crates/rx-api)
    Checking rx-host-client v0.1.0 (/Users/ojaehong/RX_automation/rx_ws/rx-platform/crates/rx-host-client)
error[E0271]: expected `impl Future<Output = Result<(), Box<dyn Error + Send + Sync>>>` to be a future that resolves to `Result<(), Error>`, but it resolves to `Result<(), Box<dyn Error + Send + Sync>>`
   --> crates/rx-host-client/src/connection.rs:338:24
    |
338 |         children.spawn(reader.run(children_stopped));
    |                  ----- ^^^^^^^^^^^^^^^^^^^^^^^^^^^^ expected `Result<(), Error>`, found `Result<(), Box<dyn Error + Send + Sync>>`
    |                  |
    |                  required by a bound introduced by this call
    |
    = note: expected enum `Result<_, delivery::Error>`
               found enum `Result<_, Box<(dyn std::error::Error + Send + Sync + 'static)>>`
note: required by a bound in `JoinSet::<T>::spawn`
   --> /Users/ojaehong/RX_automation/rx_ws/.tools/cargo/registry/src/index.crates.io-1949cf8c6b5b557f/tokio-1.53.1/src/task/join_set.rs:144:19
    |
142 |     pub fn spawn<F>(&mut self, task: F) -> AbortHandle
    |            ----- required by a bound in this associated function
143 |     where
144 |         F: Future<Output = T>,
    |                   ^^^^^^^^^^ required by this bound in `JoinSet::<T>::spawn`

error[E0308]: mismatched types
   --> crates/rx-host-client/src/connection.rs:347:66
    |
347 | ...   failure=Some(match result {Some(Ok(Err(e)))=>e,Some(Err(e))=>Box::new(e),_=>"Host worker stopped unexpectedly".into()});break;
    |                                                    ^ expected `Box<dyn Error + Send + Sync>`, found `Error`
    |
    = note: expected struct `Box<dyn std::error::Error + Send + Sync>`
                 found enum `delivery::Error`
    = note: for more on the distinction between the stack and the heap, read https://doc.rust-lang.org/book/ch15-01-box.html, https://doc.rust-lang.org/rust-by-example/std/box.html, and https://doc.rust-lang.org/std/boxed/index.html
help: store this in the heap by calling `Box::new`
    |
347 |                     failure=Some(match result {Some(Ok(Err(e)))=>Box::new(e),Some(Err(e))=>Box::new(e),_=>"Host worker stopped unexpectedly".into()});break;
    |                                                                  +++++++++ +

error[E0308]: mismatched types
   --> crates/rx-host-client/src/connection.rs:366:43
    |
366 |                     failure.get_or_insert(e);
    |                             ------------- ^ expected `Box<dyn Error + Send + Sync>`, found `Error`
    |                             |
    |                             arguments to this method are incorrect
    |
    = note: expected struct `Box<(dyn std::error::Error + Send + Sync + 'static)>`
                 found enum `delivery::Error`
    = note: for more on the distinction between the stack and the heap, read https://doc.rust-lang.org/book/ch15-01-box.html, https://doc.rust-lang.org/rust-by-example/std/box.html, and https://doc.rust-lang.org/std/boxed/index.html
help: the return type of this call is `delivery::Error` due to the type of the argument passed
   --> crates/rx-host-client/src/connection.rs:366:21
    |
366 |                     failure.get_or_insert(e);
    |                     ^^^^^^^^^^^^^^^^^^^^^^-^
    |                                           |
    |                                           this argument influences the return type of `get_or_insert`
note: method defined here
   --> /rustc/48a229ceaefd4985c50990b14116b6d856af0985/library/core/src/option.rs:1751:17
help: store this in the heap by calling `Box::new`
    |
366 |                     failure.get_or_insert(Box::new(e));
    |                                           +++++++++ +

Some errors have detailed explanations: E0271, E0308.
For more information about an error, try `rustc --explain E0271`.
error: could not compile `rx-host-client` (lib) due to 3 previous errors
warning: build failed, waiting for other jobs to finish...
