   Compiling rx-domain v0.1.0 (/rx/rx-platform/crates/rx-domain)
   Compiling rx-ports v0.1.0 (/rx/rx-platform/crates/rx-ports)
   Compiling rx-package v0.1.0 (/rx/rx-platform/crates/rx-package)
   Compiling rx-process-contract v0.1.0 (/rx/rx-platform/crates/rx-process-contract)
   Compiling rx-application v0.1.0 (/rx/rx-platform/crates/rx-application)
   Compiling rx-storage v0.1.0 (/rx/rx-platform/crates/rx-storage)
    Finished `test` profile [unoptimized + debuginfo] target(s) in 31.70s
     Running tests/transactions.rs (/platform-build/debug/deps/transactions-10d9f34131f74c48)

running 12 tests
test configuration_dispatch_tests::requalification_tests::qualification_activation_tests::qualification_legacy_policy_can_be_reviewed_but_cannot_issue_execution_purposes ... ok
test configuration_dispatch_tests::requalification_tests::qualification_activation_tests::qualification_activation_rechecks_context_after_off_writer_verification ... ok
test configuration_dispatch_tests::requalification_tests::qualification_activation_tests::qualification_new_session_reauthorizes_same_pending_request_without_new_ids ... ok
test configuration_dispatch_tests::requalification_tests::qualification_activation_tests::qualification_never_clears_a_manual_hold_without_owned_provenance ... ok
test configuration_dispatch_tests::requalification_tests::qualification_activation_tests::qualification_policy_replacement_revokes_active_grade_but_preserves_history ... ok
test configuration_dispatch_tests::requalification_tests::qualification_activation_tests::qualification_disappearing_receipt_suspends_active_cohort_without_overwriting_fact ... ok
test configuration_dispatch_tests::requalification_tests::qualification_activation_tests::qualification_permits_only_the_reviewed_operating_purposes ... ok
test configuration_dispatch_tests::requalification_tests::qualification_activation_tests::qualification_partial_host_receipts_never_activate_the_cell ... ok
test configuration_dispatch_tests::requalification_tests::qualification_activation_tests::qualification_issuance_is_atomic_and_request_loss_preserves_ids_and_clear_plan ... ok
test configuration_dispatch_tests::requalification_tests::qualification_activation_tests::qualification_restart_retires_active_authority_and_preserves_completed_batch ... ok
test configuration_dispatch_tests::requalification_tests::qualification_activation_tests::qualification_send_journal_does_not_infer_rejection_from_missing_reply ... ok
test configuration_dispatch_tests::requalification_tests::qualification_activation_tests::qualification_activation_is_atomic_clears_only_owned_blocks_and_requires_separate_start ... ok

test result: ok. 12 passed; 0 failed; 0 ignored; 0 measured; 141 filtered out; finished in 1.71s

   Compiling rx-application v0.1.0 (/rx/rx-platform/crates/rx-application)
   Compiling rx-protocol-adapter v0.1.0 (/rx/rx-platform/crates/rx-protocol-adapter)
   Compiling rx-runtime v0.1.0 (/rx/rx-platform/crates/rx-runtime)
   Compiling rx-api v0.1.0 (/rx/rx-platform/crates/rx-api)
   Compiling rx-host-client v0.1.0 (/rx/rx-platform/crates/rx-host-client)
    Finished `test` profile [unoptimized + debuginfo] target(s) in 21.37s
     Running tests/configuration_e2e.rs (/platform-build/debug/deps/configuration_e2e-a5af378075e27e4b)

running 2 tests
test configuration_reply_loss_recovers_same_receipt_and_restarted_host_stays_unqualified ... ok
test configuration_coordinator_persists_request_and_recovers_real_host_reply_loss ... ok

test result: ok. 2 passed; 0 failed; 0 ignored; 0 measured; 0 filtered out; finished in 2.59s

