   Compiling rx-host v0.1.0 (/Users/ojaehong/RX_automation/rx_ws/rx-solutions/runtime/rx-host)
    Checking rx-melsec-mc v0.1.0 (/Users/ojaehong/RX_automation/rx_ws/rx-solutions/drivers/rx-melsec-mc)
error[E0659]: `Result` is ambiguous
  --> runtime/rx-host/src/service/factory.rs:56:68
   |
56 |     fn validate(&self, backend: &Backend, bindings: &[Binding]) -> Result<()> {
   |                                                                    ^^^^^^ ambiguous name
   |
   = note: ambiguous because of multiple glob imports of a name in the same module
note: `Result` could refer to the type alias imported here
  --> runtime/rx-host/src/service/factory.rs:1:5
   |
 1 | use super::*;
   |     ^^^^^^^^
   = help: consider adding an explicit import of `Result` to disambiguate
note: `Result` could also refer to the type alias imported here
  --> runtime/rx-host/src/service/factory.rs:2:13
   |
 2 | use crate::{model::*, native::*};
   |             ^^^^^^^^
   = help: consider adding an explicit import of `Result` to disambiguate

error[E0659]: `Result` is ambiguous
  --> runtime/rx-host/src/service/factory.rs:75:10
   |
75 |     ) -> Result<Option<NativeInstallation>> {
   |          ^^^^^^ ambiguous name
   |
   = note: ambiguous because of multiple glob imports of a name in the same module
note: `Result` could refer to the type alias imported here
  --> runtime/rx-host/src/service/factory.rs:1:5
   |
 1 | use super::*;
   |     ^^^^^^^^
   = help: consider adding an explicit import of `Result` to disambiguate
note: `Result` could also refer to the type alias imported here
  --> runtime/rx-host/src/service/factory.rs:2:13
   |
 2 | use crate::{model::*, native::*};
   |             ^^^^^^^^
   = help: consider adding an explicit import of `Result` to disambiguate

error[E0659]: `Result` is ambiguous
  --> runtime/rx-host/src/service/factory.rs:92:73
   |
92 |     fn open_passive(&self, backend: &Backend, data: &Path, clock: C) -> Result<Self::Adapter> {
   |                                                                         ^^^^^^ ambiguous name
   |
   = note: ambiguous because of multiple glob imports of a name in the same module
note: `Result` could refer to the type alias imported here
  --> runtime/rx-host/src/service/factory.rs:1:5
   |
 1 | use super::*;
   |     ^^^^^^^^
   = help: consider adding an explicit import of `Result` to disambiguate
note: `Result` could also refer to the type alias imported here
  --> runtime/rx-host/src/service/factory.rs:2:13
   |
 2 | use crate::{model::*, native::*};
   |             ^^^^^^^^
   = help: consider adding an explicit import of `Result` to disambiguate

For more information about this error, try `rustc --explain E0659`.
error: could not compile `rx-host` (lib) due to 3 previous errors
