    Blocking waiting for file lock on package cache
    Blocking waiting for file lock on package cache
    Blocking waiting for file lock on package cache
    Checking rx-process-contract v0.1.0 (/Users/ojaehong/RX_automation/rx_ws/rx-platform/crates/rx-process-contract)
    Checking rx-application v0.1.0 (/Users/ojaehong/RX_automation/rx_ws/rx-platform/crates/rx-application)
error: this expression creates a reference which is immediately dereferenced by the compiler
   --> crates/rx-application/src/device_binding.rs:205:40
    |
205 |             check_condition(condition, &before, id, &mut issues)?;
    |                                        ^^^^^^^ help: change this to: `before`
    |
    = help: for further information visit https://rust-lang.github.io/rust-clippy/rust-1.98.0/index.html#needless_borrow
    = note: `-D clippy::needless-borrow` implied by `-D warnings`
    = help: to override `-D warnings` add `#[allow(clippy::needless_borrow)]`

error: this `if` statement can be collapsed
   --> crates/rx-application/src/process_review/devices.rs:131:5
    |
131 | /     if let Some(input) = input {
132 | |         if canonical::bytes(&expected).map_err(|e| e.to_string())?
133 | |             != canonical::bytes(&input.device_sources).map_err(|e| e.to_string())?
...   |
137 | |     }
    | |_____^
    |
    = help: for further information visit https://rust-lang.github.io/rust-clippy/rust-1.98.0/index.html#collapsible_if
    = note: `-D clippy::collapsible-if` implied by `-D warnings`
    = help: to override `-D warnings` add `#[allow(clippy::collapsible_if)]`
help: collapse nested if block
    |
131 ~     if let Some(input) = input
132 ~         && canonical::bytes(&expected).map_err(|e| e.to_string())?
133 |             != canonical::bytes(&input.device_sources).map_err(|e| e.to_string())?
134 |         {
135 |             return Err("signed device provenance differs from reviewed candidates".into());
136 ~         }
    |

error: could not compile `rx-application` (lib test) due to 2 previous errors
warning: build failed, waiting for other jobs to finish...
error: could not compile `rx-application` (lib) due to 2 previous errors
