#0 building with "desktop-linux" instance using docker driver

#1 [internal] load build definition from Platform.Dockerfile
#1 transferring dockerfile: 1.29kB done
#1 DONE 0.0s

#2 [internal] load metadata for docker.io/library/ubuntu:24.04@sha256:224a1869083a311ef3f13648a154ba79832fbef6364d31493642ca03082da254
#2 ...

#3 [auth] library/ubuntu:pull token for registry-1.docker.io
#3 DONE 0.0s

#4 [auth] library/rust:pull token for registry-1.docker.io
#4 DONE 0.0s

#5 [internal] load metadata for docker.io/library/rust:1.98.1-bookworm@sha256:9a73a5088750b4c95158ab26629c854c3d6fc4b173cb7bc8079ad252d8ed7bfa
#5 ...

#2 [internal] load metadata for docker.io/library/ubuntu:24.04@sha256:224a1869083a311ef3f13648a154ba79832fbef6364d31493642ca03082da254
#2 DONE 1.6s

#5 [internal] load metadata for docker.io/library/rust:1.98.1-bookworm@sha256:9a73a5088750b4c95158ab26629c854c3d6fc4b173cb7bc8079ad252d8ed7bfa
#5 DONE 1.6s

#6 [runtime 1/4] FROM docker.io/library/ubuntu:24.04@sha256:224a1869083a311ef3f13648a154ba79832fbef6364d31493642ca03082da254
#6 resolve docker.io/library/ubuntu:24.04@sha256:224a1869083a311ef3f13648a154ba79832fbef6364d31493642ca03082da254 0.0s done
#6 DONE 0.0s

#7 [build 1/8] FROM docker.io/library/rust:1.98.1-bookworm@sha256:9a73a5088750b4c95158ab26629c854c3d6fc4b173cb7bc8079ad252d8ed7bfa
#7 resolve docker.io/library/rust:1.98.1-bookworm@sha256:9a73a5088750b4c95158ab26629c854c3d6fc4b173cb7bc8079ad252d8ed7bfa 0.0s done
#7 DONE 0.0s

#8 [internal] load build context
#8 transferring context: 663.80kB 0.0s done
#8 DONE 0.0s

#9 [build 2/8] WORKDIR /src
#9 CACHED

#10 [build 3/8] COPY Cargo.toml Cargo.lock ./
#10 DONE 0.0s

#11 [build 4/8] COPY crates ./crates
#11 DONE 0.0s

#12 [build 5/8] COPY proto ./proto
#12 DONE 0.0s

#13 [build 6/8] COPY spec ./spec
#13 DONE 0.0s

#14 [build 7/8] RUN mkdir -p /out
#14 DONE 0.1s

#15 [build 8/8] RUN --mount=type=cache,id=rx-platform-registry,target=/usr/local/cargo/registry     --mount=type=cache,id=rx-platform-release,target=/src/target     cargo build --release --locked -p rx-platformd && cp target/release/rx-platformd target/release/rx-package-store /out/
#15 0.424    Compiling rx-application v0.1.0 (/src/crates/rx-application)
#15 17.47    Compiling rx-protocol-adapter v0.1.0 (/src/crates/rx-protocol-adapter)
#15 18.45    Compiling rx-runtime v0.1.0 (/src/crates/rx-runtime)
#15 20.22    Compiling rx-api v0.1.0 (/src/crates/rx-api)
#15 33.36    Compiling rx-host-client v0.1.0 (/src/crates/rx-host-client)
#15 38.66    Compiling rx-platformd v0.1.0 (/src/crates/rx-platformd)
#15 88.67     Finished `release` profile [optimized] target(s) in 1m 28s
#15 DONE 88.7s

#16 [runtime 2/4] RUN mkdir -p /etc/rx/platform /var/lib/rx /run/rx && chown 10001:10001 /var/lib/rx /run/rx
#16 CACHED

#17 [runtime 3/4] COPY --from=build /out/rx-platformd /out/rx-package-store /usr/local/bin/
#17 DONE 0.0s

#18 [runtime 4/4] WORKDIR /var/lib/rx
#18 DONE 0.0s

#19 exporting to image
#19 exporting layers
#19 exporting layers 0.5s done
#19 exporting manifest sha256:73d27e1b125e4537420c7b88c48ba48d417c8e0796e51ebde0911173a03d857e done
#19 exporting config sha256:7887bb471dd5ebf8516971584073e0e29f08c89e3c3c274c8915b1f59abc1bd1 done
#19 exporting attestation manifest sha256:c4d21f9ed6b8da57230628ad7942d6cbf9a7fe9e6c6c4e338d61198732f09431 done
#19 exporting manifest list sha256:85a8357a20ef9a14659b1f64f6b9eb04d8a654376df42c6ffc830ce117efc1db done
#19 naming to docker.io/library/rx-platform:runtime-draft done
#19 unpacking to docker.io/library/rx-platform:runtime-draft 0.1s done
#19 DONE 0.6s
