#0 building with "desktop-linux" instance using docker driver

#1 [internal] load build definition from Platform.Dockerfile
#1 transferring dockerfile: 1.29kB done
#1 DONE 0.0s

#2 [internal] load metadata for docker.io/library/rust:1.98.1-bookworm@sha256:9a73a5088750b4c95158ab26629c854c3d6fc4b173cb7bc8079ad252d8ed7bfa
#2 DONE 0.0s

#3 [internal] load metadata for docker.io/library/ubuntu:24.04@sha256:224a1869083a311ef3f13648a154ba79832fbef6364d31493642ca03082da254
#3 ...

#4 [auth] library/ubuntu:pull token for registry-1.docker.io
#4 DONE 0.0s

#3 [internal] load metadata for docker.io/library/ubuntu:24.04@sha256:224a1869083a311ef3f13648a154ba79832fbef6364d31493642ca03082da254
#3 DONE 1.6s

#5 [rust-build 1/9] FROM docker.io/library/rust:1.98.1-bookworm@sha256:9a73a5088750b4c95158ab26629c854c3d6fc4b173cb7bc8079ad252d8ed7bfa
#5 resolve docker.io/library/rust:1.98.1-bookworm@sha256:9a73a5088750b4c95158ab26629c854c3d6fc4b173cb7bc8079ad252d8ed7bfa done
#5 DONE 0.0s

#6 [runtime 1/4] FROM docker.io/library/ubuntu:24.04@sha256:224a1869083a311ef3f13648a154ba79832fbef6364d31493642ca03082da254
#6 resolve docker.io/library/ubuntu:24.04@sha256:224a1869083a311ef3f13648a154ba79832fbef6364d31493642ca03082da254 done
#6 DONE 0.0s

#7 [internal] load build context
#7 transferring context: 224.81kB 0.0s done
#7 DONE 0.0s

#8 [rust-build 2/9] WORKDIR /src
#8 CACHED

#9 [build 3/8] COPY Cargo.toml Cargo.lock ./
#9 DONE 0.0s

#10 [build 4/8] COPY crates ./crates
#10 DONE 0.0s

#11 [build 5/8] COPY proto ./proto
#11 DONE 0.0s

#12 [build 6/8] COPY spec ./spec
#12 DONE 0.0s

#13 [build 7/8] RUN mkdir -p /out
#13 DONE 0.1s

#14 [build 8/8] RUN --mount=type=cache,id=rx-platform-registry,target=/usr/local/cargo/registry     --mount=type=cache,id=rx-platform-release,target=/src/target     cargo build --release --locked -p rx-platformd && cp target/release/rx-platformd target/release/rx-package-store /out/
#14 0.413    Compiling rx-package v0.1.0 (/src/crates/rx-package)
#14 5.391    Compiling rx-application v0.1.0 (/src/crates/rx-application)
#14 31.76    Compiling rx-protocol-adapter v0.1.0 (/src/crates/rx-protocol-adapter)
#14 33.07    Compiling rx-runtime v0.1.0 (/src/crates/rx-runtime)
#14 35.71    Compiling rx-api v0.1.0 (/src/crates/rx-api)
#14 53.39    Compiling rx-host-client v0.1.0 (/src/crates/rx-host-client)
#14 59.93    Compiling rx-platformd v0.1.0 (/src/crates/rx-platformd)
#14 116.9     Finished `release` profile [optimized] target(s) in 1m 56s
#14 DONE 117.0s

#15 [runtime 2/4] RUN mkdir -p /etc/rx/platform /var/lib/rx /run/rx && chown 10001:10001 /var/lib/rx /run/rx
#15 CACHED

#16 [runtime 3/4] COPY --from=build /out/rx-platformd /out/rx-package-store /usr/local/bin/
#16 DONE 0.1s

#17 [runtime 4/4] WORKDIR /var/lib/rx
#17 DONE 0.0s

#18 exporting to image
#18 exporting layers
#18 exporting layers 0.5s done
#18 exporting manifest sha256:b95d01ee07b71a7eaa64f640c7d2ee059cd62be83c0959426ed075c0477a5640 done
#18 exporting config sha256:4623bcd96c048ce1e3c24b8a264315f681af2ff514a2e36b62d6000fca558f4f done
#18 exporting attestation manifest sha256:46aeb0e65c8e351ec0aaab6af3ffa0a42ee594837755a636e92455ceaef18963 done
#18 exporting manifest list sha256:471bc63e6d198fa3c7afe7b63e6ea39f9ab0bd3b11d14fabc780d7e3a8b4596d done
#18 naming to docker.io/library/rx-platform:runtime-draft done
#18 unpacking to docker.io/library/rx-platform:runtime-draft 0.1s done
#18 DONE 0.7s
