#0 building with "desktop-linux" instance using docker driver

#1 [internal] load build definition from Platform.Dockerfile
#1 transferring dockerfile: 1.26kB done
#1 DONE 0.0s

#2 [internal] load metadata for docker.io/library/rust:1.98.1-bookworm@sha256:9a73a5088750b4c95158ab26629c854c3d6fc4b173cb7bc8079ad252d8ed7bfa
#2 DONE 0.0s

#3 [internal] load metadata for docker.io/library/ubuntu:24.04@sha256:224a1869083a311ef3f13648a154ba79832fbef6364d31493642ca03082da254
#3 ...

#4 [auth] library/ubuntu:pull token for registry-1.docker.io
#4 DONE 0.0s

#3 [internal] load metadata for docker.io/library/ubuntu:24.04@sha256:224a1869083a311ef3f13648a154ba79832fbef6364d31493642ca03082da254
#3 DONE 1.4s

#5 [runtime 1/4] FROM docker.io/library/ubuntu:24.04@sha256:224a1869083a311ef3f13648a154ba79832fbef6364d31493642ca03082da254
#5 resolve docker.io/library/ubuntu:24.04@sha256:224a1869083a311ef3f13648a154ba79832fbef6364d31493642ca03082da254 0.0s done
#5 DONE 0.0s

#6 [build 1/8] FROM docker.io/library/rust:1.98.1-bookworm@sha256:9a73a5088750b4c95158ab26629c854c3d6fc4b173cb7bc8079ad252d8ed7bfa
#6 resolve docker.io/library/rust:1.98.1-bookworm@sha256:9a73a5088750b4c95158ab26629c854c3d6fc4b173cb7bc8079ad252d8ed7bfa 0.0s done
#6 DONE 0.0s

#7 [internal] load build context
#7 transferring context: 52.16kB 0.0s done
#7 DONE 0.0s

#8 [build 2/8] WORKDIR /src
#8 CACHED

#9 [build 3/8] COPY Cargo.toml Cargo.lock ./
#9 CACHED

#10 [build 4/8] COPY crates ./crates
#10 DONE 0.0s

#11 [build 5/8] COPY proto ./proto
#11 DONE 0.0s

#12 [build 6/8] COPY spec ./spec
#12 DONE 0.0s

#13 [build 7/8] RUN mkdir -p /out
#13 DONE 0.1s

#14 [build 8/8] RUN --mount=type=cache,id=rx-platform-registry,target=/usr/local/cargo/registry     --mount=type=cache,id=rx-platform-release,target=/src/target     cargo build --release --locked -p rx-platformd && cp target/release/rx-platformd /out/rx-platformd
#14 0.326     Finished `release` profile [optimized] target(s) in 0.22s
#14 DONE 0.3s

#15 [runtime 2/4] RUN mkdir -p /etc/rx/platform /var/lib/rx /run/rx && chown 10001:10001 /var/lib/rx /run/rx
#15 CACHED

#16 [runtime 3/4] COPY --from=build /out/rx-platformd /usr/local/bin/rx-platformd
#16 CACHED

#17 [runtime 4/4] WORKDIR /var/lib/rx
#17 CACHED

#18 exporting to image
#18 exporting layers done
#18 exporting manifest sha256:e5d1d12676321175f3b53c8c590cad69c59f6e0967a783b2d7bc53297e725200 done
#18 exporting config sha256:6b6517fdca933367a417ef5c1997ea69487e113e559bb3f451489e0c0e2258e5 done
#18 exporting attestation manifest sha256:985e7573371bcaa65220c2f8eb006f863af005284a3dce9ca17263cce3b655d2 done
#18 exporting manifest list sha256:62f4e4a8fd00f02e5d6f608d977fac6f5bfb4de432fa7368c264075a8c0a98e8 done
#18 naming to docker.io/library/rx-platform:runtime-draft done
#18 unpacking to docker.io/library/rx-platform:runtime-draft done
#18 DONE 0.0s
