#0 building with "desktop-linux" instance using docker driver

#1 [internal] load build definition from Solutions.Dockerfile
#1 transferring dockerfile: 6.58kB done
#1 DONE 0.0s

#2 [context btcpp] load .dockerignore
#2 transferring btcpp: 2B done
#2 DONE 0.0s

#3 [context robotis] load .dockerignore
#3 transferring robotis: 2B done
#3 DONE 0.0s

#4 [internal] load metadata for docker.io/library/ros:jazzy-ros-base@sha256:386d06ec6d4188f731bae5678e07b4cb64a4e4d4152090c0bd1f881dcf7706f5
#4 DONE 0.0s

#5 [internal] load metadata for docker.io/library/rust:1.98.1-bookworm@sha256:9a73a5088750b4c95158ab26629c854c3d6fc4b173cb7bc8079ad252d8ed7bfa
#5 DONE 0.0s

#6 [internal] load metadata for docker.io/library/node:26.5.0-bookworm-slim@sha256:2d49d876e96237d76de412761cf05dbfe5aee325cc4406a4d41d5824c5bb8beb
#6 DONE 0.0s

#7 [rust-build 1/8] FROM docker.io/library/rust:1.98.1-bookworm@sha256:9a73a5088750b4c95158ab26629c854c3d6fc4b173cb7bc8079ad252d8ed7bfa
#7 resolve docker.io/library/rust:1.98.1-bookworm@sha256:9a73a5088750b4c95158ab26629c854c3d6fc4b173cb7bc8079ad252d8ed7bfa 0.0s done
#7 DONE 0.0s

#8 [ui-build 1/6] FROM docker.io/library/node:26.5.0-bookworm-slim@sha256:2d49d876e96237d76de412761cf05dbfe5aee325cc4406a4d41d5824c5bb8beb
#8 resolve docker.io/library/node:26.5.0-bookworm-slim@sha256:2d49d876e96237d76de412761cf05dbfe5aee325cc4406a4d41d5824c5bb8beb 0.0s done
#8 DONE 0.0s

#9 [native-dependencies 1/8] FROM docker.io/library/ros:jazzy-ros-base@sha256:386d06ec6d4188f731bae5678e07b4cb64a4e4d4152090c0bd1f881dcf7706f5
#9 resolve docker.io/library/ros:jazzy-ros-base@sha256:386d06ec6d4188f731bae5678e07b4cb64a4e4d4152090c0bd1f881dcf7706f5 0.0s done
#9 DONE 0.0s

#10 [internal] load build context
#10 transferring context: 23.25kB 0.0s done
#10 DONE 0.0s

#11 [context btcpp] load from client
#11 transferring btcpp: 27.43kB 0.0s done
#11 DONE 0.1s

#12 [context robotis] load from client
#12 ...

#13 [context robotis] load from client
#13 transferring robotis: 45B 0.2s done
#13 DONE 0.2s

#12 [context robotis] load from client
#12 transferring robotis: 295.34MB 3.0s done
#12 DONE 3.0s

#14 [native-build 4/5] RUN python3 /opt/rx/tools/native_source_inventory.py /workspace/src
#14 CACHED

#15 [native-dependencies 5/8] RUN python3 /opt/rx/tools/materialize_package_manifests.py /opt/rx/input/package-manifests.json /workspace/dependencies
#15 CACHED

#16 [native-build 1/5] WORKDIR /workspace
#16 CACHED

#17 [native-dependencies 2/8] RUN apt-get update && apt-get install -y --no-install-recommends     build-essential cmake ninja-build curl ca-certificates python3-colcon-common-extensions     python3-rosdep python3-yaml libyaml-cpp-dev libeigen3-dev     && rm -rf /var/lib/apt/lists/*
#17 CACHED

#18 [native-build 2/5] COPY --from=robotis / /workspace/src/
#18 CACHED

#19 [native-dependencies 3/8] COPY --from=robotis /package-manifests.json /opt/rx/input/package-manifests.json
#19 CACHED

#20 [native-dependencies 4/8] COPY tools/materialize_package_manifests.py /opt/rx/tools/materialize_package_manifests.py
#20 CACHED

#21 [native-audit 1/6] COPY native/support/onnxruntime.conf /etc/ld.so.conf.d/rx-onnxruntime.conf
#21 CACHED

#22 [native-dependencies 6/8] RUN mkdir -p /etc/ros/rosdep/sources.list.d &&     printf 'yaml https://raw.githubusercontent.com/ros/rosdistro/86ac06531559f070ce9ea5ad485714395336ec6f/rosdep/base.yaml\nyaml https://raw.githubusercontent.com/ros/rosdistro/86ac06531559f070ce9ea5ad485714395336ec6f/rosdep/python.yaml\n' > /etc/ros/rosdep/sources.list.d/20-default.list
#22 CACHED

#23 [native-dependencies 8/8] RUN case "arm64" in       arm64) ORT_ARCH=aarch64; ORT_SHA=7c63c73560ed76b1fac6cff8204ffe34fe180e70d6582b5332ec094810241e5c ;;       amd64) ORT_ARCH=x64; ORT_SHA=1fa4dcaef22f6f7d5cd81b28c2800414350c10116f5fdd46a2160082551c5f9b ;;       *) exit 1 ;;     esac     && curl --fail --location --proto '=https' --tlsv1.2 "https://github.com/microsoft/onnxruntime/releases/download/v1.23.2/onnxruntime-linux-${ORT_ARCH}-1.23.2.tgz" -o /tmp/ort.tgz     && echo "${ORT_SHA}  /tmp/ort.tgz" | sha256sum --check     && mkdir -p /opt/onnxruntime     && tar -xzf /tmp/ort.tgz --strip-components=1 -C /opt/onnxruntime     && rm /tmp/ort.tgz
#23 CACHED

#24 [native-build 5/5] RUN --network=none source /opt/ros/jazzy/setup.bash     && colcon list --base-paths src --names-only | sort > /opt/rx/manifests/native-source-packages.txt     && colcon build --base-paths src --executor sequential --merge-install        --install-base /opt/rx/robotis --cmake-args -DCMAKE_BUILD_TYPE=Release -DBUILD_TESTING=OFF -DCMAKE_AUTOGEN_PARALLEL=1 -DONNXRUNTIME_ROOT=/opt/onnxruntime     && cp src/source-lock.json /opt/rx/manifests/native-sources.json
#24 CACHED

#25 [native-dependencies 7/8] RUN if [ ! -f /etc/ros/rosdep/sources.list.d/20-default.list ]; then rosdep init; fi     && rosdep update --rosdistro jazzy     && apt-get update     && rosdep install --from-paths /workspace/dependencies --ignore-src --rosdistro jazzy -y     && apt-get install -y --no-install-recommends ros-jazzy-rmw-zenoh-cpp     && mkdir -p /opt/rx/manifests     && dpkg-query -W -f='${Package}\t${Version}\t${Architecture}\n' | sort > /opt/rx/manifests/native-packages.tsv     && rm -rf /var/lib/apt/lists/*
#25 CACHED

#26 [native-build 3/5] COPY tools/native_source_inventory.py /opt/rx/tools/native_source_inventory.py
#26 CACHED

#27 [native-audit 2/6] RUN ldconfig
#27 CACHED

#28 [native-audit 3/6] COPY tools/audit_native_install.py /opt/rx/tools/audit_native_install.py
#28 DONE 0.2s

#29 [native-audit 4/6] COPY native/support/ort_inspect.cpp /tmp/ort_inspect.cpp
#29 DONE 0.0s

#30 [native-audit 5/6] COPY catalogs/robotis-support.v1.json /opt/rx/manifests/robotis-support.v1.json
#30 DONE 0.0s

#31 [native-audit 6/6] RUN --network=none g++ -std=c++17 /tmp/ort_inspect.cpp -I/opt/onnxruntime/include -L/opt/onnxruntime/lib -Wl,-rpath,/opt/onnxruntime/lib -lonnxruntime -o /opt/rx/tools/ort-inspect     && source /opt/ros/jazzy/setup.bash && source /opt/rx/robotis/setup.bash     && python3 /opt/rx/tools/audit_native_install.py --catalog /opt/rx/manifests/robotis-support.v1.json --output /opt/rx/manifests/native-install-audit.json
#31 1.693 {"packages": 42, "elf": 69, "policy_assets": 11, "model_sessions": 4}
#31 DONE 1.7s

#32 [runtime  9/15] COPY catalogs /opt/rx/catalogs
#32 CACHED

#33 [rust-build 3/8] COPY Cargo.toml Cargo.lock ./
#33 CACHED

#34 [ui-build 6/6] RUN npm run build
#34 CACHED

#35 [runtime  3/15] RUN ldconfig
#35 CACHED

#36 [bt-build 3/3] RUN --network=none cmake -S /executor -B /bt-build -G Ninja -DCMAKE_BUILD_TYPE=Release -DBTCPP_SOURCE=/btcpp -DRX_BUILD_TEST_HARNESS=OFF     && cmake --build /bt-build --target rx-bt-engine -j1
#36 CACHED

#37 [rust-build 6/8] COPY catalogs ./catalogs
#37 CACHED

#38 [bt-build 2/3] COPY native/executor /executor/
#38 CACHED

#39 [ui-build 3/6] COPY apps/operator/package.json apps/operator/package-lock.json ./
#39 CACHED

#40 [ui-build 5/6] COPY apps/operator/ ./
#40 CACHED

#41 [rust-build 2/8] WORKDIR /src
#41 CACHED

#42 [rust-build 4/8] COPY sdk ./sdk
#42 CACHED

#43 [rust-build 7/8] COPY interfaces ./interfaces
#43 CACHED

#44 [bt-build 1/3] COPY --from=btcpp / /btcpp/
#44 CACHED

#45 [runtime  4/15] COPY --from=native-audit /opt/rx/robotis /opt/rx/robotis
#45 CACHED

#46 [rust-build 5/8] COPY runtime ./runtime
#46 CACHED

#47 [runtime  5/15] COPY --from=native-audit /opt/rx/manifests /opt/rx/manifests
#47 CACHED

#48 [runtime  6/15] COPY --from=rust-build /out/ /opt/rx/bin/
#48 CACHED

#49 [runtime  7/15] COPY --from=bt-build /bt-build/rx-bt-engine /opt/rx/bin/rx-bt-engine
#49 CACHED

#50 [ui-build 2/6] WORKDIR /src
#50 CACHED

#51 [ui-build 4/6] RUN npm ci
#51 CACHED

#52 [runtime  8/15] COPY --from=ui-build /src/dist/ /opt/rx/operator/
#52 CACHED

#53 [rust-build 8/8] RUN --mount=type=cache,id=rx-solutions-registry,target=/usr/local/cargo/registry     --mount=type=cache,id=rx-solutions-release,target=/src/target     cargo build --release --locked --workspace && mkdir -p /out && cp target/release/rx-executor-service target/release/rx-process-compile /out/
#53 CACHED

#54 [runtime  1/15] COPY native/support/onnxruntime.conf /etc/ld.so.conf.d/rx-onnxruntime.conf
#54 CACHED

#55 [runtime  2/15] COPY dependencies/native-apt-locks /opt/rx/apt-locks
#55 CACHED

#56 [runtime 10/15] COPY dependencies/native-stack.lock.json /opt/rx/manifests/native-stack.lock.json
#56 CACHED

#57 [runtime 11/15] COPY native/support/solutions_status.py /opt/rx/tools/solutions_status.py
#57 DONE 0.0s

#58 [runtime 12/15] COPY native/support/entrypoint.sh /opt/rx/entrypoint.sh
#58 DONE 0.0s

#59 [runtime 13/15] COPY tools/write_runtime_inventory.py /opt/rx/tools/write_runtime_inventory.py
#59 DONE 0.0s

#60 [runtime 14/15] RUN cmp /opt/rx/manifests/native-packages.tsv /opt/rx/apt-locks/arm64.tsv     && rm -rf /workspace/dependencies     && mkdir -p /var/lib/rx-solutions/ros-log /run/rx-solutions     && chown -R 10001:10001 /var/lib/rx-solutions /run/rx-solutions     && chmod 755 /opt/rx/entrypoint.sh     && python3 /opt/rx/tools/write_runtime_inventory.py
#60 DONE 0.2s

#61 [runtime 15/15] WORKDIR /var/lib/rx-solutions
#61 DONE 0.0s

#62 exporting to image
#62 exporting layers 0.1s done
#62 exporting manifest sha256:51f3926ef0fbf274b8a4119b1e85feac4ae71bb3a0d8c8a60bb716e30952d569 done
#62 exporting config sha256:4a4fdb16b2b6e1a8ecb42b349b3b2bab5ef3f9412a2e93acd8afd2c73a0faaab done
#62 exporting attestation manifest sha256:528d77ecda5ec15ec0a39fb153f11a7ac1ee6df684aa4308e5747f203b1a887a done
#62 exporting manifest list sha256:1e39a571d5b32daab3c3517a200e04ddb327ff8dc96d24e0e092383127baf793
#62 exporting manifest list sha256:1e39a571d5b32daab3c3517a200e04ddb327ff8dc96d24e0e092383127baf793 done
#62 naming to docker.io/library/rx-solutions:runtime-draft done
#62 unpacking to docker.io/library/rx-solutions:runtime-draft 0.0s done
#62 DONE 0.1s
