   Compiling syn v3.0.5
    Checking uuid v1.26.1
    Checking ed25519-dalek v3.0.0
    Checking smallvec v1.16.0
    Checking rusqlite v0.40.2
   Compiling serde_derive v1.0.229
   Compiling thiserror-impl v2.0.20
   Compiling tokio-macros v2.7.2
    Checking tokio v1.53.1
    Checking thiserror v2.0.20
    Checking serde v1.0.229
    Checking serde_jcs v0.2.0
    Checking rx-domain v0.1.0 (/Users/ojaehong/RX_automation/rx_ws/rx-solutions/sdk/crates/rx-domain)
    Checking rx-package v0.1.0 (/Users/ojaehong/RX_automation/rx_ws/rx-solutions/sdk/crates/rx-package)
    Checking rx-ports v0.1.0 (/Users/ojaehong/RX_automation/rx_ws/rx-solutions/sdk/crates/rx-ports)
    Checking rx-storage v0.1.0 (/Users/ojaehong/RX_automation/rx_ws/rx-solutions/sdk/crates/rx-storage)
    Checking rx-solution-catalog v0.1.0 (/Users/ojaehong/RX_automation/rx_ws/rx-solutions/runtime/rx-solution-catalog)
    Checking rx-supervisor v0.1.0 (/Users/ojaehong/RX_automation/rx_ws/rx-solutions/runtime/rx-supervisor)
error[E0599]: no associated function or constant named `new` found for struct `rx_domain::types::Digest` in the current scope
  --> runtime/rx-supervisor/src/builtin.rs:24:17
   |
24 |         Digest::new(v.ok_or_else(|| Error::Invalid("required release file absent".into()))?)
   |                 ^^^ associated function or constant not found in `rx_domain::types::Digest`
   |
note: if you're trying to build a new `rx_domain::types::Digest`, consider using `rx_domain::types::Digest::from_bytes` which returns `rx_domain::types::Digest`
  --> sdk/crates/rx-domain/src/types.rs:83:5
   |
83 |     pub const fn from_bytes(bytes: [u8; 32]) -> Self {
   |     ^^^^^^^^^^^^^^^^^^^^^^^^^^^^^^^^^^^^^^^^^^^^^^^^
help: there is a method `ne` with a similar name
   |
24 -         Digest::new(v.ok_or_else(|| Error::Invalid("required release file absent".into()))?)
24 +         Digest::ne(v.ok_or_else(|| Error::Invalid("required release file absent".into()))?)
   |

For more information about this error, try `rustc --explain E0599`.
error: could not compile `rx-supervisor` (lib) due to 1 previous error
