    Finished `dev` profile [unoptimized + debuginfo] target(s) in 0.14s
   Compiling rx-application v0.1.0 (/Users/ojaehong/RX_automation/rx_ws/rx-platform/crates/rx-application)
   Compiling rx-runtime v0.1.0 (/Users/ojaehong/RX_automation/rx_ws/rx-platform/crates/rx-runtime)
   Compiling rx-protocol-adapter v0.1.0 (/Users/ojaehong/RX_automation/rx_ws/rx-platform/crates/rx-protocol-adapter)
   Compiling rx-host-client v0.1.0 (/Users/ojaehong/RX_automation/rx_ws/rx-platform/crates/rx-host-client)
   Compiling rx-api v0.1.0 (/Users/ojaehong/RX_automation/rx_ws/rx-platform/crates/rx-api)
    Finished `test` profile [unoptimized + debuginfo] target(s) in 2.26s
     Running tests/network_e2e.rs (target/debug/deps/network_e2e-bb3d5fffe32ef260)

running 3 tests
test application_outbox_reaches_mtls_host_and_t2_commits_the_result ... ok
test remote_executor_submission_and_host_reply_loss_preserve_one_native_effect_per_slot ... FAILED
test automatic_dispatcher_recovers_a_lost_authorize_reply_without_native_reexecution ... ok

failures:

---- remote_executor_submission_and_host_reply_loss_preserve_one_native_effect_per_slot stdout ----

thread 'remote_executor_submission_and_host_reply_loss_preserve_one_native_effect_per_slot' (6932864) panicked at crates/rx-host-client/tests/network_e2e.rs:880:21:
assertion `left == right` failed
  left: 2
 right: 1
note: run with `RUST_BACKTRACE=1` environment variable to display a backtrace


failures:
    remote_executor_submission_and_host_reply_loss_preserve_one_native_effect_per_slot

test result: FAILED. 2 passed; 1 failed; 0 ignored; 0 measured; 0 filtered out; finished in 2.13s

error: test failed, to rerun pass `-p rx-host-client --test network_e2e`
