   Compiling rx-application v0.1.0 (/Users/ojaehong/RX_automation/rx_ws/rx-platform/crates/rx-application)
   Compiling rx-runtime v0.1.0 (/Users/ojaehong/RX_automation/rx_ws/rx-platform/crates/rx-runtime)
   Compiling rx-protocol-adapter v0.1.0 (/Users/ojaehong/RX_automation/rx_ws/rx-platform/crates/rx-protocol-adapter)
   Compiling rx-api v0.1.0 (/Users/ojaehong/RX_automation/rx_ws/rx-platform/crates/rx-api)
   Compiling rx-host-client v0.1.0 (/Users/ojaehong/RX_automation/rx_ws/rx-platform/crates/rx-host-client)
error[E0308]: arguments to this method are incorrect
   --> crates/rx-host-client/tests/support/configuration_coordinator.rs:644:14
    |
644 |           host.arm(
    |                ^^^
645 |               &id(),
646 |               &cfg.id,
    |               ------- argument #2 of type `&rx_domain::types::Id` is missing
...
649 | /             &cellq
650 | |                 .blocks
651 | |                 .iter()
652 | |                 .map(|b| b.id.clone())
653 | |                 .collect::<Vec<_>>()
    | |____________________________________- unexpected argument #5 of type `&Vec<rx_domain::types::Id>`
    |
note: method defined here
   --> crates/rx-host-client/src/lib.rs:194:18
    |
194 |     pub async fn arm(
    |                  ^^^
help: did you mean
    |
644 ~         host.arm(
645 +             &id(),
646 +             /* &rx_domain::types::Id */,
647 +             &cfg.id,
648 +             cellq.epoch,
649 +             &cellq.scope_epochs,
650 +         )
    |

For more information about this error, try `rustc --explain E0308`.
error: could not compile `rx-host-client` (test "configuration_e2e") due to 1 previous error
