   Compiling proc-macro2 v1.0.107
   Compiling unicode-ident v1.0.24
   Compiling quote v1.0.47
   Compiling libc v0.2.189
   Compiling version_check v0.9.5
   Compiling serde_core v1.0.229
   Compiling getrandom v0.4.3
   Compiling zmij v1.0.23
   Compiling shlex v2.0.1
   Compiling find-msvc-tools v0.1.12
   Compiling cc v1.4.5
   Compiling serde v1.0.229
   Compiling serde_json v1.0.151
   Compiling generic-array v0.14.7
   Compiling thiserror v2.0.20
   Compiling syn v3.0.5
   Compiling syn v2.0.119
   Compiling rustix v1.1.4
   Compiling anyhow v1.0.104
    Checking errno v0.3.14
    Checking mio v1.2.3
    Checking signal-hook-registry v1.4.8
    Checking socket2 v0.6.5
    Checking cpufeatures v0.2.17
    Checking crypto-common v0.1.7
    Checking block-buffer v0.10.4
   Compiling io-lifetimes v3.0.1
   Compiling io-lifetimes v2.0.4
    Checking uuid v1.26.1
    Checking digest v0.10.7
   Compiling serde_derive v1.0.229
   Compiling thiserror-impl v2.0.20
   Compiling tokio-macros v2.7.2
    Checking sha2 v0.10.9
   Compiling semver v1.0.28
   Compiling either v1.18.0
    Checking tokio v1.53.1
   Compiling io-extras v0.19.0
   Compiling itertools v0.14.0
   Compiling rustc_version v0.4.1
   Compiling cap-primitives v4.0.3
    Checking fs-set-times v0.20.3
   Compiling cap-std v4.0.3
   Compiling tracing-attributes v0.1.31
   Compiling curve25519-dalek v5.0.0
    Checking cpufeatures v0.3.1
   Compiling prost-derive v0.14.4
   Compiling cap-fs-ext v4.0.3
   Compiling typenum v1.20.1
    Checking tracing v0.1.44
    Checking sha2 v0.11.0
   Compiling ring v0.17.14
    Checking tokio-util v0.7.19
    Checking tempfile v3.27.0
   Compiling httparse v1.10.1
   Compiling pulldown-cmark v0.13.4
   Compiling prettyplease v0.2.37
    Checking ed25519-dalek v3.0.0
    Checking serde_jcs v0.2.0
    Checking getrandom v0.2.17
    Checking rx-domain v0.1.0 (/Users/ojaehong/RX_automation/rx_ws/rx-solutions/sdk/crates/rx-domain)
   Compiling bytes v1.12.1
   Compiling hashbrown v0.17.1
   Compiling foldhash v0.1.5
    Checking rx-package v0.1.0 (/Users/ojaehong/RX_automation/rx_ws/rx-solutions/sdk/crates/rx-package)
   Compiling unicase v2.9.0
   Compiling pkg-config v0.3.34
   Compiling vcpkg v0.2.15
   Compiling regex-syntax v0.8.11
   Compiling indexmap v2.14.2
   Compiling libsqlite3-sys v0.38.2
    Checking h2 v0.4.19
   Compiling hashbrown v0.15.5
   Compiling regex-automata v0.4.18
   Compiling prost v0.14.4
   Compiling once_cell v1.21.4
   Compiling rustls v0.23.44
   Compiling fixedbitset v0.5.7
    Checking hyper v1.11.1
    Checking rustls-webpki v0.103.15
   Compiling pulldown-cmark-to-cmark v22.0.1
   Compiling regex v1.13.1
   Compiling petgraph v0.8.3
   Compiling heck v0.5.0
   Compiling multimap v0.10.1
    Checking hyper-util v0.1.20
    Checking tower v0.5.3
   Compiling tonic-build v0.14.6
    Checking rx-process-contract v0.1.0 (/Users/ojaehong/RX_automation/rx_ws/rx-solutions/sdk/crates/rx-process-contract)
   Compiling pin-project-internal v1.1.13
   Compiling prost-types v0.14.4
   Compiling protoc-bin-vendored-linux-s390_64 v3.2.0
   Compiling protoc-bin-vendored-linux-x86_32 v3.2.0
   Compiling protoc-bin-vendored-linux-ppcle_64 v3.2.0
   Compiling protoc-bin-vendored-macos-x86_64 v3.2.0
   Compiling protoc-bin-vendored-macos-aarch_64 v3.2.0
   Compiling protoc-bin-vendored-linux-x86_64 v3.2.0
   Compiling protoc-bin-vendored-linux-aarch_64 v3.2.0
   Compiling protoc-bin-vendored-win32 v3.2.0
    Checking axum v0.8.9
    Checking hyper-timeout v0.5.2
    Checking rx-ports v0.1.0 (/Users/ojaehong/RX_automation/rx_ws/rx-solutions/sdk/crates/rx-ports)
   Compiling prost-build v0.14.4
    Checking pin-project v1.1.13
    Checking tokio-stream v0.1.19
   Compiling async-trait v0.1.92
   Compiling protoc-bin-vendored v3.2.0
    Checking rx-solution-catalog v0.1.0 (/Users/ojaehong/RX_automation/rx_ws/rx-solutions/runtime/rx-solution-catalog)
    Checking tokio-rustls v0.26.5
    Checking rx-process v0.1.0 (/Users/ojaehong/RX_automation/rx_ws/rx-solutions/runtime/rx-process)
   Compiling rx-host v0.1.0 (/Users/ojaehong/RX_automation/rx_ws/rx-solutions/runtime/rx-host)
   Compiling tonic-prost-build v0.14.6
    Checking rx-melsec-mc v0.1.0 (/Users/ojaehong/RX_automation/rx_ws/rx-solutions/drivers/rx-melsec-mc)
    Checking rx-process-package v0.1.0 (/Users/ojaehong/RX_automation/rx_ws/rx-solutions/runtime/rx-process-package)
    Checking prost-reflect v0.16.5
   Compiling rx-protocol v0.1.0 (/Users/ojaehong/RX_automation/rx_ws/rx-solutions/sdk/crates/rx-protocol)
    Checking rusqlite v0.40.2
    Checking tonic v0.14.6
    Checking rx-storage v0.1.0 (/Users/ojaehong/RX_automation/rx_ws/rx-solutions/sdk/crates/rx-storage)
    Checking rx-supervisor v0.1.0 (/Users/ojaehong/RX_automation/rx_ws/rx-solutions/runtime/rx-supervisor)
    Checking tonic-prost v0.14.6
    Checking rx-executor v0.1.0 (/Users/ojaehong/RX_automation/rx_ws/rx-solutions/runtime/rx-executor)
    Checking rx-device-package v0.1.0 (/Users/ojaehong/RX_automation/rx_ws/rx-solutions/runtime/rx-device-package)
    Finished `dev` profile [unoptimized + debuginfo] target(s) in 28.80s
