    Checking rx-process-contract v0.1.0 (/Users/ojaehong/RX_automation/rx_ws/rx-solutions/sdk/crates/rx-process-contract)
   Compiling rx-protocol v0.1.0 (/Users/ojaehong/RX_automation/rx_ws/rx-solutions/sdk/crates/rx-protocol)
   Compiling rx-host v0.1.0 (/Users/ojaehong/RX_automation/rx_ws/rx-solutions/runtime/rx-host)
    Checking rx-process v0.1.0 (/Users/ojaehong/RX_automation/rx_ws/rx-solutions/runtime/rx-process)
    Checking rx-process-package v0.1.0 (/Users/ojaehong/RX_automation/rx_ws/rx-solutions/runtime/rx-process-package)
    Checking rx-executor v0.1.0 (/Users/ojaehong/RX_automation/rx_ws/rx-solutions/runtime/rx-executor)
error: large size difference between variants
  --> runtime/rx-executor/src/assignment_journal/files.rs:10:1
   |
10 | /  pub enum RecoveredFile {
11 | |      NeedsInitialization(VersionedAttachment),
   | |      ---------------------------------------- the second-largest variant contains at least 400 bytes
12 | |/     Existing {
13 | ||         attachment: VersionedAttachment,
14 | ||         run: RunStore<SqliteRepository>,
15 | ||     },
   | ||_____- the largest variant contains at least 1080 bytes
16 | |  }
   | |__^ the entire enum is at least 1080 bytes
   |
   = help: for further information visit https://rust-lang.github.io/rust-clippy/rust-1.98.0/index.html#large_enum_variant
   = note: `-D clippy::large-enum-variant` implied by `-D warnings`
   = help: to override `-D warnings` add `#[allow(clippy::large_enum_variant)]`
help: consider boxing the large fields or introducing indirection in some other way to reduce the total size of the enum
   |
14 -         run: RunStore<SqliteRepository>,
14 +         run: Box<RunStore<SqliteRepository>>,
   |

error: could not compile `rx-executor` (lib) due to 1 previous error
warning: build failed, waiting for other jobs to finish...
error: could not compile `rx-executor` (lib test) due to 1 previous error
