    Checking rx-host-client v0.1.0 (/Users/ojaehong/RX_automation/rx_ws/rx-platform/crates/rx-host-client)
    Checking rx-platformd v0.1.0 (/Users/ojaehong/RX_automation/rx_ws/rx-platform/crates/rx-platformd)
error: very complex type used. Consider factoring parts into `type` definitions
   --> crates/rx-platformd/tests/support/delivery/mod.rs:128:6
    |
128 |   ) -> Result<(
    |  ______^
129 | |     Seed,
130 | |     CellConfiguration,
131 | |     CompileInput,
132 | |     policy::Policy,
133 | |     BTreeMap<Digest, Vec<u8>>,
134 | | )> {
    | |__^
    |
    = help: for further information visit https://rust-lang.github.io/rust-clippy/rust-1.98.0/index.html#type_complexity
    = note: `-D clippy::type-complexity` implied by `-D warnings`
    = help: to override `-D warnings` add `#[allow(clippy::type_complexity)]`

error: could not compile `rx-platformd` (test "delivery_fixture") due to 1 previous error
warning: build failed, waiting for other jobs to finish...
