    Checking errno v0.3.14
    Checking signal-hook-registry v1.4.8
    Checking rustix v1.1.4
    Checking tokio v1.53.1
    Checking fs-set-times v0.20.3
    Checking tempfile v3.27.0
    Checking cap-primitives v4.0.3
    Checking cap-std v4.0.3
    Checking cap-fs-ext v4.0.3
    Checking rx-package v0.1.0 (/Users/ojaehong/RX_automation/rx_ws/rx-solutions/sdk/crates/rx-package)
    Checking rx-process v0.1.0 (/Users/ojaehong/RX_automation/rx_ws/rx-solutions/runtime/rx-process)
    Checking tokio-util v0.7.19
    Checking tokio-stream v0.1.19
    Checking tokio-rustls v0.26.5
    Checking h2 v0.4.19
    Checking tower v0.5.3
    Checking axum v0.8.9
    Checking hyper v1.11.1
    Checking hyper-util v0.1.20
    Checking hyper-timeout v0.5.2
    Checking tonic v0.14.6
    Checking tonic-prost v0.14.6
    Checking rx-protocol v0.1.0 (/Users/ojaehong/RX_automation/rx_ws/rx-solutions/sdk/crates/rx-protocol)
    Checking rx-executor v0.1.0 (/Users/ojaehong/RX_automation/rx_ws/rx-solutions/runtime/rx-executor)
    Finished `dev` profile [unoptimized + debuginfo] target(s) in 8.17s
