    Checking rx-domain v0.1.0 (/Users/ojaehong/RX_automation/rx_ws/rx-platform/crates/rx-domain)
    Checking rx-package v0.1.0 (/Users/ojaehong/RX_automation/rx_ws/rx-platform/crates/rx-package)
error[E0433]: cannot find module or crate `rx_package` in this scope
   --> crates/rx-package/src/policy.rs:142:17
    |
142 |                 rx_package::directory::acquire_directory(&input.path, 32, 4 * 1024 * 1024)?;
    |                 ^^^^^^^^^^ use of unresolved module or unlinked crate `rx_package`
    |
    = help: if you wanted to use a crate named `rx_package`, use `cargo add rx_package` to add it to your `Cargo.toml`
help: consider importing this module
    |
  2 + use crate::directory;
    |
help: if you import `directory`, refer to it directly
    |
142 -                 rx_package::directory::acquire_directory(&input.path, 32, 4 * 1024 * 1024)?;
142 +                 directory::acquire_directory(&input.path, 32, 4 * 1024 * 1024)?;
    |

For more information about this error, try `rustc --explain E0433`.
error: could not compile `rx-package` (lib) due to 1 previous error
