   Compiling tokio v1.53.1
   Compiling tokio-util v0.7.19
   Compiling h2 v0.4.19
   Compiling hyper v1.11.1
   Compiling rx-domain v0.1.0 (/rx/rx-solutions/sdk/crates/rx-domain)
   Compiling hyper-util v0.1.20
   Compiling tower v0.5.3
   Compiling axum v0.8.9
   Compiling hyper-timeout v0.5.2
   Compiling tokio-rustls v0.26.5
   Compiling tokio-stream v0.1.19
   Compiling tonic v0.14.6
   Compiling rx-protocol v0.1.0 (/rx/rx-solutions/sdk/crates/rx-protocol)
   Compiling rx-package v0.1.0 (/rx/rx-solutions/sdk/crates/rx-package)
   Compiling tonic-prost v0.14.6
   Compiling rx-host v0.1.0 (/rx/rx-solutions/runtime/rx-host)
   Compiling rx-ports v0.1.0 (/rx/rx-solutions/sdk/crates/rx-ports)
   Compiling rx-storage v0.1.0 (/rx/rx-solutions/sdk/crates/rx-storage)
   Compiling rx-solution-catalog v0.1.0 (/rx/rx-solutions/runtime/rx-solution-catalog)
error: usage of an `unsafe` block
  --> runtime/rx-host/src/service_clock.rs:35:12
   |
35 |         if unsafe { libc::clock_gettime(libc::CLOCK_BOOTTIME, &mut value) } != 0
   |            ^^^^^^^^^^^^^^^^^^^^^^^^^^^^^^^^^^^^^^^^^^^^^^^^^^^^^^^^^^^^^^^^
   |
   = note: requested on the command line with `-F unsafe-code`

error: could not compile `rx-host` (lib) due to 1 previous error
