   Compiling rx-host v0.1.0 (/Users/ojaehong/RX_automation/rx_ws/rx-solutions/runtime/rx-host)
    Checking rx-process-package v0.1.0 (/Users/ojaehong/RX_automation/rx_ws/rx-solutions/runtime/rx-process-package)
    Checking rx-executor v0.1.0 (/Users/ojaehong/RX_automation/rx_ws/rx-solutions/runtime/rx-executor)
error: this `if` statement can be collapsed
   --> runtime/rx-executor/src/journal/recovery.rs:315:13
    |
315 | /             if let Some((_, old)) = observed.get(&key_) {
316 | |                 if next.basis.sequence < old.basis.sequence || !same_observation(old, &next)? {
317 | |                     return failure("historical observation regressed or changed identity");
318 | |                 }
319 | |             }
    | |_____________^
    |
    = help: for further information visit https://rust-lang.github.io/rust-clippy/rust-1.98.0/index.html#collapsible_if
    = note: `-D clippy::collapsible-if` implied by `-D warnings`
    = help: to override `-D warnings` add `#[allow(clippy::collapsible_if)]`
help: collapse nested if block
    |
315 ~             if let Some((_, old)) = observed.get(&key_)
316 ~                 && (next.basis.sequence < old.basis.sequence || !same_observation(old, &next)?) {
317 |                     return failure("historical observation regressed or changed identity");
318 ~                 }
    |

error: could not compile `rx-executor` (lib) due to 1 previous error
warning: build failed, waiting for other jobs to finish...
error: could not compile `rx-executor` (lib test) due to 1 previous error
