#0 building with "desktop-linux" instance using docker driver

#1 [internal] load build definition from Solutions.Dockerfile
#1 transferring dockerfile: 8.27kB done
#1 DONE 0.0s

#2 [context btcpp] load .dockerignore
#2 transferring btcpp: 2B done
#2 DONE 0.0s

#3 [context robotis] load .dockerignore
#3 transferring robotis: 2B done
#3 DONE 0.0s

#4 [internal] load metadata for docker.io/library/rust:1.98.1-bookworm@sha256:9a73a5088750b4c95158ab26629c854c3d6fc4b173cb7bc8079ad252d8ed7bfa
#4 DONE 0.0s

#5 [internal] load metadata for docker.io/library/node:26.5.0-bookworm-slim@sha256:2d49d876e96237d76de412761cf05dbfe5aee325cc4406a4d41d5824c5bb8beb
#5 ...

#6 [auth] library/ros:pull token for registry-1.docker.io
#6 DONE 0.0s

#7 [auth] library/node:pull token for registry-1.docker.io
#7 DONE 0.0s

#8 [internal] load metadata for docker.io/library/ros:jazzy-ros-base@sha256:386d06ec6d4188f731bae5678e07b4cb64a4e4d4152090c0bd1f881dcf7706f5
#8 DONE 1.4s

#5 [internal] load metadata for docker.io/library/node:26.5.0-bookworm-slim@sha256:2d49d876e96237d76de412761cf05dbfe5aee325cc4406a4d41d5824c5bb8beb
#5 DONE 1.4s

#9 [ui-build 1/6] FROM docker.io/library/node:26.5.0-bookworm-slim@sha256:2d49d876e96237d76de412761cf05dbfe5aee325cc4406a4d41d5824c5bb8beb
#9 resolve docker.io/library/node:26.5.0-bookworm-slim@sha256:2d49d876e96237d76de412761cf05dbfe5aee325cc4406a4d41d5824c5bb8beb done
#9 DONE 0.0s

#10 [native-dependencies 1/8] FROM docker.io/library/ros:jazzy-ros-base@sha256:386d06ec6d4188f731bae5678e07b4cb64a4e4d4152090c0bd1f881dcf7706f5
#10 resolve docker.io/library/ros:jazzy-ros-base@sha256:386d06ec6d4188f731bae5678e07b4cb64a4e4d4152090c0bd1f881dcf7706f5 done
#10 DONE 0.0s

#11 [rust-build 1/9] FROM docker.io/library/rust:1.98.1-bookworm@sha256:9a73a5088750b4c95158ab26629c854c3d6fc4b173cb7bc8079ad252d8ed7bfa
#11 resolve docker.io/library/rust:1.98.1-bookworm@sha256:9a73a5088750b4c95158ab26629c854c3d6fc4b173cb7bc8079ad252d8ed7bfa done
#11 DONE 0.0s

#12 [context robotis] load from client
#12 transferring robotis: 45B done
#12 DONE 0.0s

#13 [context btcpp] load from client
#13 transferring btcpp: 27.43kB 0.0s done
#13 DONE 0.0s

#14 [internal] load build context
#14 transferring context: 152.53kB 0.1s done
#14 DONE 0.1s

#15 [rust-build 2/9] WORKDIR /src
#15 CACHED

#16 [context robotis] load from client
#16 ...

#17 [rust-build 3/9] COPY Cargo.toml Cargo.lock ./
#17 DONE 0.0s

#18 [rust-build 4/9] COPY sdk ./sdk
#18 DONE 0.0s

#19 [rust-build 5/9] COPY runtime ./runtime
#19 DONE 0.0s

#20 [rust-build 6/9] COPY drivers ./drivers
#20 DONE 0.0s

#16 [context robotis] load from client
#16 transferring robotis: 349.07kB 0.2s done
#16 DONE 0.2s

#21 [rust-build 7/9] COPY catalogs ./catalogs
#21 DONE 0.0s

#22 [rust-build 8/9] COPY interfaces ./interfaces
#22 DONE 0.0s

#23 [native-build 3/5] COPY tools/native_source_inventory.py /opt/rx/tools/native_source_inventory.py
#23 CACHED

#24 [native-build 2/5] COPY --from=robotis / /workspace/src/
#24 CACHED

#25 [native-build 1/5] WORKDIR /workspace
#25 CACHED

#26 [native-dependencies 5/8] RUN python3 /opt/rx/tools/materialize_package_manifests.py /opt/rx/input/package-manifests.json /workspace/dependencies
#26 CACHED

#27 [native-dependencies 8/8] RUN case "arm64" in       arm64) ORT_ARCH=aarch64; ORT_SHA=7c63c73560ed76b1fac6cff8204ffe34fe180e70d6582b5332ec094810241e5c ;;       amd64) ORT_ARCH=x64; ORT_SHA=1fa4dcaef22f6f7d5cd81b28c2800414350c10116f5fdd46a2160082551c5f9b ;;       *) exit 1 ;;     esac     && curl --fail --location --proto '=https' --tlsv1.2 "https://github.com/microsoft/onnxruntime/releases/download/v1.23.2/onnxruntime-linux-${ORT_ARCH}-1.23.2.tgz" -o /tmp/ort.tgz     && echo "${ORT_SHA}  /tmp/ort.tgz" | sha256sum --check     && mkdir -p /opt/onnxruntime     && tar -xzf /tmp/ort.tgz --strip-components=1 -C /opt/onnxruntime     && rm /tmp/ort.tgz
#27 CACHED

#28 [native-build 4/5] RUN python3 /opt/rx/tools/native_source_inventory.py /workspace/src
#28 CACHED

#29 [native-dependencies 6/8] RUN mkdir -p /etc/ros/rosdep/sources.list.d &&     printf 'yaml https://raw.githubusercontent.com/ros/rosdistro/86ac06531559f070ce9ea5ad485714395336ec6f/rosdep/base.yaml\nyaml https://raw.githubusercontent.com/ros/rosdistro/86ac06531559f070ce9ea5ad485714395336ec6f/rosdep/python.yaml\n' > /etc/ros/rosdep/sources.list.d/20-default.list
#29 CACHED

#30 [native-dependencies 4/8] COPY tools/materialize_package_manifests.py /opt/rx/tools/materialize_package_manifests.py
#30 CACHED

#31 [native-dependencies 2/8] RUN apt-get update && apt-get install -y --no-install-recommends     build-essential cmake ninja-build curl ca-certificates python3-colcon-common-extensions     python3-rosdep python3-yaml libyaml-cpp-dev libeigen3-dev     && rm -rf /var/lib/apt/lists/*
#31 CACHED

#32 [native-dependencies 7/8] RUN if [ ! -f /etc/ros/rosdep/sources.list.d/20-default.list ]; then rosdep init; fi     && rosdep update --rosdistro jazzy     && apt-get update     && rosdep install --from-paths /workspace/dependencies --ignore-src --rosdistro jazzy -y     && apt-get install -y --no-install-recommends ros-jazzy-rmw-zenoh-cpp     && mkdir -p /opt/rx/manifests     && dpkg-query -W -f='${Package}\t${Version}\t${Architecture}\n' | sort > /opt/rx/manifests/native-packages.tsv     && rm -rf /var/lib/apt/lists/*
#32 CACHED

#33 [native-dependencies 3/8] COPY --from=robotis /package-manifests.json /opt/rx/input/package-manifests.json
#33 CACHED

#34 [native-build 5/5] RUN --network=none source /opt/ros/jazzy/setup.bash     && colcon list --base-paths src --names-only | sort > /opt/rx/manifests/native-source-packages.txt     && colcon build --base-paths src --executor sequential --merge-install        --install-base /opt/rx/robotis --cmake-args -DCMAKE_BUILD_TYPE=Release -DBUILD_TESTING=OFF -DCMAKE_AUTOGEN_PARALLEL=1 -DONNXRUNTIME_ROOT=/opt/onnxruntime     && cp src/source-lock.json /opt/rx/manifests/native-sources.json
#34 CACHED

#35 [ros-jtc-build 1/3] COPY native/ros-jtc /ros-jtc/
#35 DONE 0.0s

#36 [ros-jtc-build 2/3] COPY catalogs/robotis-support.v1.json /catalogs/robotis-support.v1.json
#36 DONE 0.0s

#37 [ros-jtc-build 3/3] RUN --network=none source /opt/ros/jazzy/setup.bash     && cmake -S /ros-jtc -B /ros-jtc-build -G Ninja -DCMAKE_BUILD_TYPE=Release -DRX_CATALOG=/catalogs/robotis-support.v1.json     && cmake --build /ros-jtc-build --target rx-ros-jtc-bridge -j1
#37 0.665 -- The CXX compiler identification is GNU 13.3.0
#37 0.675 -- Detecting CXX compiler ABI info
#37 0.703 -- Detecting CXX compiler ABI info - done
#37 0.706 -- Check for working CXX compiler: /usr/bin/c++ - skipped
#37 0.707 -- Detecting CXX compile features
#37 0.707 -- Detecting CXX compile features - done
#37 0.711 -- Found ament_cmake: 2.5.6 (/opt/ros/jazzy/share/ament_cmake/cmake)
#37 0.772 -- Found Python3: /usr/bin/python3 (found version "3.12.3") found components: Interpreter 
#37 0.837 -- Found rclcpp: 28.1.21 (/opt/ros/jazzy/share/rclcpp/cmake)
#37 0.865 -- Found rosidl_generator_c: 4.6.9 (/opt/ros/jazzy/share/rosidl_generator_c/cmake)
#37 0.874 -- Found rosidl_generator_cpp: 4.6.9 (/opt/ros/jazzy/share/rosidl_generator_cpp/cmake)
#37 0.886 -- Using all available rosidl_typesupport_c: rosidl_typesupport_fastrtps_c;rosidl_typesupport_introspection_c
#37 0.898 -- Using all available rosidl_typesupport_cpp: rosidl_typesupport_fastrtps_cpp;rosidl_typesupport_introspection_cpp
#37 0.942 -- Found rmw_implementation_cmake: 7.3.3 (/opt/ros/jazzy/share/rmw_implementation_cmake/cmake)
#37 0.944 -- Found rmw_fastrtps_cpp: 8.4.4 (/opt/ros/jazzy/share/rmw_fastrtps_cpp/cmake)
#37 0.985 -- Found OpenSSL: /usr/lib/aarch64-linux-gnu/libcrypto.so (found version "3.0.13")  
#37 0.993 -- Found FastRTPS: /opt/ros/jazzy/include (Required is at least version "2.13") 
#37 1.001 -- Using RMW implementation 'rmw_fastrtps_cpp' as default
#37 1.044 -- Found control_msgs: 5.9.0 (/opt/ros/jazzy/share/control_msgs/cmake)
#37 1.117 -- Found controller_manager_msgs: 4.48.0 (/opt/ros/jazzy/share/controller_manager_msgs/cmake)
#37 1.145 -- Found nlohmann_json: /usr/share/cmake/nlohmann_json/nlohmann_jsonConfig.cmake (found version "3.11.3") 
#37 1.147 -- Configuring done (0.6s)
#37 1.152 -- Generating done (0.0s)
#37 1.155 -- Build files have been written to: /ros-jtc-build
#37 7.477 [1/2] Building CXX object CMakeFiles/rx-ros-jtc-bridge.dir/bridge.cpp.o
#37 7.589 [2/2] Linking CXX executable rx-ros-jtc-bridge
#37 DONE 7.6s

#38 [rust-build 9/9] RUN --mount=type=cache,id=rx-solutions-registry,target=/usr/local/cargo/registry     --mount=type=cache,id=rx-solutions-release,target=/src/target     cargo build --release --locked --workspace && mkdir -p /out && cp target/release/rx-hostd target/release/rx-executor-service target/release/rx-process-compile target/release/rx-solutionsd target/release/rx-process-package target/release/rx-device-package /out/
#38 0.383    Compiling rx-process-contract v0.1.0 (/src/sdk/crates/rx-process-contract)
#38 4.273    Compiling rx-protocol v0.1.0 (/src/sdk/crates/rx-protocol)
#38 9.343    Compiling rx-process v0.1.0 (/src/runtime/rx-process)
#38 11.96    Compiling rx-host v0.1.0 (/src/runtime/rx-host)
#38 20.10    Compiling rx-device-package v0.1.0 (/src/runtime/rx-device-package)
#38 22.19    Compiling rx-executor v0.1.0 (/src/runtime/rx-executor)
#38 28.49    Compiling rx-process-package v0.1.0 (/src/runtime/rx-process-package)
#38 78.52     Finished `release` profile [optimized] target(s) in 1m 18s
#38 DONE 78.6s

#39 [native-audit 5/6] COPY catalogs/robotis-support.v1.json /opt/rx/manifests/robotis-support.v1.json
#39 CACHED

#40 [native-audit 2/6] RUN ldconfig
#40 CACHED

#41 [native-audit 3/6] COPY tools/audit_native_install.py /opt/rx/tools/audit_native_install.py
#41 CACHED

#42 [native-audit 4/6] COPY native/support/ort_inspect.cpp /tmp/ort_inspect.cpp
#42 CACHED

#43 [native-audit 1/6] COPY native/support/onnxruntime.conf /etc/ld.so.conf.d/rx-onnxruntime.conf
#43 CACHED

#44 [runtime  4/17] COPY --from=native-audit /opt/rx/robotis /opt/rx/robotis
#44 CACHED

#45 [native-audit 6/6] RUN --network=none g++ -std=c++17 /tmp/ort_inspect.cpp -I/opt/onnxruntime/include -L/opt/onnxruntime/lib -Wl,-rpath,/opt/onnxruntime/lib -lonnxruntime -o /opt/rx/tools/ort-inspect     && source /opt/ros/jazzy/setup.bash && source /opt/rx/robotis/setup.bash     && python3 /opt/rx/tools/audit_native_install.py --catalog /opt/rx/manifests/robotis-support.v1.json --output /opt/rx/manifests/native-install-audit.json
#45 CACHED

#46 [runtime  2/17] COPY dependencies/native-apt-locks /opt/rx/apt-locks
#46 CACHED

#47 [runtime  1/17] COPY native/support/onnxruntime.conf /etc/ld.so.conf.d/rx-onnxruntime.conf
#47 CACHED

#48 [runtime  3/17] RUN ldconfig
#48 CACHED

#49 [bt-build 1/3] COPY --from=btcpp / /btcpp/
#49 CACHED

#50 [bt-build 2/3] COPY native/executor /executor/
#50 CACHED

#51 [runtime  5/17] COPY --from=native-audit /opt/rx/manifests /opt/rx/manifests
#51 CACHED

#52 [runtime  6/17] COPY --from=rust-build /out/ /opt/rx/bin/
#52 DONE 0.0s

#53 [bt-build 3/3] RUN --network=none cmake -S /executor -B /bt-build -G Ninja -DCMAKE_BUILD_TYPE=Release -DBTCPP_SOURCE=/btcpp -DRX_BUILD_TEST_HARNESS=OFF     && cmake --build /bt-build --target rx-bt-engine -j1
#53 CACHED

#54 [ui-build 3/6] COPY apps/operator/package.json apps/operator/package-lock.json ./
#54 CACHED

#55 [ui-build 4/6] RUN npm ci
#55 CACHED

#56 [ui-build 5/6] COPY apps/operator/ ./
#56 CACHED

#57 [ui-build 2/6] WORKDIR /src
#57 CACHED

#58 [ui-build 6/6] RUN npm run build
#58 CACHED

#59 [runtime  7/17] COPY --from=bt-build /bt-build/rx-bt-engine /opt/rx/bin/rx-bt-engine
#59 DONE 0.0s

#60 [runtime  8/17] COPY --from=ros-jtc-build /ros-jtc-build/rx-ros-jtc-bridge /opt/rx/bin/rx-ros-jtc-bridge
#60 DONE 0.0s

#61 [runtime  9/17] COPY --from=ui-build /src/dist/ /opt/rx/operator/
#61 DONE 0.1s

#62 [runtime 10/17] COPY catalogs /opt/rx/catalogs
#62 DONE 0.0s

#63 [runtime 11/17] COPY dependencies/native-stack.lock.json /opt/rx/manifests/native-stack.lock.json
#63 DONE 0.0s

#64 [runtime 12/17] COPY native/support/solutions_status.py /opt/rx/tools/solutions_status.py
#64 DONE 0.0s

#65 [runtime 13/17] COPY native/support/entrypoint.sh /opt/rx/entrypoint.sh
#65 DONE 0.0s

#66 [runtime 14/17] COPY tools/write_runtime_inventory.py /opt/rx/tools/write_runtime_inventory.py
#66 DONE 0.0s

#67 [runtime 15/17] RUN cmp /opt/rx/manifests/native-packages.tsv /opt/rx/apt-locks/arm64.tsv     && rm -rf /workspace/dependencies     && mkdir -p /var/lib/rx-solutions/ros-log /run/rx-solutions     && chown -R 10001:10001 /var/lib/rx-solutions /run/rx-solutions     && chmod 755 /opt/rx/entrypoint.sh     && python3 /opt/rx/tools/write_runtime_inventory.py
#67 DONE 0.2s

#68 [runtime 16/17] RUN mkdir -p /run/rx-host && chown 10001:10001 /run/rx-host
#68 DONE 0.1s

#69 [runtime 17/17] WORKDIR /var/lib/rx-solutions
#69 DONE 0.0s

#70 exporting to image
#70 exporting layers
#70 exporting layers 0.7s done
#70 exporting manifest sha256:c0360ed77b07e4f5b0ea9560f8ba7b7043691377031bd12057c255b8fe4f21e6 done
#70 exporting config sha256:33cbe6d5d2afedb97ce1a20218eeee3a31e55077066fdff25d790fe2689f5e69 done
#70 exporting attestation manifest sha256:1d47b165832b60b5796070c2e38f95eac3019377a7409da96521ea6947cb19b3 done
#70 exporting manifest list sha256:dee31efdce3840f66b49fadff42e95d5977061b033202274aeeaa15f48bf49d4 done
#70 naming to docker.io/library/rx-solutions:runtime-draft done
#70 unpacking to docker.io/library/rx-solutions:runtime-draft
#70 unpacking to docker.io/library/rx-solutions:runtime-draft 0.2s done
#70 DONE 0.9s
