#0 building with "desktop-linux" instance using docker driver

#1 [internal] load build definition from Platform.Dockerfile
#1 transferring dockerfile: 1.29kB done
#1 DONE 0.0s

#2 [internal] load metadata for docker.io/library/rust:1.98.1-bookworm@sha256:9a73a5088750b4c95158ab26629c854c3d6fc4b173cb7bc8079ad252d8ed7bfa
#2 ...

#3 [auth] library/ubuntu:pull token for registry-1.docker.io
#3 DONE 0.0s

#4 [internal] load metadata for docker.io/library/ubuntu:24.04@sha256:224a1869083a311ef3f13648a154ba79832fbef6364d31493642ca03082da254
#4 ...

#2 [internal] load metadata for docker.io/library/rust:1.98.1-bookworm@sha256:9a73a5088750b4c95158ab26629c854c3d6fc4b173cb7bc8079ad252d8ed7bfa
#2 DONE 1.4s

#4 [internal] load metadata for docker.io/library/ubuntu:24.04@sha256:224a1869083a311ef3f13648a154ba79832fbef6364d31493642ca03082da254
#4 DONE 1.4s

#5 [rust-build  1/11] FROM docker.io/library/rust:1.98.1-bookworm@sha256:9a73a5088750b4c95158ab26629c854c3d6fc4b173cb7bc8079ad252d8ed7bfa
#5 resolve docker.io/library/rust:1.98.1-bookworm@sha256:9a73a5088750b4c95158ab26629c854c3d6fc4b173cb7bc8079ad252d8ed7bfa 0.0s done
#5 DONE 0.0s

#6 [runtime 1/4] FROM docker.io/library/ubuntu:24.04@sha256:224a1869083a311ef3f13648a154ba79832fbef6364d31493642ca03082da254
#6 resolve docker.io/library/ubuntu:24.04@sha256:224a1869083a311ef3f13648a154ba79832fbef6364d31493642ca03082da254 0.0s done
#6 DONE 0.0s

#7 [internal] load build context
#7 transferring context: 877.35kB 0.1s done
#7 DONE 0.1s

#8 [rust-build  2/11] WORKDIR /src
#8 CACHED

#9 [build 3/8] COPY Cargo.toml Cargo.lock ./
#9 CACHED

#10 [build 4/8] COPY crates ./crates
#10 DONE 0.2s

#11 [build 5/8] COPY proto ./proto
#11 DONE 0.0s

#12 [build 6/8] COPY spec ./spec
#12 DONE 0.1s

#13 [build 7/8] RUN mkdir -p /out
#13 DONE 0.2s

#14 [build 8/8] RUN --mount=type=cache,id=rx-platform-registry,target=/usr/local/cargo/registry     --mount=type=cache,id=rx-platform-release,target=/src/target     cargo build --release --locked -p rx-platformd && cp target/release/rx-platformd target/release/rx-package-store /out/
#14 0.981    Compiling rx-application v0.1.0 (/src/crates/rx-application)
#14 32.77    Compiling rx-protocol-adapter v0.1.0 (/src/crates/rx-protocol-adapter)
#14 33.77    Compiling rx-runtime v0.1.0 (/src/crates/rx-runtime)
#14 36.26    Compiling rx-api v0.1.0 (/src/crates/rx-api)
#14 56.89    Compiling rx-host-client v0.1.0 (/src/crates/rx-host-client)
#14 68.83    Compiling rx-platformd v0.1.0 (/src/crates/rx-platformd)
#14 133.4     Finished `release` profile [optimized] target(s) in 2m 13s
#14 DONE 133.5s

#15 [runtime 2/4] RUN mkdir -p /etc/rx/platform /var/lib/rx /run/rx && chown 10001:10001 /var/lib/rx /run/rx
#15 CACHED

#16 [runtime 3/4] COPY --from=build /out/rx-platformd /out/rx-package-store /usr/local/bin/
#16 DONE 0.0s

#17 [runtime 4/4] WORKDIR /var/lib/rx
#17 DONE 0.0s

#18 exporting to image
#18 exporting layers
#18 exporting layers 0.6s done
#18 exporting manifest sha256:99517b103ab6254bee955186bbb438bd6b17062c5af506928a432d08b946be6f done
#18 exporting config sha256:ebcda5df859a8a97e3b56b8fd0eb403379e7a756c12af623fcae3384a91b2ef6 done
#18 exporting attestation manifest sha256:04db82c9ddcb8933765901dbeda48e18530f950d7afeba28169048ab569ec74d done
#18 exporting manifest list sha256:d462755d3869abfe8e6df3ca39ddf803f23759e5145f9729f58436b6c4dc0d96 done
#18 naming to docker.io/library/rx-platform:runtime-draft done
#18 unpacking to docker.io/library/rx-platform:runtime-draft 0.1s done
#18 DONE 0.7s
