    Checking rx-domain v0.1.0 (/Users/ojaehong/RX_automation/rx_ws/rx-platform/crates/rx-domain)
   Compiling rx-protocol v0.1.0 (/Users/ojaehong/RX_automation/rx_ws/rx-platform/crates/rx-protocol)
    Checking rx-ports v0.1.0 (/Users/ojaehong/RX_automation/rx_ws/rx-platform/crates/rx-ports)
    Checking rx-process-contract v0.1.0 (/Users/ojaehong/RX_automation/rx_ws/rx-platform/crates/rx-process-contract)
    Checking rx-package v0.1.0 (/Users/ojaehong/RX_automation/rx_ws/rx-platform/crates/rx-package)
    Checking rx-storage v0.1.0 (/Users/ojaehong/RX_automation/rx_ws/rx-platform/crates/rx-storage)
    Checking rx-application v0.1.0 (/Users/ojaehong/RX_automation/rx_ws/rx-platform/crates/rx-application)
error: large size difference between variants
  --> crates/rx-application/src/engine/checkpoint_change.rs:29:1
   |
29 | /  enum Pending {
30 | |      Cached(Box<RunSnapshot>),
   | |      ------------------------ the second-largest variant contains at least 8 bytes
31 | |/     Changed {
32 | ||         run: Id,
33 | ||         payload: ArtifactRef,
34 | ||         scope: RequestScope,
35 | ||         fingerprint: Digest,
36 | ||     },
   | ||_____- the largest variant contains at least 216 bytes
37 | |  }
   | |__^ the entire enum is at least 216 bytes
   |
   = help: for further information visit https://rust-lang.github.io/rust-clippy/rust-1.98.0/index.html#large_enum_variant
   = note: `-D clippy::large-enum-variant` implied by `-D warnings`
   = help: to override `-D warnings` add `#[allow(clippy::large_enum_variant)]`
help: consider boxing the large fields or introducing indirection in some other way to reduce the total size of the enum
   |
34 -         scope: RequestScope,
34 +         scope: Box<RequestScope>,
   |

error: could not compile `rx-application` (lib test) due to 1 previous error
warning: build failed, waiting for other jobs to finish...
error: could not compile `rx-application` (lib) due to 1 previous error
