    Checking rx-process v0.1.0 (/rx/rx-solutions/runtime/rx-process)
    Checking rx-protocol v0.1.0 (/rx/rx-solutions/sdk/crates/rx-protocol)
    Checking rx-service-status v0.1.0 (/rx/rx-solutions/runtime/rx-service-status)
    Checking rx-executor v0.1.0 (/rx/rx-solutions/runtime/rx-executor)
error: the borrowed expression implements the required traits
   --> runtime/rx-executor/tests/cell_cli.rs:540:44
    |
540 |                     SqliteRepository::open(&fixture.root.join("assignment.sqlite3")).unwrap();
    |                                            ^^^^^^^^^^^^^^^^^^^^^^^^^^^^^^^^^^^^^^^^ help: change this to: `fixture.root.join("assignment.sqlite3")`
    |
    = help: for further information visit https://rust-lang.github.io/rust-clippy/rust-1.98.0/index.html#needless_borrows_for_generic_args
    = note: `-D clippy::needless-borrows-for-generic-args` implied by `-D warnings`
    = help: to override `-D warnings` add `#[allow(clippy::needless_borrows_for_generic_args)]`

error: the borrowed expression implements the required traits
   --> runtime/rx-executor/tests/cell_cli.rs:573:45
    |
573 |     let repository = SqliteRepository::open(&fixture.root.join("assignment.sqlite3")).unwrap();
    |                                             ^^^^^^^^^^^^^^^^^^^^^^^^^^^^^^^^^^^^^^^^ help: change this to: `fixture.root.join("assignment.sqlite3")`
    |
    = help: for further information visit https://rust-lang.github.io/rust-clippy/rust-1.98.0/index.html#needless_borrows_for_generic_args

error: could not compile `rx-executor` (test "cell_cli") due to 2 previous errors
