   Compiling rx-service-status v0.1.0 (/src/runtime/rx-service-status)
   Compiling rx-executor v0.1.0 (/src/runtime/rx-executor)
error[E0583]: file not found for module `guarded_status`
 --> runtime/rx-executor/src/bin/service/cell_cli.rs:2:1
  |
2 | mod guarded_status;
  | ^^^^^^^^^^^^^^^^^^^
  |
  = help: to create the module `guarded_status`, create file "runtime/rx-executor/src/bin/service/guarded_status.rs" or "runtime/rx-executor/src/bin/service/guarded_status/mod.rs"
  = note: if there is a `mod guarded_status` elsewhere in the crate already, import it with `use crate::...` instead

error[E0583]: file not found for module `guarded_tests`
   --> runtime/rx-executor/src/bin/service/cell_cli.rs:330:1
    |
330 | mod guarded_tests;
    | ^^^^^^^^^^^^^^^^^^
    |
    = help: to create the module `guarded_tests`, create file "runtime/rx-executor/src/bin/service/guarded_tests.rs" or "runtime/rx-executor/src/bin/service/guarded_tests/mod.rs"
    = note: if there is a `mod guarded_tests` elsewhere in the crate already, import it with `use crate::...` instead

For more information about this error, try `rustc --explain E0583`.
error: could not compile `rx-executor` (bin "rx-executor-service" test) due to 2 previous errors
