Traceback (most recent call last):
  File "/Users/ojaehong/RX_automation/rx_ws/rx-platform/tools/test_cell_delivery.py", line 66, in <module>
    if __name__=='__main__':main()
                            ^^^^^^
  File "/Users/ojaehong/RX_automation/rx_ws/rx-platform/tools/test_cell_delivery.py", line 61, in main
    exercise(docker,materials,final,bundle,p_image,s_image,port,validator,args.release_evidence.resolve())
  File "/Users/ojaehong/RX_automation/rx_ws/rx-platform/tools/cell_delivery/installation.py", line 100, in exercise
    run_commissioning(context)
  File "/Users/ojaehong/RX_automation/rx_ws/rx-platform/tools/cell_delivery/installation.py", line 106, in run_commissioning
    run(context)
  File "/Users/ojaehong/RX_automation/rx_ws/rx-platform/tools/cell_delivery/workflow.py", line 95, in run
    exercise_operator(c,active)
  File "/Users/ojaehong/RX_automation/rx_ws/rx-platform/tools/cell_delivery/operator.py", line 42, in exercise_operator
    expect(button).to_be_enabled(timeout=20000)
  File "/Users/ojaehong/RX_automation/rx_ws/.tools/browser-python/lib/python3.12/site-packages/playwright/sync_api/_generated.py", line 23209, in to_be_enabled
    self._sync(
  File "/Users/ojaehong/RX_automation/rx_ws/.tools/browser-python/lib/python3.12/site-packages/playwright/_impl/_sync_base.py", line 115, in _sync
    return task.result()
           ^^^^^^^^^^^^^
  File "/Users/ojaehong/RX_automation/rx_ws/.tools/browser-python/lib/python3.12/site-packages/playwright/_impl/_assertions.py", line 807, in to_be_enabled
    await self._expect_impl(
  File "/Users/ojaehong/RX_automation/rx_ws/.tools/browser-python/lib/python3.12/site-packages/playwright/_impl/_assertions.py", line 128, in _expect_impl
    _record_soft_or_raise(
  File "/Users/ojaehong/RX_automation/rx_ws/.tools/browser-python/lib/python3.12/site-packages/playwright/_impl/_assertions.py", line 60, in _record_soft_or_raise
    raise error
AssertionError: Locator expected to be enabled
Actual value: disabled 
Call log:
  - Expect "to_be_enabled" with timeout 20000ms
  - waiting for get_by_role("button", name="시작 내용 검토", exact=True)
    44 × locator resolved to <button disabled class="primary">시작 내용 검토</button>
       - unexpected value "disabled"

Aria snapshot:
- button "시작 내용 검토" [disabled]
