	linux-vdso.so.1 (0x0000ffffbd7ac000)
	librxclcpp.so.0 => /opt/rx-client/lib/librxclcpp.so.0 (0x0000ffffbd5b0000)
	libprotobuf.so.32 => /lib/aarch64-linux-gnu/libprotobuf.so.32 (0x0000ffffbd2b0000)
	libstdc++.so.6 => /lib/aarch64-linux-gnu/libstdc++.so.6 (0x0000ffffbd020000)
	libgcc_s.so.1 => /lib/aarch64-linux-gnu/libgcc_s.so.1 (0x0000ffffbcfe0000)
	libc.so.6 => /lib/aarch64-linux-gnu/libc.so.6 (0x0000ffffbce20000)
	/lib/ld-linux-aarch64.so.1 (0x0000ffffbd770000)
	libgrpc++.so.1.51 => /lib/aarch64-linux-gnu/libgrpc++.so.1.51 (0x0000ffffbcd40000)
	libgrpc.so.29 => /lib/aarch64-linux-gnu/libgrpc.so.29 (0x0000ffffbc7f0000)
	libgpr.so.29 => /lib/aarch64-linux-gnu/libgpr.so.29 (0x0000ffffbc7c0000)
	libabsl_synchronization.so.20220623 => /lib/aarch64-linux-gnu/libabsl_synchronization.so.20220623 (0x0000ffffbc790000)
	libz.so.1 => /lib/aarch64-linux-gnu/libz.so.1 (0x0000ffffbc750000)
	libm.so.6 => /lib/aarch64-linux-gnu/libm.so.6 (0x0000ffffbc6a0000)
	libupb.so.29 => /lib/aarch64-linux-gnu/libupb.so.29 (0x0000ffffbc650000)
	libabsl_raw_hash_set.so.20220623 => /lib/aarch64-linux-gnu/libabsl_raw_hash_set.so.20220623 (0x0000ffffbc620000)
	libabsl_hash.so.20220623 => /lib/aarch64-linux-gnu/libabsl_hash.so.20220623 (0x0000ffffbc5f0000)
	libabsl_statusor.so.20220623 => /lib/aarch64-linux-gnu/libabsl_statusor.so.20220623 (0x0000ffffbc5c0000)
	libabsl_status.so.20220623 => /lib/aarch64-linux-gnu/libabsl_status.so.20220623 (0x0000ffffbc590000)
	libabsl_strings.so.20220623 => /lib/aarch64-linux-gnu/libabsl_strings.so.20220623 (0x0000ffffbc550000)
	libabsl_throw_delegate.so.20220623 => /lib/aarch64-linux-gnu/libabsl_throw_delegate.so.20220623 (0x0000ffffbc520000)
	libcares.so.2 => /lib/aarch64-linux-gnu/libcares.so.2 (0x0000ffffbc4d0000)
	libssl.so.3 => /lib/aarch64-linux-gnu/libssl.so.3 (0x0000ffffbc400000)
	libcrypto.so.3 => /lib/aarch64-linux-gnu/libcrypto.so.3 (0x0000ffffbbf70000)
	libaddress_sorting.so.29 => /lib/aarch64-linux-gnu/libaddress_sorting.so.29 (0x0000ffffbbf40000)
	libre2.so.10 => /lib/aarch64-linux-gnu/libre2.so.10 (0x0000ffffbbec0000)
	libabsl_bad_variant_access.so.20220623 => /lib/aarch64-linux-gnu/libabsl_bad_variant_access.so.20220623 (0x0000ffffbbe90000)
	libabsl_random_internal_pool_urbg.so.20220623 => /lib/aarch64-linux-gnu/libabsl_random_internal_pool_urbg.so.20220623 (0x0000ffffbbe60000)
	libabsl_random_internal_randen.so.20220623 => /lib/aarch64-linux-gnu/libabsl_random_internal_randen.so.20220623 (0x0000ffffbbe30000)
	libabsl_random_internal_randen_hwaes_impl.so.20220623 => /lib/aarch64-linux-gnu/libabsl_random_internal_randen_hwaes_impl.so.20220623 (0x0000ffffbbe00000)
	libabsl_random_internal_randen_slow.so.20220623 => /lib/aarch64-linux-gnu/libabsl_random_internal_randen_slow.so.20220623 (0x0000ffffbbdd0000)
	libabsl_cord.so.20220623 => /lib/aarch64-linux-gnu/libabsl_cord.so.20220623 (0x0000ffffbbd90000)
	libabsl_bad_optional_access.so.20220623 => /lib/aarch64-linux-gnu/libabsl_bad_optional_access.so.20220623 (0x0000ffffbbd60000)
	libabsl_cordz_info.so.20220623 => /lib/aarch64-linux-gnu/libabsl_cordz_info.so.20220623 (0x0000ffffbbd30000)
	libabsl_str_format_internal.so.20220623 => /lib/aarch64-linux-gnu/libabsl_str_format_internal.so.20220623 (0x0000ffffbbcf0000)
	libabsl_time.so.20220623 => /lib/aarch64-linux-gnu/libabsl_time.so.20220623 (0x0000ffffbbcc0000)
	libabsl_time_zone.so.20220623 => /lib/aarch64-linux-gnu/libabsl_time_zone.so.20220623 (0x0000ffffbbc80000)
	libabsl_spinlock_wait.so.20220623 => /lib/aarch64-linux-gnu/libabsl_spinlock_wait.so.20220623 (0x0000ffffbbc50000)
	libabsl_raw_logging_internal.so.20220623 => /lib/aarch64-linux-gnu/libabsl_raw_logging_internal.so.20220623 (0x0000ffffbbc20000)
	libabsl_graphcycles_internal.so.20220623 => /lib/aarch64-linux-gnu/libabsl_graphcycles_internal.so.20220623 (0x0000ffffbbbf0000)
	libabsl_stacktrace.so.20220623 => /lib/aarch64-linux-gnu/libabsl_stacktrace.so.20220623 (0x0000ffffbbbc0000)
	libabsl_symbolize.so.20220623 => /lib/aarch64-linux-gnu/libabsl_symbolize.so.20220623 (0x0000ffffbbb90000)
	libabsl_malloc_internal.so.20220623 => /lib/aarch64-linux-gnu/libabsl_malloc_internal.so.20220623 (0x0000ffffbbb60000)
	libabsl_base.so.20220623 => /lib/aarch64-linux-gnu/libabsl_base.so.20220623 (0x0000ffffbbb30000)
	libabsl_city.so.20220623 => /lib/aarch64-linux-gnu/libabsl_city.so.20220623 (0x0000ffffbbb00000)
	libabsl_low_level_hash.so.20220623 => /lib/aarch64-linux-gnu/libabsl_low_level_hash.so.20220623 (0x0000ffffbbad0000)
	libabsl_strerror.so.20220623 => /lib/aarch64-linux-gnu/libabsl_strerror.so.20220623 (0x0000ffffbbaa0000)
	libabsl_strings_internal.so.20220623 => /lib/aarch64-linux-gnu/libabsl_strings_internal.so.20220623 (0x0000ffffbba70000)
	libabsl_random_internal_seed_material.so.20220623 => /lib/aarch64-linux-gnu/libabsl_random_internal_seed_material.so.20220623 (0x0000ffffbba40000)
	libabsl_random_seed_gen_exception.so.20220623 => /lib/aarch64-linux-gnu/libabsl_random_seed_gen_exception.so.20220623 (0x0000ffffbba10000)
	libabsl_random_internal_randen_hwaes.so.20220623 => /lib/aarch64-linux-gnu/libabsl_random_internal_randen_hwaes.so.20220623 (0x0000ffffbb9e0000)
	libabsl_random_internal_platform.so.20220623 => /lib/aarch64-linux-gnu/libabsl_random_internal_platform.so.20220623 (0x0000ffffbb9b0000)
	libabsl_cord_internal.so.20220623 => /lib/aarch64-linux-gnu/libabsl_cord_internal.so.20220623 (0x0000ffffbb970000)
	libabsl_cordz_functions.so.20220623 => /lib/aarch64-linux-gnu/libabsl_cordz_functions.so.20220623 (0x0000ffffbb940000)
	libabsl_cordz_handle.so.20220623 => /lib/aarch64-linux-gnu/libabsl_cordz_handle.so.20220623 (0x0000ffffbb910000)
	libabsl_int128.so.20220623 => /lib/aarch64-linux-gnu/libabsl_int128.so.20220623 (0x0000ffffbb8e0000)
	libabsl_debugging_internal.so.20220623 => /lib/aarch64-linux-gnu/libabsl_debugging_internal.so.20220623 (0x0000ffffbb8b0000)
	libabsl_demangle_internal.so.20220623 => /lib/aarch64-linux-gnu/libabsl_demangle_internal.so.20220623 (0x0000ffffbb880000)
	libabsl_exponential_biased.so.20220623 => /lib/aarch64-linux-gnu/libabsl_exponential_biased.so.20220623 (0x0000ffffbb850000)
