   Compiling proc-macro2 v1.0.107
   Compiling quote v1.0.47
   Compiling unicode-ident v1.0.24
   Compiling libc v0.2.189
   Compiling version_check v0.9.5
    Checking cfg-if v1.0.4
    Checking itoa v1.0.18
    Checking bytes v1.12.1
    Checking typenum v1.20.1
   Compiling serde_core v1.0.229
   Compiling zmij v1.0.23
   Compiling getrandom v0.4.3
    Checking pin-project-lite v0.2.17
   Compiling shlex v2.0.1
   Compiling generic-array v0.14.7
   Compiling find-msvc-tools v0.1.12
    Checking once_cell v1.21.4
   Compiling cc v1.4.5
    Checking futures-core v0.3.34
   Compiling anyhow v1.0.104
    Checking foldhash v0.2.0
    Checking memchr v2.8.3
   Compiling either v1.18.0
    Checking hashbrown v0.17.1
   Compiling itertools v0.14.0
   Compiling serde v1.0.229
    Checking errno v0.3.14
    Checking socket2 v0.6.5
    Checking mio v1.2.3
    Checking signal-hook-registry v1.4.8
    Checking zeroize v1.9.0
   Compiling syn v3.0.5
   Compiling syn v2.0.119
    Checking http v1.5.0
   Compiling thiserror v2.0.20
    Checking bitflags v2.13.2
   Compiling serde_json v1.0.151
   Compiling rustix v1.1.4
   Compiling ring v0.17.14
    Checking crypto-common v0.1.7
    Checking block-buffer v0.10.4
    Checking tracing-core v0.1.36
    Checking equivalent v1.0.2
    Checking futures-sink v0.3.34
    Checking slab v0.4.12
    Checking indexmap v2.14.2
    Checking digest v0.10.7
    Checking http-body v1.1.0
    Checking cpufeatures v0.2.17
    Checking subtle v2.6.1
    Checking ryu-js v0.2.2
    Checking sha2 v0.10.9
    Checking uuid v1.26.1
    Checking getrandom v0.2.17
    Checking hybrid-array v0.4.15
   Compiling prettyplease v0.2.37
    Checking futures-task v0.3.34
    Checking tower-service v0.3.3
    Checking untrusted v0.9.0
   Compiling io-lifetimes v3.0.1
   Compiling pulldown-cmark v0.13.4
    Checking smallvec v1.16.0
   Compiling httparse v1.10.1
   Compiling io-lifetimes v2.0.4
    Checking futures-util v0.3.34
    Checking rustls-pki-types v1.15.1
   Compiling io-extras v0.19.0
   Compiling foldhash v0.1.5
    Checking try-lock v0.2.5
   Compiling semver v1.0.28
   Compiling unicase v2.9.0
    Checking fnv v1.0.7
   Compiling regex-syntax v0.8.11
    Checking atomic-waker v1.1.2
   Compiling rustc_version v0.4.1
   Compiling tokio-macros v2.7.2
   Compiling serde_derive v1.0.229
   Compiling thiserror-impl v2.0.20
    Checking tokio v1.53.1
   Compiling hashbrown v0.15.5
   Compiling regex-automata v0.4.18
    Checking want v0.3.1
   Compiling prost-derive v0.14.4
   Compiling tracing-attributes v0.1.31
    Checking crypto-common v0.2.2
    Checking block-buffer v0.12.1
    Checking futures-channel v0.3.34
    Checking tower-layer v0.3.3
    Checking sync_wrapper v1.0.2
   Compiling rustls v0.23.44
   Compiling fastrand v2.5.0
   Compiling cap-primitives v4.0.3
    Checking tracing v0.1.44
    Checking httpdate v1.0.3
   Compiling prost v0.14.4
   Compiling fixedbitset v0.5.7
   Compiling tempfile v3.27.0
   Compiling petgraph v0.8.3
   Compiling regex v1.13.1
    Checking digest v0.11.3
    Checking fs-set-times v0.20.3
    Checking rustls-webpki v0.103.15
   Compiling pulldown-cmark-to-cmark v22.0.1
   Compiling curve25519-dalek v5.0.0
   Compiling prost-types v0.14.4
    Checking http-body-util v0.1.5
    Checking ipnet v2.12.2
    Checking log v0.4.34
   Compiling pkg-config v0.3.34
    Checking ambient-authority v0.0.2
    Checking mime v0.3.17
   Compiling heck v0.5.0
   Compiling multimap v0.10.1
   Compiling vcpkg v0.2.15
   Compiling cap-std v4.0.3
    Checking maybe-owned v0.3.4
    Checking serde_jcs v0.2.0
    Checking axum-core v0.5.6
    Checking rx-domain v0.1.0 (/Users/ojaehong/RX_automation/rx_ws/rx-solutions/sdk/crates/rx-domain)
    Checking tokio-util v0.7.19
   Compiling prost-build v0.14.4
   Compiling libsqlite3-sys v0.38.2
    Checking h2 v0.4.19
    Checking tower v0.5.3
   Compiling pin-project-internal v1.1.13
   Compiling tonic-build v0.14.6
    Checking cpufeatures v0.3.1
   Compiling protoc-bin-vendored-linux-x86_64 v3.2.0
    Checking matchit v0.8.4
   Compiling protoc-bin-vendored-win32 v3.2.0
   Compiling protoc-bin-vendored-linux-aarch_64 v3.2.0
   Compiling cap-fs-ext v4.0.3
    Checking signature v3.0.0
   Compiling protoc-bin-vendored-linux-ppcle_64 v3.2.0
   Compiling protoc-bin-vendored-macos-x86_64 v3.2.0
    Checking percent-encoding v2.3.2
   Compiling protoc-bin-vendored-linux-x86_32 v3.2.0
   Compiling protoc-bin-vendored-linux-s390_64 v3.2.0
    Checking rx-ports v0.1.0 (/Users/ojaehong/RX_automation/rx_ws/rx-solutions/sdk/crates/rx-ports)
   Compiling protoc-bin-vendored-macos-aarch_64 v3.2.0
    Checking axum v0.8.9
   Compiling tonic-prost-build v0.14.6
   Compiling protoc-bin-vendored v3.2.0
    Checking ed25519 v3.0.0
    Checking sha2 v0.11.0
    Checking tokio-stream v0.1.19
    Checking pin-project v1.1.13
   Compiling async-trait v0.1.92
    Checking base64 v0.22.1
    Checking ed25519-dalek v3.0.0
   Compiling rx-protocol v0.1.0 (/Users/ojaehong/RX_automation/rx_ws/rx-solutions/sdk/crates/rx-protocol)
    Checking hashlink v0.12.2
    Checking fallible-iterator v0.3.0
    Checking fallible-streaming-iterator v0.1.9
    Checking rx-package v0.1.0 (/Users/ojaehong/RX_automation/rx_ws/rx-solutions/sdk/crates/rx-package)
   Compiling rx-host v0.1.0 (/Users/ojaehong/RX_automation/rx_ws/rx-solutions/runtime/rx-host)
    Checking tokio-rustls v0.26.5
    Checking hyper v1.11.1
    Checking rx-service-status v0.1.0 (/Users/ojaehong/RX_automation/rx_ws/rx-solutions/runtime/rx-service-status)
    Checking rx-process-contract v0.1.0 (/Users/ojaehong/RX_automation/rx_ws/rx-solutions/sdk/crates/rx-process-contract)
    Checking rx-melsec-mc v0.1.0 (/Users/ojaehong/RX_automation/rx_ws/rx-solutions/drivers/rx-melsec-mc)
    Checking powerfmt v0.2.0
    Checking prost-reflect v0.16.5
    Checking time-core v0.1.9
    Checking deranged v0.5.8
    Checking num-conv v0.2.2
    Checking base64 v0.23.1
    Checking rx-solution-catalog v0.1.0 (/Users/ojaehong/RX_automation/rx_ws/rx-solutions/runtime/rx-solution-catalog)
    Checking hyper-util v0.1.20
    Checking pem v4.0.0
    Checking time v0.3.55
    Checking hyper-timeout v0.5.2
    Checking yasna v0.6.0
    Checking tonic v0.14.6
    Checking rcgen v0.14.10
    Checking rusqlite v0.40.2
    Checking rx-storage v0.1.0 (/Users/ojaehong/RX_automation/rx_ws/rx-solutions/sdk/crates/rx-storage)
    Checking tonic-prost v0.14.6
warning: unused imports: `Command`, `Duration`, `Instant`, `Read`, `Stdio`, and `Write`
 --> runtime/rx-host/src/dynamixel/process.rs:2:16
  |
2 | use std::{io::{Read,Write},process::{Command,Stdio},time::{Duration,Instant}};
  |                ^^^^ ^^^^^            ^^^^^^^ ^^^^^         ^^^^^^^^ ^^^^^^^
  |
  = note: `#[warn(unused_imports)]` (part of `#[warn(unused)]`) on by default

warning: unused import: `canonical`
 --> runtime/rx-host/src/dynamixel/mod.rs:5:17
  |
5 | use rx_domain::{canonical,intent::Intent,types::*};
  |                 ^^^^^^^^^

warning: unreachable pattern
   --> runtime/rx-host/src/service/factory.rs:119:13
    |
119 |             _ => Err("unsupported backend metadata".into()),
    |             ^ no value can reach this
    |
note: multiple earlier patterns match some of the same values
   --> runtime/rx-host/src/service/factory.rs:119:13
    |
 97 | ...   Backend::FileSimulation => Ok(None),
    |       ----------------------- matches some of the same values
 98 | ...   Backend::ValidatedDriver { .. } => Ok(Some(NativeInstallation::Dynamixel { identity: crate::dynamixel::initialize(&data.join(...
    |       ------------------------------- matches some of the same values
 99 | ...   Backend::JtcPackage { .. } => {
    |       -------------------------- matches some of the same values
...
108 | ...   Backend::MelsecPackage { .. } => {
    |       ----------------------------- matches some of the same values
...
119 | ...   _ => Err("unsupported backend metadata".into()),
    |       ^ collectively making this unreachable
    = note: `#[warn(unreachable_patterns)]` (part of `#[warn(unused)]`) on by default

warning: unreachable pattern
   --> runtime/rx-host/src/service/factory.rs:159:13
    |
159 |             _ => Err("unsupported backend".into()),
    |             ^ no value can reach this
    |
note: multiple earlier patterns match some of the same values
   --> runtime/rx-host/src/service/factory.rs:159:13
    |
124 | ...   Backend::JtcPackage { .. } => Err("JTC_CONTROL_PROVIDER_NOT_CONFIGURED: validated package cannot supply controller authority;...
    |       -------------------------- matches some of the same values
125 | ...   Backend::ValidatedDriver { .. } => {
    |       ------------------------------- matches some of the same values
...
131 | ...   Backend::FileSimulation => Ok(BuiltinAdapter::File(
    |       ----------------------- matches some of the same values
...
134 | ...   Backend::MelsecPackage { .. } => {
    |       ----------------------------- matches some of the same values
...
159 | ...   _ => Err("unsupported backend".into()),
    |       ^ collectively making this unreachable

warning: `rx-host` (lib) generated 4 warnings (run `cargo fix --lib -p rx-host` to apply 2 suggestions)
warning: `rx-host` (lib test) generated 4 warnings (4 duplicates)
    Finished `dev` profile [unoptimized] target(s) in 11.99s
