   Compiling proc-macro2 v1.0.107
   Compiling unicode-ident v1.0.24
   Compiling quote v1.0.47
   Compiling libc v0.2.189
    Checking cfg-if v1.0.4
    Checking itoa v1.0.18
   Compiling version_check v0.9.5
    Checking bytes v1.12.1
    Checking typenum v1.20.1
    Checking subtle v2.6.1
    Checking pin-project-lite v0.2.17
    Checking once_cell v1.21.4
   Compiling serde_core v1.0.229
   Compiling zmij v1.0.23
    Checking futures-core v0.3.34
   Compiling find-msvc-tools v0.1.12
   Compiling shlex v2.0.1
   Compiling generic-array v0.14.7
   Compiling cc v1.4.5
   Compiling getrandom v0.4.3
    Checking foldhash v0.2.0
    Checking hashbrown v0.17.1
   Compiling serde v1.0.229
    Checking smallvec v1.16.0
    Checking log v0.4.34
    Checking zeroize v1.9.0
   Compiling serde_json v1.0.151
    Checking http v1.5.0
    Checking tracing-core v0.1.36
   Compiling anyhow v1.0.104
    Checking memchr v2.8.3
    Checking errno v0.3.14
    Checking signal-hook-registry v1.4.8
    Checking mio v1.2.3
    Checking socket2 v0.6.5
    Checking ipnet v2.12.2
   Compiling syn v2.0.119
   Compiling syn v3.0.5
    Checking getrandom v0.2.17
    Checking equivalent v1.0.2
   Compiling either v1.18.0
    Checking slab v0.4.12
    Checking futures-sink v0.3.34
    Checking bitflags v2.13.2
    Checking indexmap v2.14.2
    Checking http-body v1.1.0
   Compiling itertools v0.14.0
    Checking crypto-common v0.1.7
   Compiling ring v0.17.14
    Checking block-buffer v0.10.4
    Checking percent-encoding v2.3.2
    Checking stable_deref_trait v1.2.1
    Checking digest v0.10.7
    Checking tower-service v0.3.3
    Checking futures-task v0.3.34
   Compiling rustix v1.1.4
   Compiling httparse v1.10.1
    Checking futures-util v0.3.34
    Checking atomic-waker v1.1.2
    Checking untrusted v0.9.0
    Checking fnv v1.0.7
    Checking try-lock v0.2.5
    Checking base64 v0.22.1
   Compiling thiserror v2.0.20
    Checking want v0.3.1
    Checking cpufeatures v0.2.17
    Checking rustls-pki-types v1.15.1
    Checking hybrid-array v0.4.15
    Checking futures-channel v0.3.34
   Compiling io-lifetimes v3.0.1
   Compiling io-lifetimes v2.0.4
    Checking ryu-js v0.2.2
    Checking httpdate v1.0.3
    Checking sha2 v0.10.9
    Checking uuid v1.26.1
    Checking form_urlencoded v1.2.2
    Checking sync_wrapper v1.0.2
   Compiling rustls v0.23.44
   Compiling pulldown-cmark v0.13.4
   Compiling prettyplease v0.2.37
   Compiling semver v1.0.28
   Compiling io-extras v0.19.0
    Checking tower-layer v0.3.3
   Compiling rustc_version v0.4.1
    Checking block-buffer v0.12.1
    Checking crypto-common v0.2.2
   Compiling foldhash v0.1.5
   Compiling unicase v2.9.0
   Compiling cap-primitives v4.0.3
   Compiling regex-syntax v0.8.11
   Compiling hashbrown v0.15.5
   Compiling synstructure v0.13.2
    Checking digest v0.11.3
   Compiling curve25519-dalek v5.0.0
    Checking fs-set-times v0.20.3
    Checking http-body-util v0.1.5
   Compiling cap-std v4.0.3
   Compiling regex-automata v0.4.18
    Checking ambient-authority v0.0.2
   Compiling fixedbitset v0.5.7
    Checking ryu v1.0.23
   Compiling tokio-macros v2.7.2
   Compiling serde_derive v1.0.229
   Compiling zerovec-derive v0.11.6
   Compiling thiserror-impl v2.0.20
   Compiling displaydoc v0.2.7
    Checking rustls-webpki v0.103.15
    Checking maybe-owned v0.3.4
   Compiling fastrand v2.5.0
   Compiling tracing-attributes v0.1.31
   Compiling zerofrom-derive v0.1.7
   Compiling yoke-derive v0.8.2
    Checking tokio v1.53.1
   Compiling prost-derive v0.14.4
   Compiling tempfile v3.27.0
   Compiling regex v1.13.1
    Checking tracing v0.1.44
    Checking zerofrom v0.1.8
   Compiling petgraph v0.8.3
   Compiling pulldown-cmark-to-cmark v22.0.1
   Compiling prost v0.14.4
    Checking cpufeatures v0.3.1
   Compiling multimap v0.10.1
    Checking yoke v0.8.3
    Checking mime v0.3.17
    Checking powerfmt v0.2.0
    Checking writeable v0.6.4
    Checking signature v3.0.0
    Checking deranged v0.5.8
    Checking litemap v0.8.3
   Compiling heck v0.5.0
    Checking time-core v0.1.9
    Checking num-conv v0.2.2
    Checking zerovec v0.11.8
   Compiling cap-fs-ext v4.0.3
    Checking zerotrie v0.2.5
   Compiling prost-types v0.14.4
    Checking ed25519 v3.0.0
    Checking axum-core v0.5.6
    Checking time v0.3.55
    Checking sha2 v0.11.0
    Checking tinystr v0.8.4
    Checking potential_utf v0.1.6
    Checking serde_jcs v0.2.0
    Checking serde_urlencoded v0.7.1
    Checking icu_locale_core v2.3.0
    Checking rx-domain v0.1.0 (/Users/ojaehong/RX_automation/rx_ws/rx-platform/crates/rx-domain)
   Compiling pin-project-internal v1.1.13
   Compiling prost-build v0.14.4
   Compiling tonic-build v0.14.6
    Checking tokio-util v0.7.19
    Checking tokio-rustls v0.26.5
    Checking serde_path_to_error v0.1.20
    Checking h2 v0.4.19
    Checking tower v0.5.3
   Compiling protoc-bin-vendored-linux-ppcle_64 v3.2.0
   Compiling protoc-bin-vendored-macos-x86_64 v3.2.0
   Compiling protoc-bin-vendored-linux-x86_32 v3.2.0
   Compiling protoc-bin-vendored-macos-aarch_64 v3.2.0
    Checking matchit v0.8.4
   Compiling icu_properties_data v2.3.0
   Compiling protoc-bin-vendored-linux-x86_64 v3.2.0
   Compiling protoc-bin-vendored-win32 v3.2.0
   Compiling protoc-bin-vendored-linux-s390_64 v3.2.0
   Compiling protoc-bin-vendored-linux-aarch_64 v3.2.0
    Checking utf8_iter v1.0.4
   Compiling icu_normalizer_data v2.3.0
   Compiling protoc-bin-vendored v3.2.0
    Checking icu_collections v2.3.0
    Checking pin-project v1.1.13
   Compiling tonic-prost-build v0.14.6
    Checking icu_provider v2.3.1
    Checking rx-ports v0.1.0 (/Users/ojaehong/RX_automation/rx_ws/rx-platform/crates/rx-ports)
    Checking tokio-stream v0.1.19
    Checking ed25519-dalek v3.0.0
   Compiling async-trait v0.1.92
   Compiling pkg-config v0.3.34
   Compiling vcpkg v0.2.15
    Checking rx-process-contract v0.1.0 (/Users/ojaehong/RX_automation/rx_ws/rx-platform/crates/rx-process-contract)
    Checking rx-package v0.1.0 (/Users/ojaehong/RX_automation/rx_ws/rx-platform/crates/rx-package)
    Checking icu_normalizer v2.3.0
    Checking icu_properties v2.3.0
    Checking rand_core v0.6.4
    Checking hashlink v0.12.2
    Checking base64ct v1.8.3
   Compiling libsqlite3-sys v0.38.2
    Checking fallible-iterator v0.3.0
    Checking fallible-streaming-iterator v0.1.9
    Checking password-hash v0.5.0
    Checking blake2 v0.10.6
    Checking base64 v0.23.1
    Checking yasna v0.6.0
    Checking prost-reflect v0.16.5
    Checking argon2 v0.5.3
    Checking pem v4.0.0
   Compiling rx-protocol v0.1.0 (/Users/ojaehong/RX_automation/rx_ws/rx-platform/crates/rx-protocol)
    Checking idna_adapter v1.2.2
    Checking rcgen v0.14.10
    Checking idna v1.1.0
    Checking url v2.5.8
    Checking rx-application v0.1.0 (/Users/ojaehong/RX_automation/rx_ws/rx-platform/crates/rx-application)
    Checking tower-http v0.6.11
    Checking hyper v1.11.1
    Checking hyper-util v0.1.20
    Checking rusqlite v0.40.2
    Checking hyper-timeout v0.5.2
    Checking axum v0.8.9
    Checking hyper-rustls v0.27.9
    Checking rx-storage v0.1.0 (/Users/ojaehong/RX_automation/rx_ws/rx-platform/crates/rx-storage)
    Checking reqwest v0.12.28
    Checking tonic v0.14.6
    Checking tonic-prost v0.14.6
    Checking rx-runtime v0.1.0 (/Users/ojaehong/RX_automation/rx_ws/rx-platform/crates/rx-runtime)
    Checking rx-protocol-adapter v0.1.0 (/Users/ojaehong/RX_automation/rx_ws/rx-platform/crates/rx-protocol-adapter)
    Checking rx-api v0.1.0 (/Users/ojaehong/RX_automation/rx_ws/rx-platform/crates/rx-api)
    Checking rx-host-client v0.1.0 (/Users/ojaehong/RX_automation/rx_ws/rx-platform/crates/rx-host-client)
    Checking rx-platformd v0.1.0 (/Users/ojaehong/RX_automation/rx_ws/rx-platform/crates/rx-platformd)
error[E0609]: no field `steps` on type `rx_domain::types::ArtifactRef`
   --> crates/rx-platformd/tests/support/delivery/finalize.rs:111:112
    |
111 | ...   "schema":"rx.delivery-limitations.v1","environment":"SIMULATION","native_backend":if configuration.steps[0].intent.target.as_...
    |                                                                                                          ^^^^^ unknown field
    |
    = note: available fields are: `sha256`, `schema_id`, `size_bytes`

For more information about this error, try `rustc --explain E0609`.
error: could not compile `rx-platformd` (test "delivery_fixture") due to 1 previous error
