   Compiling libc v0.2.189
   Compiling typenum v1.20.1
   Compiling proc-macro2 v1.0.107
   Compiling quote v1.0.47
   Compiling unicode-ident v1.0.26
   Compiling version_check v0.9.5
   Compiling cfg-if v1.0.5
   Compiling serde_core v1.0.229
   Compiling rustix v1.1.4
   Compiling bitflags v2.13.2
   Compiling linux-raw-sys v0.12.1
   Compiling getrandom v0.4.3
   Compiling zmij v1.0.23
   Compiling generic-array v0.14.7
   Compiling serde v1.0.229
   Compiling serde_json v1.0.151
   Compiling io-lifetimes v2.0.4
   Compiling hybrid-array v0.4.15
   Compiling thiserror v2.0.21
   Compiling io-lifetimes v3.0.1
   Compiling memchr v2.8.3
   Compiling syn v3.0.6
   Compiling crypto-common v0.1.7
   Compiling block-buffer v0.10.4
   Compiling itoa v1.0.18
   Compiling cpufeatures v0.2.17
   Compiling digest v0.10.7
   Compiling io-extras v0.19.0
   Compiling ryu-js v0.2.2
   Compiling semver v1.0.28
   Compiling once_cell v1.21.4
   Compiling sha2 v0.10.9
   Compiling rustc_version v0.4.1
   Compiling crypto-common v0.2.2
   Compiling block-buffer v0.12.1
   Compiling shlex v2.0.1
   Compiling find-msvc-tools v0.1.13
   Compiling cap-primitives v4.0.3
   Compiling vcpkg v0.2.15
   Compiling ipnet v2.12.2
   Compiling curve25519-dalek v5.0.0
   Compiling uuid v1.26.1
   Compiling digest v0.11.3
   Compiling cc v1.4.7
   Compiling pkg-config v0.3.34
   Compiling cap-std v4.0.3
   Compiling ambient-authority v0.0.2
   Compiling maybe-owned v0.3.4
   Compiling cpufeatures v0.3.1
   Compiling zeroize v1.9.0
   Compiling cap-fs-ext v4.0.3
   Compiling foldhash v0.2.0
   Compiling signature v3.0.0
   Compiling rustix-linux-procfs v0.1.1
   Compiling fs-set-times v0.20.3
   Compiling subtle v2.6.1
   Compiling ed25519 v3.0.0
   Compiling hashbrown v0.17.1
   Compiling sha2 v0.11.0
   Compiling fastrand v2.5.0
   Compiling errno v0.3.14
   Compiling fallible-iterator v0.3.0
   Compiling libsqlite3-sys v0.38.2
   Compiling tempfile v3.27.0
   Compiling hashlink v0.12.2
   Compiling ed25519-dalek v3.0.0
   Compiling smallvec v1.16.1
   Compiling fallible-streaming-iterator v0.1.9
   Compiling signal-hook-registry v1.4.8
   Compiling mio v1.2.3
   Compiling pin-project-lite v0.2.17
   Compiling serde_derive v1.0.229
   Compiling thiserror-impl v2.0.21
   Compiling tokio-macros v2.7.2
   Compiling tokio v1.53.1
   Compiling serde_jcs v0.2.0
   Compiling rx-domain v0.1.0 (/source/sdk/crates/rx-domain)
   Compiling rx-ports v0.1.0 (/source/sdk/crates/rx-ports)
   Compiling rx-package v0.1.0 (/source/sdk/crates/rx-package)
   Compiling rx-service-status v0.1.0 (/source/runtime/rx-service-status)
   Compiling rx-solution-catalog v0.1.0 (/source/runtime/rx-solution-catalog)
   Compiling rusqlite v0.40.2
   Compiling rx-storage v0.1.0 (/source/sdk/crates/rx-storage)
   Compiling rx-supervisor v0.1.0 (/source/runtime/rx-supervisor)
   Compiling g3-before-probe v0.0.0 (/probe)
warning: fields `dir`, `fault`, `component`, `program`, `plan`, and `installed` are never read
   --> src/fixture.rs:152:9
    |
151 | pub struct Fixture {
    |            ------- fields in this struct
152 |     pub dir: tempfile::TempDir,
    |         ^^^
153 |     pub managed: Option<Managed>,
154 |     pub fault: Rc<RefCell<Fault>>,
    |         ^^^^^
155 |     pub component: Id,
    |         ^^^^^^^^^
156 |     pub program: Program,
    |         ^^^^^^^
157 |     pub plan: Plan,
    |         ^^^^
158 |     pub installed: bool,
    |         ^^^^^^^^^
    |
    = note: `#[warn(dead_code)]` (part of `#[warn(unused)]`) on by default

warning: methods `counts`, `hook`, `observed_counts`, and `reopen` are never used
   --> src/fixture.rs:334:12
    |
161 | impl Fixture {
    | ------------ methods in this implementation
...
334 |     pub fn counts(&self, native: u64, profiles: u64) {
    |            ^^^^^^
...
342 |     pub fn hook(&self, operation: Id, hook: Hook) {
    |            ^^^^
...
348 |     pub fn observed_counts(&self) -> (u64, u64) {
    |            ^^^^^^^^^^^^^^^
...
359 |     pub fn reopen(&mut self) {
    |            ^^^^^^

warning: `g3-before-probe` (bin "g3-before-probe") generated 2 warnings
    Finished `dev` profile [unoptimized] target(s) in 19.08s
