#0 building with "desktop-linux" instance using docker driver

#1 [internal] load build definition from Dockerfile
#1 transferring dockerfile: 647B done
#1 DONE 0.0s

#2 [internal] load metadata for docker.io/library/rx-g5-solutions-runtime:latest
#2 DONE 0.0s

#3 [internal] load .dockerignore
#3 transferring context: 2B done
#3 DONE 0.0s

#4 [1/5] FROM docker.io/library/rx-g5-solutions-runtime:latest@sha256:4a1f371db678dd6ed04521b0eeafa48984c03bb982b67d5ae53c8c73e0ce9cd4
#4 resolve docker.io/library/rx-g5-solutions-runtime:latest@sha256:4a1f371db678dd6ed04521b0eeafa48984c03bb982b67d5ae53c8c73e0ce9cd4 done
#4 DONE 0.4s

#5 [internal] load build context
#5 transferring context: 123.26MB 0.7s done
#5 DONE 0.7s

#6 [2/5] COPY bin/ /opt/rx/bin/
#6 DONE 0.2s

#7 [3/5] COPY audit_native_install.py write_runtime_inventory.py /opt/rx/tools/
#7 DONE 0.0s

#8 [4/5] COPY DynamixelSDK-LICENSE /opt/rx/licenses/DynamixelSDK/LICENSE
#8 DONE 0.0s

#9 [5/5] RUN rm /opt/rx/manifests/release.json /opt/rx/manifests/revocations.json && . /opt/ros/jazzy/setup.sh && /opt/rx/bin/rx-hostd drivers dynamixel > /opt/rx/manifests/dynamixel-driver.json && python3 /opt/rx/tools/audit_native_install.py --catalog /opt/rx/catalogs/device-support.v1.json --output /opt/rx/manifests/native-install-audit.json && python3 /opt/rx/tools/write_runtime_inventory.py
#9 0.448 {"status": "PASS", "executables": 9}
#9 DONE 0.6s

#10 exporting to image
#10 exporting layers
#10 exporting layers 1.6s done
#10 exporting manifest sha256:e3db2e9b180d0e9b5fa164a934a027a0a8b8448738ec043fd06cba7e02cef05a done
#10 exporting config sha256:ca64e1186cfefdf732e03deebe2586221d1b9c92697971194a1ad5d868ceab0c done
#10 exporting attestation manifest sha256:1943f6a0a881ee04865a6967c2771a299cf86a83c56c3673e6104358bcf32c4a done
#10 exporting manifest list sha256:efe56e2100a3041b5fc7134771cc7bdb704f89145101952a51a03a698f418e30 done
#10 naming to docker.io/library/rx-g5-2-solutions-unsigned:latest done
#10 unpacking to docker.io/library/rx-g5-2-solutions-unsigned:latest
#10 unpacking to docker.io/library/rx-g5-2-solutions-unsigned:latest 0.2s done
#10 DONE 1.9s
