Traceback (most recent call last):
  File "/Users/ojaehong/RX_automation/rx_ws/rx-platform/tools/test_clients.py", line 240, in <module>
    if __name__=='__main__':main()
                            ~~~~^^
  File "/Users/ojaehong/RX_automation/rx_ws/rx-platform/tools/test_clients.py", line 234, in main
    exercise(d,materials,final,bundle,p,s,port,identity,a.release_evidence.resolve(),'independent',start_services=scenario.start_services,after_commissioning=scenario.after_commissioning,expected_backend="VALIDATED_DRIVER" if scenario.adapter else "FILE_SIMULATION")
    ~~~~~~~~^^^^^^^^^^^^^^^^^^^^^^^^^^^^^^^^^^^^^^^^^^^^^^^^^^^^^^^^^^^^^^^^^^^^^^^^^^^^^^^^^^^^^^^^^^^^^^^^^^^^^^^^^^^^^^^^^^^^^^^^^^^^^^^^^^^^^^^^^^^^^^^^^^^^^^^^^^^^^^^^^^^^^^^^^^^^^^^^^^^^^^^^^^^^^^^^^^^^^^^^^^^^^^^^^^^^^^^^^^^^^^^^^^^^^^^^^^^^^^^^^^^^^^^^^^^^^^
  File "/Users/ojaehong/RX_automation/rx_ws/rx-platform/tools/cell_delivery/installation.py", line 96, in exercise
    run_commissioning(context)
    ~~~~~~~~~~~~~~~~~^^^^^^^^^
  File "/Users/ojaehong/RX_automation/rx_ws/rx-platform/tools/cell_delivery/installation.py", line 123, in run_commissioning
    run(context)
    ~~~^^^^^^^^^
  File "/Users/ojaehong/RX_automation/rx_ws/rx-platform/tools/cell_delivery/workflow.py", line 101, in run
    c['after_commissioning'](c,active)
    ~~~~~~~~~~~~~~~~~~~~~~~~^^^^^^^^^^
  File "/Users/ojaehong/RX_automation/rx_ws/rx-platform/tools/test_clients.py", line 204, in after_commissioning
    self.session=self.negotiate();cross_receipt=self.peer.call(method,request);assert cross_receipt==receipt
                 ~~~~~~~~~~~~~~^^
  File "/Users/ojaehong/RX_automation/rx_ws/rx-platform/tools/test_clients.py", line 76, in negotiate
    session=peer.call('rx.contract.v1.SessionService/Open',hello)
  File "/Users/ojaehong/RX_automation/rx_ws/rx-platform/tools/test_clients.py", line 57, in call
    if ok:assert v['ok'],v
                 ~^^^^^^
AssertionError: {'code': 'UNAUTHENTICATED', 'detail': 'UNAUTHENTICATED', 'id': 1, 'ok': False}
