    Blocking waiting for file lock on package cache
    Blocking waiting for file lock on package cache
    Blocking waiting for file lock on package cache
    Checking tokio v1.53.1
    Checking rx-process v0.1.0 (/Users/ojaehong/RX_automation/rx_ws/rx-solutions/runtime/rx-process)
   Compiling rx-protocol v0.1.0 (/Users/ojaehong/RX_automation/rx_ws/rx-solutions/sdk/crates/rx-protocol)
   Compiling rx-host v0.1.0 (/Users/ojaehong/RX_automation/rx_ws/rx-solutions/runtime/rx-host)
    Checking rx-melsec-mc v0.1.0 (/Users/ojaehong/RX_automation/rx_ws/rx-solutions/drivers/rx-melsec-mc)
    Checking rx-solution-catalog v0.1.0 (/Users/ojaehong/RX_automation/rx_ws/rx-solutions/runtime/rx-solution-catalog)
    Checking rx-service-status v0.1.0 (/Users/ojaehong/RX_automation/rx_ws/rx-solutions/runtime/rx-service-status)
    Checking rx-process-package v0.1.0 (/Users/ojaehong/RX_automation/rx_ws/rx-solutions/runtime/rx-process-package)
    Checking tokio-util v0.7.19
    Checking tokio-stream v0.1.19
    Checking tokio-rustls v0.26.5
    Checking rx-supervisor v0.1.0 (/Users/ojaehong/RX_automation/rx_ws/rx-solutions/runtime/rx-supervisor)
    Checking h2 v0.4.19
    Checking tower v0.5.3
    Checking axum v0.8.9
    Checking hyper v1.11.1
    Checking hyper-util v0.1.20
    Checking hyper-timeout v0.5.2
    Checking tonic v0.14.6
    Checking tonic-prost v0.14.6
    Checking rx-executor v0.1.0 (/Users/ojaehong/RX_automation/rx_ws/rx-solutions/runtime/rx-executor)
    Checking rx-device-package v0.1.0 (/Users/ojaehong/RX_automation/rx_ws/rx-solutions/runtime/rx-device-package)
    Finished `dev` profile [unoptimized] target(s) in 25.64s
