[
  {
    "scene": "config-area",
    "argv": [
      "docker",
      "run",
      "--rm",
      "--network",
      "none",
      "--read-only",
      "--cap-drop",
      "ALL",
      "--security-opt",
      "no-new-privileges",
      "--tmpfs",
      "/tmp:rw",
      "-v",
      "/Users/ojaehong/RX_automation/rx_ws/.g4-evidence/rx-solutionsd:/daemon:ro",
      "-v",
      "/Users/ojaehong/RX_automation/rx_ws/.g4-evidence/after-injection-recovered/config-area:/case:ro",
      "-v",
      "/Users/ojaehong/RX_automation/rx_ws/.g4-evidence/after-injection-recovered/config-area/state:/var/lib/rx-solutions",
      "-v",
      "/Users/ojaehong/RX_automation/rx_ws/.g4-evidence/after-injection-recovered/config-area/mailbox:/exchange",
      "-v",
      "/Users/ojaehong/RX_automation/rx_ws/.g4-evidence/after-injection-recovered/config-area/control:/control",
      "-e",
      "RX_OPERATING_AREAS=/case/areas.json",
      "-e",
      "RX_OPERATING_AREA_KEY=1111111111111111111111111111111111111111111111111111111111111111",
      "--entrypoint",
      "/daemon",
      "rx-solutions:g2-authenticated",
      "inspect",
      "/case/config.json"
    ],
    "exit_code": 1,
    "result": "REFUSED"
  },
  {
    "scene": "config-key",
    "argv": [
      "docker",
      "run",
      "--rm",
      "--network",
      "none",
      "--read-only",
      "--cap-drop",
      "ALL",
      "--security-opt",
      "no-new-privileges",
      "--tmpfs",
      "/tmp:rw",
      "-v",
      "/Users/ojaehong/RX_automation/rx_ws/.g4-evidence/rx-solutionsd:/daemon:ro",
      "-v",
      "/Users/ojaehong/RX_automation/rx_ws/.g4-evidence/after-injection-recovered/config-key:/case:ro",
      "-v",
      "/Users/ojaehong/RX_automation/rx_ws/.g4-evidence/after-injection-recovered/config-key/state:/var/lib/rx-solutions",
      "-v",
      "/Users/ojaehong/RX_automation/rx_ws/.g4-evidence/after-injection-recovered/config-key/mailbox:/exchange",
      "-v",
      "/Users/ojaehong/RX_automation/rx_ws/.g4-evidence/after-injection-recovered/config-key/control:/control",
      "-e",
      "RX_OPERATING_AREAS=/case/areas.json",
      "-e",
      "RX_OPERATING_AREA_KEY=1111111111111111111111111111111111111111111111111111111111111111",
      "--entrypoint",
      "/daemon",
      "rx-solutions:g2-authenticated",
      "inspect",
      "/case/config.json"
    ],
    "exit_code": 1,
    "result": "REFUSED"
  },
  {
    "scene": "file-env-area",
    "argv": [
      "docker",
      "run",
      "--rm",
      "--network",
      "none",
      "--read-only",
      "--cap-drop",
      "ALL",
      "--security-opt",
      "no-new-privileges",
      "--tmpfs",
      "/tmp:rw",
      "-v",
      "/Users/ojaehong/RX_automation/rx_ws/.g4-evidence/rx-solutionsd:/daemon:ro",
      "-v",
      "/Users/ojaehong/RX_automation/rx_ws/.g4-evidence/after-injection-recovered/file-env-area:/case:ro",
      "-v",
      "/Users/ojaehong/RX_automation/rx_ws/.g4-evidence/after-injection-recovered/file-env-area/state:/var/lib/rx-solutions",
      "-v",
      "/Users/ojaehong/RX_automation/rx_ws/.g4-evidence/after-injection-recovered/file-env-area/mailbox:/exchange",
      "-v",
      "/Users/ojaehong/RX_automation/rx_ws/.g4-evidence/after-injection-recovered/file-env-area/control:/control",
      "-e",
      "RX_OPERATING_AREAS=/case/areas.json",
      "-e",
      "RX_OPERATING_AREA_KEY=1111111111111111111111111111111111111111111111111111111111111111",
      "-v",
      "/Users/ojaehong/RX_automation/rx_ws/rx-solutions/tools/operating_area_observer.py:/observer.py:ro",
      "--entrypoint",
      "/usr/bin/python3",
      "rx-solutions:g2-authenticated",
      "/observer.py",
      "/daemon",
      "issuer-scope"
    ],
    "exit_code": 0,
    "result": "REFUSED"
  }
]
