#0 building with "desktop-linux" instance using docker driver

#1 [internal] load build definition from Dockerfile
#1 transferring dockerfile: 219B done
#1 DONE 0.0s

#2 [internal] load metadata for docker.io/library/rust:1.98.1-slim-bookworm@sha256:ff521445a372125ed4f76e1453a1f8098f2d05332d1601d30db1c1f62757e730
#2 DONE 0.0s

#3 [internal] load .dockerignore
#3 transferring context: 2B done
#3 DONE 0.0s

#4 [1/1] FROM docker.io/library/rust:1.98.1-slim-bookworm@sha256:ff521445a372125ed4f76e1453a1f8098f2d05332d1601d30db1c1f62757e730
#4 resolve docker.io/library/rust:1.98.1-slim-bookworm@sha256:ff521445a372125ed4f76e1453a1f8098f2d05332d1601d30db1c1f62757e730 done
#4 DONE 0.0s

#5 exporting to image
#5 exporting layers done
#5 exporting manifest sha256:14e79d956ac7b2fd4f30ca18e24fa489d932b02715d8a5b4047c5e178d3b7b11 done
#5 exporting config sha256:ddfccf85e3e69e70fdbbaed544a8b8edd00ac999450ea1dbe1316993ed0b3050 done
#5 exporting attestation manifest sha256:1bfe6528ebcd1d4af453b3fa966670069dec7b1eb26e734ca84113319344b420 done
#5 exporting manifest list sha256:42a4ede83f51be9276dd11e9d4eb7c2082fae2daf9a85e7508e50643bd81bfb6 done
#5 naming to docker.io/library/rx-g4-compact-builder:latest done
#5 unpacking to docker.io/library/rx-g4-compact-builder:latest done
#5 DONE 0.0s
