   Compiling unicode-ident v1.0.26
   Compiling proc-macro2 v1.0.107
   Compiling quote v1.0.47
   Compiling syn v3.0.6
   Compiling cfg-if v1.0.5
   Compiling getrandom v0.4.3
   Compiling serde_derive v1.0.229
   Compiling thiserror v2.0.21
   Compiling serde v1.0.229
   Compiling thiserror-impl v2.0.21
   Compiling serde_jcs v0.2.0
   Compiling sha2 v0.10.9
   Compiling uuid v1.26.1
   Compiling find-msvc-tools v0.1.13
   Compiling cc v1.4.7
   Compiling rx-domain v0.1.0 (/source/sdk/crates/rx-domain)
   Compiling libsqlite3-sys v0.38.2
   Compiling rx-ports v0.1.0 (/source/sdk/crates/rx-ports)
   Compiling curve25519-dalek v5.0.0
   Compiling sha2 v0.11.0
   Compiling tempfile v3.27.0
   Compiling ed25519-dalek v3.0.0
   Compiling smallvec v1.16.1
   Compiling rusqlite v0.40.2
   Compiling rx-package v0.1.0 (/source/sdk/crates/rx-package)
   Compiling tokio-macros v2.7.2
   Compiling tokio v1.53.1
   Compiling rx-solution-catalog v0.1.0 (/source/runtime/rx-solution-catalog)
   Compiling rx-storage v0.1.0 (/source/sdk/crates/rx-storage)
   Compiling rx-service-status v0.1.0 (/source/runtime/rx-service-status)
   Compiling rx-supervisor v0.1.0 (/source/runtime/rx-supervisor)
   Compiling g3-before-probe v0.0.0 (/evidence/host-refusal-probe)
warning: fields `dir`, `fault`, `component`, `program`, `plan`, and `installed` are never read
   --> src/fixture.rs:152:9
    |
151 | pub struct Fixture {
    |            ------- fields in this struct
152 |     pub dir: tempfile::TempDir,
    |         ^^^
153 |     pub managed: Option<Managed>,
154 |     pub fault: Rc<RefCell<Fault>>,
    |         ^^^^^
155 |     pub component: Id,
    |         ^^^^^^^^^
156 |     pub program: Program,
    |         ^^^^^^^
157 |     pub plan: Plan,
    |         ^^^^
158 |     pub installed: bool,
    |         ^^^^^^^^^
    |
    = note: `#[warn(dead_code)]` (part of `#[warn(unused)]`) on by default

warning: methods `counts`, `hook`, `observed_counts`, and `reopen` are never used
   --> src/fixture.rs:334:12
    |
161 | impl Fixture {
    | ------------ methods in this implementation
...
334 |     pub fn counts(&self, native: u64, profiles: u64) {
    |            ^^^^^^
...
342 |     pub fn hook(&self, operation: Id, hook: Hook) {
    |            ^^^^
...
348 |     pub fn observed_counts(&self) -> (u64, u64) {
    |            ^^^^^^^^^^^^^^^
...
359 |     pub fn reopen(&mut self) {
    |            ^^^^^^

warning: `g3-before-probe` (bin "g3-before-probe") generated 2 warnings
    Finished `dev` profile [unoptimized + debuginfo] target(s) in 39.79s
