info: syncing channel updates for 1.98.1-aarch64-unknown-linux-gnu
info: latest update on 2026-09-03 for version 1.98.1 (48a229cea 2026-09-01)
info: downloading 2 components
   Compiling typenum v1.20.1
   Compiling libc v0.2.189
   Compiling proc-macro2 v1.0.107
   Compiling quote v1.0.47
   Compiling unicode-ident v1.0.26
   Compiling cfg-if v1.0.5
   Compiling version_check v0.9.5
   Compiling serde_core v1.0.229
   Compiling generic-array v0.14.7
   Compiling bitflags v2.13.2
   Compiling rustix v1.1.5
   Compiling syn v3.0.6
   Compiling linux-raw-sys v0.12.1
   Compiling zmij v1.0.23
   Compiling getrandom v0.4.3
   Compiling hybrid-array v0.4.15
   Compiling serde v1.0.229
   Compiling io-lifetimes v3.0.1
   Compiling io-lifetimes v2.0.4
   Compiling serde_json v1.0.151
   Compiling crypto-common v0.1.7
   Compiling block-buffer v0.10.4
   Compiling serde_derive v1.0.229
   Compiling find-msvc-tools v0.1.13
   Compiling memchr v2.8.3
   Compiling io-extras v0.19.0
   Compiling semver v1.0.28
   Compiling itoa v1.0.18
   Compiling shlex v2.0.1
   Compiling once_cell v1.21.4
   Compiling thiserror v2.0.21
   Compiling cc v1.4.7
   Compiling rustc_version v0.4.1
   Compiling digest v0.10.7
   Compiling block-buffer v0.12.1
   Compiling crypto-common v0.2.2
   Compiling thiserror-impl v2.0.21
   Compiling cpufeatures v0.2.17
   Compiling cap-primitives v4.0.3
   Compiling pkg-config v0.3.34
   Compiling vcpkg v0.2.15
   Compiling ryu-js v0.2.2
   Compiling serde_jcs v0.2.0
   Compiling libsqlite3-sys v0.38.2
   Compiling sha2 v0.10.9
   Compiling digest v0.11.3
   Compiling fs-set-times v0.20.3
   Compiling curve25519-dalek v5.0.0
   Compiling rustix-linux-procfs v0.1.1
   Compiling uuid v1.26.1
   Compiling foldhash v0.2.0
   Compiling maybe-owned v0.3.4
   Compiling ipnet v2.12.2
   Compiling cap-std v4.0.3
   Compiling ambient-authority v0.0.2
   Compiling hashbrown v0.17.1
   Compiling rx-domain v0.1.0 (/platform/crates/rx-domain)
   Compiling cpufeatures v0.3.1
   Compiling cap-fs-ext v4.0.3
   Compiling subtle v2.6.1
   Compiling zeroize v1.9.0
   Compiling signature v3.0.0
   Compiling ed25519 v3.0.0
   Compiling sha2 v0.11.0
   Compiling rx-ports v0.1.0 (/platform/crates/rx-ports)
   Compiling hashlink v0.12.2
   Compiling fastrand v2.5.0
   Compiling fallible-streaming-iterator v0.1.9
   Compiling smallvec v1.16.1
   Compiling fallible-iterator v0.3.0
   Compiling rusqlite v0.40.2
   Compiling tempfile v3.27.0
   Compiling ed25519-dalek v3.0.0
   Compiling rx-package v0.1.0 (/platform/crates/rx-package)
   Compiling rx-storage v0.1.0 (/platform/crates/rx-storage)
   Compiling rx-operating-area-judge v0.0.0 (/platform/tools/operating_area_judge)
    Finished `dev` profile [unoptimized + debuginfo] target(s) in 1m 10s
