   Compiling libc v0.2.189
    Checking typenum v1.20.1
   Compiling proc-macro2 v1.0.107
   Compiling unicode-ident v1.0.26
   Compiling quote v1.0.47
   Compiling version_check v0.9.5
    Checking cfg-if v1.0.5
   Compiling serde_core v1.0.229
   Compiling rustix v1.1.5
    Checking bitflags v2.13.2
   Compiling zmij v1.0.23
   Compiling getrandom v0.4.3
   Compiling serde v1.0.229
   Compiling generic-array v0.14.7
   Compiling io-lifetimes v3.0.1
    Checking hybrid-array v0.4.15
   Compiling io-lifetimes v2.0.4
   Compiling serde_json v1.0.151
   Compiling io-extras v0.19.0
   Compiling semver v1.0.28
   Compiling shlex v2.0.1
   Compiling thiserror v2.0.21
   Compiling find-msvc-tools v0.1.13
    Checking memchr v2.8.3
    Checking itoa v1.0.18
   Compiling rustc_version v0.4.1
   Compiling cc v1.4.7
    Checking errno v0.3.14
    Checking crypto-common v0.1.7
    Checking block-buffer v0.10.4
    Checking digest v0.10.7
    Checking cpufeatures v0.2.17
   Compiling syn v3.0.6
    Checking block-buffer v0.12.1
    Checking crypto-common v0.2.2
    Checking ryu-js v0.2.2
   Compiling cap-primitives v4.0.3
   Compiling vcpkg v0.2.15
   Compiling pkg-config v0.3.34
    Checking sha2 v0.10.9
   Compiling curve25519-dalek v5.0.0
    Checking maybe-owned v0.3.4
    Checking ipnet v2.12.2
    Checking ambient-authority v0.0.2
   Compiling cap-std v4.0.3
    Checking foldhash v0.2.0
    Checking hashbrown v0.17.1
    Checking cpufeatures v0.3.1
    Checking zeroize v1.9.0
    Checking subtle v2.6.1
   Compiling cap-fs-ext v4.0.3
    Checking digest v0.11.3
    Checking signature v3.0.0
    Checking fastrand v2.5.0
    Checking ed25519 v3.0.0
    Checking sha2 v0.11.0
    Checking smallvec v1.16.1
    Checking fallible-iterator v0.3.0
    Checking once_cell v1.21.4
    Checking uuid v1.26.1
    Checking hashlink v0.12.2
    Checking fallible-streaming-iterator v0.1.9
   Compiling libsqlite3-sys v0.38.2
    Checking fs-set-times v0.20.3
    Checking tempfile v3.27.0
    Checking ed25519-dalek v3.0.0
   Compiling serde_derive v1.0.229
   Compiling thiserror-impl v2.0.21
    Checking serde_jcs v0.2.0
    Checking rx-domain v0.1.0 (/Users/ojaehong/RX_automation/rx_ws/rx-platform/crates/rx-domain)
    Checking rusqlite v0.40.2
    Checking rx-ports v0.1.0 (/Users/ojaehong/RX_automation/rx_ws/rx-platform/crates/rx-ports)
    Checking rx-storage v0.1.0 (/Users/ojaehong/RX_automation/rx_ws/rx-platform/crates/rx-storage)
    Checking rx-package v0.1.0 (/Users/ojaehong/RX_automation/rx_ws/rx-platform/crates/rx-package)
    Checking rx-operating-area-judge v0.0.0 (/Users/ojaehong/RX_automation/rx_ws/rx-platform/tools/operating_area_judge)
    Finished `dev` profile [unoptimized] target(s) in 8.95s
