    Checking cfg-if v1.0.4
    Checking itoa v1.0.18
    Checking typenum v1.20.1
    Checking subtle v2.6.1
    Checking libc v0.2.189
    Checking serde_core v1.0.229
    Checking memchr v2.8.3
    Checking zmij v1.0.23
    Checking once_cell v1.21.4
    Checking foldhash v0.2.0
    Checking smallvec v1.16.0
    Checking hashbrown v0.17.1
    Checking ryu-js v0.2.2
    Checking thiserror v2.0.20
    Checking bytes v1.12.1
    Checking zeroize v1.9.0
    Checking pin-project-lite v0.2.17
    Checking ipnet v2.12.2
    Checking bitflags v2.13.2
    Checking futures-core v0.3.34
    Checking log v0.4.34
    Checking tracing-core v0.1.36
    Checking base64 v0.22.1
    Checking equivalent v1.0.2
    Checking slab v0.4.12
    Checking futures-sink v0.3.34
    Checking percent-encoding v2.3.2
    Checking errno v0.3.14
    Checking getrandom v0.4.3
    Checking cpufeatures v0.2.17
    Checking socket2 v0.6.5
    Checking mio v1.2.3
    Checking http v1.5.0
    Checking signal-hook-registry v1.4.8
    Checking rustix v1.1.4
    Checking getrandom v0.2.17
    Checking indexmap v2.14.2
    Checking tracing v0.1.44
    Checking io-lifetimes v2.0.4
    Checking io-lifetimes v3.0.1
    Checking fastrand v2.5.0
    Checking tower-service v0.3.3
    Checking futures-task v0.3.34
    Checking io-extras v0.19.0
    Checking generic-array v0.14.7
    Checking hybrid-array v0.4.15
    Checking tokio v1.53.1
    Checking futures-util v0.3.34
    Checking atomic-waker v1.1.2
    Checking fnv v1.0.7
    Checking ambient-authority v0.0.2
    Checking try-lock v0.2.5
    Checking untrusted v0.9.0
    Checking maybe-owned v0.3.4
    Checking ring v0.17.14
    Checking want v0.3.1
    Checking http-body v1.1.0
    Checking httparse v1.10.1
    Checking cpufeatures v0.3.1
    Checking futures-channel v0.3.34
    Checking rustls-pki-types v1.15.1
    Checking block-buffer v0.10.4
    Checking crypto-common v0.1.7
    Checking block-buffer v0.12.1
    Checking crypto-common v0.2.2
    Checking signature v3.0.0
    Checking digest v0.10.7
    Checking httpdate v1.0.3
    Checking ed25519 v3.0.0
    Checking form_urlencoded v1.2.2
    Checking sha2 v0.10.9
    Checking sync_wrapper v1.0.2
    Checking tower-layer v0.3.3
    Checking http-body-util v0.1.5
    Checking ryu v1.0.23
    Checking libsqlite3-sys v0.38.2
    Checking hashlink v0.12.2
    Checking time-core v0.1.9
    Checking fallible-streaming-iterator v0.1.9
    Checking mime v0.3.17
    Checking serde v1.0.229
    Checking serde_json v1.0.151
    Checking uuid v1.26.1
    Checking semver v1.0.28
    Checking fallible-iterator v0.3.0
    Checking digest v0.11.3
    Checking tempfile v3.27.0
    Checking fs-set-times v0.20.3
    Checking cap-primitives v4.0.3
    Checking curve25519-dalek v5.0.0
    Checking sha2 v0.11.0
    Checking num-conv v0.2.2
    Checking powerfmt v0.2.0
    Checking rustls-webpki v0.103.15
    Checking serde_urlencoded v0.7.1
    Checking deranged v0.5.8
    Checking rusqlite v0.40.2
    Checking axum-core v0.5.6
    Checking serde_path_to_error v0.1.20
    Checking cap-std v4.0.3
    Checking rustls v0.23.44
    Checking prost v0.14.4
    Checking cap-fs-ext v4.0.3
    Checking matchit v0.8.4
    Checking serde_jcs v0.2.0
    Checking ed25519-dalek v3.0.0
    Checking pin-project v1.1.13
    Checking rx-domain v0.1.0 (/Users/ojaehong/RX_automation/rx_ws/rx-platform/crates/rx-domain)
    Checking zerofrom v0.1.8
   Compiling rx-protocol v0.1.0 (/Users/ojaehong/RX_automation/rx_ws/rx-platform/crates/rx-protocol)
    Checking stable_deref_trait v1.2.1
    Checking prost-types v0.14.4
    Checking litemap v0.8.3
    Checking yoke v0.8.3
    Checking writeable v0.6.4
    Checking utf8_iter v1.0.4
    Checking zerovec v0.11.8
    Checking zerotrie v0.2.5
    Checking rand_core v0.6.4
    Checking time v0.3.55
    Checking base64ct v1.8.3
    Checking icu_properties_data v2.3.0
    Checking password-hash v0.5.0
    Checking icu_normalizer_data v2.3.0
    Checking blake2 v0.10.6
    Checking tinystr v0.8.4
    Checking potential_utf v0.1.6
    Checking icu_collections v2.3.0
    Checking base64 v0.23.1
    Checking icu_locale_core v2.3.0
    Checking argon2 v0.5.3
    Checking prost-reflect v0.16.5
    Checking pem v4.0.0
    Checking aho-corasick v1.1.5
    Checking regex-syntax v0.8.11
    Checking rx-ports v0.1.0 (/Users/ojaehong/RX_automation/rx_ws/rx-platform/crates/rx-ports)
    Checking tokio-util v0.7.19
    Checking rx-package v0.1.0 (/Users/ojaehong/RX_automation/rx_ws/rx-platform/crates/rx-package)
    Checking tokio-stream v0.1.19
    Checking rx-process-contract v0.1.0 (/Users/ojaehong/RX_automation/rx_ws/rx-platform/crates/rx-process-contract)
    Checking rx-storage v0.1.0 (/Users/ojaehong/RX_automation/rx_ws/rx-platform/crates/rx-storage)
    Checking h2 v0.4.19
    Checking tower v0.5.3
    Checking icu_provider v2.3.1
    Checking yasna v0.6.0
    Checking tokio-rustls v0.26.5
    Checking icu_normalizer v2.3.0
    Checking icu_properties v2.3.0
    Checking rcgen v0.14.10
    Checking regex-automata v0.4.18
    Checking idna_adapter v1.2.2
    Checking idna v1.1.0
    Checking url v2.5.8
    Checking rx-application v0.1.0 (/Users/ojaehong/RX_automation/rx_ws/rx-platform/crates/rx-application)
    Checking tower-http v0.6.11
    Checking regex v1.13.1
    Checking hyper v1.11.1
    Checking hyper-util v0.1.20
    Checking hyper-timeout v0.5.2
    Checking axum v0.8.9
    Checking hyper-rustls v0.27.9
    Checking reqwest v0.12.28
    Checking tonic v0.14.6
    Checking tonic-prost v0.14.6
    Checking rx-runtime v0.1.0 (/Users/ojaehong/RX_automation/rx_ws/rx-platform/crates/rx-runtime)
    Checking rx-protocol-adapter v0.1.0 (/Users/ojaehong/RX_automation/rx_ws/rx-platform/crates/rx-protocol-adapter)
    Checking rx-api v0.1.0 (/Users/ojaehong/RX_automation/rx_ws/rx-platform/crates/rx-api)
    Checking rx-host-client v0.1.0 (/Users/ojaehong/RX_automation/rx_ws/rx-platform/crates/rx-host-client)
    Checking rx-platformd v0.1.0 (/Users/ojaehong/RX_automation/rx_ws/rx-platform/crates/rx-platformd)
    Finished `dev` profile [unoptimized] target(s) in 23.76s
