    Checking itoa v1.0.18
    Checking cfg-if v1.0.4
    Checking typenum v1.20.1
    Checking libc v0.2.189
    Checking serde_core v1.0.229
    Checking once_cell v1.21.4
    Checking memchr v2.8.3
    Checking zmij v1.0.23
    Checking thiserror v2.0.20
    Checking bitflags v2.13.2
    Checking zeroize v1.9.0
    Checking ryu-js v0.2.2
    Checking subtle v2.6.1
    Checking io-lifetimes v3.0.1
    Checking io-lifetimes v2.0.4
    Checking bytes v1.12.1
    Checking ipnet v2.12.2
    Checking maybe-owned v0.3.4
    Checking io-extras v0.19.0
    Checking ambient-authority v0.0.2
    Checking signature v3.0.0
    Checking fastrand v2.5.0
    Checking pin-project-lite v0.2.17
    Checking ed25519 v3.0.0
    Checking foldhash v0.2.0
    Checking smallvec v1.16.0
    Checking libsqlite3-sys v0.38.2
    Checking fallible-iterator v0.3.0
    Checking fallible-streaming-iterator v0.1.9
    Checking futures-core v0.3.34
    Checking hashbrown v0.17.1
    Checking tracing-core v0.1.36
    Checking futures-sink v0.3.34
    Checking slab v0.4.12
    Checking equivalent v1.0.2
    Checking futures-task v0.3.34
    Checking errno v0.3.14
    Checking getrandom v0.4.3
    Checking cpufeatures v0.2.17
    Checking cpufeatures v0.3.1
    Checking mio v1.2.3
    Checking rustix v1.1.4
    Checking signal-hook-registry v1.4.8
    Checking socket2 v0.6.5
    Checking http v1.5.0
    Checking getrandom v0.2.17
    Checking tracing v0.1.44
    Checking untrusted v0.9.0
    Checking tower-service v0.3.3
    Checking ring v0.17.14
    Checking futures-util v0.3.34
    Checking rustls-pki-types v1.15.1
    Checking fnv v1.0.7
    Checking generic-array v0.14.7
    Checking hybrid-array v0.4.15
    Checking tokio v1.53.1
    Checking hashlink v0.12.2
    Checking indexmap v2.14.2
    Checking rusqlite v0.40.2
    Checking http-body v1.1.0
    Checking atomic-waker v1.1.2
    Checking crypto-common v0.1.7
    Checking block-buffer v0.10.4
    Checking try-lock v0.2.5
    Checking digest v0.10.7
    Checking block-buffer v0.12.1
    Checking crypto-common v0.2.2
    Checking want v0.3.1
    Checking sha2 v0.10.9
    Checking httparse v1.10.1
    Checking futures-channel v0.3.34
    Checking tower-layer v0.3.3
    Checking sync_wrapper v1.0.2
    Checking serde v1.0.229
    Checking serde_json v1.0.151
    Checking uuid v1.26.1
    Checking semver v1.0.28
    Checking httpdate v1.0.3
    Checking rustls-webpki v0.103.15
    Checking http-body-util v0.1.5
    Checking log v0.4.34
    Checking digest v0.11.3
    Checking mime v0.3.17
    Checking prost v0.14.4
    Checking matchit v0.8.4
    Checking curve25519-dalek v5.0.0
    Checking sha2 v0.11.0
    Checking fs-set-times v0.20.3
    Checking tempfile v3.27.0
    Checking rustls v0.23.44
    Checking axum-core v0.5.6
    Checking percent-encoding v2.3.2
    Checking cap-primitives v4.0.3
    Checking pin-project v1.1.13
    Checking base64 v0.22.1
    Checking prost-types v0.14.4
    Checking rx-melsec-mc v0.1.0 (/Users/ojaehong/RX_automation/rx_ws/rx-solutions/drivers/rx-melsec-mc)
   Compiling rx-host v0.1.0 (/Users/ojaehong/RX_automation/rx_ws/rx-solutions/runtime/rx-host)
    Checking cap-std v4.0.3
    Checking deranged v0.5.8
    Checking serde_jcs v0.2.0
    Checking time-core v0.1.9
    Checking ed25519-dalek v3.0.0
    Checking rx-domain v0.1.0 (/Users/ojaehong/RX_automation/rx_ws/rx-solutions/sdk/crates/rx-domain)
    Checking cap-fs-ext v4.0.3
    Checking powerfmt v0.2.0
    Checking num-conv v0.2.2
    Checking base64 v0.23.1
    Checking pem v4.0.0
    Checking prost-reflect v0.16.5
    Checking time v0.3.55
    Checking rx-ports v0.1.0 (/Users/ojaehong/RX_automation/rx_ws/rx-solutions/sdk/crates/rx-ports)
    Checking rx-process-contract v0.1.0 (/Users/ojaehong/RX_automation/rx_ws/rx-solutions/sdk/crates/rx-process-contract)
    Checking yasna v0.6.0
    Checking rx-package v0.1.0 (/Users/ojaehong/RX_automation/rx_ws/rx-solutions/sdk/crates/rx-package)
    Checking rx-service-status v0.1.0 (/Users/ojaehong/RX_automation/rx_ws/rx-solutions/runtime/rx-service-status)
    Checking rx-storage v0.1.0 (/Users/ojaehong/RX_automation/rx_ws/rx-solutions/sdk/crates/rx-storage)
    Checking tokio-util v0.7.19
    Checking tokio-stream v0.1.19
    Checking rcgen v0.14.10
    Checking tokio-rustls v0.26.5
    Checking h2 v0.4.19
    Checking tower v0.5.3
    Checking rx-solution-catalog v0.1.0 (/Users/ojaehong/RX_automation/rx_ws/rx-solutions/runtime/rx-solution-catalog)
    Checking rx-supervisor v0.1.0 (/Users/ojaehong/RX_automation/rx_ws/rx-solutions/runtime/rx-supervisor)
    Checking axum v0.8.9
    Checking rx-process v0.1.0 (/Users/ojaehong/RX_automation/rx_ws/rx-solutions/runtime/rx-process)
    Checking rx-process-package v0.1.0 (/Users/ojaehong/RX_automation/rx_ws/rx-solutions/runtime/rx-process-package)
    Checking hyper v1.11.1
    Checking hyper-util v0.1.20
    Checking hyper-timeout v0.5.2
    Checking tonic v0.14.6
    Checking tonic-prost v0.14.6
    Checking rx-protocol v0.1.0 (/Users/ojaehong/RX_automation/rx_ws/rx-solutions/sdk/crates/rx-protocol)
    Checking rx-executor v0.1.0 (/Users/ojaehong/RX_automation/rx_ws/rx-solutions/runtime/rx-executor)
    Checking rx-device-package v0.1.0 (/Users/ojaehong/RX_automation/rx_ws/rx-solutions/runtime/rx-device-package)
    Finished `dev` profile [unoptimized] target(s) in 15.00s
