   Compiling libc v0.2.189
    Checking typenum v1.20.1
   Compiling proc-macro2 v1.0.107
   Compiling quote v1.0.47
   Compiling unicode-ident v1.0.24
   Compiling serde_core v1.0.229
   Compiling version_check v0.9.5
    Checking cfg-if v1.0.4
   Compiling rustix v1.1.4
   Compiling io-lifetimes v3.0.1
    Checking bitflags v2.13.2
   Compiling zmij v1.0.23
   Compiling getrandom v0.4.3
   Compiling generic-array v0.14.7
    Checking hybrid-array v0.4.15
   Compiling io-lifetimes v2.0.4
   Compiling semver v1.0.28
   Compiling serde_json v1.0.151
   Compiling serde v1.0.229
   Compiling io-extras v0.19.0
   Compiling rustc_version v0.4.1
    Checking crypto-common v0.2.2
    Checking block-buffer v0.12.1
    Checking itoa v1.0.18
    Checking errno v0.3.14
    Checking block-buffer v0.10.4
    Checking crypto-common v0.1.7
   Compiling cap-primitives v4.0.3
    Checking memchr v2.8.3
   Compiling thiserror v2.0.20
    Checking digest v0.10.7
   Compiling syn v3.0.5
    Checking cpufeatures v0.2.17
   Compiling curve25519-dalek v5.0.0
    Checking digest v0.11.3
    Checking ipnet v2.12.2
   Compiling cap-std v4.0.3
    Checking maybe-owned v0.3.4
    Checking ambient-authority v0.0.2
    Checking ryu-js v0.2.2
    Checking sha2 v0.10.9
    Checking cpufeatures v0.3.1
    Checking subtle v2.6.1
    Checking signature v3.0.0
    Checking zeroize v1.9.0
   Compiling cap-fs-ext v4.0.3
    Checking ed25519 v3.0.0
    Checking sha2 v0.11.0
    Checking once_cell v1.21.4
    Checking fastrand v2.5.0
    Checking uuid v1.26.1
    Checking fs-set-times v0.20.3
    Checking tempfile v3.27.0
    Checking ed25519-dalek v3.0.0
   Compiling serde_derive v1.0.229
   Compiling thiserror-impl v2.0.20
    Checking serde_jcs v0.2.0
    Checking rx-domain v0.1.0 (/Users/ojaehong/RX_automation/rx_ws/rx-platform/crates/rx-domain)
    Checking rx-ports v0.1.0 (/Users/ojaehong/RX_automation/rx_ws/rx-platform/crates/rx-ports)
    Checking rx-package v0.1.0 (/Users/ojaehong/RX_automation/rx_ws/rx-platform/crates/rx-package)
    Finished `dev` profile [unoptimized + debuginfo] target(s) in 4.71s
