    Checking memchr v2.8.3
    Checking libc v0.2.189
    Checking serde_core v1.0.229
    Checking once_cell v1.21.4
    Checking foldhash v0.2.0
    Checking digest v0.10.7
    Checking bytes v1.12.1
    Checking smallvec v1.16.0
    Checking thiserror v2.0.20
    Checking pin-project-lite v0.2.17
    Checking zeroize v1.9.0
    Checking futures-core v0.3.34
    Checking hashbrown v0.17.1
    Checking log v0.4.34
    Checking tracing-core v0.1.36
    Checking base64 v0.22.1
    Checking futures-sink v0.3.34
    Checking equivalent v1.0.2
    Checking slab v0.4.12
    Checking percent-encoding v2.3.2
    Checking futures-task v0.3.34
    Checking tower-service v0.3.3
    Checking untrusted v0.9.0
    Checking atomic-waker v1.1.2
    Checking futures-util v0.3.34
    Checking fnv v1.0.7
    Checking try-lock v0.2.5
    Checking httparse v1.10.1
    Checking rustls-pki-types v1.15.1
    Checking futures-channel v0.3.34
    Checking want v0.3.1
    Checking tracing v0.1.44
    Checking http v1.5.0
   Compiling bitflags v2.13.2
    Checking errno v0.3.14
    Checking getrandom v0.4.3
    Checking cpufeatures v0.2.17
    Checking mio v1.2.3
    Checking signal-hook-registry v1.4.8
    Checking socket2 v0.6.5
    Checking sha2 v0.10.9
    Checking rustix v1.1.4
    Checking getrandom v0.2.17
    Checking indexmap v2.14.2
    Checking httpdate v1.0.3
    Checking ring v0.17.14
    Checking cpufeatures v0.3.1
    Checking form_urlencoded v1.2.2
    Checking sync_wrapper v1.0.2
    Checking tokio v1.53.1
   Compiling cfg-if v1.0.4
    Checking tower-layer v0.3.3
   Compiling generic-array v0.14.7
    Checking sha2 v0.11.0
    Checking http-body v1.1.0
    Checking curve25519-dalek v5.0.0
   Compiling pulldown-cmark v0.13.4
    Checking http-body-util v0.1.5
    Checking ed25519-dalek v3.0.0
   Compiling fastrand v2.5.0
    Checking rustls-webpki v0.103.15
    Checking ryu v1.0.23
   Compiling crypto-common v0.1.7
   Compiling block-buffer v0.10.4
   Compiling prost-types v0.14.4
    Checking time-core v0.1.9
    Checking num-conv v0.2.2
    Checking mime v0.3.17
    Checking powerfmt v0.2.0
   Compiling petgraph v0.8.3
    Checking deranged v0.5.8
    Checking serde v1.0.229
    Checking serde_json v1.0.151
    Checking uuid v1.26.1
    Checking tempfile v3.27.0
    Checking fs-set-times v0.20.3
    Checking cap-primitives v4.0.3
    Checking rustls v0.23.44
    Checking semver v1.0.28
    Checking serde_urlencoded v0.7.1
   Compiling pulldown-cmark-to-cmark v22.0.1
    Checking cap-std v4.0.3
    Checking cap-fs-ext v4.0.3
    Checking axum-core v0.5.6
    Checking serde_path_to_error v0.1.20
    Checking libsqlite3-sys v0.38.2
    Checking hashlink v0.12.2
    Checking prost v0.14.4
   Compiling zmij v1.0.23
    Checking serde_jcs v0.2.0
    Checking fallible-streaming-iterator v0.1.9
    Checking matchit v0.8.4
    Checking rx-domain v0.1.0 (/Users/ojaehong/RX_automation/rx_ws/rx-platform/crates/rx-domain)
    Checking fallible-iterator v0.3.0
    Checking time v0.3.55
   Compiling itoa v1.0.18
    Checking pin-project v1.1.13
    Checking zerofrom v0.1.8
    Checking stable_deref_trait v1.2.1
    Checking yoke v0.8.3
    Checking rusqlite v0.40.2
    Checking zerovec v0.11.8
   Compiling prost-build v0.14.4
    Checking tinystr v0.8.4
    Checking writeable v0.6.4
    Checking litemap v0.8.3
    Checking icu_locale_core v2.3.0
    Checking zerotrie v0.2.5
    Checking prost-reflect v0.16.5
    Checking potential_utf v0.1.6
    Checking utf8_iter v1.0.4
    Checking rand_core v0.6.4
    Checking base64ct v1.8.3
    Checking icu_collections v2.3.0
    Checking icu_properties_data v2.3.0
   Compiling tonic-prost-build v0.14.6
    Checking password-hash v0.5.0
    Checking icu_normalizer_data v2.3.0
    Checking blake2 v0.10.6
    Checking base64 v0.23.1
    Checking aho-corasick v1.1.5
   Compiling rx-protocol v0.1.0 (/Users/ojaehong/RX_automation/rx_ws/rx-platform/crates/rx-protocol)
    Checking tokio-util v0.7.19
    Checking tokio-stream v0.1.19
    Checking argon2 v0.5.3
    Checking icu_provider v2.3.1
    Checking yasna v0.6.0
    Checking pem v4.0.0
    Checking icu_normalizer v2.3.0
    Checking icu_properties v2.3.0
    Checking regex-syntax v0.8.11
    Checking h2 v0.4.19
    Checking tower v0.5.3
    Checking rx-ports v0.1.0 (/Users/ojaehong/RX_automation/rx_ws/rx-platform/crates/rx-ports)
    Checking rx-process-contract v0.1.0 (/Users/ojaehong/RX_automation/rx_ws/rx-platform/crates/rx-process-contract)
    Checking rx-package v0.1.0 (/Users/ojaehong/RX_automation/rx_ws/rx-platform/crates/rx-package)
    Checking rx-storage v0.1.0 (/Users/ojaehong/RX_automation/rx_ws/rx-platform/crates/rx-storage)
    Checking tokio-rustls v0.26.5
    Checking rcgen v0.14.10
    Checking idna_adapter v1.2.2
    Checking idna v1.1.0
    Checking url v2.5.8
    Checking tower-http v0.6.11
    Checking regex-automata v0.4.18
    Checking rx-application v0.1.0 (/Users/ojaehong/RX_automation/rx_ws/rx-platform/crates/rx-application)
    Checking regex v1.13.1
    Checking hyper v1.11.1
    Checking hyper-util v0.1.20
    Checking hyper-timeout v0.5.2
    Checking axum v0.8.9
    Checking hyper-rustls v0.27.9
    Checking reqwest v0.12.28
    Checking tonic v0.14.6
    Checking tonic-prost v0.14.6
    Checking rx-runtime v0.1.0 (/Users/ojaehong/RX_automation/rx_ws/rx-platform/crates/rx-runtime)
    Checking rx-protocol-adapter v0.1.0 (/Users/ojaehong/RX_automation/rx_ws/rx-platform/crates/rx-protocol-adapter)
    Checking rx-api v0.1.0 (/Users/ojaehong/RX_automation/rx_ws/rx-platform/crates/rx-api)
    Checking rx-host-client v0.1.0 (/Users/ojaehong/RX_automation/rx_ws/rx-platform/crates/rx-host-client)
    Checking rx-platformd v0.1.0 (/Users/ojaehong/RX_automation/rx_ws/rx-platform/crates/rx-platformd)
    Finished `dev` profile [unoptimized + debuginfo] target(s) in 29.71s
