   Compiling proc-macro2 v1.0.107
   Compiling unicode-ident v1.0.24
   Compiling quote v1.0.47
   Compiling libc v0.2.189
   Compiling cfg-if v1.0.4
   Compiling itoa v1.0.18
   Compiling memchr v2.8.3
   Compiling version_check v0.9.5
   Compiling serde_core v1.0.229
   Compiling bitflags v2.13.2
   Compiling typenum v1.20.1
   Compiling zmij v1.0.23
   Compiling getrandom v0.4.3
   Compiling once_cell v1.21.4
   Compiling generic-array v0.14.7
   Compiling serde v1.0.229
   Compiling thiserror v2.0.20
   Compiling serde_json v1.0.151
   Compiling rustix v1.1.4
   Compiling zeroize v1.9.0
   Compiling fastrand v2.5.0
   Compiling ryu-js v0.2.2
   Compiling subtle v2.6.1
   Compiling hybrid-array v0.4.15
   Compiling io-lifetimes v2.0.4
   Compiling io-lifetimes v3.0.1
   Compiling io-extras v0.19.0
   Compiling semver v1.0.28
   Compiling cap-primitives v4.0.3
   Compiling block-buffer v0.10.4
   Compiling crypto-common v0.1.7
   Compiling block-buffer v0.12.1
   Compiling errno v0.3.14
   Compiling syn v3.0.5
   Compiling digest v0.10.7
   Compiling cpufeatures v0.2.17
   Compiling crypto-common v0.2.2
   Compiling rustc_version v0.4.1
   Compiling cap-std v4.0.3
   Compiling maybe-owned v0.3.4
   Compiling sha2 v0.10.9
   Compiling ipnet v2.12.2
   Compiling ambient-authority v0.0.2
   Compiling curve25519-dalek v5.0.0
   Compiling cpufeatures v0.3.1
   Compiling signature v3.0.0
   Compiling cap-fs-ext v4.0.3
   Compiling ed25519 v3.0.0
   Compiling bytes v1.12.1
   Compiling shlex v2.0.1
   Compiling uuid v1.26.1
   Compiling digest v0.11.3
   Compiling pin-project-lite v0.2.17
   Compiling sha2 v0.11.0
   Compiling find-msvc-tools v0.1.12
   Compiling foldhash v0.2.0
   Compiling signal-hook-registry v1.4.8
   Compiling socket2 v0.6.5
   Compiling cc v1.4.5
   Compiling hashbrown v0.17.1
   Compiling mio v1.2.3
   Compiling smallvec v1.16.0
   Compiling ed25519-dalek v3.0.0
   Compiling vcpkg v0.2.15
   Compiling pkg-config v0.3.34
   Compiling fallible-streaming-iterator v0.1.9
   Compiling hashlink v0.12.2
   Compiling fallible-iterator v0.3.0
   Compiling syn v2.0.119
   Compiling fs-set-times v0.20.3
   Compiling tempfile v3.27.0
   Compiling equivalent v1.0.2
   Compiling futures-core v0.3.34
   Compiling anyhow v1.0.104
   Compiling either v1.18.0
   Compiling itertools v0.14.0
   Compiling http v1.5.0
   Compiling tracing-core v0.1.36
   Compiling libsqlite3-sys v0.38.2
   Compiling ring v0.17.14
   Compiling slab v0.4.12
   Compiling futures-sink v0.3.34
   Compiling http-body v1.1.0
   Compiling indexmap v2.14.2
   Compiling log v0.4.34
   Compiling getrandom v0.2.17
   Compiling httparse v1.10.1
   Compiling untrusted v0.9.0
   Compiling tower-service v0.3.3
   Compiling prettyplease v0.2.37
   Compiling futures-task v0.3.34
   Compiling pulldown-cmark v0.13.4
   Compiling serde_derive v1.0.229
   Compiling thiserror-impl v2.0.20
   Compiling tokio-macros v2.7.2
   Compiling futures-util v0.3.34
   Compiling tokio v1.53.1
   Compiling rustls-pki-types v1.15.1
   Compiling foldhash v0.1.5
   Compiling atomic-waker v1.1.2
   Compiling unicase v2.9.0
   Compiling try-lock v0.2.5
   Compiling fnv v1.0.7
   Compiling regex-syntax v0.8.11
   Compiling want v0.3.1
   Compiling hashbrown v0.15.5
   Compiling prost-derive v0.14.4
   Compiling tracing-attributes v0.1.31
   Compiling regex-automata v0.4.18
   Compiling serde_jcs v0.2.0
   Compiling rx-domain v0.1.0 (/Users/ojaehong/RX_automation/rx_ws/rx-solutions/sdk/crates/rx-domain)
   Compiling rusqlite v0.40.2
   Compiling tracing v0.1.44
   Compiling prost v0.14.4
   Compiling futures-channel v0.3.34
   Compiling fixedbitset v0.5.7
   Compiling tower-layer v0.3.3
   Compiling rustls v0.23.44
   Compiling sync_wrapper v1.0.2
   Compiling httpdate v1.0.3
   Compiling petgraph v0.8.3
   Compiling regex v1.13.1
   Compiling prost-types v0.14.4
   Compiling tokio-util v0.7.19
   Compiling rustls-webpki v0.103.15
   Compiling pulldown-cmark-to-cmark v22.0.1
   Compiling http-body-util v0.1.5
   Compiling multimap v0.10.1
   Compiling mime v0.3.17
   Compiling heck v0.5.0
   Compiling h2 v0.4.19
   Compiling axum-core v0.5.6
   Compiling tower v0.5.3
   Compiling rx-ports v0.1.0 (/Users/ojaehong/RX_automation/rx_ws/rx-solutions/sdk/crates/rx-ports)
   Compiling rx-process-contract v0.1.0 (/Users/ojaehong/RX_automation/rx_ws/rx-solutions/sdk/crates/rx-process-contract)
   Compiling prost-build v0.14.4
   Compiling rx-package v0.1.0 (/Users/ojaehong/RX_automation/rx_ws/rx-solutions/sdk/crates/rx-package)
   Compiling rx-service-status v0.1.0 (/Users/ojaehong/RX_automation/rx_ws/rx-solutions/runtime/rx-service-status)
   Compiling rx-storage v0.1.0 (/Users/ojaehong/RX_automation/rx_ws/rx-solutions/sdk/crates/rx-storage)
   Compiling tonic-build v0.14.6
   Compiling pin-project-internal v1.1.13
   Compiling percent-encoding v2.3.2
   Compiling protoc-bin-vendored-macos-aarch_64 v3.2.0
   Compiling matchit v0.8.4
   Compiling rx-solution-catalog v0.1.0 (/Users/ojaehong/RX_automation/rx_ws/rx-solutions/runtime/rx-solution-catalog)
   Compiling protoc-bin-vendored-linux-aarch_64 v3.2.0
   Compiling protoc-bin-vendored-win32 v3.2.0
   Compiling protoc-bin-vendored-linux-x86_32 v3.2.0
   Compiling protoc-bin-vendored-macos-x86_64 v3.2.0
   Compiling protoc-bin-vendored-linux-x86_64 v3.2.0
   Compiling protoc-bin-vendored-linux-s390_64 v3.2.0
   Compiling protoc-bin-vendored-linux-ppcle_64 v3.2.0
   Compiling axum v0.8.9
   Compiling protoc-bin-vendored v3.2.0
   Compiling tonic-prost-build v0.14.6
   Compiling tokio-stream v0.1.19
   Compiling async-trait v0.1.92
   Compiling hyper v1.11.1
   Compiling pin-project v1.1.13
   Compiling base64 v0.22.1
   Compiling rx-protocol v0.1.0 (/Users/ojaehong/RX_automation/rx_ws/rx-solutions/sdk/crates/rx-protocol)
   Compiling rx-process v0.1.0 (/Users/ojaehong/RX_automation/rx_ws/rx-solutions/runtime/rx-process)
   Compiling tokio-rustls v0.26.5
   Compiling rx-melsec-mc v0.1.0 (/Users/ojaehong/RX_automation/rx_ws/rx-solutions/drivers/rx-melsec-mc)
   Compiling rx-host v0.1.0 (/Users/ojaehong/RX_automation/rx_ws/rx-solutions/runtime/rx-host)
   Compiling hyper-util v0.1.20
   Compiling prost-reflect v0.16.5
   Compiling time-core v0.1.9
   Compiling powerfmt v0.2.0
   Compiling num-conv v0.2.2
   Compiling deranged v0.5.8
   Compiling rx-supervisor v0.1.0 (/Users/ojaehong/RX_automation/rx_ws/rx-solutions/runtime/rx-supervisor)
   Compiling hyper-timeout v0.5.2
   Compiling base64 v0.23.1
   Compiling tonic v0.14.6
   Compiling rx-process-package v0.1.0 (/Users/ojaehong/RX_automation/rx_ws/rx-solutions/runtime/rx-process-package)
   Compiling pem v4.0.0
   Compiling time v0.3.55
   Compiling yasna v0.6.0
   Compiling rcgen v0.14.10
   Compiling tonic-prost v0.14.6
   Compiling rx-executor v0.1.0 (/Users/ojaehong/RX_automation/rx_ws/rx-solutions/runtime/rx-executor)
   Compiling rx-device-package v0.1.0 (/Users/ojaehong/RX_automation/rx_ws/rx-solutions/runtime/rx-device-package)
    Finished `test` profile [unoptimized + debuginfo] target(s) in 54.20s
     Running unittests src/lib.rs (../.g2-evidence/solutions-final-target/debug/deps/rx_device_package-9feb9e6bd76a0fe8)

running 0 tests

test result: ok. 0 passed; 0 failed; 0 ignored; 0 measured; 0 filtered out; finished in 0.00s

     Running unittests src/bin/rx-device-package.rs (../.g2-evidence/solutions-final-target/debug/deps/rx_device_package-b7cf52ea58c9475b)

running 0 tests

test result: ok. 0 passed; 0 failed; 0 ignored; 0 measured; 0 filtered out; finished in 0.00s

     Running tests/authoring.rs (../.g2-evidence/solutions-final-target/debug/deps/authoring-970992f277998262)

running 9 tests
test export_image_fixture ... ignored, exports explicitly simulated, unsigned inputs and public test policy for container verification
test sign_image_request ... ignored, signs only with an embedded test key for isolated container verification
test template_hash_missing_extra_and_alias_bindings_are_rejected ... ok
test one_template_resolves_two_sites_without_editing_the_shared_semantics ... ok
test semantically_unordered_inputs_produce_the_same_signing_message ... ok
test signed_but_inconsistent_assembly_cannot_pass_the_host_resolver ... ok
test candidate_changes_permissions_keys_and_missing_assets_do_not_bypass_verification ... ok
test candidate_roundtrip_external_signature_and_host_decoding_preserve_signed_provenance ... ok
test cli_assembles_requests_external_signature_seals_and_verifies_without_network ... ok

test result: ok. 7 passed; 0 failed; 2 ignored; 0 measured; 0 filtered out; finished in 0.45s

     Running tests/jtc_authoring.rs (../.g2-evidence/solutions-final-target/debug/deps/jtc_authoring-24be634a531ba42b)

running 14 tests
test export_device_review_authority ... ignored, exports a public device verifier trust fixture, never a production key
test export_image_fixture ... ignored, exports only SIMULATION inputs and a public test policy for the image authoring test
test sign_device_report ... ignored, external test-only device report signer for real API integration
test sign_image_request ... ignored, test-only external signer for the isolated image fixture
test simulation_catalog_cannot_be_promoted_to_a_physical_site ... ok
test missing_alias_or_foreign_bindings_and_invalid_trajectory_are_rejected ... ok
test device_software_report_uses_real_decoder_and_cannot_claim_physical_validation ... ok
test unordered_template_actions_have_one_digest_and_joint_order_is_preserved ... ok
test signed_but_inconsistent_results_actions_model_and_release_are_rejected ... ok
test actual_cli_generates_a_report_and_a_separate_signing_request ... ok
test host_package_checks_assets_and_exact_intents_but_cannot_create_control_authority ... ok
test template_reuse_and_candidate_roundtrip_preserve_bound_actions_and_result_meanings ... ok
test actual_cli_assembles_requests_external_signature_seals_and_inspects_jtc ... ok
test host_initializes_jtc_metadata_and_refuses_run_before_creating_a_controller_client ... ok

test result: ok. 10 passed; 0 failed; 4 ignored; 0 measured; 0 filtered out; finished in 0.47s

     Running unittests src/lib.rs (../.g2-evidence/solutions-final-target/debug/deps/rx_executor-ba686abc190a0499)

running 38 tests
test cell_service::tests::observation_shutdown_preserves_preparing_attached_and_known_arming_as_attention ... ok
test cell_service::tests::discovery_does_not_hide_old_owner_expired_attempt_or_restricted_work ... ok
test cell_service::tests::historical_session_runtime_and_paused_attachment_cannot_resume ... ok
test cell_service::tests::none_and_arming_are_observation_only_and_ambiguity_has_no_winner ... ok
test cell_service::tests::completion_requires_structured_cleanup_exact_stop_and_actual_completed_state ... ok
test client::assignment::tests::accepted_read_expires_or_loses_currency_when_the_trusted_clock_changes ... ok
test client::assignment::tests::assignment_shares_runtime_sequence_and_time_regression_guards ... ok
test client::assignment::tests::expired_response_does_not_advance_the_shared_cut ... ok
test client::tests::artifact_hash_does_not_replace_size_schema_or_typed_payload_validation ... ok
test client::assignment::tests::forged_identity_is_rejected_even_with_a_matching_payload_hash ... ok
test frame::tests::restored_p_snapshot_preserves_work_and_does_not_restore_admission ... ok
test frame::tests::a_new_epoch_is_not_implicitly_adopted_by_an_existing_context ... ok
test client::assignment::tests::ttl_and_clock_interval_are_checked_before_accepting_a_view ... ok
test journal::recovery::wal::tests::checksum_word_order_and_accumulation_have_independent_known_values ... ok
test frame::tests::source_clock_expiry_blocks_a_view_even_if_the_local_steady_deadline_has_not_passed ... ok
test client::assignment::tests::payload_digest_size_schema_and_strict_json_are_independent_checks ... ok
test journal::recovery::wal::tests::invalid_page_numbers_commit_sizes_and_oversize_files_fail_before_unbounded_reads ... ok
test client::assignment::tests::forged_cut_cardinality_and_duplicate_witnesses_fail_closed ... ok
test journal::recovery::wal::tests::page_data_checksums_salts_partial_and_uncommitted_tails_are_rejected ... ok
test pending::tests::wait_start_does_not_drop_the_only_bt_request_and_due_requests_are_fair ... ok
test pending::tests::full_queue_and_inflight_normal_work_do_not_block_pause_and_meaning_cannot_change ... ok
test service::tests::cancelled_serial_retirement_cannot_become_confirmation_for_an_empty_engine_slot ... ok
test journal::recovery::wal::tests::header_fields_and_header_checksum_cannot_silently_drop_the_wal ... ok
test service::tests::cleanup_confirmation_distinguishes_no_spawn_and_local_close_from_uncertainty ... ok
test service::tests::each_serial_planner_requires_its_own_confirmed_cleanup ... ok
test service::tests::failed_close_is_sticky_after_a_later_successful_cleanup ... ok
test service::tests::production_expiry::expired_waiting_cannot_republish_an_old_admission_flag ... ok
test service::tests::spawn_attempts_are_uncertain_until_cleanup_and_failures_remain_latched ... ok
test worker::production::tests::valid_platform_views_with_multiple_active_parts_require_serial_attention ... ok
test service_owner::tests::explicit_release_does_not_wait_for_an_inherited_open_file_description ... ok
test worker::production::tests::serial_selection_preserves_zero_or_one_active_part_without_rewriting_completed_parts ... ok
test client::assignment::tests::cardinalities_retain_old_sessions_expired_attempts_and_restricted_work ... ok
test cell_service::tests::actual_production_cut_must_revalidate_discovery_before_any_reservation ... ok
test journal::recovery::wal::tests::absent_empty_header_only_and_complete_commits_are_distinct_valid_shapes ... ok
test service::tests::production_expiry::journal_observation_expiry_retries_completed_read_instead_of_stopping_context ... ok
test cell_service::tests::missing_file_after_creation_entered_never_becomes_fresh_initialization ... ok
test cell_service::tests::preparing_recovery_keeps_original_ids_and_cannot_switch_to_new_candidate ... ok
test cell_service::tests::closing_a_preserves_its_stop_and_frees_only_the_next_attachment ... ok

test result: ok. 38 passed; 0 failed; 0 ignored; 0 measured; 0 filtered out; finished in 0.04s

     Running unittests tests/support/cell_service_fixture.rs (../.g2-evidence/solutions-final-target/debug/deps/rx_executor_cell_service_fixture-1bedebe1f97c329b)

running 0 tests

test result: ok. 0 passed; 0 failed; 0 ignored; 0 measured; 0 filtered out; finished in 0.00s

     Running unittests tests/support/decision_fixture.rs (../.g2-evidence/solutions-final-target/debug/deps/rx_executor_decision_fixture-9130ec0b0351b0c5)

running 0 tests

test result: ok. 0 passed; 0 failed; 0 ignored; 0 measured; 0 filtered out; finished in 0.00s

     Running unittests tests/support/read_fixture.rs (../.g2-evidence/solutions-final-target/debug/deps/rx_executor_read_fixture-218054117dc211a1)

running 0 tests

test result: ok. 0 passed; 0 failed; 0 ignored; 0 measured; 0 filtered out; finished in 0.00s

     Running unittests src/bin/service.rs (../.g2-evidence/solutions-final-target/debug/deps/rx_executor_service-3c041274606d5df7)

running 0 tests

test result: ok. 0 passed; 0 failed; 0 ignored; 0 measured; 0 filtered out; finished in 0.00s

     Running unittests tests/support/service_fixture.rs (../.g2-evidence/solutions-final-target/debug/deps/rx_executor_service_fixture-757d5e7c3f3a1547)

running 0 tests

test result: ok. 0 passed; 0 failed; 0 ignored; 0 measured; 0 filtered out; finished in 0.00s

     Running unittests tests/support/worker_fixture.rs (../.g2-evidence/solutions-final-target/debug/deps/rx_executor_worker_fixture-07a5e03b5d4b61f8)

running 0 tests

test result: ok. 0 passed; 0 failed; 0 ignored; 0 measured; 0 filtered out; finished in 0.00s

     Running tests/assignment_journal.rs (../.g2-evidence/solutions-final-target/debug/deps/assignment_journal-4b6bf91efb0ee921)

running 21 tests
test initialized_header_survives_a_lost_initialization_reply ... ok
test creation_marker_committed_before_filesystem_failure_forbids_later_retry ... ok
test creation_marker_rollback_permits_the_first_initialization_without_changing_phase ... ok
test completion_rejects_paused_recovery_abandoned_wrong_identity_and_incomplete_parts ... ok
test a_run_store_from_another_service_identity_cannot_be_attached ... ok
test lost_creation_marker_reply_stops_before_file_reservation_and_survives_reopen ... ok
test malformed_current_pointer_fails_required_open_instead_of_hiding_the_attached_run ... ok
test old_header_without_creation_history_is_not_silently_upgraded ... ok
test a_crash_before_header_commit_leaves_an_error_instead_of_reinitializing_the_file ... ok
test changed_scope_or_run_journal_identity_is_never_repaired ... ok
test attach_rollback_and_lost_reply_are_recovered_without_a_second_transition ... ok
test lost_run_initialization_reply_recovers_binding_without_reinitializing ... ok
test close_rollback_and_lost_reply_clear_current_atomically_and_preserve_stop_and_pending_requests ... ok
test required_run_file_does_not_follow_symlinks ... ok
test preparing_rollback_and_lost_reply_preserve_exact_reservation_and_single_current ... ok
test required_open_never_initializes_missing_empty_or_foreign_service_metadata ... ok
test run_creation_marker_cannot_change_after_header_initialization ... ok
test unbound_legacy_journal_is_not_adopted_or_modified ... ok
test preparing_missing_run_is_explicit_but_partial_or_attached_missing_run_is_an_error ... ok
test preparing_cannot_close_and_closed_history_cannot_rebind_the_same_run ... ok
test initialized_preparing_run_file_loss_never_reuses_either_initializer ... ok

test result: ok. 21 passed; 0 failed; 0 ignored; 0 measured; 0 filtered out; finished in 0.13s

     Running tests/cell_cli.rs (../.g2-evidence/solutions-final-target/debug/deps/cell_cli-bf16574e2e597731)

running 0 tests

test result: ok. 0 passed; 0 failed; 0 ignored; 0 measured; 0 filtered out; finished in 0.00s

     Running tests/journal.rs (../.g2-evidence/solutions-final-target/debug/deps/journal-0aacb463019d8835)

running 9 tests
test stop_intent_survives_commit_response_loss_and_never_becomes_a_part_request ... ok
test pause_intent_is_scoped_to_executor_session_and_epoch_without_changing_operation_keys ... ok
test stop_attempt_key_is_preserved_and_p_observation_does_not_invent_a_reply ... ok
test p_observation_preserves_network_uncertainty_and_deduplicates_unchanged_identity ... ok
test only_a_confirmed_transactional_rejection_allows_new_cas_and_key ... ok
test reconciliation_acknowledgment_is_not_a_resource_release_observation ... ok
test material_identity_is_observed_without_rewriting_a_lost_begin_reply ... ok
test prepared_entered_and_reply_boundaries_survive_rollback_and_lost_commit_response ... ok
test checkpoint_expiry_preserves_old_attempt_and_pending_projection_is_not_an_rpc_reply ... ok

test result: ok. 9 passed; 0 failed; 0 ignored; 0 measured; 0 filtered out; finished in 0.04s

     Running tests/recovery_inspect.rs (../.g2-evidence/solutions-final-target/debug/deps/recovery_inspect-e26d7d36023fb800)

running 5 tests
test owner_conflict_symlink_parent_and_size_limit_fail_without_source_writes ... ok
test missing_header_wrong_identity_and_missing_writer_lock_are_never_initialized ... ok
test preparing_never_initializes_or_attaches_and_creation_loss_is_rejected ... ok
test current_pending_stop_is_inspected_twice_without_source_change_or_resolution ... ok
test crash_style_wal_copy_is_included_without_touching_the_retained_source ... ok

test result: ok. 5 passed; 0 failed; 0 ignored; 0 measured; 0 filtered out; finished in 0.11s

     Running tests/recovery_wal_corruption.rs (../.g2-evidence/solutions-final-target/debug/deps/recovery_wal_corruption-d8a1ec43187a6d3e)

running 2 tests
test invalid_assignment_wal_header_cannot_hide_committed_attachment_and_pending_requests ... ok
test stale_committed_shm_cannot_hide_later_complete_wal_commits_or_change_the_original_copy ... ok

test result: ok. 2 passed; 0 failed; 0 ignored; 0 measured; 0 filtered out; finished in 0.15s

     Running tests/service_owner.rs (../.g2-evidence/solutions-final-target/debug/deps/service_owner-849293f4352a3fce)

running 7 tests
test invalid_journal_path_cannot_overwrite_the_ownership_file ... ok
test one_root_cannot_register_two_services_with_different_run_journals ... ok
test startup_failure_releases_ownership_without_removing_the_lock_file ... ok
test ownership_symlink_is_rejected_without_touching_its_target ... ok
test different_service_roots_do_not_impose_a_global_cell_owner ... ok
test directory_alias_cannot_bypass_the_service_owner ... ok
test ownership_special_files_are_rejected ... ok

test result: ok. 7 passed; 0 failed; 0 ignored; 0 measured; 0 filtered out; finished in 0.01s

     Running unittests src/lib.rs (../.g2-evidence/solutions-final-target/debug/deps/rx_host-f6256fefb48e1c3c)

running 5 tests
test service::guarded_tests::guarded_host_stopped_requires_final_adapter_proof_and_closed_admission ... ok
test publication::tests::local_idle_ticks_do_not_extend_the_one_second_remote_probe_deadline ... ok
test service::guarded_tests::host_report_failure_requests_stop_and_cannot_become_stopped_later ... ok
test publication::tests::idle_remote_probe_detects_expired_session_without_new_evidence_or_native_effects ... ok
test service::guarded_tests::unchanged_host_status_heartbeats_and_stays_terminal_after_finish ... ok

test result: ok. 5 passed; 0 failed; 0 ignored; 0 measured; 0 filtered out; finished in 0.51s

     Running unittests tests/support/crash_harness.rs (../.g2-evidence/solutions-final-target/debug/deps/rx_host_crash_fixture-a31f2cb9ac0abd78)

running 0 tests

test result: ok. 0 passed; 0 failed; 0 ignored; 0 measured; 0 filtered out; finished in 0.00s

     Running unittests tests/support/recovery_native_fixture.rs (../.g2-evidence/solutions-final-target/debug/deps/rx_host_recovery_fixture-7b0e423068884512)

running 0 tests

test result: ok. 0 passed; 0 failed; 0 ignored; 0 measured; 0 filtered out; finished in 0.00s

     Running unittests tests/support/sim_server.rs (../.g2-evidence/solutions-final-target/debug/deps/rx_host_sim_server-59391982047c57a9)

running 0 tests

test result: ok. 0 passed; 0 failed; 0 ignored; 0 measured; 0 filtered out; finished in 0.00s

     Running unittests src/bin/rx-hostd.rs (../.g2-evidence/solutions-final-target/debug/deps/rx_hostd-f681650e984cbb58)

running 0 tests

test result: ok. 0 passed; 0 failed; 0 ignored; 0 measured; 0 filtered out; finished in 0.00s

     Running tests/gate.rs (../.g2-evidence/solutions-final-target/debug/deps/gate-d81568688d5f7dec)

running 30 tests
test cancellation_arriving_before_prepare_creates_permanent_tombstone ... ok
test configuration_scope_binding_and_fence_are_not_caller_success_claims ... ok
test configuration_missing_quiescence_does_not_create_applied_context ... ok
test configuration_rejects_an_old_quiescence_observation ... ok
test altered_permit_and_unapproved_intent_are_rejected_before_effect ... ok
test configuration_commit_failure_has_no_receipt_context_or_consumed_slot ... ok
test configuration_does_not_treat_prepared_native_work_as_quiescent ... ok
test configuration_context_is_durable_unqualified_and_same_request_never_reapplies ... ok
test configuration_cohort_is_complete_and_a_rejected_member_prevents_all_context_changes ... ok
test late_fence_replay_cannot_remove_a_new_arm_or_rewind_epoch ... ok
test expiry_during_commit_does_not_enter_native_and_is_not_retried ... ok
test prepare_does_not_call_device_and_authorize_duplicates_are_receipt_lookup ... ok
test native_submission_serializes_fence_while_protection_is_independent ... ok
test prepared_rebind_retires_old_permit_permanently ... ok
test evidence_publication_cursor_is_durable_scoped_and_never_accepts_a_foreign_ack ... ok
test qualification_tests::qualification_commit_failure_rolls_back_cohort_receipt_and_slot ... ok
test qualification_tests::qualification_arm_rejects_partial_clearance_and_any_changed_cohort_member ... ok
test renewal_replay_does_not_extend_expiry_and_expired_grant_stays_expired ... ok
test same_grant_fence_requires_same_request_identity ... ok
test qualification_tests::qualification_full_cohort_is_atomic_and_a_wrong_member_cannot_be_accepted ... ok
test simulated_device_has_an_independent_exclusive_owner ... ok
test qualification_tests::qualification_restart_keeps_receipt_and_never_restores_applicability_or_arm ... ok
test qualification_tests::qualification_identity_cannot_be_reused_for_different_evidence_and_empty_scope_grants_no_operations ... ok
test stable_handover_is_not_permission_to_drop_an_adapter ... ok
test qualification_tests::qualification_same_key_same_review_and_changed_scope_cannot_replace_accepted_identity ... ok
test service_stop_latches_before_database_access_and_preserves_uncertain_work ... ok
test service_stop_latch_interrupts_the_pre_native_boundary_without_waiting_for_gate_lock ... ok
test qualification_tests::qualification_acceptance_preserves_blocks_requires_explicit_arm_and_rejects_old_qualification ... ok
test qualification_tests::qualification_revalidation_does_not_hide_prepared_native_work ... ok
test qualification_tests::qualification_requires_supported_fresh_local_quiescence ... ok

test result: ok. 30 passed; 0 failed; 0 ignored; 0 measured; 0 filtered out; finished in 0.17s

     Running tests/guarded_status.rs (../.g2-evidence/solutions-final-target/debug/deps/guarded_status-d030ae2f71562833)

running 0 tests

test result: ok. 0 passed; 0 failed; 0 ignored; 0 measured; 0 filtered out; finished in 0.00s

     Running tests/melsec.rs (../.g2-evidence/solutions-final-target/debug/deps/melsec-755c7f3f59eccd04)

running 14 tests
test melsec_crash_child ... ignored, executed only as an isolated child by the crash-boundary test
test abrupt_exit_at_native_commit_and_write_boundaries_never_replays ... ok
test lost_reply_and_new_process_never_resubmit_or_clear_pending ... ok
test new_or_replaced_journal_and_mismatched_profile_are_rejected_without_native_io ... ok
test final_read_within_transport_budget_but_beyond_guard_lifetime_cannot_write ... ok
test actual_host_gate_journal_reconcile_evidence_and_stop_use_melsec_adapter ... ok
test corrupted_completion_record_is_not_adopted_as_historical_fact ... ok
test ack_is_pending_and_only_later_independent_sensor_observation_captures ... ok
test final_native_read_after_journal_commit_rechecks_ready_without_resend ... ok
test already_satisfied_state_records_evidence_without_a_native_write ... ok
test captured_original_session_survives_restart_but_uncaptured_ack_does_not ... ok
test profile_and_intent_scope_fail_before_native_writes ... ok
test publication_generation_regression_stale_and_inconsistent_images_latch ... ok
test valid_support_does_not_imply_drop_permission_and_protection_does_not_release_chuck ... ok

test result: ok. 13 passed; 0 failed; 1 ignored; 0 measured; 0 filtered out; finished in 0.24s

     Running tests/melsec_service.rs (../.g2-evidence/solutions-final-target/debug/deps/melsec_service-0a481b3d67cdcfdd)

running 7 tests
test export_melsec_image_fixture ... ignored, exports signed, test-only loopback configuration for the product image test
test physical_startup_qualification_id_does_not_authorize_arm ... ok
test signature_content_policy_asset_release_and_binding_tampering_fail_before_initialization ... ok
test signed_device_package_binds_release_profile_assets_and_exact_cell_without_io ... ok
test physical_metadata_requires_current_qualification_and_separate_arm_on_loopback ... ok
test validly_signed_wrong_release_controller_or_installation_is_rejected ... ok
test product_composition_initializes_starts_and_stops_the_signed_melsec_package ... ok

test result: ok. 6 passed; 0 failed; 1 ignored; 0 measured; 0 filtered out; finished in 0.41s

     Running tests/mtls.rs (../.g2-evidence/solutions-final-target/debug/deps/mtls-deb6f8c26f266823)

running 5 tests
test valid_ca_without_registered_fingerprint_cannot_impersonate_platform ... ok
test cell_manifest_and_session_are_mandatory_before_grant ... ok
test concurrent_hello_retries_produce_one_usable_session ... ok
test changed_content_under_rpc_key_is_rejected_and_legacy_dispatch_cannot_bypass_cell ... ok
test mtls_negotiation_prepare_authorize_and_evidence_roundtrip ... ok

test result: ok. 5 passed; 0 failed; 0 ignored; 0 measured; 0 filtered out; finished in 0.06s

     Running tests/process_crash.rs (../.g2-evidence/solutions-final-target/debug/deps/process_crash-7a68819960152278)

running 3 tests
test configuration_commit_survives_sigkill_before_reply_without_restoring_arm ... ok
test qualification_commit_survives_sigkill_before_reply_without_restoring_authority ... ok
test sigkill_at_both_journal_native_boundaries_never_replays_device_effect ... ok

test result: ok. 3 passed; 0 failed; 0 ignored; 0 measured; 0 filtered out; finished in 0.38s

     Running tests/ros_jtc.rs (../.g2-evidence/solutions-final-target/debug/deps/ros_jtc-71122917b760cfdf)

running 11 tests
test crash_jtc_child ... ignored, child-only abrupt-exit fixture
test simulation_fixture_profile_cannot_claim_physical_equipment ... ok
test action_completion_does_not_close_bridge_until_support_and_child_exit_are_proven ... ok
test contradictory_result_is_stored_without_success_capture ... ok
test missing_authority_or_changed_artifact_never_dispatches ... ok
test native_journal_prevents_resend_and_new_id_bypass_after_reply_loss_and_reopen ... ok
test bound_jtc_outcome_table_interprets_native_captures_without_code_zero_fallback ... ok
test host_dispatch_context_survives_native_journal_and_rejects_expiry_or_generation_change ... ok
test abrupt_exit_at_each_native_boundary_preserves_entry_and_never_replays ... ok
test independent_generation_ownership_and_drop_proof_are_required ... ok
test journal_identity_loss_and_corrupt_capture_cannot_be_adopted ... ok

test result: ok. 10 passed; 0 failed; 1 ignored; 0 measured; 0 filtered out; finished in 0.46s

     Running tests/ros_process.rs (../.g2-evidence/solutions-final-target/debug/deps/ros_process-dd3a064c27b1b0b8)

running 3 tests
test executable_pin_and_configuration_are_checked_before_spawn ... ok
test owned_executable_copy_and_bounded_pipes_preserve_context_and_close_without_kill ... ok
test timeout_oversize_and_wrong_instance_permanently_fault_the_pipe ... ok

test result: ok. 3 passed; 0 failed; 0 ignored; 0 measured; 0 filtered out; finished in 0.78s

     Running tests/service.rs (../.g2-evidence/solutions-final-target/debug/deps/service-40c6d04c744849a5)

running 16 tests
test export_host_image_fixture ... ignored, exports isolated container fixture
test maintenance_crash_child ... ignored, abrupt-exit helper invoked only by the maintenance crash test
test binding_inspection_compares_full_cohort_without_creating_installation_or_restoring_authority ... ok
test initialization_cannot_replace_a_concurrently_created_empty_destination ... ok
test empty_replacement_database_is_not_reinitialized_as_a_fresh_host ... ok
test startup_rejects_a_symlink_at_the_actual_host_writer_lock_path ... ok
test startup_rejects_policy_tampering_unknown_fields_and_unimplemented_physical_backend ... ok
test operational_state_changes_after_stop_invalidate_preparation_without_reinitializing_the_journal ... ok
test maintenance_requires_descriptor_feature_marker_and_does_not_silently_upgrade_legacy_installations ... ok
test product_composition_has_immutable_installation_real_owner_and_clean_software_stop ... ok
test preparation_cannot_swap_both_current_and_proposed_around_the_actual_stopped_startup ... ok
test failed_startup_invalidates_old_stop_even_when_old_status_file_still_says_stopped ... ok
test unavailable_runtime_lock_refuses_service_without_claiming_a_known_owner ... ok
test normal_stop_retains_adapter_until_drop_permission_is_explicit ... ok
test durable_maintenance_requires_real_stop_recovers_same_request_and_blocks_startup_until_cancelled ... ok
test preparation_commit_crashes_preserve_atomicity_and_durable_same_request_recovery ... ok

test result: ok. 14 passed; 0 failed; 2 ignored; 0 measured; 0 filtered out; finished in 0.50s

     Running unittests src/lib.rs (../.g2-evidence/solutions-final-target/debug/deps/rx_melsec_mc-444e7304f57cf796)

running 0 tests

test result: ok. 0 passed; 0 failed; 0 ignored; 0 measured; 0 filtered out; finished in 0.00s

     Running tests/transport.rs (../.g2-evidence/solutions-final-target/debug/deps/transport-44b841bda43033ca)

running 12 tests
test invalid_configuration_fails_before_a_connection_attempt ... ok
test profile_is_explicit_bounded_and_simulation_cannot_target_the_site ... ok
test passive_connect_and_drop_never_send_plc_commands ... ok
test denied_addresses_and_zero_or_oversize_reads_send_no_bytes ... ok
test explicit_route_bytes_and_24_bit_addresses_are_preserved ... ok
test lost_write_response_preserves_uncertainty_and_never_resends ... ok
test plc_error_code_is_preserved_without_assuming_write_nonexecution ... ok
test write_ack_payload_cannot_smuggle_a_completion_value ... ok
test mapped_single_bit_write_ack_does_not_claim_physical_completion ... ok
test documented_bit_read_and_word_read_vectors_over_fragmented_tcp ... ok
test malformed_headers_lengths_end_codes_and_payloads_fault_the_connection ... ok
test total_deadline_is_not_extended_by_a_slow_trickle ... ok

test result: ok. 12 passed; 0 failed; 0 ignored; 0 measured; 0 filtered out; finished in 0.14s

     Running unittests src/lib.rs (../.g2-evidence/solutions-final-target/debug/deps/rx_process-13c5e3f265d9b4e6)

running 0 tests

test result: ok. 0 passed; 0 failed; 0 ignored; 0 measured; 0 filtered out; finished in 0.00s

     Running unittests src/bin/rx-process-compile.rs (../.g2-evidence/solutions-final-target/debug/deps/rx_process_compile-6c22330e70f74a6c)

running 0 tests

test result: ok. 0 passed; 0 failed; 0 ignored; 0 measured; 0 filtered out; finished in 0.00s

     Running tests/n1_handover.rs (../.g2-evidence/solutions-final-target/debug/deps/n1_handover-b2c09415ccb57b1a)

running 2 tests
test n1_cross_host_support_collision_is_not_hidden_by_controller_names ... ok
test n1_command_handover_and_lost_response_trace ... ok

test result: ok. 2 passed; 0 failed; 0 ignored; 0 measured; 0 filtered out; finished in 0.04s

     Running tests/package.rs (../.g2-evidence/solutions-final-target/debug/deps/package-6993d84cd50b39d4)

running 1 test
test verified_content_still_requires_process_semantic_validation ... ok

test result: ok. 1 passed; 0 failed; 0 ignored; 0 measured; 0 filtered out; finished in 0.00s

     Running tests/process.rs (../.g2-evidence/solutions-final-target/debug/deps/process-23c3a284aee2e9ad)

running 10 tests
test branches_require_a_committed_choice_and_reject_opposite_branch_history ... ok
test sequence_waits_for_authoritative_completion_and_resource_handover ... ok
test parallel_checks_resolved_resource_conflicts_and_suppresses_new_work_on_unknown ... ok
test waits_and_interventions_require_recorded_decisions_without_local_timeout_success ... ok
test repeat_and_subflow_expand_into_distinct_stable_occurrences ... ok
test incomplete_history_and_recursive_subflows_do_not_create_new_work ... ok
test malformed_or_unbounded_source_and_partial_progress_are_rejected ... ok
test unknown_and_disputed_results_never_become_failure_or_a_new_attempt ... ok
test source_link_rejects_reordered_children_and_swapped_branch_arms_with_valid_node_ids ... ok
test source_link_checks_repeat_count_and_call_instantiation ... ok

test result: ok. 10 passed; 0 failed; 0 ignored; 0 measured; 0 filtered out; finished in 0.01s

     Running unittests src/lib.rs (../.g2-evidence/solutions-final-target/debug/deps/rx_process_package-1f7af0a07ba7dc85)

running 0 tests

test result: ok. 0 passed; 0 failed; 0 ignored; 0 measured; 0 filtered out; finished in 0.00s

     Running unittests src/bin/rx-process-package.rs (../.g2-evidence/solutions-final-target/debug/deps/rx_process_package-5ea2a48d029b8895)

running 0 tests

test result: ok. 0 passed; 0 failed; 0 ignored; 0 measured; 0 filtered out; finished in 0.00s

     Running tests/package.rs (../.g2-evidence/solutions-final-target/debug/deps/package-281ebf9ef37ef759)

running 15 tests
test export_device_process_review_authority ... ignored
test export_process_authoring_key ... ignored, exports a test-only public PROCESS signing key for mixed ABI policy integration
test sign_device_process_review ... ignored
test sign_mixed_process_request ... ignored, test-only external package signer for the isolated mixed-policy harness
test external_signer_fixture_can_sign_a_caller_selected_local_test_candidate ... ok
test fixture_for_external_signing_demo_is_explicit_and_never_a_default_production_key ... ok
test a_valid_signature_does_not_hide_inconsistent_packaged_compile_inputs ... ok
test missing_program_artifacts_and_parallel_resource_conflicts_block_assembly ... ok
test signer_scope_key_alias_and_content_changes_do_not_gain_trust ... ok
test device_provenance_survives_signed_package_and_actual_recompilation ... ok
test deterministic_candidate_detached_signature_and_recompilation_preserve_input_identity ... ok
test signed_but_inconsistent_process_produces_failure_report_without_resolved_artifact ... ok
test verification_report_uses_actual_signed_compilation_and_binds_request_policy ... ok
test policy_assets_are_read_and_dependency_files_are_verified_under_current_trust ... ok
test candidate_publication_does_not_overwrite_and_signed_directory_has_exact_inventory ... ok

test result: ok. 11 passed; 0 failed; 4 ignored; 0 measured; 0 filtered out; finished in 0.15s

     Running unittests src/lib.rs (../.g2-evidence/solutions-final-target/debug/deps/rx_service_status-6e73d8ee20608c88)

running 13 tests
test support::tests::legacy_text_is_not_a_typed_ownership_failure ... ok
test tests::executor_cell_journal_and_configuration_are_exact_scope ... ok
test tests::host_role_installation_identity_instance_and_pid_are_exact ... ok
test tests::reader_preserves_same_sequence_content_changes_for_supervisor_comparison ... ok
test tests::stale_future_and_other_clock_observations_are_rejected_without_refresh ... ok
test tests::status_path_opts_in_without_breaking_legacy_instance_id_only_environment ... ok
test tests::atomic_publication_keeps_old_readers_on_a_complete_old_file ... ok
test tests::malformed_or_removed_owned_status_cannot_be_silently_recreated ... ok
test tests::reporter_clock_regression_and_sequence_overflow_do_not_replace_last_state ... ok
test tests::symlinks_special_files_and_missing_parent_are_errors_not_absence ... ok
test tests::one_writer_rejects_foreign_owner_and_content_replacement ... ok
test tests::schema_zero_sequence_and_strict_payload_shape_are_enforced ... ok
test tests::lifecycle_publication_preserves_exact_source_time_and_owner ... ok

test result: ok. 13 passed; 0 failed; 0 ignored; 0 measured; 0 filtered out; finished in 0.09s

     Running unittests src/lib.rs (../.g2-evidence/solutions-final-target/debug/deps/rx_solution_catalog-9255be8ea783831d)

running 0 tests

test result: ok. 0 passed; 0 failed; 0 ignored; 0 measured; 0 filtered out; finished in 0.00s

     Running tests/builtin.rs (../.g2-evidence/solutions-final-target/debug/deps/builtin-f9cd19bc14e421ef)

running 3 tests
test external_sources_are_vendor_neutral_and_still_revision_bound ... ok
test builtin_is_explicit_simulation_with_independent_joint_sets ... ok
test provenance_and_commissioning_cannot_be_erased_or_relabeled ... ok

test result: ok. 3 passed; 0 failed; 0 ignored; 0 measured; 0 filtered out; finished in 0.00s

     Running unittests src/lib.rs (../.g2-evidence/solutions-final-target/debug/deps/rx_supervisor-8800ba5977be83d1)

running 7 tests
test initialization::termination_tests::failed_signal_command_status_is_not_a_successful_delivery ... ok
test process::signal_tests::signal_acceptance_does_not_claim_child_exit ... ok
test process::signal_tests::failed_signal_with_live_or_unconfirmed_child_remains_error ... ok
test execution_store::tests::unknown_run_does_not_create_nested_execution_store ... ok
test process::signal_tests::failed_signal_uses_only_confirmed_owned_non_actuating_exit ... ok
test process::signal_tests::failed_signal_keeps_control_and_unknown_effect_errors ... ok
test initialization::termination_tests::failed_term_keeps_the_same_owned_child_retryable_until_delivery_is_confirmed ... ok

test result: ok. 7 passed; 0 failed; 0 ignored; 0 measured; 0 filtered out; finished in 0.00s

     Running unittests src/bin/rx-solutionsd.rs (../.g2-evidence/solutions-final-target/debug/deps/rx_solutionsd-43faf8355972d330)

running 0 tests

test result: ok. 0 passed; 0 failed; 0 ignored; 0 measured; 0 filtered out; finished in 0.00s

     Running tests/decision_anchors.rs (../.g2-evidence/solutions-final-target/debug/deps/decision_anchors-6e66ba79bb1c03f2)

running 1 test
test author_anchors_are_pinned_and_site_data_cannot_override_them ... ok

test result: ok. 1 passed; 0 failed; 0 ignored; 0 measured; 0 filtered out; finished in 0.01s

     Running tests/dependency_binding.rs (../.g2-evidence/solutions-final-target/debug/deps/dependency_binding-ffdd5230b85dc03f)

running 10 tests
test author_scope_cannot_be_replaced_and_unknown_is_not_independent ... ok
test generation_window_defers_input_until_finish_and_preserves_completed_snapshot ... ok
test continuous_loss_blocks_only_dependent_progress_and_current_result_consumption ... ok
test bounded_collection_keeps_a_finish_slot_and_cannot_overwrite_result ... ok
test preparation_input_outlives_provider_and_result_is_durable_without_permission ... ok
test absent_and_malformed_sources_and_explicit_denial_have_named_distinct_states ... ok
test current_report_change_and_consumer_retirement_do_not_rewrite_historical_result ... ok
test result_run_and_history_commit_atomically_on_storage_failure ... ok
test captured_response_cannot_be_replayed_for_another_diagnostic_request ... ok
test same_format_registration_and_same_registration_new_execution_do_not_inherit_binding ... ok

test result: ok. 10 passed; 0 failed; 0 ignored; 0 measured; 0 filtered out; finished in 2.62s

     Running tests/execution_admission.rs (../.g2-evidence/solutions-final-target/debug/deps/execution_admission-c090a3220d7df402)

running 12 tests
test site_overrides_and_lowered_catalog_are_rejected_in_three_distinct_paths ... ok
test malformed_rejection_is_not_falsely_reported_as_confirmed_non_application ... ok
test authority_recheck_precedes_any_simulated_resource_application ... ok
test diagnostic_query_does_not_enter_admission_or_spawn ... ok
test reopening_does_not_restore_application_evidence_or_resource_ownership ... ok
test legacy_serialization_is_unchanged_and_explicit_empty_has_its_own_identity ... ok
kill: -9909: Operation not permitted
test unknown_is_rejected_even_by_a_capable_backend_and_not_required_is_distinct ... ok
test stale_receipts_and_lost_application_responses_remain_unknown_without_retry ... ok
test real_backend_rejects_required_policies_before_exec_and_reports_no_application ... ok
test whole_bundle_all_available_all_unavailable_and_mixed_have_no_partial_application ... ok
test upper_bounds_do_not_reserve_but_reserved_capacity_and_access_conflicts_are_atomic ... ok
test real_backend_keeps_legacy_and_explicit_no_policy_startup_working ... ok

test result: ok. 12 passed; 0 failed; 0 ignored; 0 measured; 0 filtered out; finished in 0.10s

     Running tests/guarded.rs (../.g2-evidence/solutions-final-target/debug/deps/guarded-e737ce49cfbbfe6e)

running 7 tests
test guarded_paths_are_per_instance_and_scope_is_preserved ... ok
test guarded_recipe_cannot_use_alive_only_parameters_restart_or_physical_authority_fallback ... ok
test nonzero_guarded_exit_is_unconfirmed_even_with_stopped_report ... ok
test failed_first_term_retries_the_same_owned_service_without_waiting_for_timeout ... ok
test lost_protocol_readiness_latches_cooperative_shutdown_instead_of_restart ... ok
test guarded_readiness_requires_protocol_and_exit_zero_requires_terminal_report ... ok
test held_guarded_service_is_not_forced_after_timeout ... ok

test result: ok. 7 passed; 0 failed; 0 ignored; 0 measured; 0 filtered out; finished in 0.14s

     Running tests/guarded_os.rs (../.g2-evidence/solutions-final-target/debug/deps/guarded_os-d23596993f3dbc09)

running 0 tests

test result: ok. 0 passed; 0 failed; 0 ignored; 0 measured; 0 filtered out; finished in 0.00s

     Running tests/initialization.rs (../.g2-evidence/solutions-final-target/debug/deps/initialization-726a5002ab88fee7)

running 2 tests
test required_composition_initialization_rejects_missing_partial_changed_list_and_wrong_digest ... ok
test four_named_initializer_successes_are_recorded_once_and_entered_is_never_replayed ... ok

test result: ok. 2 passed; 0 failed; 0 ignored; 0 measured; 0 filtered out; finished in 0.49s

     Running tests/lifecycle.rs (../.g2-evidence/solutions-final-target/debug/deps/lifecycle-e521bf48094b589c)

running 10 tests
test release_program_change_and_unsafe_plan_choices_are_rejected ... ok
test uncertain_backend_result_is_not_a_known_start_failure ... ok
test default_authority_does_not_start_control_owners_and_other_stores_are_not_claimed ... ok
test supervisor_restart_keeps_live_or_uncertain_processes_unknown_and_never_signals_saved_pids ... ok
test failed_stop_persistence_still_prevents_new_processes_and_exit_observation_can_be_retried ... ok
test dependencies_start_after_readiness_and_stop_before_their_provider ... ok
test launch_commit_boundaries_never_replay_an_uncertain_spawn ... ok
test execution_retry::previous_application_observation_does_not_cover_a_new_prepared_instance ... ok
test stop_authority_is_required_and_control_processes_are_never_force_killed ... ok
test software_restart_budget_persists_until_an_explicit_clean_reactivation ... ok

test result: ok. 10 passed; 0 failed; 0 ignored; 0 measured; 0 filtered out; finished in 0.29s

     Running tests/os_process.rs (../.g2-evidence/solutions-final-target/debug/deps/os_process-efc58c6eb8103613)

running 2 tests
test tampered_program_file_is_not_started ... ok
test real_process_readiness_is_instance_correlated_and_shutdown_reaps_the_owned_process ... ok

test result: ok. 2 passed; 0 failed; 0 ignored; 0 measured; 0 filtered out; finished in 0.76s

     Running tests/recovery.rs (../.g2-evidence/solutions-final-target/debug/deps/recovery-7c4dfe1237e3dc66)

running 9 tests
test disposition_and_resume_consumption_rollback_without_half_records ... ok
test old_run_prepared_instance_and_automatic_restart_budget_are_not_recovery_routes ... ok
test weak_observations_and_default_authority_cannot_dispose ... ok
test witness_scope_time_target_actor_and_stale_revision_are_checked ... ok
test unable_to_resolve_is_not_success_or_permission_to_resume ... ok
test explicit_resume_consumes_once_and_uses_new_instance_without_restoring_receipts ... ok
test missing_original_pid_binding_requires_another_provider_not_an_inferred_closure ... ok
test disposed_observation_cannot_be_overwritten_by_an_old_supervisor ... ok
test confirmed_disposition_preserves_unknown_and_does_not_automatically_open_assignment ... ok

test result: ok. 9 passed; 0 failed; 0 ignored; 0 measured; 0 filtered out; finished in 1.16s

     Running tests/registration.rs (../.g2-evidence/solutions-final-target/debug/deps/registration-8b0bdfb9a870a2cd)

running 11 tests
test failed_transaction_commits_neither_revision_nor_control_event_or_projection ... ok
test registration_exists_without_execution_or_plan_and_survives_repository_reopen ... ok
test competing_updates_and_retired_reactivation_fail_without_erasing_history ... ok
test registration_never_replaces_lifecycle_authority ... ok
test missing_executable_does_not_deregister_the_component ... ok
test historical_assignment_revision_survives_a_label_review_after_exit ... ok
test failure_between_assignment_and_observation_is_unconfirmed_and_cannot_replay ... ok
test catalog_weakening_and_legacy_reopen_are_explained_and_leave_old_records_readable ... ok
test different_plan_same_name_pid_and_port_make_distinct_executions_of_one_registration ... ok
test retirement_blocks_new_assignment_but_keeps_running_history_and_unresolved_obligations ... ok
test normal_exit_unexpected_handle_loss_and_restart_preserve_registration ... ok

test result: ok. 11 passed; 0 failed; 0 ignored; 0 measured; 0 filtered out; finished in 0.13s

     Running tests/registration_passage.rs (../.g2-evidence/solutions-final-target/debug/deps/registration_passage-18b7ab9bf72010d2)

running 2 tests
test passage_worker ... ignored, worker invoked only by the real registration passage
test real_registration_passage ... ignored, requires validated /opt/rx release; run tools/registration_passage.py

test result: ok. 0 passed; 0 failed; 2 ignored; 0 measured; 0 filtered out; finished in 0.00s

     Running tests/replacement.rs (../.g2-evidence/solutions-final-target/debug/deps/replacement-6df0d8c016192c0c)

running 8 tests
test old_source_loss_withholds_only_its_interval_while_new_and_independent_work_continue ... ok
test two_concurrent_applications_from_one_base_cannot_both_win ... ok
test changed_consumer_revision_preserves_history_but_cannot_reinterpret_old_route ... ok
test default_catalog_does_not_apply_a_replacement_or_block_diagnostic_completion ... ok
test authority_expiry_revocation_restart_and_candidate_generation_are_rechecked ... ok
test assignment_observed_before_switch_cannot_commit_against_superseded_route ... ok
test route_switch_midflight_keeps_old_version_and_new_assignments_use_new_then_return ... ok
test partial_staging_rollback_and_lost_reply_leave_one_route_and_preserve_receipt ... ok

test result: ok. 8 passed; 0 failed; 0 ignored; 0 measured; 0 filtered out; finished in 6.75s

     Running tests/resident_registration.rs (../.g2-evidence/solutions-final-target/debug/deps/resident_registration-5ddd7b960029e2e1)

running 12 tests
test resident_failed_assignment_never_reaches_the_os_backend ... ok
test resident_legacy_store_cannot_be_adopted_by_creating_registration ... ok
test resident_catalog_change_does_not_rewrite_accepted_history ... ok
test resident_failure_between_registration_and_index_rolls_back_every_record ... ok
test resident_duplicate_registration_mapping_is_refused ... ok
test resident_missing_selection_is_not_automatically_registered ... ok
test resident_duplicate_selection_mapping_is_refused ... ok
test resident_cross_selection_assignment_cannot_satisfy_reconciliation ... ok
test resident_reopen_keeps_distinct_ids_and_unknown_without_pid_adoption ... ok
test resident_retirement_does_not_register_a_replacement ... ok
test resident_swapped_index_cannot_adopt_another_components_execution ... ok
test resident_guarded_legacy_retains_dependency_stop_order_and_never_forces ... ok

test result: ok. 12 passed; 0 failed; 0 ignored; 0 measured; 0 filtered out; finished in 0.22s

     Running tests/resource_enforcement.rs (../.g2-evidence/solutions-final-target/debug/deps/resource_enforcement-81db04c584355ea8)

running 2 tests
test address_space_is_rejected_on_non_linux_without_an_ignore_escape ... ok
test unsupported_reserved_capacity_rejects_the_entire_bundle ... ok

test result: ok. 2 passed; 0 failed; 0 ignored; 0 measured; 0 filtered out; finished in 0.03s

     Running tests/service_catalog.rs (../.g2-evidence/solutions-final-target/debug/deps/service_catalog-664c05e03dbe1fe0)

running 4 tests
test each_executor_requires_matching_host_edges_and_definitions_without_cross_cell_shortcuts ... ok
test service_names_cannot_be_paths_or_choose_programs ... ok
test two_hosts_and_two_cells_resolve_fixed_binaries_and_independent_dependency_order ... ok
test distinct_executor_principals_cannot_compete_for_the_same_installation_cell ... ok

test result: ok. 4 passed; 0 failed; 0 ignored; 0 measured; 0 filtered out; finished in 0.01s

     Running tests/support_limits.rs (../.g2-evidence/solutions-final-target/debug/deps/support_limits-08cde82118bb6046)

running 0 tests

test result: ok. 0 passed; 0 failed; 0 ignored; 0 measured; 0 filtered out; finished in 0.00s

     Running tests/use_assessment.rs (../.g2-evidence/solutions-final-target/debug/deps/use_assessment-f80e6987cb1b0386)

running 9 tests
test reported_area_denial_differs_from_unconnected_or_invalid_provider ... ok
test alive_only_and_undeclared_programs_stay_unsupported ... ok
test not_evaluated_not_met_and_unsupported_have_named_conditions ... ok
test omitted_declaration_preserves_legacy_serialization_and_closed_child_cannot_report_ready ... ok
test new_owner_does_not_restore_a_readiness_assessment_or_permission ... ok
test registration_and_f1_admission_do_not_evaluate_or_grant_use ... ok
test another_instance_and_previous_assessment_response_cannot_be_promoted ... ok
test declared_conditions_cannot_be_lowered_through_site_or_existing_catalog_pin ... ok
test reported_conditions_and_work_use_are_separate_and_read_only ... ok

test result: ok. 9 passed; 0 failed; 0 ignored; 0 measured; 0 filtered out; finished in 3.26s

     Running tests/verified_decision.rs (../.g2-evidence/solutions-final-target/debug/deps/verified_decision-360499aacd14bf76)

running 9 tests
test exact_registration_scope_generation_and_binding_are_required ... ok
test expiry_is_anchored_to_challenge_and_ttl_cannot_exceed_author_policy ... ok
test changed_program_anchor_cannot_reopen_an_existing_registration ... ok
test initial_and_replacement_acceptance_are_distinct_and_do_not_grant_work_or_apply_binding ... ok
test receiver_loss_and_unconfigured_catalogs_cannot_restore_permission ... ok
test a_signed_decision_id_cannot_be_redefined_or_extended ... ok
test external_work_decision_does_not_promote_readiness_execution_or_binding ... ok
test signature_key_context_and_wire_shape_attacks_are_rejected ... ok
test signed_revocation_blocks_clones_and_reimport_without_rewriting_history ... ok

test result: ok. 9 passed; 0 failed; 0 ignored; 0 measured; 0 filtered out; finished in 4.69s

     Running tests/work_use.rs (../.g2-evidence/solutions-final-target/debug/deps/work_use-c934ea0c0ab58711)

running 9 tests
test rollback_spends_nothing_and_response_loss_is_resolved_by_query_not_replay ... ok
test changed_report_and_registration_between_judgment_and_cut_refuse_commit ... ok
test receiver_restart_keeps_history_but_invalidates_retained_permission ... ok
test revocation_waits_for_whole_transaction_and_does_not_rewrite_completed_work ... ok
test expiry_after_logical_cut_during_commit_io_preserves_inert_result ... ok
test absent_authority_blocks_work_without_blocking_f5_diagnostics ... ok
test derived_support_gap_is_actual_work_and_history_is_not_current_permission ... ok
test expiry_and_revocation_before_cut_do_not_commit_or_spend ... ok
test explicit_external_denial_and_missing_judgment_response_cannot_prepare_work ... ok

test result: ok. 9 passed; 0 failed; 0 ignored; 0 measured; 0 filtered out; finished in 6.21s

   Doc-tests rx_device_package

running 0 tests

test result: ok. 0 passed; 0 failed; 0 ignored; 0 measured; 0 filtered out; finished in 0.00s

   Doc-tests rx_executor

running 0 tests

test result: ok. 0 passed; 0 failed; 0 ignored; 0 measured; 0 filtered out; finished in 0.00s

   Doc-tests rx_host

running 0 tests

test result: ok. 0 passed; 0 failed; 0 ignored; 0 measured; 0 filtered out; finished in 0.00s

   Doc-tests rx_melsec_mc

running 0 tests

test result: ok. 0 passed; 0 failed; 0 ignored; 0 measured; 0 filtered out; finished in 0.00s

   Doc-tests rx_process

running 0 tests

test result: ok. 0 passed; 0 failed; 0 ignored; 0 measured; 0 filtered out; finished in 0.00s

   Doc-tests rx_process_package

running 0 tests

test result: ok. 0 passed; 0 failed; 0 ignored; 0 measured; 0 filtered out; finished in 0.00s

   Doc-tests rx_service_status

running 0 tests

test result: ok. 0 passed; 0 failed; 0 ignored; 0 measured; 0 filtered out; finished in 0.00s

   Doc-tests rx_solution_catalog

running 0 tests

test result: ok. 0 passed; 0 failed; 0 ignored; 0 measured; 0 filtered out; finished in 0.00s

   Doc-tests rx_supervisor

running 12 tests
test runtime/rx-supervisor/src/work_use.rs - work_use::Prepared (line 74) - compile fail ... ok
test runtime/rx-supervisor/src/work_use.rs - work_use::Prepared (line 70) - compile fail ... ok
test runtime/rx-supervisor/src/registration/recovery.rs - registration::recovery::ProcessInvestigation (line 8) - compile fail ... ok
test runtime/rx-supervisor/src/registration/diagnostic/replacement.rs - registration::diagnostic::replacement::PreparedReplacement (line 84) - compile fail ... ok
test runtime/rx-supervisor/src/registration/diagnostic/replacement.rs - registration::diagnostic::replacement::PreparedReplacement (line 80) - compile fail ... ok
test runtime/rx-supervisor/src/registration/recovery.rs - registration::recovery::ProcessInvestigation (line 17) - compile fail ... ok
test runtime/rx-supervisor/src/registration/recovery.rs - registration::recovery::ProcessInvestigation (line 12) - compile fail ... ok
test runtime/rx-supervisor/src/registration/diagnostic/replacement.rs - registration::diagnostic::replacement::PreparedReplacement (line 72) - compile fail ... ok
test runtime/rx-supervisor/src/registration/diagnostic/replacement.rs - registration::diagnostic::replacement::PreparedReplacement (line 76) - compile fail ... ok
test runtime/rx-supervisor/src/registration/recovery.rs - registration::recovery::Registry<R>::investigate (line 494) - compile fail ... ok
test runtime/rx-supervisor/src/work_use.rs - work_use::Prepared (line 78) - compile fail ... ok
test runtime/rx-supervisor/src/work_use.rs - work_use::Prepared (line 82) - compile fail ... ok

test result: ok. 12 passed; 0 failed; 0 ignored; 0 measured; 0 filtered out; finished in 0.61s

