    Checking once_cell v1.21.4
    Checking memchr v2.8.3
    Checking serde_core v1.0.229
    Checking zeroize v1.9.0
    Checking thiserror v2.0.20
    Checking rustix v1.1.4
    Checking bytes v1.12.1
    Checking socket2 v0.6.5
    Checking smallvec v1.16.0
    Checking futures-core v0.3.34
   Compiling cfg-if v1.0.4
    Checking futures-sink v0.3.34
    Checking curve25519-dalek v5.0.0
    Checking equivalent v1.0.2
    Checking tracing-core v0.1.36
    Checking rusqlite v0.40.2
    Checking slab v0.4.12
   Compiling generic-array v0.14.7
    Checking indexmap v2.14.2
   Compiling bitflags v2.13.2
    Checking tracing v0.1.44
    Checking getrandom v0.2.17
    Checking untrusted v0.9.0
    Checking tokio v1.53.1
    Checking http v1.5.0
    Checking tower-service v0.3.3
    Checking futures-task v0.3.34
    Checking ring v0.17.14
    Checking futures-util v0.3.34
    Checking ed25519-dalek v3.0.0
    Checking rustls-pki-types v1.15.1
   Compiling block-buffer v0.10.4
   Compiling crypto-common v0.1.7
    Checking atomic-waker v1.1.2
    Checking fnv v1.0.7
    Checking try-lock v0.2.5
    Checking want v0.3.1
   Compiling pulldown-cmark v0.13.4
   Compiling digest v0.10.7
    Checking httparse v1.10.1
    Checking http-body v1.1.0
   Compiling getrandom v0.4.3
   Compiling cpufeatures v0.2.17
    Checking futures-channel v0.3.34
   Compiling zmij v1.0.23
   Compiling itoa v1.0.18
    Checking httpdate v1.0.3
   Compiling fastrand v2.5.0
    Checking sync_wrapper v1.0.2
    Checking tower-layer v0.3.3
   Compiling serde_json v1.0.151
   Compiling sha2 v0.10.9
   Compiling petgraph v0.8.3
    Checking http-body-util v0.1.5
    Checking rustls-webpki v0.103.15
   Compiling prost-types v0.14.4
    Checking fs-set-times v0.20.3
    Checking cap-primitives v4.0.3
    Checking tempfile v3.27.0
   Compiling pulldown-cmark-to-cmark v22.0.1
   Compiling log v0.4.34
    Checking serde v1.0.229
    Checking uuid v1.26.1
    Checking cap-std v4.0.3
    Checking semver v1.0.28
    Checking cap-fs-ext v4.0.3
    Checking mime v0.3.17
    Checking rustls v0.23.44
    Checking prost v0.14.4
    Checking percent-encoding v2.3.2
    Checking axum-core v0.5.6
    Checking matchit v0.8.4
    Checking pin-project v1.1.13
    Checking base64 v0.22.1
   Compiling rx-host v0.1.0 (/Users/ojaehong/RX_automation/rx_ws/rx-solutions/runtime/rx-host)
    Checking rx-melsec-mc v0.1.0 (/Users/ojaehong/RX_automation/rx_ws/rx-solutions/drivers/rx-melsec-mc)
    Checking time-core v0.1.9
    Checking deranged v0.5.8
    Checking num-conv v0.2.2
    Checking powerfmt v0.2.0
    Checking base64 v0.23.1
    Checking pem v4.0.0
    Checking serde_jcs v0.2.0
    Checking rx-domain v0.1.0 (/Users/ojaehong/RX_automation/rx_ws/rx-solutions/sdk/crates/rx-domain)
   Compiling prost-build v0.14.4
    Checking prost-reflect v0.16.5
   Compiling tonic-prost-build v0.14.6
   Compiling rx-protocol v0.1.0 (/Users/ojaehong/RX_automation/rx_ws/rx-solutions/sdk/crates/rx-protocol)
    Checking time v0.3.55
    Checking yasna v0.6.0
    Checking tokio-util v0.7.19
    Checking tokio-stream v0.1.19
    Checking rcgen v0.14.10
    Checking rx-ports v0.1.0 (/Users/ojaehong/RX_automation/rx_ws/rx-solutions/sdk/crates/rx-ports)
    Checking rx-process-contract v0.1.0 (/Users/ojaehong/RX_automation/rx_ws/rx-solutions/sdk/crates/rx-process-contract)
    Checking h2 v0.4.19
    Checking tower v0.5.3
    Checking rx-package v0.1.0 (/Users/ojaehong/RX_automation/rx_ws/rx-solutions/sdk/crates/rx-package)
    Checking rx-service-status v0.1.0 (/Users/ojaehong/RX_automation/rx_ws/rx-solutions/runtime/rx-service-status)
    Checking rx-storage v0.1.0 (/Users/ojaehong/RX_automation/rx_ws/rx-solutions/sdk/crates/rx-storage)
    Checking tokio-rustls v0.26.5
    Checking axum v0.8.9
    Checking rx-solution-catalog v0.1.0 (/Users/ojaehong/RX_automation/rx_ws/rx-solutions/runtime/rx-solution-catalog)
    Checking rx-supervisor v0.1.0 (/Users/ojaehong/RX_automation/rx_ws/rx-solutions/runtime/rx-supervisor)
    Checking hyper v1.11.1
    Checking rx-process v0.1.0 (/Users/ojaehong/RX_automation/rx_ws/rx-solutions/runtime/rx-process)
    Checking rx-process-package v0.1.0 (/Users/ojaehong/RX_automation/rx_ws/rx-solutions/runtime/rx-process-package)
    Checking hyper-util v0.1.20
    Checking hyper-timeout v0.5.2
    Checking tonic v0.14.6
    Checking tonic-prost v0.14.6
    Checking rx-executor v0.1.0 (/Users/ojaehong/RX_automation/rx_ws/rx-solutions/runtime/rx-executor)
    Checking rx-device-package v0.1.0 (/Users/ojaehong/RX_automation/rx_ws/rx-solutions/runtime/rx-device-package)
    Finished `dev` profile [unoptimized + debuginfo] target(s) in 25.82s
