#0 building with "desktop-linux" instance using docker driver

#1 [internal] load build definition from ExecutorValidation.Dockerfile
#1 transferring dockerfile: 702B done
#1 DONE 0.0s

#2 [internal] load metadata for docker.io/library/rx-solutions:protocol-validation
#2 DONE 0.0s

#3 [1/5] FROM docker.io/library/rx-solutions:protocol-validation@sha256:efb3b752bd6f7d69dadf038330511997d4e5f3013302355e76a03e15e886525d
#3 resolve docker.io/library/rx-solutions:protocol-validation@sha256:efb3b752bd6f7d69dadf038330511997d4e5f3013302355e76a03e15e886525d done
#3 DONE 0.0s

#4 [internal] load build context
#4 transferring context: 76.70kB 0.0s done
#4 DONE 0.0s

#5 [2/5] WORKDIR /src
#5 CACHED

#6 [3/5] COPY vendor/BehaviorTree.CPP /src/vendor/BehaviorTree.CPP
#6 CACHED

#7 [4/5] COPY native/executor /src/native/executor
#7 DONE 0.0s

#8 [5/5] RUN cmake -S native/executor -B /build/executor -G Ninja -DCMAKE_BUILD_TYPE=Release     && cmake --build /build/executor -j2
#8 0.123 -- The CXX compiler identification is GNU 13.3.0
#8 0.130 -- Detecting CXX compiler ABI info
#8 0.160 -- Detecting CXX compiler ABI info - done
#8 0.164 -- Check for working CXX compiler: /usr/bin/c++ - skipped
#8 0.164 -- Detecting CXX compile features
#8 0.165 -- Detecting CXX compile features - done
#8 0.189 -- The C compiler identification is GNU 13.3.0
#8 0.194 -- Detecting C compiler ABI info
#8 0.215 -- Detecting C compiler ABI info - done
#8 0.219 -- Check for working C compiler: /usr/bin/cc - skipped
#8 0.219 -- Detecting C compile features
#8 0.219 -- Detecting C compile features - done
#8 0.220 -- ------------------------------------------
#8 0.220 -- BehaviorTree is being built without AMENT.
#8 0.220 -- ------------------------------------------
#8 0.221 -- Performing Test CMAKE_HAVE_LIBC_PTHREAD
#8 0.241 -- Performing Test CMAKE_HAVE_LIBC_PTHREAD - Success
#8 0.242 -- Found Threads: TRUE  
#8 0.244 -- BTCPP_EXTRA_LIBRARIES: 
#8 0.244 -- BTCPP_LIB_DESTINATION:   lib 
#8 0.244 -- BTCPP_INCLUDE_DESTINATION: include 
#8 0.244 -- BUILD_TESTING:   OFF 
#8 0.247 -- Configuring done (0.2s)
#8 0.252 -- Generating done (0.0s)
#8 0.253 -- Build files have been written to: /build/executor
#8 1.812 [1/52] Building CXX object CMakeFiles/rx_bt_executor.dir/nodes.cpp.o
#8 1.978 [2/52] Building CXX object CMakeFiles/rx_bt_executor.dir/runtime.cpp.o
#8 3.917 [3/52] Building CXX object CMakeFiles/rx_bt_executor.dir/xml.cpp.o
#8 6.803 [4/52] Building CXX object CMakeFiles/rx_bt_executor.dir/frame.cpp.o
#8 7.790 [5/52] Building CXX object CMakeFiles/rx-bt-tests.dir/tests.cpp.o
#8 8.021 [6/52] Building CXX object btcpp/CMakeFiles/behaviortree_cpp.dir/src/action_node.cpp.o
#8 9.532 [7/52] Building CXX object btcpp/CMakeFiles/behaviortree_cpp.dir/src/behavior_tree.cpp.o
#8 10.08 [8/52] Building CXX object btcpp/CMakeFiles/behaviortree_cpp.dir/src/basic_types.cpp.o
#8 11.07 [9/52] Building CXX object btcpp/CMakeFiles/behaviortree_cpp.dir/src/blackboard.cpp.o
#8 12.25 [10/52] Building CXX object btcpp/CMakeFiles/behaviortree_cpp.dir/src/decorator_node.cpp.o
#8 13.29 [11/52] Building CXX object btcpp/CMakeFiles/behaviortree_cpp.dir/src/condition_node.cpp.o
#8 14.31 [12/52] Building CXX object btcpp/CMakeFiles/behaviortree_cpp.dir/src/control_node.cpp.o
#8 14.48 [13/52] Building CXX object btcpp/CMakeFiles/behaviortree_cpp.dir/src/shared_library.cpp.o
#8 16.16 [14/52] Building CXX object btcpp/CMakeFiles/behaviortree_cpp.dir/src/tree_node.cpp.o
#8 17.26 [15/52] Building CXX object btcpp/CMakeFiles/behaviortree_cpp.dir/src/bt_factory.cpp.o
#8 18.95 [16/52] Building CXX object btcpp/CMakeFiles/behaviortree_cpp.dir/src/json_export.cpp.o
#8 19.93 [17/52] Building CXX object btcpp/CMakeFiles/behaviortree_cpp.dir/src/script_parser.cpp.o
#8 20.89 [18/52] Building CXX object btcpp/CMakeFiles/behaviortree_cpp.dir/src/actions/test_node.cpp.o
#8 21.14 [19/52] Building CXX object btcpp/CMakeFiles/behaviortree_cpp.dir/src/xml_parsing.cpp.o
#8 22.08 [20/52] Building CXX object btcpp/CMakeFiles/behaviortree_cpp.dir/src/actions/sleep_node.cpp.o
#8 22.32 [21/52] Building CXX object btcpp/CMakeFiles/behaviortree_cpp.dir/src/actions/updated_action.cpp.o
#8 23.09 [22/52] Building CXX object btcpp/CMakeFiles/behaviortree_cpp.dir/src/decorators/inverter_node.cpp.o
#8 23.28 [23/52] Building CXX object btcpp/CMakeFiles/behaviortree_cpp.dir/src/decorators/delay_node.cpp.o
#8 24.18 [24/52] Building CXX object btcpp/CMakeFiles/behaviortree_cpp.dir/src/decorators/repeat_node.cpp.o
#8 24.37 [25/52] Building CXX object btcpp/CMakeFiles/behaviortree_cpp.dir/src/decorators/retry_node.cpp.o
#8 24.99 [26/52] Building CXX object btcpp/CMakeFiles/behaviortree_cpp.dir/src/decorators/subtree_node.cpp.o
#8 25.48 [27/52] Building CXX object btcpp/CMakeFiles/behaviortree_cpp.dir/src/decorators/timeout_node.cpp.o
#8 26.16 [28/52] Building CXX object btcpp/CMakeFiles/behaviortree_cpp.dir/src/decorators/updated_decorator.cpp.o
#8 26.23 [29/52] Building CXX object btcpp/CMakeFiles/behaviortree_cpp.dir/src/controls/if_then_else_node.cpp.o
#8 26.94 [30/52] Building CXX object btcpp/CMakeFiles/behaviortree_cpp.dir/src/controls/fallback_node.cpp.o
#8 27.35 [31/52] Building CXX object btcpp/CMakeFiles/behaviortree_cpp.dir/src/controls/parallel_node.cpp.o
#8 28.00 [32/52] Building CXX object btcpp/CMakeFiles/behaviortree_cpp.dir/src/controls/parallel_all_node.cpp.o
#8 28.09 [33/52] Building CXX object btcpp/CMakeFiles/behaviortree_cpp.dir/src/controls/reactive_sequence.cpp.o
#8 28.75 [34/52] Building CXX object btcpp/CMakeFiles/behaviortree_cpp.dir/src/controls/reactive_fallback.cpp.o
#8 28.84 [35/52] Building CXX object btcpp/CMakeFiles/behaviortree_cpp.dir/src/controls/sequence_node.cpp.o
#8 29.53 [36/52] Building CXX object btcpp/CMakeFiles/behaviortree_cpp.dir/src/controls/sequence_with_memory_node.cpp.o
#8 29.57 [37/52] Building CXX object btcpp/CMakeFiles/behaviortree_cpp.dir/src/controls/switch_node.cpp.o
#8 30.29 [38/52] Building CXX object btcpp/CMakeFiles/behaviortree_cpp.dir/src/controls/while_do_else_node.cpp.o
#8 30.78 [39/52] Building CXX object btcpp/CMakeFiles/behaviortree_cpp.dir/src/loggers/bt_cout_logger.cpp.o
#8 31.62 [40/52] Building CXX object btcpp/CMakeFiles/behaviortree_cpp.dir/src/loggers/bt_file_logger_v2.cpp.o
#8 31.95 [41/52] Building CXX object btcpp/CMakeFiles/behaviortree_cpp.dir/src/loggers/bt_minitrace_logger.cpp.o
#8 32.10 [42/52] Building CXX object btcpp/CMakeFiles/behaviortree_cpp.dir/src/shared_library_UNIX.cpp.o
#8 32.52 [43/52] Building CXX object btcpp/3rdparty/tinyxml2/CMakeFiles/tinyxml2.dir/tinyxml2.cpp.o
#8 32.53 [44/52] Linking CXX static library btcpp/3rdparty/tinyxml2/libtinyxml2.a
#8 32.57 [45/52] Building CXX object btcpp/3rdparty/lexy/src/CMakeFiles/lexy_file.dir/input/file.cpp.o
#8 32.58 [46/52] Linking CXX static library btcpp/3rdparty/lexy/src/liblexy_file.a
#8 32.63 [47/52] Building CXX object btcpp/3rdparty/minitrace/CMakeFiles/minitrace.dir/minitrace.cpp.o
#8 32.64 [48/52] Linking CXX static library btcpp/3rdparty/minitrace/libminitrace.a
#8 32.90 [49/52] Building CXX object btcpp/CMakeFiles/behaviortree_cpp.dir/src/loggers/bt_observer.cpp.o
#8 32.92 [50/52] Linking CXX static library btcpp/libbehaviortree_cpp.a
#8 32.93 [51/52] Linking CXX static library librx_bt_executor.a
#8 32.98 [52/52] Linking CXX executable rx-bt-tests
#8 DONE 33.0s

#9 exporting to image
#9 exporting layers
#9 exporting layers 0.3s done
#9 exporting manifest sha256:702e8e86b02c80a88834f74d845f937d54a6d3dfe5facb37b8d52dec5d483045 done
#9 exporting config sha256:f0c88d4789f924a80040d588431ac44fb910fcbc95ec5dab4f142b0774eb5b33 done
#9 exporting attestation manifest sha256:8af50e63168cff87e5254b34404301f85c96e0423fdffe154ad47c2e84153031 done
#9 exporting manifest list sha256:0257f15226302e51b89eba84a6a629cde01989d6dba8442a2b05954cfba7df7d done
#9 naming to docker.io/library/rx-solutions:executor-validation done
#9 unpacking to docker.io/library/rx-solutions:executor-validation 0.0s done
#9 DONE 0.3s
