{
  "schema": "rx.solutions-runtime-files.v1",
  "files": {
    "LICENSE": "cfc7749b96f63bd31c3c42b5c471bf756814053e847c10f3eb003417bc523d30",
    "NOTICE": "3ef7589e4420cbf4dce51ce6519e2116be214b029330f8e93f0f0fe56c7d03a3",
    "bin/rx-bt-engine": "4ba155d7dfdc48552826a48f1baf6b3df907ce775710d846aad613dd6fbd5385",
    "bin/rx-device-package": "55ed23ca20d61a75d5784cd12a7da2cc83e7f9c3e685c0c2f29432a41c84b89b",
    "bin/rx-dynamixel-ping": "95cb5b1902bbeab0af2d984b9f7c38210b48254be2b0d43720ba5e66d11db51c",
    "bin/rx-executor-service": "a797d8e3155a90d34f0c526a224c740d7ac7c96afdc47af92edb46d6b39949e6",
    "bin/rx-hostd": "173a6c838c8cb110396b74a4c6c55035ddae3df9f4aa2255d0a75d68ac98cc3e",
    "bin/rx-process-compile": "b004549dfe75505fde67382c5a8723b76e1d7f8a54156ce1296dad55b049c894",
    "bin/rx-process-package": "2a85ec5bbf314a3fba7a82a1cf7feab295158b9e04f746e657bfd0ca9217797e",
    "bin/rx-ros-jtc-bridge": "7bf3cde7367e0923246f3f58647ea9006a24bf731066ae24056e13caa8aeb601",
    "bin/rx-solutionsd": "46252d17b5e6c887048459e39755e67a9147ba3ce684fc7942a41f2ae80d8a8f",
    "catalogs/README.md": "b94a4bcdec1ddd6ac5dcf5d5ed94f15caadbcc63b5c85a158640abb10d31a5c3",
    "catalogs/device-support.v1.json": "669aaf825d542bf3173ab49072350b488e2f71826dfd9492e006d059a3c2ccbd",
    "catalogs/fixtures/controllers.v1.json": "353fedf33febe4579d8161fe148ce13772a8b1c0d2ad3f4efd0348391d01d1ac",
    "operator/assets/ibm-plex-sans-kr-0-400-normal-COdVePwF.woff2": "c61d2369fce7e2902cfda0b999ec757a21aa0bbb5d0696453781e4b46695cd06",
    "operator/assets/ibm-plex-sans-kr-0-400-normal-DEF_oZFa.woff": "98fa9750e3e9488341203c5bd3e50f48c67182d4070b6f64ab1e39d3ebcbd79c",
    "operator/assets/ibm-plex-sans-kr-0-500-normal-ZOw-Oe4Z.woff2": "0e5ed195db0764cfbdb0dfaadf7f2cf4558abffa6d6dbc69426c72ae5b929494",
    "operator/assets/ibm-plex-sans-kr-0-500-normal-aGZllF0U.woff": "f0ea11eb0d30c4fa6fe60ea1ce56e1d1b1763a9de61ebace73dec01bdacb1cbf",
    "operator/assets/ibm-plex-sans-kr-0-600-normal-DLXpb0hq.woff": "26396e31b13d75f2e8735c3f6a358c83df92d369a739e505f544c2deb1e433ad",
    "operator/assets/ibm-plex-sans-kr-0-600-normal-DuzcAQdo.woff2": "7f1e2c5c9359f2a7e7d0ce56eb9aa04fe00d26e97d6ad58b33bf14d27a82c990",
    "operator/assets/ibm-plex-sans-kr-10-400-normal-BOnpTeYv.woff2": "d5f2ba6b27d9dacd91ab2eac2e8e77e8732be906c6835ada332dc85ec9e98e61",
    "operator/assets/ibm-plex-sans-kr-10-400-normal-CRn7_mZz.woff": "569468b2eeb4e11bf3b0b72eeebb02248e285c2838741cfa0cb18cea7b89c4a4",
    "operator/assets/ibm-plex-sans-kr-10-500-normal-4KY48fu0.woff": "e69c46cee8312d80c39189ccfddfa0c93da51458be41a3862ad0b057bb81917a",
    "operator/assets/ibm-plex-sans-kr-10-500-normal-ycH3xAAg.woff2": "bd9383d077a9124c2925e5e9e35a726968fd9368da7197d0eef06a95efe1a67f",
    "operator/assets/ibm-plex-sans-kr-10-600-normal-BAjKvcG-.woff2": "4a6d04f4272c42bb9584bee75047ae0b4a6da15b9e36ab57a928779d41cb9d3e",
    "operator/assets/ibm-plex-sans-kr-10-600-normal-DIq7Gv9V.woff": "11b617157bb6432b5699113f759eb56844cb41c4c1926a837d6c48c1cf77be50",
    "operator/assets/ibm-plex-sans-kr-100-400-normal-3DeNbFry.woff2": "2a5d45e864790e59ba6f04df20bd91f0bdf70e435c391317d0e2c6f23aac507a",
    "operator/assets/ibm-plex-sans-kr-100-400-normal-BQdwTqgb.woff": "7a0d672fb6a398bb187e88d40da9ba0e71971870ee167115d8c1772be8c4bef2",
    "operator/assets/ibm-plex-sans-kr-100-500-normal-CYmhs-uc.woff": "3052f979d7d7d079412ebe04493b5bb25393cd59fe5c58d8382e304dcc08ba3c",
    "operator/assets/ibm-plex-sans-kr-100-500-normal-DRrgX_RY.woff2": "ee07ff168cc29fa628d647e546b1c193a1d3ec706fa2d17aa46f6a21b2611d23",
    "operator/assets/ibm-plex-sans-kr-100-600-normal-CcI0wmDd.woff2": "3a8c8f058d85323a3d94ee37625a88a4b769c02539dcbe60bc03640e3123a99e",
    "operator/assets/ibm-plex-sans-kr-100-600-normal-ZYmKSXu1.woff": "c6aeb04b6e6e617c0d92b0456f34bf7f4e7aa761bb282e0e3bab476bc16797e3",
    "operator/assets/ibm-plex-sans-kr-101-400-normal-CwhtzdGH.woff2": "5c25fa6075f1d99b8cd543a7278391dd38d06c0dbca523c8ce33d7ad891e3932",
    "operator/assets/ibm-plex-sans-kr-101-400-normal-DQN8MKOE.woff": "62c9dacf8a3657365c1d3581b198c6039f26c7d69cbe68ecd948ce7eb53f1d45",
    "operator/assets/ibm-plex-sans-kr-101-500-normal-D3ziJXl9.woff2": "b84a4211635dfecd125551ef1d33a395c370bb5bc2484a7894cb58d8d9f08dd3",
    "operator/assets/ibm-plex-sans-kr-101-500-normal-Dt55yHJE.woff": "ed921bab4e981480b0cba3eee14a98b8a633691c3fb47dcfd9668c4412a68fee",
    "operator/assets/ibm-plex-sans-kr-101-600-normal-Cf7HWvBM.woff2": "82b1fc9c3b0d575f640dd96e8e8adb167e91cc3d21ae23c5e2ece3379967af36",
    "operator/assets/ibm-plex-sans-kr-101-600-normal-DOUVV8ig.woff": "47961fef26bff168ec4bc56ed3daaceeb301ad3d6f121321769fb13281ef140d",
    "operator/assets/ibm-plex-sans-kr-102-400-normal-BC0mCFX2.woff2": "7f08943dfc2b8e92c8b1fa89f226a3e3070f95f446799c6d48f8b6e6877c8fc4",
    "operator/assets/ibm-plex-sans-kr-102-400-normal-DHfan8x-.woff": "7ef86491e074fc029d7dbf5f70c385f2272a70b4eb0cf3581acec688ff6f82d3",
    "operator/assets/ibm-plex-sans-kr-102-500-normal-BmX3x0t4.woff2": "c999e1e0de65cada000b1ec15893fd92bde3d0532ed260f75dd0db48b265c536",
    "operator/assets/ibm-plex-sans-kr-102-500-normal-CW45f5lP.woff": "470b550674aa8a5066b8b2332ae93cd6516b488283187c13629db0adff2fc81c",
    "operator/assets/ibm-plex-sans-kr-102-600-normal-BIIL4Btv.woff": "a8b1240dc16c0b48b14fbb65fd03e9de6f9c186e0ca6e98072aa108593d26f6b",
    "operator/assets/ibm-plex-sans-kr-102-600-normal-CN8RaHGd.woff2": "b36beda4a3bf47c3a1ffeb02bf218e08b4ace11f51395f71a8034634f09339e9",
    "operator/assets/ibm-plex-sans-kr-103-400-normal-BQNnzD7b.woff": "b09721ecd9804e8328cc44da5fcd60b6791de1c40da9b4c1f690d23897af9a24",
    "operator/assets/ibm-plex-sans-kr-103-400-normal-CYHfi_5o.woff2": "f26cb6e8576ceab34fe60351f3a9ee7a449910b8cee96ebed13b9d67e512acda",
    "operator/assets/ibm-plex-sans-kr-103-500-normal-2RWRnHUp.woff2": "da3b100e417002394a049bd7c7581d89c81ddf5fec0965a86b5374da99105bed",
    "operator/assets/ibm-plex-sans-kr-103-500-normal-W1XFNDU3.woff": "ef5a96744329a1298cd84297ae5b24af4cb6eb547e1133cfd645d5fb1a5eb56b",
    "operator/assets/ibm-plex-sans-kr-103-600-normal-8oNp3a_g.woff2": "7fd8841223af517e5b1828c918611945b37934d515e381af3ebdcd6adcbcd5a8",
    "operator/assets/ibm-plex-sans-kr-103-600-normal-BKXxr4Vf.woff": "b45aca364f5767255cea40250547183f8f02c36c98bc8df508fe334e06d8cda7",
    "operator/assets/ibm-plex-sans-kr-104-400-normal-BrHR60F5.woff2": "ad679f205ae5b4eecc986d07a44038450264ab9b8d5598c0fb288d75320560e0",
    "operator/assets/ibm-plex-sans-kr-104-400-normal-kn3L8mkz.woff": "b915dfc5f895e1e914cca553db4d94b74974b2e4bfb4feccc8d022901f07e8a0",
    "operator/assets/ibm-plex-sans-kr-104-500-normal-DA4R5HED.woff": "4e87ac76218acc681e32c2d322f0c739dca288b290b4d66596b80a27923a59ac",
    "operator/assets/ibm-plex-sans-kr-104-500-normal-DHbM5qs4.woff2": "b060edda8f53ba054270903ef00921daeec7d8655502fbea48cf4d8d364919b5",
    "operator/assets/ibm-plex-sans-kr-104-600-normal-DHHBh9NH.woff2": "4fb05357d9441b891bd2922aac5fdbac8d9436e6a51cafe91864dca9aa8d3d98",
    "operator/assets/ibm-plex-sans-kr-104-600-normal-DbfrFOKo.woff": "d66e29f56c3fcaaf578857514272e75afbe2d4f1c25522c1777415fe0ec4d586",
    "operator/assets/ibm-plex-sans-kr-105-400-normal-BY6JiZG_.woff2": "d25898a721d64eb3acd965c39a9f9321adaa44ecfab4a230072ebc48aee1da0f",
    "operator/assets/ibm-plex-sans-kr-105-400-normal-D20hKn8x.woff": "129c9be3b43ba2eebaa15a165bb01c08f14d6a2b11fc47a7c9e3796416ac9ad2",
    "operator/assets/ibm-plex-sans-kr-105-500-normal-CwEuw_bU.woff2": "7767cee0375f95b12c1d69ef23c7a2902ba955be69d78de3140fda3e25119f07",
    "operator/assets/ibm-plex-sans-kr-105-500-normal-DU0dswGg.woff": "9dc83c8e5c54f1aa1884b135e2cffe697d674cbc5b70bf9989d0b6719401deca",
    "operator/assets/ibm-plex-sans-kr-105-600-normal-Bdo6QjXy.woff2": "3c3b0626852bc59404a360f5d5ba6f1ac4871a123e57bb1b8080b36b97617329",
    "operator/assets/ibm-plex-sans-kr-105-600-normal-DU6215sy.woff": "bcad54c03795f80f614009874036e6ef67afedf9032226da112744531ef84b89",
    "operator/assets/ibm-plex-sans-kr-106-400-normal-CKM4EqLH.woff2": "fe353de053a219b99966053f826c7c18297becd1ca6e4fe48f068f645473f08e",
    "operator/assets/ibm-plex-sans-kr-106-400-normal-DRimGseV.woff": "b7da98f5e9bb3b7aedbb854cd0352af11a4edb9daeb34cde1a69451652eda1e0",
    "operator/assets/ibm-plex-sans-kr-106-500-normal-B9LKd6uR.woff": "34cd70d97308b7d5c997b9883fb09e12780cce3079070c590e8dd604779b7ee2",
    "operator/assets/ibm-plex-sans-kr-106-500-normal-waJW03NJ.woff2": "29d596d9f4dfefd945e2389d61bee2e75a347ae4ab2b65d6e5787cfa159f88ff",
    "operator/assets/ibm-plex-sans-kr-106-600-normal-CIkK4pwL.woff": "c50c5b72a419a3f92035250c1ae358fd7a7abaeac0b0e0951a6b3daf775dd854",
    "operator/assets/ibm-plex-sans-kr-106-600-normal-o84Tuavw.woff2": "9db4e8e476096dc49a7c9713994d29c581949d79e6a7fc2c9f465b2ab17bce7d",
    "operator/assets/ibm-plex-sans-kr-107-400-normal-9_m442uC.woff": "15b7bba72cceff94cf05a9061f75b4ca49ed7fb3d33f41f4f2450492692340cb",
    "operator/assets/ibm-plex-sans-kr-107-400-normal-DFBsPAhk.woff2": "426872d9d6f4516a8fc6a800590cea16cd821493d7aa940306aa93810cbb0155",
    "operator/assets/ibm-plex-sans-kr-107-500-normal-B8C6z9mf.woff": "b8c645f6ec740e6b96c11f640cdf43dc6840217a046c87f0bf2526b13c192189",
    "operator/assets/ibm-plex-sans-kr-107-500-normal-CywikKdj.woff2": "d0c540675c605bef1c7515011540dc4aa841bbe87ee6de3326ee8d7149b05294",
    "operator/assets/ibm-plex-sans-kr-107-600-normal-Bj6Oga3u.woff2": "7ee6bcec9d571b60182f7080a0cae905e2a3e41159864770c86eb05920e26ed7",
    "operator/assets/ibm-plex-sans-kr-107-600-normal-IB6GFZTf.woff": "6f513461bb03aad60156849e19339613272cf46babf6d025fbe6e85d2f9afc80",
    "operator/assets/ibm-plex-sans-kr-108-400-normal-D7nsD7Wm.woff": "9656e0e2a593cc77bd8909c77664763a64f29c037c83e3374c873e5ef39397d6",
    "operator/assets/ibm-plex-sans-kr-108-400-normal-DbmD_Owd.woff2": "9cb5e509843ef90029e8823acba3a699c8338b8450ec08173749f5aaa27d8210",
    "operator/assets/ibm-plex-sans-kr-108-500-normal-CAKLebRT.woff": "b2a60ad1ea0dfa0a5b78c6810b91cfb5ce92d30c9b585926a4d1dff5f0adf8bc",
    "operator/assets/ibm-plex-sans-kr-108-500-normal-CdP8F2Jv.woff2": "8ca9e6e5364d875b3712635ebf5291ac412209a64c881b9758e8400c940a742d",
    "operator/assets/ibm-plex-sans-kr-108-600-normal-C5FnASlc.woff": "0ef4ed1d33791e51c194d838331f424ae361f97123394abdff27c2923c932385",
    "operator/assets/ibm-plex-sans-kr-108-600-normal-Cz9v4gjx.woff2": "e7d537eff2f24c29ed1f7e40a88996d654d350af562ca7d14f5251e7dcf0ab80",
    "operator/assets/ibm-plex-sans-kr-109-400-normal-Ch-uxywT.woff": "944f2565ab90141c0d1cffdc0713f47d29f7e0b167fb213ef2b8f8d48561fe2a",
    "operator/assets/ibm-plex-sans-kr-109-400-normal-ChZ2CLi-.woff2": "d327b995d75d9b29ccae542f2426dd975e77a256df83efa41b7d4d79411bf5f4",
    "operator/assets/ibm-plex-sans-kr-109-500-normal-BnWOOl51.woff": "84696914828fd556358a7de7638aeb672ee7d2107176b617f7feff1045b8eaea",
    "operator/assets/ibm-plex-sans-kr-109-500-normal-Dm0Ank3e.woff2": "3ee16cab27aadd990200869041ccbfb8a6aa0b1c63777172d0e7bd239832ea40",
    "operator/assets/ibm-plex-sans-kr-109-600-normal-BkGpNJKI.woff2": "ffd0989bb26d64cef91524108cef7cb1d041b57cadb74986298c23cef1a01b41",
    "operator/assets/ibm-plex-sans-kr-109-600-normal-CG9-PeCF.woff": "7a3d14455c81d3c78332aa8d6313d8cad23fdcede1e6b800e58d79ab23ff4607",
    "operator/assets/ibm-plex-sans-kr-11-400-normal-CN_UQa3U.woff": "1c88302b77c7eec2d67b8a9c7eb9b54f0292640c12756cdb61a99d59164f4758",
    "operator/assets/ibm-plex-sans-kr-11-400-normal-DY57wkwV.woff2": "13f41e6a24c8281dbc4bbf58e4aea379555e8fec3c364d53024584227eb3b170",
    "operator/assets/ibm-plex-sans-kr-11-500-normal-BuJhjvIH.woff": "d857d45e0d3f67f8c1a48afcd78a309dd1d329c986e0013f0cf4823d064db45f",
    "operator/assets/ibm-plex-sans-kr-11-500-normal-dR3lXot0.woff2": "d828df0f0e3654c31dcf8cff87b902485fc8d7c8966ee9d732250eda5252164c",
    "operator/assets/ibm-plex-sans-kr-11-600-normal-BUarw7E5.woff": "96ff5ba9de7c60338ee2e138d8edd560b3e25669ddd8e6a9081d41578ff3d422",
    "operator/assets/ibm-plex-sans-kr-11-600-normal-Ds-mjTNk.woff2": "854f3923d5617e5846d0107e48d1550e045f5532b42a7f17d70f283b16237048",
    "operator/assets/ibm-plex-sans-kr-110-400-normal-D259vsJ_.woff": "4f0f586f65a77078c892d7a6672fc2e4953e524695f076f96b94081bf8470745",
    "operator/assets/ibm-plex-sans-kr-110-400-normal-DvUF8GMi.woff2": "dc705bd99d511247674dfd74d6486a0fe181f7fefe4dd8f94f7d4f921b96a741",
    "operator/assets/ibm-plex-sans-kr-110-500-normal-BNbXS7l_.woff": "ed076c9ae3808b739db70b8745ad9275156033e878ffeb72aafbdecbcb733c93",
    "operator/assets/ibm-plex-sans-kr-110-500-normal-HZkWM0xD.woff2": "5af19df18648cb35a611688ec6121623724a4c21657f26b45cdc4c1df78029b4",
    "operator/assets/ibm-plex-sans-kr-110-600-normal-CisRgCMg.woff2": "792f27f34785865d0fae08223f184690c0bb54516e007f28565a982841905a32",
    "operator/assets/ibm-plex-sans-kr-110-600-normal-ReaqIn5m.woff": "50bf24568197a0adc6292a52210d6adf6ffcac49f580ff119020de8aa26758dc",
    "operator/assets/ibm-plex-sans-kr-111-400-normal-BqppHOeA.woff": "2e8b500817d11050898b2246e3b3b6d61f4e24bcb74b4270a8897e6e8a37ee8b",
    "operator/assets/ibm-plex-sans-kr-111-400-normal-DaCXFUcH.woff2": "b8bc023654f78bb8e4f159e3c1e6350bdf1370cee8baa117bcf6f833b25ee9bd",
    "operator/assets/ibm-plex-sans-kr-111-500-normal-B2z91AWP.woff2": "23bef4196723971dda42427dfbc4bbf7b9b63f136f96a675aedcd68aba6f203e",
    "operator/assets/ibm-plex-sans-kr-111-500-normal-yMGVhWWr.woff": "3f43d81a82cdd1a5e57973f30372d37b4b49f8a4de751ca7167eea5d1c0c4d83",
    "operator/assets/ibm-plex-sans-kr-111-600-normal-2DkYfPPb.woff": "8d853aa84a80caeea669f5d0d4a09e5adfa73f6d084d0f0a1a12cedbc8348bdb",
    "operator/assets/ibm-plex-sans-kr-111-600-normal-DN6cN55_.woff2": "9cc9f5fb0f349508f6e506b9f1fa5b2f55a686d9db48e58e05a392d359a8103f",
    "operator/assets/ibm-plex-sans-kr-112-400-normal-B8TcbMdb.woff": "fc2fe74ed4bce1027567d8f1d8b22317ca8d558ebb54733175293afe2a198d57",
    "operator/assets/ibm-plex-sans-kr-112-400-normal-BJLUyYDo.woff2": "fb34e7390344b53daab230f5ee03e50efee689dace76af59360b6fba9f0f659c",
    "operator/assets/ibm-plex-sans-kr-112-500-normal-CZCyW_ny.woff2": "4fa1a9d0906515b54f8df57cd06462ac240cc53adea758536334baf854f32546",
    "operator/assets/ibm-plex-sans-kr-112-500-normal-CfQwtfnO.woff": "0cd6ae0e0f9dd1d503335f4453b6909d57700c3572fb77c1b264b4c0c10690f7",
    "operator/assets/ibm-plex-sans-kr-112-600-normal-lS3UdozO.woff": "289df4fddc5e8ede4f751f80d7f68f99acb07b97ea3a88cc9d13d7f4a6db425a",
    "operator/assets/ibm-plex-sans-kr-112-600-normal-nFX-cMXi.woff2": "43af151c89dfe349bbfa2c04c9c19100f6867df6ea6375ea4d1b8f212a377ecc",
    "operator/assets/ibm-plex-sans-kr-113-400-normal-CEDRAc_f.woff2": "6172b421c060236525b66af043330575b32e6121e72a2633de93be4ec9c7f59a",
    "operator/assets/ibm-plex-sans-kr-113-400-normal-DlThbTsi.woff": "4418008175ecaaecd123dba3167b5eb83aeddcc8027f170f1613d986784cd1f0",
    "operator/assets/ibm-plex-sans-kr-113-500-normal-DJQiET6F.woff2": "545af07834021f2c62b36de68f698468b2dc428613081b6db39caacb124d4ba3",
    "operator/assets/ibm-plex-sans-kr-113-500-normal-DYUtiDlk.woff": "ba1bd4e283a0509defe1f2f2627793ed8c2a3bf7b56654a6d8b46c1921bbb710",
    "operator/assets/ibm-plex-sans-kr-113-600-normal-C_RUWM8I.woff": "f110c99d51f209201cc40f26c87c62e123882977849179532be0d7da1a074754",
    "operator/assets/ibm-plex-sans-kr-113-600-normal-Dhfyy0ky.woff2": "6d45fa2674dc5a75e48a677682615896c633784bf15bf58d9fe1a614107ab5c2",
    "operator/assets/ibm-plex-sans-kr-114-400-normal-5bMSGSar.woff": "5a61813d9f98aebdafca241936d6b375b550a74b08e5295477ad7dc15219e969",
    "operator/assets/ibm-plex-sans-kr-114-400-normal-Bpqw4_PX.woff2": "326bf65c9629977e4eab356553995e19a29df35b39bec33985a03cc7159bc057",
    "operator/assets/ibm-plex-sans-kr-114-500-normal-D4nP60kj.woff2": "76dfa0e699359d58c741a769767c28d80c99d65eff1534131a6c0f2bf770f93b",
    "operator/assets/ibm-plex-sans-kr-114-500-normal-DwbHpjAF.woff": "992a16ad1a4c47a7b032affaa7e18cbb0ee732e491c7f3ccf82eb3d6b42a6602",
    "operator/assets/ibm-plex-sans-kr-114-600-normal-BKj6RBZ7.woff": "237dbd71bca8fcaddadb13d24c718995e4b51f56d9435ebebe3c6c33355f0d9f",
    "operator/assets/ibm-plex-sans-kr-114-600-normal-CjRp-Iz4.woff2": "5c4feacc31911a1e21bb102b731c8c0804a7f97974dfe8c269485a298a2a6640",
    "operator/assets/ibm-plex-sans-kr-115-400-normal-6-qa9Uj4.woff2": "3cc1fe58d662e3e4ab146bc9e1ecf9689da48f1b5a2b43267cc780e9d4ef1447",
    "operator/assets/ibm-plex-sans-kr-115-400-normal-CM7tVCiU.woff": "e131cd3c34b9254c6c327b5a5e513fbac8f1c95e919d349d93fe4ca62eea53f0",
    "operator/assets/ibm-plex-sans-kr-115-500-normal-HzYFTBDK.woff2": "a2b032d5f7d2c2bdbeee155c1ad9ac422215c8a0bbde516576b46e953b26e6e4",
    "operator/assets/ibm-plex-sans-kr-115-500-normal-iyItw9QE.woff": "7ae9b917b8ccf7b4268bb152821205b2fa26fbe98378fa02db2eb820e7e307b4",
    "operator/assets/ibm-plex-sans-kr-115-600-normal-CokKDsRY.woff2": "40ed1147676e5d89cc5940ebf45a24180fd1b45045e0fd71f707208f2575a5f0",
    "operator/assets/ibm-plex-sans-kr-115-600-normal-c6nUiZEv.woff": "eb65a639b2b9572fd9aa2516fd50dc0ce56dbba429520b07c54f6e822ecbd883",
    "operator/assets/ibm-plex-sans-kr-116-400-normal-BCjvaIwI.woff": "d11258fba79b79cc61fd13e5e98e221936c8eafa2d63f98d5e919cc5a8bc92be",
    "operator/assets/ibm-plex-sans-kr-116-400-normal-CPQAppG5.woff2": "0d07e755b9cf58567e5f622182628d726e0940886ef1e7aa7919bf6e9cb1bddd",
    "operator/assets/ibm-plex-sans-kr-116-500-normal-BARxh3Ni.woff2": "79c615d74a7c9dfff6caf0649b030835ad8405bf488e011489bd4f3e672f3b8f",
    "operator/assets/ibm-plex-sans-kr-116-500-normal-CLkvTRzN.woff": "8de5db5ac99d54bf807c88d78183279b59d7fdb39ab6f55166d5eb26a065a222",
    "operator/assets/ibm-plex-sans-kr-116-600-normal-2NuQXMn5.woff": "15a34946805f101adce38c8e3328e7d4c337116792ab80a3590fd4479d2d47fe",
    "operator/assets/ibm-plex-sans-kr-116-600-normal-pwYieqoq.woff2": "b392cfe7917e77fde8c61c6952bfd1063093314296fc1c6604804c6f6c818397",
    "operator/assets/ibm-plex-sans-kr-117-400-normal-Bqi1rgUh.woff2": "c0f1898b420ae2927eb3e300ccee53f4c9f3f9c65f925defe0a2098a770698d4",
    "operator/assets/ibm-plex-sans-kr-117-400-normal-CAkrqKEd.woff": "914a2ce227c56710939c6038db938d8362218e9925fed0bd1347f2bd9bc28736",
    "operator/assets/ibm-plex-sans-kr-117-500-normal-B8S6P0qk.woff2": "18eb72d9ea159aef3b5a98f0602845bdc2cda582850a8156834d85b624718bba",
    "operator/assets/ibm-plex-sans-kr-117-500-normal-CZylu9y6.woff": "ed9a7f43a95ff6546963bef73dc86af00baba85bc598f86df6c09f53f0f69e5b",
    "operator/assets/ibm-plex-sans-kr-117-600-normal-BUVowAmE.woff": "8f0ceb077bb72e804887eac737395ea927e579317af29eafdede8dd01d92fd0e",
    "operator/assets/ibm-plex-sans-kr-117-600-normal-CVV1AoIy.woff2": "95eb456cfeda911e6bb47d1295d1b3313874e71ddf95dc86f20862e2ad07674f",
    "operator/assets/ibm-plex-sans-kr-118-400-normal-BvkVX0xm.woff": "e23b06b9a2eeaa2118a871dc7484bfbe3938a90ab62bec8def77923d7021ab5c",
    "operator/assets/ibm-plex-sans-kr-118-400-normal-CPvF_U24.woff2": "96adcc6dff0abc05d773c4c0c0d56a90915eec9311478cdea34e4567bdd335b0",
    "operator/assets/ibm-plex-sans-kr-118-500-normal-CDUCZo4L.woff": "f8057e6d1311b3244a7aa499b578155fc9d0373ae8996f2a59ea1ba88c01c327",
    "operator/assets/ibm-plex-sans-kr-118-500-normal-bGPKLk2B.woff2": "165320a6126a1919374940515772c5491ed0dbf3120206ee94d552b8d8367a2f",
    "operator/assets/ibm-plex-sans-kr-118-600-normal-BKNr8HaE.woff": "c5e0417342ab255bf8f4ca548af61ea1faace3e8e5592f69523f73b0d9fff4b6",
    "operator/assets/ibm-plex-sans-kr-118-600-normal-SYUuQfwq.woff2": "729cee0af1d817531985d20cc00f39ff09d0e0ee43eaf25c9bd3574055d40c47",
    "operator/assets/ibm-plex-sans-kr-119-400-normal-BVAYXEqw.woff": "94bb63c8143c54486e42050615e7afae1baf91dcb7500244afd3c2e12db030cb",
    "operator/assets/ibm-plex-sans-kr-119-400-normal-CF0EWuft.woff2": "fe97f01e3279272b0ef4b9587f6f17de245fc6455b3dc2d06b6d0b53b855b075",
    "operator/assets/ibm-plex-sans-kr-119-500-normal-CJJ-meqF.woff2": "a5b2fb7fbdf9588f4733d11fa0ea4269ca9b0fd6e17907e1aa91c917560085ac",
    "operator/assets/ibm-plex-sans-kr-119-500-normal-Df4yrjnE.woff": "6c59c61f5fa2899a96bd33e291202452c85a434a249f3d58abf95b569955cee3",
    "operator/assets/ibm-plex-sans-kr-119-600-normal-CSej5QVJ.woff": "b24bf5627c8f895cdabc354651351b5545ea4a13f41365ea481598f1cb6fb325",
    "operator/assets/ibm-plex-sans-kr-119-600-normal-CWNURXbv.woff2": "3e58cd410c31e336e76c12d9477d317787a1bb3f467d7b7461dff186bfc2004a",
    "operator/assets/ibm-plex-sans-kr-12-400-normal-AF35YmmH.woff2": "09229a0ee7a42fd7c7483cf313a4a76be12717e7de8af398300a25c41b7ebed9",
    "operator/assets/ibm-plex-sans-kr-12-400-normal-J5xWG5gS.woff": "df594afb54e532440f4472d59fd49d562a63e27c490874d7d3bc372e26e29712",
    "operator/assets/ibm-plex-sans-kr-12-500-normal-CRJzzWQI.woff2": "31af9ba8dd37a59c3cd45903f35a092a0aef8ede1c58e294a8f6902ba094037b",
    "operator/assets/ibm-plex-sans-kr-12-500-normal-CZNo5Xam.woff": "0552108bb5a874972f9c4b7e67f5906ab478e57dd3d9ccefd63f0ab12adb57c2",
    "operator/assets/ibm-plex-sans-kr-12-600-normal-Ba8rnT7_.woff2": "1bf0d32dd52084b5dc6fb7f997d5360478b72e759f61dc9ecf1ab4ad8c649b7d",
    "operator/assets/ibm-plex-sans-kr-12-600-normal-Cdi7mG90.woff": "d17158cc9e3038644d6c630f562dbf9179a30c67c9b92dbdfb6d93f92f07f000",
    "operator/assets/ibm-plex-sans-kr-13-400-normal-CpXdOOTc.woff2": "52fb4e8c4f464d1246a93bf91ec9bf4a3b9475bc756cd04c8d98ae9e76df7309",
    "operator/assets/ibm-plex-sans-kr-13-400-normal-eM8eMXyQ.woff": "6d40936d5f649129aa5aa757c925572d1922d43698ff3e2a03400d2b1a068cc4",
    "operator/assets/ibm-plex-sans-kr-13-500-normal-DNr72JYY.woff": "1d8753138c0aca473a0cddadd76ce7ea626b0fd1bc46f0f04ace6572c959b3ba",
    "operator/assets/ibm-plex-sans-kr-13-500-normal-DVkNF81I.woff2": "1d42b3f9e6054d6c721298d586fd4e9b8bd6c6ab28f435ce37921b40ef1b43ac",
    "operator/assets/ibm-plex-sans-kr-13-600-normal-DXBEl0OU.woff": "90fe4683b9e6f1bd6a214a21d29b2b7412206f19aaa68e244af248f09436581a",
    "operator/assets/ibm-plex-sans-kr-13-600-normal-ON8tPSnT.woff2": "1f8ad4d6bdb638f8cf55280b7bd51f9983453dbea831752b5451661ac0c79aad",
    "operator/assets/ibm-plex-sans-kr-14-400-normal-C-oyfrUa.woff2": "fcb3a11bbc8840517270b9c1d518e9b48a79250e9640c0e0574336c73b2e0ba0",
    "operator/assets/ibm-plex-sans-kr-14-400-normal-DPe2AXol.woff": "6edbb31a2b491bbf2a31fc659ec535b5365ce3fcdf2df701d4fd217f3d1094dc",
    "operator/assets/ibm-plex-sans-kr-14-500-normal-C6PSB_z7.woff2": "0ab3270fc9ba3fceeac9a305523618040a8785b6fbbf52fd940fbfa831b5fd72",
    "operator/assets/ibm-plex-sans-kr-14-500-normal-Y4UlonKU.woff": "dcc2af9a1967fe5a686099f1b1705a898637daf7a0e252c9585a7f6d543a9c09",
    "operator/assets/ibm-plex-sans-kr-14-600-normal-BEKBLOkr.woff2": "7c0eecc7b7a8dc28362e9ed948133b8aa48d9eb8f7f4a13746ff1e6f009a0e0b",
    "operator/assets/ibm-plex-sans-kr-14-600-normal-BZRywIXe.woff": "6c0e0f7675c611c5b23c8c8d8cfc3be7f7a31dbe715300e3d6a3a1e5219ec7bb",
    "operator/assets/ibm-plex-sans-kr-15-400-normal-CBiEIaz5.woff2": "13e8248976dcd787c449475cbb7adbe3f713c7a3eab7bae7e41861c079478cdd",
    "operator/assets/ibm-plex-sans-kr-15-400-normal-D-mZ9inR.woff": "6e592db081558b7d5916202ff30b4100b2c928db7f62d2edaff0d2ca371b9a57",
    "operator/assets/ibm-plex-sans-kr-15-500-normal-BJiRyHxF.woff": "f0ad512cd553998c9954bb2262235797671d76927b754fdbe057cf46dda035b2",
    "operator/assets/ibm-plex-sans-kr-15-500-normal-BWepl2fS.woff2": "855cee7fafc8d7072f6474b024bbd8995c890f9ac5afb91a94a699249ee81895",
    "operator/assets/ibm-plex-sans-kr-15-600-normal-CAapLUyl.woff2": "0bc0065a52b854af4972d308537e5939f7ea3f856537c51a3b7f006deb271bd2",
    "operator/assets/ibm-plex-sans-kr-15-600-normal-Dl-orC8M.woff": "6d1adb2b47bd2c7c5c2fa9c8e173e0446ef94a70376e81365009135b0a3aad4e",
    "operator/assets/ibm-plex-sans-kr-16-400-normal-CKSk9toV.woff2": "d0024a88bf490d7a4a9da1c718ab6571528ccb9f01f504e1862f82c13e9d1def",
    "operator/assets/ibm-plex-sans-kr-16-400-normal-DNGmaJIL.woff": "aa14e1050fc3c29d4fa734823abb1cb829f7e536e1b8142dbcb9c016900d7000",
    "operator/assets/ibm-plex-sans-kr-16-500-normal-CDsqjPM5.woff2": "b8fac9b4390380d016eeff5a236b0c0bcf94dedbbe8229ddb6292e9cbd37dbc6",
    "operator/assets/ibm-plex-sans-kr-16-500-normal-CmCp5IpX.woff": "f3e95c19f6188c00a17450a3672cfcb0084db6f811e8e4ca811f35034ede625d",
    "operator/assets/ibm-plex-sans-kr-16-600-normal-DDZagcz1.woff": "ac49ee0ccf4f996699fd099a4b5ed5346c9f948d5a4b4f61dd5387e218f9e21c",
    "operator/assets/ibm-plex-sans-kr-16-600-normal-DloGa7SL.woff2": "0b7eb14103f16ad10533d366923d9a1d018a8c3245eeef96a4be97d09a79ca60",
    "operator/assets/ibm-plex-sans-kr-17-400-normal-BDhrvRnL.woff2": "1f12437c95864b17c5c5dcbe993e896c3ebcc3c81ce49a2322bd9d7321841222",
    "operator/assets/ibm-plex-sans-kr-17-400-normal-BOjgDpon.woff": "ef402b0800f51dbfef4def97afa03abbc7f979b3fafb67ca0147403bce65a025",
    "operator/assets/ibm-plex-sans-kr-17-500-normal-B5RrK24I.woff2": "611ae42009d280e656ff187cca30753f637ee87a7d91e100e89a858f6a7ce0c1",
    "operator/assets/ibm-plex-sans-kr-17-500-normal-BI9iG84Y.woff": "2652896d61ce6c6e4f6e1d04528e09480343ac4b0ba7c59cbdf63967a9c7da12",
    "operator/assets/ibm-plex-sans-kr-17-600-normal-BeTmwP_K.woff2": "8693839e42a2157234f27e5ded76c268633516dc6a7c00b3554f527a20a91d77",
    "operator/assets/ibm-plex-sans-kr-17-600-normal-uD_8VqjX.woff": "38ddf12bf75665ca3d62e51a158bf26b3ac38c27f46088c1cab63565d5d860d9",
    "operator/assets/ibm-plex-sans-kr-18-400-normal-BTtbRNyU.woff": "e86e790d2f310b0f25ae4b5f021075b1ef702e4e415b7ca49ef8fd0bd6557577",
    "operator/assets/ibm-plex-sans-kr-18-400-normal-Bs1zlN0G.woff2": "ce055d38443a466e5991f34f2cc1d0c3e94ba64bae6b80827577fc991e8669e9",
    "operator/assets/ibm-plex-sans-kr-18-500-normal-BWeF5dyd.woff2": "ccab04110649f35f7c15603e9c4c895947c62c4dc438016ad23fa31f5bc23e1a",
    "operator/assets/ibm-plex-sans-kr-18-500-normal-CNuq5r-l.woff": "a85728f78788cf82ed15b0a500558f5541a9043a7f7caef7a9b020c4cb1d756a",
    "operator/assets/ibm-plex-sans-kr-18-600-normal-3CkcYQgr.woff2": "2fd0e34bd8244d344f5f45396699468457866147a725600e77b0278f7a28fbed",
    "operator/assets/ibm-plex-sans-kr-18-600-normal-C0tjZHt0.woff": "e362443e8e6dec7c5c0219b08355404dc52cddb5634b337cfbd01ba90e9563a9",
    "operator/assets/ibm-plex-sans-kr-19-400-normal-CCVU2G9b.woff2": "70e019c47a099625395113708bff23ba916525c2e371c90c963f5fd4aaf809a8",
    "operator/assets/ibm-plex-sans-kr-19-400-normal-dcW_ilWW.woff": "79eb4a823227cf830ad77bb75a4bbf0ea24864e62274d19f01ec09aded33f5a5",
    "operator/assets/ibm-plex-sans-kr-19-500-normal-33mABreN.woff": "470a71b7b291e28c5c779ab73df4fb70f5524e4e681efeb4699116dc2b4b4f15",
    "operator/assets/ibm-plex-sans-kr-19-500-normal-lytT2cFM.woff2": "93b9151d08e1b9b32fa21df6c44f22cc66a60467e7c3e0e5ff714347cfb02887",
    "operator/assets/ibm-plex-sans-kr-19-600-normal-DcS6irVl.woff2": "452cb2dd61fcc99414d5c8841465bdc4fb3a31bff1d297ee41c57c81d789100a",
    "operator/assets/ibm-plex-sans-kr-19-600-normal-w0hsbhoe.woff": "6adf65a733b47ef00ab37a6b7d3a93ed239f33bd074f653d372f4d814d4637d6",
    "operator/assets/ibm-plex-sans-kr-2-400-normal-CnxhIj-f.woff2": "f216ac4807a9513fdb4ad1954e828046282ef69d3dee76ab4bd2069a4dcbb761",
    "operator/assets/ibm-plex-sans-kr-2-400-normal-ZCEqhetZ.woff": "3c5a90b07d76d540a188fd279d75dfac205983fc246990183fe0c5d0297c45a4",
    "operator/assets/ibm-plex-sans-kr-2-500-normal-CCn-pwD2.woff2": "da4a6674aa93d52836b83256f33b8a642adb9d01f22375efc1cd0d196297def1",
    "operator/assets/ibm-plex-sans-kr-2-500-normal-CSqMQxgI.woff": "69f67afc7c98c78a460ab41727ddb80470ebd468e150b7223afaa5fb5e05c26d",
    "operator/assets/ibm-plex-sans-kr-2-600-normal-BBWiOGe2.woff": "35a6e48f55eb3aaa565090687680531f35cf2f7c4b116297da995ee88e8fe554",
    "operator/assets/ibm-plex-sans-kr-2-600-normal-i3phtpOA.woff2": "1467fdb1d6654a6274939f6acdf9c9d7ce9ad0607d498fd8afc45083672dcbce",
    "operator/assets/ibm-plex-sans-kr-20-400-normal-2BRpmgCV.woff2": "dc3ed6a41c084e53e7c4a378e23a37a2c744f5c951acbc7dfc4d7bb101a30015",
    "operator/assets/ibm-plex-sans-kr-20-400-normal-B2cWSh78.woff": "7756353945bab5e3ef320c31fa027cf01ff51136f7a07a0ebcfbc08a7aa6248f",
    "operator/assets/ibm-plex-sans-kr-20-500-normal-CrfFBvwl.woff": "3ac44e77339c1c8b696bf8eb75dcf3fb98d96c99b69babaf3451d8d2f2d43c63",
    "operator/assets/ibm-plex-sans-kr-20-500-normal-mnpVtiHU.woff2": "3192779a8250eb9184032f945f7a7a3e2fd160ad8ad57e6b310266d34bc34b84",
    "operator/assets/ibm-plex-sans-kr-20-600-normal-CKeHRgKb.woff": "f6e1e66bd061fd41dc776a31ca07b8361e78948fb5cb5530f6376dc4e06aa689",
    "operator/assets/ibm-plex-sans-kr-20-600-normal-CXFU6tjk.woff2": "0332a705f093ee6233769ccbdd612e5de25aeed27f0e1710be404adb3c544142",
    "operator/assets/ibm-plex-sans-kr-21-400-normal-Cv3FeIij.woff2": "fd78e0d18188b936dcbd463a37f884afc322e303b6d5f1c213f14007c9d87838",
    "operator/assets/ibm-plex-sans-kr-21-400-normal-Dml5TFym.woff": "d677b46ca5a90504d99ca00479b4bfcebaabacef4cb879ce7b056f668008efce",
    "operator/assets/ibm-plex-sans-kr-21-500-normal-Bq99UyTU.woff2": "1605b1d23df4cfcf1c37b463e03356bfa290b405d2fa48448286c32355ce3ddd",
    "operator/assets/ibm-plex-sans-kr-21-500-normal-DNGhvuIq.woff": "f6e4e826defad41c6e433b56eb74a8b47624609b3aa8415cc637f03b5fb41814",
    "operator/assets/ibm-plex-sans-kr-21-600-normal-CJHvMuEH.woff2": "b6bb6e6e1edad4a0d015a234d3fd199bc52ea606f310331e40f4739e6e8a0b2e",
    "operator/assets/ibm-plex-sans-kr-21-600-normal-ChXV0eBj.woff": "ed981dce0f0699875b7e96fe976696b2a741677f09acf3a3746d1d129ca7f7c6",
    "operator/assets/ibm-plex-sans-kr-22-400-normal-3CnvMMD7.woff2": "f104a3cb784eda8c1b4343f2ad16c6b373c1b0452d26539b5680ea7adcb97733",
    "operator/assets/ibm-plex-sans-kr-22-400-normal-TNl1bUeL.woff": "edf2b6a2b73740975bc0752ee5b02d4c1c614da7f97044ca7997ee54aa81fc56",
    "operator/assets/ibm-plex-sans-kr-22-500-normal-9RYlHGVt.woff2": "b9c0a47713bf8c8f14085165f694b9b4e72b625ee0863a26e3b7941a6b32171e",
    "operator/assets/ibm-plex-sans-kr-22-500-normal-B4MFCOia.woff": "c5c2e9b3d898709d690284da87c3b9d6d9ccbc628ba447f1716ec1f1a4c13353",
    "operator/assets/ibm-plex-sans-kr-22-600-normal-B4PQFGba.woff2": "39631c185fad7fc187e34a5f90eb9e53f1dcd93e3c97fdfdefe455f025728840",
    "operator/assets/ibm-plex-sans-kr-22-600-normal-bBSJai_o.woff": "e7dc2cd265ce598f307d36e22b2b3d2cee8de973e0031f1409c36b3fb654e783",
    "operator/assets/ibm-plex-sans-kr-23-400-normal-CUhld-kf.woff2": "89cd523642446315c3050949f07dc473b3b4131ddb88ab72a2c9a216b1bf5305",
    "operator/assets/ibm-plex-sans-kr-23-400-normal-DTBYTMn7.woff": "967b5c4ad8368f4f15e5f2bcda64c4a0a9e9b68a1c430dba464cb8a39ff64af5",
    "operator/assets/ibm-plex-sans-kr-23-500-normal-B9nBP66o.woff": "d41498c0654f8683926bb3eda96e590b0bdb39d74d0b5d9943d136ba3edb971e",
    "operator/assets/ibm-plex-sans-kr-23-500-normal-CCfThX_w.woff2": "ea2ee99f40c1691dcf60ad19a6e7899c31a19a3125332d5e958749ddd0bc7665",
    "operator/assets/ibm-plex-sans-kr-23-600-normal-CR-CWSvQ.woff2": "6c1d6dca095874e0fefcb205b85ff2df87e966b93048c29dc9610c1b224ff562",
    "operator/assets/ibm-plex-sans-kr-23-600-normal-Cq5mpPr_.woff": "18e10c6b321fb2a2f27e404da72bddff7c1b6474ffe885d51a6a753ad37716a7",
    "operator/assets/ibm-plex-sans-kr-24-400-normal-BCEQWDh5.woff2": "8813b8b5cb9e4ebfdbfbb56e353cf1decd28d51fc4f5442d25211276e58f14c1",
    "operator/assets/ibm-plex-sans-kr-24-400-normal-DDVUYQLq.woff": "38aef31437a37f5e47559025b957bbcba93e9fdaf02a038a49aa3f33c4418eaa",
    "operator/assets/ibm-plex-sans-kr-24-500-normal-Cv5QDDSV.woff": "93cecd725237d13f9177799df3c455f6c1bd74ef9feb1d5d9b695dabf9464d61",
    "operator/assets/ibm-plex-sans-kr-24-500-normal-xY0ze7De.woff2": "26f743023f7e49518ef1d1ba0b724b00083d0c239cd6b3378013eb91136e942d",
    "operator/assets/ibm-plex-sans-kr-24-600-normal-DL0LF1av.woff": "93ca15076a68258865486491d8d782e985502c06cb9487106b9effc1e01f8365",
    "operator/assets/ibm-plex-sans-kr-24-600-normal-DyaIQrhK.woff2": "afd7ae64d571e4be56de4dad50cf917922e5937f21ff77d07d7ec92c788bf99d",
    "operator/assets/ibm-plex-sans-kr-25-400-normal-C5hUXC4y.woff2": "3bdce0d3e533bf2c46d807f7b3834e777d8036bf898052611bd7e5beba6f6bfe",
    "operator/assets/ibm-plex-sans-kr-25-400-normal-CSCHltyB.woff": "d2226e04c37dbed7aa1e7155e5b77c62801a30cabc04b5dd28c54aa5f2428065",
    "operator/assets/ibm-plex-sans-kr-25-500-normal-DAuTWcSe.woff": "1ed5c978ed112fbf4112b7fa84a349b3cd77903fc9663ba03e77db6f2f7f7ed6",
    "operator/assets/ibm-plex-sans-kr-25-500-normal-Dx_nna5V.woff2": "5fa8858f9cf68884cfc4373525006f45be24a23970e59a836f5a8e61ba1252b7",
    "operator/assets/ibm-plex-sans-kr-25-600-normal-ClJ2q6nT.woff": "1874f7964a4c58aba1bef95a9ec1654ba37f4621cdcf988f475cf4f401e19ea7",
    "operator/assets/ibm-plex-sans-kr-25-600-normal-CpgWTSx7.woff2": "2c196e7f99d4a49447fe29dc9b7f2b38484f47f8249c47fc999e84760e740849",
    "operator/assets/ibm-plex-sans-kr-26-400-normal-BDNWBg-b.woff": "398da1ead50f821883a907c2e842432d8caa3665e2478cc464364afb1c9e91f6",
    "operator/assets/ibm-plex-sans-kr-26-400-normal-BnV7FV79.woff2": "d37f7ebae6cf81ce95f7bd5ab2fea39046cf297ef67b2ec098176d8825932d6f",
    "operator/assets/ibm-plex-sans-kr-26-500-normal-BKPcd-dF.woff": "2b41ba90566b64ef5c03a0a8972dc96f61325908264511dddcb292ff487f3a9e",
    "operator/assets/ibm-plex-sans-kr-26-500-normal-DXCDkot3.woff2": "a642f8dc738b58145ba36d0dba27b246a494b5e14975f32657ae4d0f38493d15",
    "operator/assets/ibm-plex-sans-kr-26-600-normal-BQpAkNz5.woff2": "e78b182155c68335504531564e899b0f85a5237f8af401c5b2031a579330c6ff",
    "operator/assets/ibm-plex-sans-kr-26-600-normal-bxA4bluv.woff": "0321e6c09f6d14608e8fa370476ba95decd092a39bb2989206f82a41ae4a6d15",
    "operator/assets/ibm-plex-sans-kr-27-400-normal-B5ZhKYLO.woff2": "342f47f3163ba94618f65627b786f3f1f20d63eec7b08439199636ffff951e64",
    "operator/assets/ibm-plex-sans-kr-27-400-normal-Dy5-YEOY.woff": "a7f60344cf70a8c8852763756ff2ac5807f2e134dd6376c618ec841a3e51dfb9",
    "operator/assets/ibm-plex-sans-kr-27-500-normal-Bqt-c90l.woff2": "64d1e431942a032f1a8160b85966992bb37e63c60af54f1807e9bcec772bf428",
    "operator/assets/ibm-plex-sans-kr-27-500-normal-CPgbZ_eJ.woff": "71a52bfd5319d7dce8665adad0ccee4e015305b9d75aa92dc53e4a03cd17ca3f",
    "operator/assets/ibm-plex-sans-kr-27-600-normal-C07c5If1.woff": "ac20ce97af188c7ae48c74b7fd25f3af56e7d7d0cf1ac80afe9ad31cbaa2b0f8",
    "operator/assets/ibm-plex-sans-kr-27-600-normal-C6bVD75P.woff2": "e728fbdc8abd23feca0e379ef5c059013c5d85d53ff78a8e052d846aa918e031",
    "operator/assets/ibm-plex-sans-kr-28-400-normal-Bwghrgjh.woff2": "e592b7669b6c81136a427952fbb7e26db7a951547df4ccc048792a07e3e03180",
    "operator/assets/ibm-plex-sans-kr-28-400-normal-DNnelfuN.woff": "3862df619de6affcc75403b556f0884ea9f5a69dbef577d748a78ebacbe893b6",
    "operator/assets/ibm-plex-sans-kr-28-500-normal-BspvdxR3.woff": "66716ad8ead7d6f0bf0cdc647986c26c3b5fbdd6c0425834eb3f57b69746858d",
    "operator/assets/ibm-plex-sans-kr-28-500-normal-Kfg687Jz.woff2": "b68ec624373b15e10254ba78ea66fb5e459526085a5db057166967ccc97bd34a",
    "operator/assets/ibm-plex-sans-kr-28-600-normal-BBQsSgWd.woff2": "1803d3221b267ca1a6c50d01968e4474784b3a404df9fc58516c645ebaba73d9",
    "operator/assets/ibm-plex-sans-kr-28-600-normal-BeDPvyp8.woff": "b7d54d2cd4f201d686c635ae7c659c7e7e7eaee85c846e81c3304757e4bb2eb2",
    "operator/assets/ibm-plex-sans-kr-29-400-normal-Dj7VksMf.woff": "5d41c10de0cd2901dc455c5922bcd93fd9b09c4ae8cdf45e1054aa187cd0ce94",
    "operator/assets/ibm-plex-sans-kr-29-400-normal-gP3qcvie.woff2": "13e7b5e3aff07769a60039d3d07b6bf4af78dfca9038823340d26db521b94d25",
    "operator/assets/ibm-plex-sans-kr-29-500-normal-BsGS2LIm.woff2": "f3cd1717c317696beee0833f5a4eaba1dbd8fc55fc8b296ee7997418631aa723",
    "operator/assets/ibm-plex-sans-kr-29-500-normal-DrYYhV-u.woff": "9170acc142a8fc5dd24f5fe4d4e9d1eff689df3c3fd0b72e4070971b6207a70d",
    "operator/assets/ibm-plex-sans-kr-29-600-normal-B0Nsm10J.woff": "bbebf3ba6c0588ccf9e2ef05356cca4e6dbdd9d07de15d0b9ab667c894d402e0",
    "operator/assets/ibm-plex-sans-kr-29-600-normal-Dn9kzegM.woff2": "4859cff027d1c953d7c0892c85edf583fb8a1d063b00b12a38139648284a641f",
    "operator/assets/ibm-plex-sans-kr-3-400-normal-01r-uCGK.woff": "97619c462a567beb15308303c2aa538f799b5b227f0f735990e214cc6e7a97ca",
    "operator/assets/ibm-plex-sans-kr-3-400-normal-MpgNCYqt.woff2": "b3ae518d539eb2cb1d47f2dae339cf63d086895c730b2f2ebbebd5efd85ae283",
    "operator/assets/ibm-plex-sans-kr-3-500-normal-BF7AAfCm.woff": "f874de255200d9106985c6b3e2797040ed539ac89c546b692c43df3b1eaf4ddc",
    "operator/assets/ibm-plex-sans-kr-3-500-normal-C-bo63NS.woff2": "abc7723932c388866ac51659bf735494654ac35286c4725f937628c8b788dfe6",
    "operator/assets/ibm-plex-sans-kr-3-600-normal-CuyoBBEp.woff2": "27bfa1ede2e5bb1148d84f2c5a61b0ed817460543536eabc99f7646cde3c74bf",
    "operator/assets/ibm-plex-sans-kr-3-600-normal-OOnXi3dj.woff": "fdac26cb456d9afe106df74ce79439fd630ea954647e4ae06188de2e066bc1f8",
    "operator/assets/ibm-plex-sans-kr-30-400-normal-4H84KBjL.woff": "1de5aef40861b7da421778912b3ef6b13a77e32682d208d51c224a4f2ffc4182",
    "operator/assets/ibm-plex-sans-kr-30-400-normal-D9W6fT0U.woff2": "2d569718cd6dc52fc61f9850691bf6d3eb91b4d4095bfe3e1092f425878b2b1f",
    "operator/assets/ibm-plex-sans-kr-30-500-normal-C_KfcsGa.woff2": "4af0c65ccdf480389ac5910cdf5cf83515e4a3ab6b5a54b92fe45acfa298e54b",
    "operator/assets/ibm-plex-sans-kr-30-500-normal-D4wCcu5D.woff": "0df8b8c1ed1c81a1e05844a0b2c16288f3df615e833fcac5d780d72011fa9cc3",
    "operator/assets/ibm-plex-sans-kr-30-600-normal-CHYuKtvD.woff": "047a5bbb99b5afbdbc59a8d90cccf721a3322dd5a2f124637e3e92f5276c58b9",
    "operator/assets/ibm-plex-sans-kr-30-600-normal-DAX8ENIb.woff2": "6709404e347348bbef522f96ecbce388c59c77cbc293642db66fd581881e5458",
    "operator/assets/ibm-plex-sans-kr-31-400-normal-BnpH2dyr.woff": "f2c261cf966f2c63e2c727ad0bc03c5d9abda1f8243985aca5c658c4b5d3a996",
    "operator/assets/ibm-plex-sans-kr-31-400-normal-DhPplA2S.woff2": "2fb7f56224c2a600f01b95e864b0d92bd1d786f21d2e176613137b5cb8dcde2c",
    "operator/assets/ibm-plex-sans-kr-31-500-normal-BX-CPZrW.woff": "6639ad3b1afa15e91913f83d81491102fa48ff702c9a12b88f171c94b5fcbd4b",
    "operator/assets/ibm-plex-sans-kr-31-500-normal-nX_pe9VE.woff2": "c2e553647ea3de6fb859f338113731ca68b1d59961fe92aaf3a55d97e9cc52c9",
    "operator/assets/ibm-plex-sans-kr-31-600-normal-BDIwmQD2.woff": "bf27bbe190d66d69412b1e948fe321b945cfd129bd0c8664530f00510011b1c1",
    "operator/assets/ibm-plex-sans-kr-31-600-normal-DWFfqfVJ.woff2": "69dbf58d6a17151379ab4120230666a34b7cfa620e47b8ec6e00f00eb605368f",
    "operator/assets/ibm-plex-sans-kr-32-400-normal-BkNndOiq.woff2": "3a91ca4bf6f9a546ca34a854826ca7a2a68ba9caaa1650cf837769695b58b888",
    "operator/assets/ibm-plex-sans-kr-32-400-normal-GRBsq_TQ.woff": "5b1db80e377bf5c6ee05f60a7a44a02ff86e67bb599827a4a0503379c377a8f6",
    "operator/assets/ibm-plex-sans-kr-32-500-normal-BFr0uy16.woff": "b0b705c04a9ad5d59fae15804f704c8f53708170d2cf22bc242987d692bba256",
    "operator/assets/ibm-plex-sans-kr-32-500-normal-xYF7ztoJ.woff2": "c32aa6b155e57c6ff437d4dbd9843981df0d59151442cb646e829216e58a9e13",
    "operator/assets/ibm-plex-sans-kr-32-600-normal-Dc31ixSD.woff2": "08cba06591068fa7a4826d2a2266937c4f1cc220c16ba6526332236f59c95b75",
    "operator/assets/ibm-plex-sans-kr-32-600-normal-qBGKeeZh.woff": "1b63abee0c0b4f0f03cb210a443de4699a6ea1968cbd3bd5eeb15deb956ba325",
    "operator/assets/ibm-plex-sans-kr-33-400-normal-BEJcB5Pj.woff": "73fe5104f6433dab27f07e88ea9eea104eea176f240d117d45a7f3fc9a31120c",
    "operator/assets/ibm-plex-sans-kr-33-400-normal-DOnua0XC.woff2": "371f0a1fe7ccd8c52d594d5bd0d7b22ee092c080a22e67a8186e6fb54b965c7a",
    "operator/assets/ibm-plex-sans-kr-33-500-normal-C9zC6FjO.woff2": "1fee85c0082d5398d9a42ab1ed9e575245d14336f24e24b6a6561953e00e8835",
    "operator/assets/ibm-plex-sans-kr-33-500-normal-DrcDIvwW.woff": "e486f32d0589162b0832b6811451cc77902319dd1b333a9341044cb09faa2222",
    "operator/assets/ibm-plex-sans-kr-33-600-normal-Dk43PWfK.woff": "937500817f53c99920db00ce2f9e24e9ca2cc25f9cc4cdc165afd63d49edc8e5",
    "operator/assets/ibm-plex-sans-kr-33-600-normal-_9rnVtrt.woff2": "11c624ae8c150f9d960cc683eb06178892af6ae978d5e5449fe580cec97f7bca",
    "operator/assets/ibm-plex-sans-kr-34-400-normal-BFI-kcuc.woff": "5b7af5d6f445867632818835881727a57af46b699ec893fd74cb6002a19d3391",
    "operator/assets/ibm-plex-sans-kr-34-400-normal-b_F-aCuz.woff2": "2ff52586d331d354ced459cb21a118513b6fc8f1fd4d723499e99ac874e8de46",
    "operator/assets/ibm-plex-sans-kr-34-500-normal-CFjeJ1tN.woff": "5c47d4f37113cf4f57ce8d47400ca3dc879dea46f7d7ceb6c1c811f08c202936",
    "operator/assets/ibm-plex-sans-kr-34-500-normal-JswnezOz.woff2": "2a1c85be431fcee2134f026a2eec8ddca0715f8ae30847f6039da6a30235c5c2",
    "operator/assets/ibm-plex-sans-kr-34-600-normal-BwgNjnnm.woff2": "29f048c013a148484d8440353e4a087327d92653712bac4060bc3875d24ed933",
    "operator/assets/ibm-plex-sans-kr-34-600-normal-Dkhx4lxu.woff": "2c057e61b769b0b0b9a01860b12c6755c41c256cb7dc8e398c23187601118f78",
    "operator/assets/ibm-plex-sans-kr-35-400-normal-CHpiv9C7.woff2": "9dd6fef436f3090651b22bc2eff73d024861c803e19ef0a0fb561e87a5038706",
    "operator/assets/ibm-plex-sans-kr-35-400-normal-D8XpW-jV.woff": "bf735748b0d6eb740603560308ded1ea95ad124a442a58cb21f910426b6f7109",
    "operator/assets/ibm-plex-sans-kr-35-500-normal-DxaJNFWV.woff": "56b9035994613663269b78c7883f196a8e050f44a008c3f9ecbd24135d1ee39e",
    "operator/assets/ibm-plex-sans-kr-35-500-normal-cydu_WKV.woff2": "81775e32691ba018106b3a4bfba6d4192ec39a6b61c0a5afd870a57f55c18609",
    "operator/assets/ibm-plex-sans-kr-35-600-normal-CD4ArYzM.woff2": "1a97c06fc6d0474350e58af14c9c9382c713acef8f03fe74fb00d92c841642dc",
    "operator/assets/ibm-plex-sans-kr-35-600-normal-M066d6gr.woff": "cc3b36e0582cffcb83862fe29afb773b482c9a91330fc54ac80c4d7706d9eff7",
    "operator/assets/ibm-plex-sans-kr-36-400-normal-BT6SwwtR.woff2": "9f625c3cb7d53319d5103cf5bda43b42db57a5ae1ce707262c66fdacf9f82377",
    "operator/assets/ibm-plex-sans-kr-36-400-normal-Cd-eoA5H.woff": "3f34027cc08fc3ba9159db2483c3cf51970daaf16db7448b450f0ba4298f6a5b",
    "operator/assets/ibm-plex-sans-kr-36-500-normal-B1iFWDLF.woff2": "9718125a1e4fcfaecd9c14704e202ffc6b4363484c42be846dd8c60c9c7f57fd",
    "operator/assets/ibm-plex-sans-kr-36-500-normal-brkbKZcZ.woff": "65a0bbe66fc39bec8d543871635658b1cc76fabe0753f8a7cda93efe0df82c9d",
    "operator/assets/ibm-plex-sans-kr-36-600-normal-DsGroCqE.woff": "d3cdcc70562f4abf8ce3a37eb5f2c2ba05f027c268bbe5552a47fccbea595bb3",
    "operator/assets/ibm-plex-sans-kr-36-600-normal-kFFPHZH9.woff2": "cb53a8ca80d414197d367f3dca77d768d3ed0add147a4856d541d205fc318db1",
    "operator/assets/ibm-plex-sans-kr-37-400-normal-BiWBJPQ7.woff2": "03b872e1dfdbb744b7b2a6795a05f07599b455acce3404aa405db2d3868d708c",
    "operator/assets/ibm-plex-sans-kr-37-400-normal-Bj7jp-Iz.woff": "b53b228165fe9c9d801781a69c45de8d2c064f031efecf40bec38eedf6ac3d5a",
    "operator/assets/ibm-plex-sans-kr-37-500-normal-B-MNJEe6.woff2": "6fdaa7459594a2f9a6e1606bd382e88926d58ad4f3c38187e5bdee4d0ee20db0",
    "operator/assets/ibm-plex-sans-kr-37-500-normal-B6-fjph3.woff": "5518cadb5a432c2e30e3eb46a69a3ac008d979410ee0d3e6ebd581b980c8c4de",
    "operator/assets/ibm-plex-sans-kr-37-600-normal-CnPg-4RZ.woff2": "b18ec5bdb3fd64389d3529653908ca96efd4a9d29de0c82b2c2913681ef07c44",
    "operator/assets/ibm-plex-sans-kr-37-600-normal-Cvgtdz7H.woff": "0ca313b82e1a798220995982c87e079e5d348539c75853596000039386c146f9",
    "operator/assets/ibm-plex-sans-kr-38-400-normal-B4UIE9Zj.woff": "b17b05c4fb115c84f045a58ff270e2a441da2c8d7ac524848cbf5c887e07e0a1",
    "operator/assets/ibm-plex-sans-kr-38-400-normal-CLr3K58D.woff2": "9b7f39ca466ee6ee60492ae9f0839dcec6251049fa2624010262d3c9f7c073b6",
    "operator/assets/ibm-plex-sans-kr-38-500-normal-DPBjbA25.woff": "57004f43d52886bb4f339ab6a1c3ef1bd819a5b01e9b8612f1e49f681f3471cb",
    "operator/assets/ibm-plex-sans-kr-38-500-normal-KdQq52D1.woff2": "6f30183365d7c8439d4e4a3bd1e11898973db29d5ab74055a7c8afaa5835bfc7",
    "operator/assets/ibm-plex-sans-kr-38-600-normal-Dln3mVPi.woff": "ef050be6705e354b89735d74a092a163b97bb82c384255204389f94951e98b1d",
    "operator/assets/ibm-plex-sans-kr-38-600-normal-Uy8tuoQH.woff2": "e766e7e376bdeff4e7d28e126d3943ecc2cf60e46cd90934440a5b142a11a9c0",
    "operator/assets/ibm-plex-sans-kr-39-400-normal-BzR2eDWi.woff2": "622faf723c1ad8b40db449b032a35d19b7fd341bb1efdb6debf959a09e54ce08",
    "operator/assets/ibm-plex-sans-kr-39-400-normal-WTG9_11D.woff": "09de6125fda38a2b966ad6a2be8b32511cb580bff10af788cafc223c39834787",
    "operator/assets/ibm-plex-sans-kr-39-500-normal-C8uyz1B3.woff": "4bbe5f8966c3d2008d2369bf65b8228b565910cb437cec332af0e77a5b5cc036",
    "operator/assets/ibm-plex-sans-kr-39-500-normal-CeHGwbYp.woff2": "7005b46c3534364c1f7dd63a98f31d43b3fd5528bc1d7b0d2e9cefed4bd40b48",
    "operator/assets/ibm-plex-sans-kr-39-600-normal-DHmemGdc.woff": "d810b6c4f8351ac4cdbc758fa4c0612e9615c10d96c1e87fa3ad4fb53dbdc9cb",
    "operator/assets/ibm-plex-sans-kr-39-600-normal-DxNgVy70.woff2": "b5fbfe9d6c90227ea8f90795d2bb2a8f45eb15d51d7b2a63fe04aa560bee4507",
    "operator/assets/ibm-plex-sans-kr-4-400-normal-1GfpLFeR.woff": "35586b5836c593a803927253694146ff9c346bab418d2490df39e5a3e329c70b",
    "operator/assets/ibm-plex-sans-kr-4-400-normal-BSOJFi3M.woff2": "5c9e6bd5e9b7ee81f4b1adf6b50ca4ffb08e35d8810e2d8f8159772e83b1a19d",
    "operator/assets/ibm-plex-sans-kr-4-500-normal-CZSxnr6K.woff": "c9965ec6f4125fb19c1ff458d7a880b4344009946c0b5c8e229665724ca23ee1",
    "operator/assets/ibm-plex-sans-kr-4-500-normal-DYhdxHR-.woff2": "4074ae238282e6f9b2492888003467835fbd650910b4468738c3d2d7a8b64136",
    "operator/assets/ibm-plex-sans-kr-4-600-normal-BGAcZoa5.woff": "13afe4e145d59428ba772bc3d13abc4b0e7eba8d5f27b63263882b72a3c16bfa",
    "operator/assets/ibm-plex-sans-kr-4-600-normal-DP-OzMv8.woff2": "262f36e2fecdf017060cd0bf837fe2955ff39e3770e9858449d236b001d2af1e",
    "operator/assets/ibm-plex-sans-kr-40-400-normal-BJCaISym.woff": "8df680c545c811285c3de0ce9015c235c657510fb453219d030d96686cabedd2",
    "operator/assets/ibm-plex-sans-kr-40-400-normal-DxlOKNb6.woff2": "d5843e01a318e5fbe4a41117f304427a3b12d7dc1f79909a5b174c4d5dfe8c8c",
    "operator/assets/ibm-plex-sans-kr-40-500-normal-BCFCRCdk.woff2": "9bdbfc9a0200056c1dab606682822ba3f15b9676d85984af2f23894d96526f0d",
    "operator/assets/ibm-plex-sans-kr-40-500-normal-BuazCxCP.woff": "d9526444dfb547efd0fc736deafbcbd67f2ded0ca7d1403fe8940662d30e1f80",
    "operator/assets/ibm-plex-sans-kr-40-600-normal-D79iYZbh.woff": "89d45725e2bd27336b6106ecf41a3552d3d26dfd0cc480ef8f36ef14468f50b2",
    "operator/assets/ibm-plex-sans-kr-40-600-normal-DyMFY3yG.woff2": "e6bc82589d715ea454dab52e35dda08ec3427408fe5085ee42eec466cd5ceee0",
    "operator/assets/ibm-plex-sans-kr-41-400-normal-Ce6_8B6O.woff": "f5c4025e88e58e4e5c5a183c76a0c4e849066118ba1bf3bfdb9cbfbca2e323e6",
    "operator/assets/ibm-plex-sans-kr-41-400-normal-THO3jy3s.woff2": "a0e9631686969d37eac3c6f9b98c7879c414c391952960eceff5882661f8c604",
    "operator/assets/ibm-plex-sans-kr-41-500-normal-CoKUeK1m.woff2": "dc06b190a17fdafc20b39756c152c0985e31bb2ef34d1c967b1975bcaa00065d",
    "operator/assets/ibm-plex-sans-kr-41-500-normal-DiLp_0kR.woff": "1eacba3b0a0f8dc74fc2028ea08692f6f76863910a6ec989e8989554192570aa",
    "operator/assets/ibm-plex-sans-kr-41-600-normal-Ck2K5Ulf.woff2": "58cac93dbbe7841ecb0aa6c25f5698e6045bdc0d6a14ee5bc4f735786b017ace",
    "operator/assets/ibm-plex-sans-kr-41-600-normal-Df3Wep6L.woff": "3ddc8e0b2d8593358d17f13fb3da7ce067bea661f849751f9b6f7521eb171000",
    "operator/assets/ibm-plex-sans-kr-42-400-normal-Cgyyi6Mk.woff2": "ab3ddb711e4e0003b468b31fac768bcd25f74b004e22e487c8cfb4e0837211a0",
    "operator/assets/ibm-plex-sans-kr-42-400-normal-mWRC9cE4.woff": "ab77f1ea7432ec9d73cda1d6a89f9eb1ed61c76061e1015910be5c4130b0743c",
    "operator/assets/ibm-plex-sans-kr-42-500-normal-DceQ0siJ.woff2": "84ac38e31cc7a6a5589e95fd0e8d8546ebf0839b78f9318b21a73004aeefc402",
    "operator/assets/ibm-plex-sans-kr-42-500-normal-Y6rzavLQ.woff": "ef3419000b309cef7baf4de8d77fe23f3eeb68ce397a032d724cb617890de40d",
    "operator/assets/ibm-plex-sans-kr-42-600-normal-BIw3yp_o.woff": "400eb5f8809166fcb58a8e98cfa6916be1645913f015731ffe7beecf0a7105ba",
    "operator/assets/ibm-plex-sans-kr-42-600-normal-CgHlrSUg.woff2": "d085a4b0008ef7d6a87ed91c5bafd2a2455445679cd389669e84fab217368b3c",
    "operator/assets/ibm-plex-sans-kr-43-400-normal-DofKP3XM.woff2": "b2182400e7e9f55a175692810a6799623738724047bd517f541c49030e715c72",
    "operator/assets/ibm-plex-sans-kr-43-400-normal-rklqUmDh.woff": "e6c075e0a8b456840ceb9122dadca75f91039e5ec150d2bd4b68682af7ca15ec",
    "operator/assets/ibm-plex-sans-kr-43-500-normal-B_MM_0i3.woff": "5ee5a3db0a86e16ac635ed32912b77936ac7d9d2cef62fd4137c8ee5b9bf1f16",
    "operator/assets/ibm-plex-sans-kr-43-500-normal-DYkscpdQ.woff2": "539fcf1c3607e50302814334306d7924220831dd9feb05034360c0223e1516d7",
    "operator/assets/ibm-plex-sans-kr-43-600-normal-BPJjrS1c.woff2": "79d1d814d9dbb40beda40a39e9b770dc0a8eb0bbbe6d40909c16d037168e8430",
    "operator/assets/ibm-plex-sans-kr-43-600-normal-Dl6BB-Lj.woff": "e144eaae93cf25cd1bba094290e5dc80bb2b392ff42cb4ba762e993935966807",
    "operator/assets/ibm-plex-sans-kr-44-400-normal-BPQ_BGOm.woff": "85972787345d23379c737507c8811daba2ccd57a550effe02a4f3b11d58af5cf",
    "operator/assets/ibm-plex-sans-kr-44-400-normal-BvoXxhh-.woff2": "c78ccb3fd4289cca74a067706e32acd54d6d8fec23adfdcfe9e34e5577508fe0",
    "operator/assets/ibm-plex-sans-kr-44-500-normal-CKASaSWW.woff": "c7130c17f369e550d438c98015889eac975f17086aaeaa39f88f7b8e6f4722d7",
    "operator/assets/ibm-plex-sans-kr-44-500-normal-CnrBiW8T.woff2": "6a560557fdc48456faa7eb3689e6641783941457828aa2a53c353fe1effb8632",
    "operator/assets/ibm-plex-sans-kr-44-600-normal-B1scqjS5.woff2": "d73ff4e801055a1560c4488c85c4a6752efdf11be1d6dc1d481aa04244d90768",
    "operator/assets/ibm-plex-sans-kr-44-600-normal-B1vhjtxY.woff": "469a604d43cfac0b6a2331aac736f75bbdff1e381a0950c4ca4a0e85e68e84dd",
    "operator/assets/ibm-plex-sans-kr-45-400-normal-BN1x-JCl.woff": "c62df0fedcd77488525339cc56c026ab44e1f4edcd9f8ce59314dc7011afb37a",
    "operator/assets/ibm-plex-sans-kr-45-400-normal-DMKz6H_F.woff2": "786f25381286accd867e91a417c910f5622fa0164cb9b3c913fe70cc2f664f38",
    "operator/assets/ibm-plex-sans-kr-45-500-normal-CSR2L3Yg.woff": "f9d82e8f1297a0a999686fb982da574a2236f4eb6baab9e88a3b650205817253",
    "operator/assets/ibm-plex-sans-kr-45-500-normal-uti_Zlfe.woff2": "4d4f92ff82e67bdaf13128d7543358caa5a2c95fba35f45acd4472aed9b65a7c",
    "operator/assets/ibm-plex-sans-kr-45-600-normal-D74kcLg1.woff": "1dab716bbfe8d83c080883e20da78df8900bbcb90bab9aa9b68f9758b8da85d7",
    "operator/assets/ibm-plex-sans-kr-45-600-normal-DNXvxDIf.woff2": "d903f48c43a807ea10f161e5b3e5d46d9bd6888f72bbaa3263d116b215a5adb8",
    "operator/assets/ibm-plex-sans-kr-46-400-normal-K8yMYku4.woff": "b0642bfc29e5550ccf455e5d9d1e25109177542ab6d154f270905212ae80ad8a",
    "operator/assets/ibm-plex-sans-kr-46-400-normal-Z0YZvJMA.woff2": "a43020b841a85becb9fe2b54f7ebd21e765b01a8dd92f4999d370dd8a7cfec5d",
    "operator/assets/ibm-plex-sans-kr-46-500-normal-7ktFSJad.woff": "20c193c768439eac6309335637a57398c469f5d4faf13d72df84352e9361e456",
    "operator/assets/ibm-plex-sans-kr-46-500-normal-DSzZPjD2.woff2": "a18cb7181553c24e4f60101e23202db25bb0fdcf69cabaead48bec18e32ef1cc",
    "operator/assets/ibm-plex-sans-kr-46-600-normal-CfEBl86K.woff2": "aa224fe1fb0f7b878f00a6c0d1b884376743e3942d6ac11fd07a2001d5447305",
    "operator/assets/ibm-plex-sans-kr-46-600-normal-Yu7W5Ur_.woff": "b3c90106e4868e8ceee549270cd7f44dbe9b1fb6b9e31a67578b2465f78c51b6",
    "operator/assets/ibm-plex-sans-kr-47-400-normal-BHD-6hCF.woff": "60755ab0a0eee22f0d5e9d0c29ad3e82aaf1d1ae423ef9083b15c8b1e6495a2b",
    "operator/assets/ibm-plex-sans-kr-47-400-normal-DapCxPvn.woff2": "1c9e4a89bd11b554ba489c3c93b52f3e74706161a6bbd55f8e556d21679cc6a4",
    "operator/assets/ibm-plex-sans-kr-47-500-normal-BWfN8bqy.woff": "9dfe5addeb0ec51bb8916c59b782e6dfe5b3c096790947c0ae34afaf5c490179",
    "operator/assets/ibm-plex-sans-kr-47-500-normal-CJrfuNV6.woff2": "4d73b73035a2e8ef72f18604dadc27e9df33f2e5f62eeb097570fde8ae27e2d6",
    "operator/assets/ibm-plex-sans-kr-47-600-normal-CxMB4f1K.woff": "4eab6381bf0b1af629974682e9b183fbdc209611a93d402d7353e389196c3f79",
    "operator/assets/ibm-plex-sans-kr-47-600-normal-tmv6xC_z.woff2": "3ff265465ea05a71cebbecc368a00c3ea050dd8d3a858416cc1201568c10e944",
    "operator/assets/ibm-plex-sans-kr-48-400-normal-5VJWa5C8.woff": "9f891d2449f3bfd82966c0d5d96923e4112bb716e32d03f00ac7c7b7d9535593",
    "operator/assets/ibm-plex-sans-kr-48-400-normal-CBCdCJJN.woff2": "5f08c315fe6dfd89283e72dac4feda699f2eee2f9dc73f93e04e1f50c99d54cc",
    "operator/assets/ibm-plex-sans-kr-48-500-normal-B2EKWItw.woff2": "27e9882ecaef2d340a4f66a4f3e9e418c62db56a84289240b54df0c4cecac011",
    "operator/assets/ibm-plex-sans-kr-48-500-normal-BFJwbsKF.woff": "cb9d9de7c96d1124c06b3121c0a24934db34d76969ec057c22ebf76bb7895e71",
    "operator/assets/ibm-plex-sans-kr-48-600-normal-DAbbVYEi.woff": "7d2744816fa6edc4025456f873a7cf0186ebbd9507396fde486c8f1fa1e7a9eb",
    "operator/assets/ibm-plex-sans-kr-48-600-normal-QEQJ2vNg.woff2": "2a045bc6d76ba664349c3f9fececdb661405975984ca2b50a42363cce4bd0484",
    "operator/assets/ibm-plex-sans-kr-49-400-normal-BENNdZwd.woff2": "7518fe99eb63dc94abc065de51c4eec8c9ae95b7ef48e8600b9b09fe454a5716",
    "operator/assets/ibm-plex-sans-kr-49-400-normal-DrUErJVA.woff": "b571493b462b97ebc3971c6f354708bff9bcc553015d711120b67123b2283239",
    "operator/assets/ibm-plex-sans-kr-49-500-normal-7q_oMxUd.woff": "ffaac9d37d63bdeb5c69cc2de4c4c4c0cdfe90ab5a4f0d8bc801b3f8ee2e669d",
    "operator/assets/ibm-plex-sans-kr-49-500-normal-BN2Nz7gV.woff2": "35cc407eab118042ad72d276f02a4b11f180641f460a1603499dafa0372f83fd",
    "operator/assets/ibm-plex-sans-kr-49-600-normal-B9kwAyIi.woff2": "d8389c32086174af1495ebeff1dde2ec555ce51ccfef4a32f1425b8cf55671c7",
    "operator/assets/ibm-plex-sans-kr-49-600-normal-DHvPm2NF.woff": "555fc94a589cd395d1c327c0dd9cb9a6d9cbd318dcfc6b430a12ef1d7b9ad624",
    "operator/assets/ibm-plex-sans-kr-5-400-normal-B1Nb7Dqt.woff": "542e2ecca7bdc44c0b220777307407525d89b77c1e4d0594f58624f4c9aec0b1",
    "operator/assets/ibm-plex-sans-kr-5-400-normal-BBWPbJ8R.woff2": "f824f6946a9c8b7b45d7e789f9c741bd7ee9cdc408f7da079cec53a6353f1498",
    "operator/assets/ibm-plex-sans-kr-5-500-normal-BAnyZ6Z-.woff2": "e4955ab32547b9dbfd3115a94b24d4a7360544a05d00d6a69a503009f8357538",
    "operator/assets/ibm-plex-sans-kr-5-500-normal-L-1Rm88n.woff": "c671231a6783382ff13ea5cf69f3631c8e58b896f751cf0c19241ffe8db627c7",
    "operator/assets/ibm-plex-sans-kr-5-600-normal-BV1Q-ya9.woff2": "cb5ad992f5c26f9af8a799566019243cf1316add6e9e853efcf71ba714f53007",
    "operator/assets/ibm-plex-sans-kr-5-600-normal-vSSmYEgt.woff": "168d7c4d5bc4a694105e3702b309e5a52ae80af58b555b7ff9ec944882b18419",
    "operator/assets/ibm-plex-sans-kr-50-400-normal-DSyr09Pi.woff": "02ed61295997e6b5632942464db4ee2a2f2c00df8f970ef720a2fc132c6f3900",
    "operator/assets/ibm-plex-sans-kr-50-400-normal-wVEmJJbn.woff2": "5285fc661a5d0d413abb7009c448e53c0c7fd27ac6bf51e6301284a051e3572f",
    "operator/assets/ibm-plex-sans-kr-50-500-normal-B90Dmlwo.woff2": "185d0fb173d2609c6a4407b82743c680bc5dc5e59e46ca1bd899ea4b474b92de",
    "operator/assets/ibm-plex-sans-kr-50-500-normal-Bxw81ACJ.woff": "c22d22a701fa2617a55ea1894897093fc4824eeb192f6aa891fa8ddd50a5800e",
    "operator/assets/ibm-plex-sans-kr-50-600-normal-CNwgbPME.woff2": "39fa6c607bd07c01ca7fde3f9cda627df093485839d07ccfa09d78aba333f091",
    "operator/assets/ibm-plex-sans-kr-50-600-normal-DwlyYo3O.woff": "7af16d35ebfadb3a64fe3d4524e1aaccc77957147bd5fc669dda90a026158cd8",
    "operator/assets/ibm-plex-sans-kr-51-400-normal-CI8zKOiq.woff2": "ac63e023337da0c824efbde5ef02b64ea8baed3099ed38b2fbd13e5fb23b62b2",
    "operator/assets/ibm-plex-sans-kr-51-400-normal-Nb_ATV55.woff": "60c18f25fe3ba2b221c715432e466f22b04147baa489c67d69f0cd377f11de46",
    "operator/assets/ibm-plex-sans-kr-51-500-normal-B3Qlfb5-.woff2": "2c28806652c3eb3e55955aa6fd6e61bcc953624550110abe42d43484b1f2eccf",
    "operator/assets/ibm-plex-sans-kr-51-500-normal-kawlUwcv.woff": "6caa8bc1f967da518e8540ecc3d17febcf8abfa138ad850a863caead24e73010",
    "operator/assets/ibm-plex-sans-kr-51-600-normal-D1q9iZG9.woff2": "3512f1c9740b60055ff6607a2aacfd4ca6377cef2c4ade9d9cbf7d5a1c23145e",
    "operator/assets/ibm-plex-sans-kr-51-600-normal-DCKOx3do.woff": "88b02cc14ee3a4c1ac7bdcbfb056091da018d31852ab32f3ad181e0a9e9dfaaf",
    "operator/assets/ibm-plex-sans-kr-52-400-normal-DgbfUacv.woff": "fee8196693086b08c4454ecb90527d6d75e03a48e51edb381460c0ae2dee1e89",
    "operator/assets/ibm-plex-sans-kr-52-400-normal-Dqrwgacb.woff2": "29b1afa37109e5623f8dafc66585658ad40b43a5bd508214eacb26466df0c68b",
    "operator/assets/ibm-plex-sans-kr-52-500-normal-CBaFAE5p.woff": "66b982a77481e9e057305b248a07c54b1ee2850fb7d7bb4477bb6217f25da4bd",
    "operator/assets/ibm-plex-sans-kr-52-500-normal-PI1BlAgy.woff2": "60779a56bcf028bdf4a86482659d28a0fd8c4ff67f6b898ed5f07ef3501656e2",
    "operator/assets/ibm-plex-sans-kr-52-600-normal-DpEHO2lx.woff": "84e2a24f7d339af7c0c57f78d889e348be0d6799b19aa68d6697013dc8f40cc1",
    "operator/assets/ibm-plex-sans-kr-52-600-normal-HtoGXJPD.woff2": "6ebd73c7d966633e4dd20351ae877ae876658ab55e2e6acd0cd0b9171d375a3f",
    "operator/assets/ibm-plex-sans-kr-53-400-normal-BPlmQmyN.woff": "bfad8932a4eab6bcd16846eec46dcf1002af582605bc9194b9fa308c882a177a",
    "operator/assets/ibm-plex-sans-kr-53-400-normal-uFBOSatZ.woff2": "18a07d16c32cf097b905a1302c39bcb3060e4ebefeb22767c652f875558349ff",
    "operator/assets/ibm-plex-sans-kr-53-500-normal-CTkqgr8Q.woff2": "d846e8c715ccbcbb6673146f6a252a0a0f2250bba9b869e93aea7a91a1f252be",
    "operator/assets/ibm-plex-sans-kr-53-500-normal-Cf9lqm0Z.woff": "f1542b65c3f7029ee516f9955a43f180bf54bf8e29b63b139c5d7006f3627ce0",
    "operator/assets/ibm-plex-sans-kr-53-600-normal-3e73VLox.woff2": "19eae8f2cb43565d324b8b4ee9f9a572e690e21d2b8c52cc632da996eba6b2f1",
    "operator/assets/ibm-plex-sans-kr-53-600-normal-CHFWjDbo.woff": "bdf4dfb486ed73ba91393379ee23f63625609c23fecd386306a62384fd6dc716",
    "operator/assets/ibm-plex-sans-kr-54-400-normal-B_JBM8HP.woff2": "948d65643a7635e0e5002ee320f5e896d6514f2195cefc2e246d5947c1f8dc00",
    "operator/assets/ibm-plex-sans-kr-54-400-normal-DShvO3nx.woff": "6a01774f913b3e7fb789af0bcb833d1a84c6bc689ee5cef4e2e241491af2a372",
    "operator/assets/ibm-plex-sans-kr-54-500-normal-B5hzExpm.woff2": "e3c5bd24639dc0967d758a61b6cff8bc1405b35cbd8809efd4470c14eb235df8",
    "operator/assets/ibm-plex-sans-kr-54-500-normal-DjX9ImWQ.woff": "8cd8a19e98e11b58b3ea994df6aaf125257b3f5b682c8b238680e0b037ecaae7",
    "operator/assets/ibm-plex-sans-kr-54-600-normal-CIir-_6C.woff2": "84c8b9e321ecf0be67acb34c2d9e56071e966f84fdf3b134a9c05bf7b2aeafe7",
    "operator/assets/ibm-plex-sans-kr-54-600-normal-HSAnxCQg.woff": "db961dec24f0ca36ed73a42130117c331b878edd3c5cd9862b079ae39150b6f7",
    "operator/assets/ibm-plex-sans-kr-55-400-normal-BIBVbLNo.woff2": "3cda2cc7f64add83d485881356de439795bc5516e63ee0e0963dba75aa7411f9",
    "operator/assets/ibm-plex-sans-kr-55-400-normal-DACpgdpL.woff": "feab40f03f02a3f92808af6d5f5f84b5d7bcaf3559da8b62670bbdb8c7862ef3",
    "operator/assets/ibm-plex-sans-kr-55-500-normal-Bd7gnpgG.woff2": "e53171859d18c3403f135097b8b4f6bf8b4fe0c8d317f7e54bac16e0a8c9608e",
    "operator/assets/ibm-plex-sans-kr-55-500-normal-Bk4ZO-Yx.woff": "0ecb619aeef1523089ae03cae9e9b5401c35a490fac1c1d33fcbaad4bde8cbeb",
    "operator/assets/ibm-plex-sans-kr-55-600-normal-ByArDHHI.woff2": "1a9c011f3971449f7a2ae2645143e1d073b923ae418e1c85e91c70e2e1af23b8",
    "operator/assets/ibm-plex-sans-kr-55-600-normal-CNKcN-Ig.woff": "e37abfd557842294fa63c2bc3f87dd56231e925097ad0eb6ddf75532c6ba757b",
    "operator/assets/ibm-plex-sans-kr-56-400-normal-D6a133Nk.woff": "d49acb4887a01bc50aaa38d617359982032a577132836f9a22f66224078208cd",
    "operator/assets/ibm-plex-sans-kr-56-400-normal-E_0UP4jm.woff2": "1e058b880eb6a4a2088f608110f92a7a893c265cc715e1ab1337e17b0132b254",
    "operator/assets/ibm-plex-sans-kr-56-500-normal-BxiWtQ63.woff": "a9015ca7a5835dad554e0da4642157326cfcff1faa406ef3ab397777655a00c3",
    "operator/assets/ibm-plex-sans-kr-56-500-normal-CpmKpo0e.woff2": "24f481396ed8c61e3c7b2309224358bb782239b3887ddc99312fd42e07febb75",
    "operator/assets/ibm-plex-sans-kr-56-600-normal-DScuu4Uu.woff2": "012d39307f6815f808d01601f772a2cf0e8d5e4d607ab763880050ac70f48973",
    "operator/assets/ibm-plex-sans-kr-56-600-normal-hzikha37.woff": "f325342235078e564165205b06057073fbc5675835cfb6f926335491d2edb0d1",
    "operator/assets/ibm-plex-sans-kr-57-400-normal-CBQftTJt.woff": "c940e84892944b7024c477e0382c9a09771a29219f7b14eb5791a6ee26bf9519",
    "operator/assets/ibm-plex-sans-kr-57-400-normal-F8LL-J5_.woff2": "a263cdc11f05a1bd4057afdeb29acf22b3d881f0fa04c6c96fd9700a3214d35f",
    "operator/assets/ibm-plex-sans-kr-57-500-normal-B4IoHQu1.woff2": "e2937727de51152434465c422fecf6f9fc0f3436510b3e7cd79bc8479f14848d",
    "operator/assets/ibm-plex-sans-kr-57-500-normal-BtBoxULz.woff": "edb1a420e8905b55e757949bda1bcb8e1ae051750913950e407308319a55ab40",
    "operator/assets/ibm-plex-sans-kr-57-600-normal-BR6Du0PQ.woff": "f9524d6e7d461adc15fae16be711745d70c991ba0809bd44ac292711615b2597",
    "operator/assets/ibm-plex-sans-kr-57-600-normal-CQ1redVd.woff2": "d3b2185d457be0b5893416f7671c734b5f8263974ea00130dbd2e5a9d4dc2e38",
    "operator/assets/ibm-plex-sans-kr-58-400-normal-DqIzdKrV.woff": "8d0d62373fe019ddad628c28e2cd59b6970eacd409ebd432d1927950f6711375",
    "operator/assets/ibm-plex-sans-kr-58-400-normal-i71EDyfV.woff2": "84f5d81c110761078762d8aff96ec7fb45e627ebb1794db7366d3891d5af684c",
    "operator/assets/ibm-plex-sans-kr-58-500-normal-BFNTZIBF.woff2": "0e35aa3292ee0c65ffa038b6f865482d2418be32324d7358af0c679f937d294e",
    "operator/assets/ibm-plex-sans-kr-58-500-normal-D5AnMdIq.woff": "8b16b7d00ceef892ca235ef581dfa946fddbff18334c797ff05be8d7e15ae5e9",
    "operator/assets/ibm-plex-sans-kr-58-600-normal-Bpgq8MX2.woff": "0ec255b5a22d785e71eeb6780c5ed5b66b49dd3c31ec82cb6565268feacb9ab2",
    "operator/assets/ibm-plex-sans-kr-58-600-normal-Bqgrv0lo.woff2": "1e5b442192f5de260e4d5bd299be7a50d25d756fdf3746adfce8d06d35ad7f60",
    "operator/assets/ibm-plex-sans-kr-59-400-normal-B-8F2Uet.woff": "ca64467c6c9994b3a2b7dddf9e75f32294f396cc4f1ea251073eb5d0dd65e12d",
    "operator/assets/ibm-plex-sans-kr-59-400-normal-BHAiqXEM.woff2": "4b4777228677505a40e923026c283287b2cb767084351286f6524cf0ff8a8d9c",
    "operator/assets/ibm-plex-sans-kr-59-500-normal-CyiP_8_L.woff": "56fa9f5aad5925163e3b643aa1f6e8d3dc9159bfe5c8a77c03f433c38159320d",
    "operator/assets/ibm-plex-sans-kr-59-500-normal-Ddlt4yS6.woff2": "60a514bb6512c0a0a2602e222eb62d14f9840709223583806c678186641e57f8",
    "operator/assets/ibm-plex-sans-kr-59-600-normal-B-CGe3sL.woff2": "73c86d946785c9fb49e8231b87bef4e65cd6131603bb9d7680f00373e4f4b53a",
    "operator/assets/ibm-plex-sans-kr-59-600-normal-BuQf4YmM.woff": "4c09895732ee1ede426bcd4b2da2548e1f61da3cdb131ab410a7212fc9d5b6e0",
    "operator/assets/ibm-plex-sans-kr-6-400-normal-AY_mybA2.woff": "eba3cd719df52e6383e304a3cb6167a62d8ead732bc0cfdbd926d17833e4077c",
    "operator/assets/ibm-plex-sans-kr-6-400-normal-CTPxjOYB.woff2": "d8298c9b56891254b718fbc1c7d992bec6b640f2ea40eb2ac393429cace83108",
    "operator/assets/ibm-plex-sans-kr-6-500-normal-Dke2b5Bz.woff": "e26cdd4e16e0a4081c2d2a53097f4083608762457e0a00b7774841f505f4933d",
    "operator/assets/ibm-plex-sans-kr-6-500-normal-UElWVruj.woff2": "7b38ad42bca80a286ecd7011826d248a3138a90758e17cd01f7596b1930b123e",
    "operator/assets/ibm-plex-sans-kr-6-600-normal-CdfPYwdk.woff2": "841b86aa5f166949a0c74c6813435e0c9adffd96ca3d7dee021d7c61f0935f94",
    "operator/assets/ibm-plex-sans-kr-6-600-normal-oGadQOpD.woff": "b8e70b250d8de60e11c75a49a6dead17088322e5b6a7deb68492c1b67350692c",
    "operator/assets/ibm-plex-sans-kr-60-400-normal-CEDE9rS0.woff": "a4e290e059ec260b6d9cade5f13b3b46e2cd539ab8f44683daec77a6b7a6c836",
    "operator/assets/ibm-plex-sans-kr-60-400-normal-z5dDoQx9.woff2": "c23282514d293d968e44e8763129f1541ab1e3393e29f8851931f851a2287c71",
    "operator/assets/ibm-plex-sans-kr-60-500-normal-Bs-OK-6m.woff": "151bf9e9dbe908f7eec4c9926417e048947fa2f01d23245e007a83dcd209db60",
    "operator/assets/ibm-plex-sans-kr-60-500-normal-Dt1XTT7t.woff2": "d8dd8c5afa208bcd9ae3b66dfbd22e6d0a87d6aace409cc45811a752f5440ada",
    "operator/assets/ibm-plex-sans-kr-60-600-normal-Bl94dFYa.woff2": "2529f79c6978fa7775cd41c36c748994bf6938efc3e07ec4fc0885073f7f2d0a",
    "operator/assets/ibm-plex-sans-kr-60-600-normal-OLqttnKu.woff": "1c501ce57875ef5638478a2a0be5884da5680c643b0eabc9ea7c059bf46c3e63",
    "operator/assets/ibm-plex-sans-kr-61-400-normal-Ci1tC2DE.woff": "99530bb56ee88cecff0d5a5dcebf9ce43b486610b2ddf63bd5f08e9dd4301ee7",
    "operator/assets/ibm-plex-sans-kr-61-400-normal-DnyFjM_B.woff2": "079e62a90b2931ddfdd64a471632f12efa82852902280d0dd326c3b373d588a2",
    "operator/assets/ibm-plex-sans-kr-61-500-normal-BHfyY8C5.woff2": "05a1b91d01df46c3d783b876ac64dded2b5213e1ba584370f953932fc82ba780",
    "operator/assets/ibm-plex-sans-kr-61-500-normal-BWi6Ha-w.woff": "5f04690ef3e4daad543a56e1c5d21c9cdfc83bf8459dd86cf21e79cbf86d7029",
    "operator/assets/ibm-plex-sans-kr-61-600-normal-BZxjTCO5.woff": "86cbe94e8f65632e9c349291ca27f0c1eece9980da1b2608ee119bed8e036143",
    "operator/assets/ibm-plex-sans-kr-61-600-normal-ChG7s6jj.woff2": "72e523c7d6bb690064a0c7466dea300f21cac2c8219a7f7c885f377e2d1cb8a7",
    "operator/assets/ibm-plex-sans-kr-62-400-normal-BIF8JT4K.woff2": "fa1c861b7ab87d399f28e5ad6987bacebaa3b0105d24be699bd3035e9c9e035d",
    "operator/assets/ibm-plex-sans-kr-62-400-normal-BMQQOADr.woff": "d25d87ca17c94411fc12488321b6e72e521f136f4e238146da41562c963d3333",
    "operator/assets/ibm-plex-sans-kr-62-500-normal-DbYRmfJO.woff": "166aaf7e45c494affe291502b6abf3003896f1110ce943cf4ab609b12d86d876",
    "operator/assets/ibm-plex-sans-kr-62-500-normal-lDNHneib.woff2": "bb1ca908b4ea5e3c164f3954e7ca09d5318bed564c34d76d8f118b54bd9b2f17",
    "operator/assets/ibm-plex-sans-kr-62-600-normal-BwPZY4No.woff": "f6b488572712a1ba7e712e0dc89dd3a995504ed7f60159642a32175363194b4c",
    "operator/assets/ibm-plex-sans-kr-62-600-normal-CCy9m1Yi.woff2": "78efcee3beabab934cadafac9bfd945591f00bfb85494a87184a5fdfdd0fa3fa",
    "operator/assets/ibm-plex-sans-kr-63-400-normal-Bi-DePsy.woff": "2c5bcaff9b228794beb7252d3013f962002ca8e2a481c50e7e8873509ad0a688",
    "operator/assets/ibm-plex-sans-kr-63-400-normal-DbEg4X6i.woff2": "daa208a1f79b4d2c3fa2f62a1140704b7553ec27b6677402534881522018df61",
    "operator/assets/ibm-plex-sans-kr-63-500-normal-DnCEtrzT.woff2": "9857124d576066347fc8d30f79dce487ca4af8f7692185daf34493b41151e73d",
    "operator/assets/ibm-plex-sans-kr-63-500-normal-EwyND2AG.woff": "863a1e2943b0653696b6ffe4cda761b863ee3dbf7122682e990695aa72341d3a",
    "operator/assets/ibm-plex-sans-kr-63-600-normal-B_hznMYb.woff2": "df2b839e23b253c9ece3cabf8103233112d4a03587ec03d3a324adac2548b0d6",
    "operator/assets/ibm-plex-sans-kr-63-600-normal-DXp5U46T.woff": "6aa90517dc4927f8fc2738919c26491338434d9d2b87fa16570dd3b0b4a98387",
    "operator/assets/ibm-plex-sans-kr-64-400-normal-BoOvEFVR.woff2": "9b76949bcf126a25e8611dc58b03ded2503bdc3d1263ba58a5f7530f2cf171c1",
    "operator/assets/ibm-plex-sans-kr-64-400-normal-DhttFBeF.woff": "7975660d61ffa0c10f25836d6f699b3cbf3780e919bafc0ac8a41afa2676e8d9",
    "operator/assets/ibm-plex-sans-kr-64-500-normal-CdK6D4vh.woff": "118f15006732853f6ea5116ec3eaa4cd3b1e84e563b020587efbdc25126d2950",
    "operator/assets/ibm-plex-sans-kr-64-500-normal-CgK0jDrR.woff2": "eb0676376df8206e820a564d00236f191d19d4cf3f33005d7f458d087ece4ad3",
    "operator/assets/ibm-plex-sans-kr-64-600-normal-DdDi5wpQ.woff2": "22a865ccf9b7cf1535a180f3b3cac04382da4e33e9b0a1ae968df917bafd9252",
    "operator/assets/ibm-plex-sans-kr-64-600-normal-DnHS-nmP.woff": "3d5c84a9df16f52ee30067244b8c27a198968bf8f9745df8bcf941592932715c",
    "operator/assets/ibm-plex-sans-kr-65-400-normal-BLI3xZEh.woff": "2e37fb9aa1b3feba82472a7fbeb95b627f89f23235bb25d47cfefd416758c9fa",
    "operator/assets/ibm-plex-sans-kr-65-400-normal-DnzyhmoU.woff2": "b58aae1b0d2835ba8cfc5fec2bb52076f9608d0e2f69f8293f8bcd5c2ad37428",
    "operator/assets/ibm-plex-sans-kr-65-500-normal-DeZUxdRN.woff": "124f96a05e6ca5403422b3cbfea8ac25d5503d7a7f53f78079634b9dd72d57c3",
    "operator/assets/ibm-plex-sans-kr-65-500-normal-nL2tz1fq.woff2": "71809f971bd5721aac0b0be9a8603e85c027879b3d296010e843f7a29d8c3af3",
    "operator/assets/ibm-plex-sans-kr-65-600-normal-CuB_ApqX.woff2": "2a513d906d0f37b781da05a99f4ba419ab0d8d711f12a5ad5929d5fc90a1e4b3",
    "operator/assets/ibm-plex-sans-kr-65-600-normal-DVDtx_Xg.woff": "950f5e19c84c552366e57d7085ee00c300db1a9ce162cae4e66eb8170adae53c",
    "operator/assets/ibm-plex-sans-kr-7-400-normal-CDkAi-IU.woff2": "b552c7f54bf10be515b7d730788f369775bf843b013a63c5968f5b4f304f4df7",
    "operator/assets/ibm-plex-sans-kr-7-400-normal-VZ_YUdPy.woff": "3f594657c14f7e9c4ba0b12fc5903a355c87f267ed67011dce7272d1ac2891ec",
    "operator/assets/ibm-plex-sans-kr-7-500-normal-CoHWPa7p.woff2": "8c1d9db26684842886ac2071319db1c7260c98dc9f56fc7e1b23a81bab826e45",
    "operator/assets/ibm-plex-sans-kr-7-500-normal-DHoZsm8z.woff": "b62727ff3b656cf00dbf9e2a54ea7a29f212332cb3f3df8f45f700d6eb3c6875",
    "operator/assets/ibm-plex-sans-kr-7-600-normal-CeGVp1rD.woff": "c9be2f6f5d2484ca76079400b7aa3de96f02992ee8048f32e12c8d423e031929",
    "operator/assets/ibm-plex-sans-kr-7-600-normal-Dh7JSXz4.woff2": "7d473db198b4c36bacf593f854a1c00ed750f45b2ffb04ef660768d639fd10b3",
    "operator/assets/ibm-plex-sans-kr-8-400-normal-BmMhoS32.woff2": "e22746d6c8992b5b36dc467b654e88db9c0df87f61a56b05a446890fdbea1eac",
    "operator/assets/ibm-plex-sans-kr-8-400-normal-Ci0W5IWz.woff": "9aa0f515ff4d26567dbe200cda684eb7c8edf40b942317de0ab09384206dfe31",
    "operator/assets/ibm-plex-sans-kr-8-500-normal-BSA0Y_vv.woff": "b2ebceea92824bafeac69dc43ceecf14dd9bb47659d5170cb64184dd59d1169c",
    "operator/assets/ibm-plex-sans-kr-8-500-normal-UU4QCA8B.woff2": "22fe753e59506f916d5293f536f675928398d2fd5f8082bc00af51f347037333",
    "operator/assets/ibm-plex-sans-kr-8-600-normal-B0rxBWNc.woff2": "5a92b1860e22cc4a92120774b1fc435648924467b0fe1840602a0cfd11988cf2",
    "operator/assets/ibm-plex-sans-kr-8-600-normal-BJjl00Le.woff": "bf2dfbdcdcfe4b0fd2a7a78197f08b6b7bac8ee337486e6f5d199484e0b78e9b",
    "operator/assets/ibm-plex-sans-kr-9-400-normal-CeBwsqAD.woff": "f9a443c1202a4138d83755c70365d223b51dab3c9a4967878425cbc8e4f83763",
    "operator/assets/ibm-plex-sans-kr-9-400-normal-DJinq116.woff2": "1d2b8cafaa387f60b2d98ec7be7b29f5c8ba326aad5fa21bcc25a054913f2512",
    "operator/assets/ibm-plex-sans-kr-9-500-normal-C3WEWxiq.woff2": "35f87e0f0714ff0e9d7d7dde2d086945b2659b3176a20da507c22f5ea788f6b5",
    "operator/assets/ibm-plex-sans-kr-9-500-normal-C6DRVnCw.woff": "036d25ace66d04fb9d2806cb54c10a76dcad13bd683d466917dc080312995799",
    "operator/assets/ibm-plex-sans-kr-9-600-normal-DWoOSbq5.woff": "2e45607da1a68768c918b9d765d0b65dcca3ab4a687962a6fb8d7400ea98a05a",
    "operator/assets/ibm-plex-sans-kr-9-600-normal-DraA-1Zl.woff2": "07b8016f179c14206a887c6cb48fc7504a0a5c6cf6394ef4f42324130e8e15c7",
    "operator/assets/ibm-plex-sans-kr-93-400-normal-5J6UR9CM.woff2": "748c210f0b222e05977100f3e4d8b1ace1731d1921417a64c7eed28f01843c7b",
    "operator/assets/ibm-plex-sans-kr-93-400-normal-Cdi-IBra.woff": "3326743708d073f99b5fbc6b471c08aa6dc3d7ebd20c74b8e8ec57063d0645d2",
    "operator/assets/ibm-plex-sans-kr-93-500-normal-CYfF4l4d.woff2": "534abd153167d36ee1e99fa71a8795bfab9b6a553c5fe0be9fe6d2548a50e323",
    "operator/assets/ibm-plex-sans-kr-93-500-normal-Cdd0aOxJ.woff": "c762d25a51f480d3d61731c1a363c992cff113b498fd1a7176f8f305a93981b6",
    "operator/assets/ibm-plex-sans-kr-93-600-normal-4KzAAJzD.woff": "af6d797a585280f1506abb2089b080b3b80153cd95bc99b65a3e7166da5e0afe",
    "operator/assets/ibm-plex-sans-kr-93-600-normal-C3ObUrek.woff2": "c0806e0db0136b4fab4d7d91006e88bc3d46ef297b7e0c1ba29bcaacd68845d3",
    "operator/assets/ibm-plex-sans-kr-94-400-normal-CLS33fqM.woff": "fedbbcb92c525fce70d34728412bf451d6ee78d2ea3cb15ca7ccb989e7001f94",
    "operator/assets/ibm-plex-sans-kr-94-400-normal-CsJn1kPf.woff2": "8f98b8d9d7da3a64d3be3bdbd44d68b57d54face624f90ffc9833fb763ae55a7",
    "operator/assets/ibm-plex-sans-kr-94-500-normal-DAIKdeR_.woff2": "f4046a78727cedc1d924e10c94936487a545f4193d7727f3ee29cd064879d5dc",
    "operator/assets/ibm-plex-sans-kr-94-500-normal-sf6j_mxe.woff": "e5c36c92dc22f368ba55b01f008413c2a0a04572345b3ea2002b7ecda0f203e9",
    "operator/assets/ibm-plex-sans-kr-94-600-normal-BqkCATJS.woff2": "d6b7b2e2bc997f454ba02765e935f187a823b23c225b865b55842dfe6a0cc780",
    "operator/assets/ibm-plex-sans-kr-94-600-normal-DGs8D_d9.woff": "8d63d0153b5dd5d04cab76de5fd8133eec7867d2b1d4fc7dc24bd213373bda99",
    "operator/assets/ibm-plex-sans-kr-95-400-normal-BR6ElHWu.woff": "59887f7476191b1b15b87f7df41a0d3e8bbc0751b0d7efd9ae60611b3c9f0990",
    "operator/assets/ibm-plex-sans-kr-95-400-normal-CXzGt2L1.woff2": "1d35c529c44d036f85dd7d1aa32088a1d39031e700d78382a35ac92ddcb9f707",
    "operator/assets/ibm-plex-sans-kr-95-500-normal-CwbOeWyD.woff2": "54c16725ee8e09417c7fa97ad81da79114b7fba497abe81406a5751bf632ee69",
    "operator/assets/ibm-plex-sans-kr-95-500-normal-yg9AsfDC.woff": "2c77d43520d4d921e0aa20b616efe4cd782c061a41a18e437a4191927b64d042",
    "operator/assets/ibm-plex-sans-kr-95-600-normal-CzslQFpy.woff2": "37648b1f3d16f21f77ce77b7bd274ea5b420617e153633eab56d4bf289fc004f",
    "operator/assets/ibm-plex-sans-kr-95-600-normal-DiDFTR9Q.woff": "b4058b4a1fe0f86a8766c0519efc14bbdc92b2914c3ecf62972f97f0c1c50276",
    "operator/assets/ibm-plex-sans-kr-96-400-normal-DqxPcneT.woff2": "a8fa0e89fbfde35961bb3e0cbe79db975512c5250f66534a4feb043394981408",
    "operator/assets/ibm-plex-sans-kr-96-400-normal-m9r3xH18.woff": "71130b45a37e3f79642cf6687ce884ac048deffc2d1a577ac6ae489245644eb2",
    "operator/assets/ibm-plex-sans-kr-96-500-normal-BTbACruS.woff2": "64ab7e207bab9e4bb2b44f8cf6f8a230d79d17eebae0e01776fbbe6f17ce4919",
    "operator/assets/ibm-plex-sans-kr-96-500-normal-DOFBEi4W.woff": "ac54adc136eb7a5628057afa0dff63b893644983823ac87efccba42490073f6d",
    "operator/assets/ibm-plex-sans-kr-96-600-normal-E6j9XpvP.woff": "dc31cc0a614a17e3ab3f0187c98c15da8e89c5fc863621a062159d7f5e94cbe2",
    "operator/assets/ibm-plex-sans-kr-96-600-normal-qnNrW3Df.woff2": "cf83c5530230e4f832d532e62dbfe25db741bc4f288a9c3697e9b03bdcf010b1",
    "operator/assets/ibm-plex-sans-kr-97-400-normal-DOlHHts_.woff2": "4f2bb454d043a6088cc2f57c945a32f05923d2a75f62af44f55bf298847356fc",
    "operator/assets/ibm-plex-sans-kr-97-400-normal-TWLDWHgL.woff": "a52a6ca73692abe4f53fca8e018e30ca63005346eba9b4f9318be11f3dc01804",
    "operator/assets/ibm-plex-sans-kr-97-500-normal-BAgq0JpV.woff": "e9c1e194adcda7f013b4d41617e6029c532e009b04ef5f8d5677a47641a6056f",
    "operator/assets/ibm-plex-sans-kr-97-500-normal-C_F2h3q_.woff2": "6478936bf5adc70f22277caca0d2925c567b79073fc210f67f91b40d8829a125",
    "operator/assets/ibm-plex-sans-kr-97-600-normal-CHxkMEAU.woff2": "8d6da02fec001d8aa617ca29954ed9d33b69d648a74d418591b49e6550147e6e",
    "operator/assets/ibm-plex-sans-kr-97-600-normal-CXVo40nf.woff": "7dab04799d63d6d9b1cd151e43717fb0c16e456adc17e3d8d20dd8bd3db7ebac",
    "operator/assets/ibm-plex-sans-kr-98-400-normal-CyxDRXqs.woff2": "a50d993f9a48466f4e9abe20e4005334a380f5dcfb7ba6752484daad7ba5c29b",
    "operator/assets/ibm-plex-sans-kr-98-400-normal-D-_zohjb.woff": "bea723ce726cd0f05283c1f938a3107886029beb3b1d1c84262d1afe2b75edbd",
    "operator/assets/ibm-plex-sans-kr-98-500-normal-CtGPk__x.woff": "4dd6daa6e0f965d53ec66f8161deaf7027435e995786416d340feee27a4d8e10",
    "operator/assets/ibm-plex-sans-kr-98-500-normal-PEz79xhx.woff2": "93d3be10724747932ddb1c0bf4a9bb2f9b3cc5d2e055ec03d133c7f6057615ac",
    "operator/assets/ibm-plex-sans-kr-98-600-normal-CizO16Ew.woff": "922ce23d4152bc34743be7b6a39c14a636176c56f94d7b53ebf0541d7bf91bce",
    "operator/assets/ibm-plex-sans-kr-98-600-normal-D-SBD5Hk.woff2": "d0331b12b4593142d50b13d03f83b9ee030cf9a02c74ff0fd8c151fd66fe2728",
    "operator/assets/ibm-plex-sans-kr-99-400-normal-COuj214s.woff2": "fa35c838acfe0f1669c7b060f612d9453f6d05be9dfe5a43e5917f0162cf4e5f",
    "operator/assets/ibm-plex-sans-kr-99-400-normal-DKb2WQ2R.woff": "ad1f229427b134e461beea3de79f9e7749cf0c7b8ecc92112fa8e929c3f1b55b",
    "operator/assets/ibm-plex-sans-kr-99-500-normal-Dz27KSuo.woff2": "64ff5424caf2fd10ae2b30ecd07cb3b43f8fa9052c5b64c9bcd83ea3add60c04",
    "operator/assets/ibm-plex-sans-kr-99-500-normal-HPdjitvo.woff": "3cc5584f69f7dd013fe7d339492fd19c381eede2ced7b1dd301779f748549e0a",
    "operator/assets/ibm-plex-sans-kr-99-600-normal-C-L_eISe.woff": "e785fa7d61311285f50ae25728a713a9f9986e5ed88ccff02265a96673abd4e2",
    "operator/assets/ibm-plex-sans-kr-99-600-normal-j_ccRvHi.woff2": "40ccb966cc0d74db3c9bb1075f47ccbba1f65c0d4d842a04c9e706537de1365c",
    "operator/assets/ibm-plex-sans-kr-latin-400-normal-7kwLL-e3.woff": "b98e15c3d368b16ba33f9cb7a9ca58e0f01e6b048d5608b1eb2ce90d0011b1dc",
    "operator/assets/ibm-plex-sans-kr-latin-400-normal-Bc7vhvxM.woff2": "071c7c06a3fe2346fd2f4034c762cd0dc79a5021da100ef14401fc07814b279e",
    "operator/assets/ibm-plex-sans-kr-latin-500-normal-2SdHzE3p.woff2": "52602e90afc905707f689340fdae5f6fa9476df5a308d0f1ac906f4747fcf7df",
    "operator/assets/ibm-plex-sans-kr-latin-500-normal-DMi_vAK3.woff": "a721afebe2ba20ebc9f2d12a855223c025bd4d883b366e111dde9c5a14163f05",
    "operator/assets/ibm-plex-sans-kr-latin-600-normal-n-2PV5Ut.woff2": "b1d9cc1fdc311431a624220aa1d3be36193a2c5165bc658d8467180d2a051455",
    "operator/assets/ibm-plex-sans-kr-latin-600-normal-yks4z4wu.woff": "db3f0bd678d186c0a0922df16d45d831045b9d1bf6fbed7366e0889bcf218294",
    "operator/assets/ibm-plex-sans-kr-latin-ext-400-normal-BdSmf8qi.woff": "6c790b72aa17e9acf3436f9bacd77beebfdd0c8cdebdc5da900267cc0872d26a",
    "operator/assets/ibm-plex-sans-kr-latin-ext-400-normal-C-1ywfZu.woff2": "20c1fa3971542b8bcb8d8bba9d7c61cb8ac7ba4161c39e3b726dab2d39cf0309",
    "operator/assets/ibm-plex-sans-kr-latin-ext-500-normal-BYGwY8Sr.woff": "1ec3b9cddf073379645888a913600807e07e774c37ea76e7084e45996f0d5728",
    "operator/assets/ibm-plex-sans-kr-latin-ext-500-normal-C8K5qbyi.woff2": "ebe37f6a3f5172611daa0a509562922488d430c37e39547d1ef0d8b28a841f03",
    "operator/assets/ibm-plex-sans-kr-latin-ext-600-normal-BIoLTTrT.woff": "92f0f1ea6aeea8c906192aae76ca0803cb68a50337120beae1a67a832a488ebe",
    "operator/assets/ibm-plex-sans-kr-latin-ext-600-normal-CwjUnNuf.woff2": "cd3382dd21c61a8ced3bca8a0aff8c079acdc346d1b2ff470f369e0c77a30837",
    "operator/assets/index-WmV_6c6c.js": "d19584f7a14c3c79cc731431126c1beb964cb3bacdaba39f52ebe305b43a6bdc",
    "operator/assets/index-z7WyhjN_.css": "fbc8f869b68fdcc624f0903f6de0860a9f4e5b3f5e5824dfcacb88375b0bd129",
    "operator/index.html": "e63af4947fdc3ea6d12bacf91a18b08340fa4e32e675a1ae27ce923b53fc07d5",
    "operator/operator-bundle.json": "37ce55aa9f6bef0246c83237e18e6504c2ebf237aec8084800ed1ff79f269e40",
    "tools/audit_native_install.py": "8a2ec26c69b71e341aa7dd5b5b5817fbc4bcf6f3cd636db5464852c5298d0d1f",
    "tools/solutions_status.py": "c1101a2675e03a15f71d4e236a01c9c43140fb53364b03c3d0c3af52809c6975",
    "tools/write_runtime_inventory.py": "3b83078fa68a27cc65c3eef351e2fa2f364df637635bace3b667621bb089f28b",
    "manifests/dynamixel-driver.json": "ab22ca9b447be21b25cc7c0bc0d2f4d4cd98e87a3844d0078cd11ab2d8a4361b",
    "manifests/native-install-audit.json": "ed5ce1299e7bfabe2bab4e86e38aa2c869f7dc1ab040ff0ddafc3a724512a119",
    "manifests/native-packages.tsv": "52db03ab2866eba28595b953039580df28bbf999540dfd494c048114013f72a0",
    "manifests/native-stack.lock.json": "82fd4f36fed59c33fd827872821819d05152043e3a81c08242dc48f53fee1fc0",
    "licenses/BehaviorTree.CPP/LICENSE": "73619551b110524235fd4272e7236a6b6e2e162770b1d79cb929022d165e8706",
    "licenses/DynamixelSDK/LICENSE": "b40930bbcf80744c86c46a12bc9da056641d722716c378f5659b9e555ef833e1",
    "licenses/cppzmq/LICENSE": "7e6db90e2e805c72b3daa77849d1cb5f1f92da0e69750c8a4aa1d86d70704748",
    "licenses/lexy/LICENSE": "c9bff75738922193e67fa726fa225535870d2aa1059f91452c411736284ad566",
    "licenses/minicoro/LICENSE": "338d8339165cf98b04af7e422ac11292748c0ae36b88eb79228a03d30600e8fe",
    "licenses/minitrace/LICENSE": "9559fff77cad4fe4fab5f037a436216f753881a8c6e133209e33baa3fb9dc78c",
    "licenses/tinyxml2/LICENSE.txt": "9332252e9b9e46db8285d4a3f0bf25f139bf1dca6781b956d57f2302efca6432"
  },
  "external_files": {
    "/usr/bin/python3": "1401f5c1ddd9e8f9d77622113a8d04b5f7ef57c0e3f40dd29db248a5aa91622e"
  }
}
