Starting server 1/2: /Users/ojaehong/RX_automation/rx_ws/rx-platform/target/debug/rx-platform-local serve /var/folders/lb/p5jhj4751yq56zx_891wm0th0000gn/T/rx-device-browser-_d5rk0zg/platform/installation 127.0.0.1:8080 http://127.0.0.1:5173
Waiting for server on port 8080...
Server ready on port 8080
Starting server 2/2: npm --prefix /Users/ojaehong/RX_automation/rx_ws/rx-solutions/apps/operator run dev
Waiting for server on port 5173...
Server ready on port 5173

All 2 server(s) ready
Running: /Users/ojaehong/RX_automation/rx_ws/.tools/browser-python/bin/python /Users/ojaehong/RX_automation/rx_ws/rx-solutions/apps/operator/tests/browser_device.py


Stopping 2 server(s)...
Server 1 stopped
Server 2 stopped
All servers stopped
Traceback (most recent call last):
  File "/Users/ojaehong/RX_automation/rx_ws/rx-solutions/apps/operator/tests/browser_device.py", line 23, in <module>
    exercise(browser,context,origin,fixture,out,info,receipt)
  File "/Users/ojaehong/RX_automation/rx_ws/rx-solutions/apps/operator/tests/device_review_api.py", line 27, in exercise
    plan_id=exercise_binding(browser,context,reviewer,origin,out,info,approved)
            ^^^^^^^^^^^^^^^^^^^^^^^^^^^^^^^^^^^^^^^^^^^^^^^^^^^^^^^^^^^^^^^^^^^
  File "/Users/ojaehong/RX_automation/rx_ws/rx-solutions/apps/operator/tests/device_binding_api.py", line 22, in exercise_binding
    exercise_candidates(author.request,origin,out,info,reviewed)
  File "/Users/ojaehong/RX_automation/rx_ws/rx-solutions/apps/operator/tests/device_candidate_authoring.py", line 20, in exercise_candidates
    recipe_file=out/'candidate-recipe.json';recipe_file.write_text(json.dumps(recipe));candidate_dir=out/'candidate-package';r=subprocess.run([os.environ['RX_PROCESS_PACKAGE_BIN'],'assemble',str(file),str(recipe_file),str(candidate_dir)],capture_output=True,text=True);assert r.returncode==0,r.stderr
                                                                                                                                                                                                                                                                                    ^^^^^^^^^^^^^^^
AssertionError: rx-process-package: package input: invalid input: unknown field `joint_group`, expected one of `sha256`, `schema_id`, `size_bytes`

