info: syncing channel updates for 1.98.1-aarch64-unknown-linux-gnu
info: latest update on 2026-09-03 for version 1.98.1 (48a229cea 2026-09-01)
info: downloading 2 components
    Updating crates.io index
 Downloading crates ...
  Downloaded ambient-authority v0.0.2
  Downloaded block-buffer v0.12.1
  Downloaded cfg-if v1.0.4
  Downloaded crypto-common v0.2.2
  Downloaded cap-std v4.0.3
  Downloaded crypto-common v0.1.7
  Downloaded block-buffer v0.10.4
  Downloaded tokio-macros v2.7.2
  Downloaded rustc_version v0.4.1
  Downloaded serde_jcs v0.2.0
  Downloaded generic-array v0.14.7
  Downloaded fallible-streaming-iterator v0.1.9
  Downloaded itoa v1.0.18
  Downloaded fs-set-times v0.20.3
  Downloaded maybe-owned v0.3.4
  Downloaded version_check v0.9.5
  Downloaded subtle v2.6.1
  Downloaded cpufeatures v0.3.1
  Downloaded cpufeatures v0.2.17
  Downloaded signature v3.0.0
  Downloaded errno v0.3.14
  Downloaded digest v0.11.3
  Downloaded find-msvc-tools v0.1.12
  Downloaded smallvec v1.16.0
  Downloaded pin-project-lite v0.2.17
  Downloaded pkg-config v0.3.34
  Downloaded rustix-linux-procfs v0.1.1
  Downloaded thiserror v2.0.20
  Downloaded sha2 v0.10.9
  Downloaded foldhash v0.2.0
  Downloaded signal-hook-registry v1.4.8
  Downloaded thiserror-impl v2.0.20
  Downloaded fastrand v2.5.0
  Downloaded cap-fs-ext v4.0.3
  Downloaded digest v0.10.7
  Downloaded io-lifetimes v2.0.4
  Downloaded ipnet v2.12.2
  Downloaded io-lifetimes v3.0.1
  Downloaded quote v1.0.47
  Downloaded shlex v2.0.1
  Downloaded ed25519 v3.0.0
  Downloaded fallible-iterator v0.3.0
  Downloaded io-extras v0.19.0
  Downloaded sha2 v0.11.0
  Downloaded zmij v1.0.23
  Downloaded semver v1.0.28
  Downloaded tempfile v3.27.0
  Downloaded hybrid-array v0.4.15
  Downloaded zeroize v1.9.0
  Downloaded hashlink v0.12.2
  Downloaded once_cell v1.21.4
  Downloaded ryu-js v0.2.2
  Downloaded unicode-ident v1.0.24
  Downloaded getrandom v0.4.3
  Downloaded serde_derive v1.0.229
  Downloaded bitflags v2.13.2
  Downloaded uuid v1.26.1
  Downloaded serde_core v1.0.229
  Downloaded cap-primitives v4.0.3
  Downloaded mio v1.2.3
  Downloaded proc-macro2 v1.0.107
  Downloaded memchr v2.8.3
  Downloaded serde v1.0.229
  Downloaded typenum v1.20.1
  Downloaded ed25519-dalek v3.0.0
  Downloaded cc v1.4.5
  Downloaded serde_json v1.0.151
  Downloaded hashbrown v0.17.1
  Downloaded rusqlite v0.40.2
  Downloaded vcpkg v0.2.15
  Downloaded curve25519-dalek v5.0.0
  Downloaded syn v3.0.5
  Downloaded rustix v1.1.4
  Downloaded tokio v1.53.1
  Downloaded libc v0.2.189
  Downloaded linux-raw-sys v0.12.1
  Downloaded libsqlite3-sys v0.38.2
   Compiling libc v0.2.189
   Compiling typenum v1.20.1
   Compiling proc-macro2 v1.0.107
   Compiling quote v1.0.47
   Compiling unicode-ident v1.0.24
   Compiling cfg-if v1.0.4
   Compiling serde_core v1.0.229
   Compiling version_check v0.9.5
   Compiling rustix v1.1.4
   Compiling bitflags v2.13.2
   Compiling linux-raw-sys v0.12.1
   Compiling getrandom v0.4.3
   Compiling zmij v1.0.23
   Compiling generic-array v0.14.7
   Compiling serde_json v1.0.151
   Compiling serde v1.0.229
   Compiling hybrid-array v0.4.15
   Compiling io-lifetimes v3.0.1
   Compiling thiserror v2.0.20
   Compiling io-lifetimes v2.0.4
   Compiling memchr v2.8.3
   Compiling block-buffer v0.10.4
   Compiling syn v3.0.5
   Compiling crypto-common v0.1.7
   Compiling itoa v1.0.18
   Compiling digest v0.10.7
   Compiling io-extras v0.19.0
   Compiling ryu-js v0.2.2
   Compiling semver v1.0.28
   Compiling once_cell v1.21.4
   Compiling cpufeatures v0.2.17
   Compiling rustc_version v0.4.1
   Compiling crypto-common v0.2.2
   Compiling block-buffer v0.12.1
   Compiling uuid v1.26.1
   Compiling sha2 v0.10.9
   Compiling cap-primitives v4.0.3
   Compiling shlex v2.0.1
   Compiling find-msvc-tools v0.1.12
   Compiling digest v0.11.3
   Compiling cc v1.4.5
   Compiling curve25519-dalek v5.0.0
   Compiling rustix-linux-procfs v0.1.1
   Compiling fs-set-times v0.20.3
   Compiling ambient-authority v0.0.2
   Compiling vcpkg v0.2.15
   Compiling cap-std v4.0.3
   Compiling pkg-config v0.3.34
   Compiling maybe-owned v0.3.4
   Compiling ipnet v2.12.2
   Compiling cpufeatures v0.3.1
   Compiling signature v3.0.0
   Compiling subtle v2.6.1
   Compiling foldhash v0.2.0
   Compiling serde_derive v1.0.229
   Compiling thiserror-impl v2.0.20
   Compiling libsqlite3-sys v0.38.2
   Compiling cap-fs-ext v4.0.3
   Compiling zeroize v1.9.0
   Compiling ed25519 v3.0.0
   Compiling hashbrown v0.17.1
   Compiling sha2 v0.11.0
   Compiling fastrand v2.5.0
   Compiling tempfile v3.27.0
   Compiling hashlink v0.12.2
   Compiling ed25519-dalek v3.0.0
   Compiling errno v0.3.14
   Compiling fallible-streaming-iterator v0.1.9
   Compiling fallible-iterator v0.3.0
   Compiling smallvec v1.16.0
   Compiling tokio-macros v2.7.2
   Compiling signal-hook-registry v1.4.8
   Compiling mio v1.2.3
   Compiling pin-project-lite v0.2.17
   Compiling tokio v1.53.1
   Compiling serde_jcs v0.2.0
   Compiling rx-domain v0.1.0 (/source/sdk/crates/rx-domain)
   Compiling rx-ports v0.1.0 (/source/sdk/crates/rx-ports)
   Compiling rx-package v0.1.0 (/source/sdk/crates/rx-package)
   Compiling rx-service-status v0.1.0 (/source/runtime/rx-service-status)
   Compiling rx-solution-catalog v0.1.0 (/source/runtime/rx-solution-catalog)
   Compiling rusqlite v0.40.2
   Compiling rx-storage v0.1.0 (/source/sdk/crates/rx-storage)
   Compiling rx-supervisor v0.1.0 (/source/runtime/rx-supervisor)
    Finished `test` profile [unoptimized] target(s) in 29.80s
