info: syncing channel updates for 1.98.1-aarch64-unknown-linux-gnu
info: latest update on 2026-09-03 for version 1.98.1 (48a229cea 2026-09-01)
info: downloading 2 components
 Downloading crates ...
  Downloaded asn1-rs-impl v0.2.0
  Downloaded subtle v2.6.1
  Downloaded slab v0.4.12
  Downloaded futures-core v0.3.34
  Downloaded fnv v1.0.7
  Downloaded rustix-linux-procfs v0.1.1
  Downloaded asn1-rs-derive v0.6.0
  Downloaded futures-sink v0.3.34
  Downloaded lazy_static v1.5.0
  Downloaded atomic-waker v1.1.2
  Downloaded crypto-common v0.2.2
  Downloaded maybe-owned v0.3.4
  Downloaded rustc_version v0.4.1
  Downloaded tower-service v0.3.3
  Downloaded cpufeatures v0.3.1
  Downloaded block-buffer v0.12.1
  Downloaded tonic-prost v0.14.6
  Downloaded heck v0.5.0
  Downloaded equivalent v1.0.2
  Downloaded fs-set-times v0.20.3
  Downloaded futures-task v0.3.34
  Downloaded rusticata-macros v4.1.0
  Downloaded sync_wrapper v1.0.2
  Downloaded tokio-macros v2.7.2
  Downloaded tonic-build v0.14.6
  Downloaded tower-layer v0.3.3
  Downloaded try-lock v0.2.5
  Downloaded want v0.3.1
  Downloaded signature v3.0.0
  Downloaded mime v0.3.17
  Downloaded num-conv v0.2.2
  Downloaded time-core v0.1.9
  Downloaded ambient-authority v0.0.2
  Downloaded untrusted v0.9.0
  Downloaded httpdate v1.0.3
  Downloaded multimap v0.10.1
  Downloaded protoc-bin-vendored v3.2.0
  Downloaded tonic-prost-build v0.14.6
  Downloaded http-body v1.1.0
  Downloaded powerfmt v0.2.0
  Downloaded signal-hook-registry v1.4.8
  Downloaded zeroize v1.9.0
  Downloaded autocfg v1.5.1
  Downloaded cap-fs-ext v4.0.3
  Downloaded percent-encoding v2.3.2
  Downloaded synstructure v0.13.2
  Downloaded indexmap v2.14.2
  Downloaded oid-registry v0.8.1
  Downloaded asn1-rs v0.7.2
  Downloaded hyper-timeout v0.5.2
  Downloaded ipnet v2.12.2
  Downloaded tokio-rustls v0.26.5
  Downloaded unicase v2.9.0
  Downloaded rustls-pki-types v1.15.1
  Downloaded sha2 v0.11.0
  Downloaded time-macros v0.2.32
  Downloaded tracing-attributes v0.1.31
  Downloaded yasna v0.6.0
  Downloaded semver v1.0.28
  Downloaded tokio-stream v0.1.19
  Downloaded socket2 v0.6.5
  Downloaded tracing-core v0.1.36
  Downloaded tokio-util v0.7.19
  Downloaded axum-core v0.5.6
  Downloaded bit-vec v0.9.1
  Downloaded deranged v0.5.8
  Downloaded digest v0.11.3
  Downloaded displaydoc v0.2.7
  Downloaded either v1.18.0
  Downloaded fixedbitset v0.5.7
  Downloaded foldhash v0.1.5
  Downloaded http-body-util v0.1.5
  Downloaded io-lifetimes v2.0.4
  Downloaded num-integer v0.1.47
  Downloaded pin-project-internal v1.1.13
  Downloaded pin-project-lite v0.2.17
  Downloaded async-trait v0.1.92
  Downloaded rustls-webpki v0.103.15
  Downloaded ed25519 v3.0.0
  Downloaded prost-derive v0.14.4
  Downloaded tonic v0.14.6
  Downloaded futures-channel v0.3.34
  Downloaded x509-parser v0.18.1
  Downloaded data-encoding v2.11.1
  Downloaded tower v0.5.3
  Downloaded hybrid-array v0.4.15
  Downloaded pulldown-cmark-to-cmark v22.0.1
  Downloaded cap-std v4.0.3
  Downloaded matchit v0.8.4
  Downloaded pem v4.0.0
  Downloaded prost v0.14.4
  Downloaded anyhow v1.0.104
  Downloaded io-extras v0.19.0
  Downloaded io-lifetimes v3.0.1
  Downloaded httparse v1.10.1
  Downloaded prost-types v0.14.4
  Downloaded time v0.3.55
  Downloaded log v0.4.34
  Downloaded syn v2.0.119
  Downloaded num-traits v0.2.19
  Downloaded regex-syntax v0.8.11
  Downloaded pin-project v1.1.13
  Downloaded rustls v0.23.44
  Downloaded prost-build v0.14.4
  Downloaded getrandom v0.2.17
  Downloaded tracing v0.1.44
  Downloaded rcgen v0.14.10
  Downloaded der-parser v10.0.0
  Downloaded tokio v1.53.1
  Downloaded base64 v0.23.1
  Downloaded bytes v1.12.1
  Downloaded prettyplease v0.2.37
  Downloaded minimal-lexical v0.2.1
  Downloaded base64 v0.22.1
  Downloaded ring v0.17.14
  Downloaded mio v1.2.3
  Downloaded http v1.5.0
  Downloaded ed25519-dalek v3.0.0
  Downloaded hyper-util v0.1.20
  Downloaded cap-primitives v4.0.3
  Downloaded num-bigint v0.4.8
  Downloaded nom v7.1.3
  Downloaded prost-reflect v0.16.5
  Downloaded hashbrown v0.15.5
  Downloaded pulldown-cmark v0.13.4
  Downloaded itertools v0.14.0
  Downloaded aho-corasick v1.1.5
  Downloaded futures-util v0.3.34
  Downloaded hyper v1.11.1
  Downloaded axum v0.8.9
  Downloaded regex v1.13.1
  Downloaded h2 v0.4.19
  Downloaded curve25519-dalek v5.0.0
  Downloaded regex-automata v0.4.18
  Downloaded petgraph v0.8.3
  Downloaded protoc-bin-vendored-macos-aarch_64 v3.2.0
  Downloaded protoc-bin-vendored-macos-x86_64 v3.2.0
  Downloaded protoc-bin-vendored-linux-x86_64 v3.2.0
  Downloaded protoc-bin-vendored-win32 v3.2.0
  Downloaded protoc-bin-vendored-linux-aarch_64 v3.2.0
  Downloaded protoc-bin-vendored-linux-ppcle_64 v3.2.0
  Downloaded protoc-bin-vendored-linux-x86_32 v3.2.0
  Downloaded protoc-bin-vendored-linux-s390_64 v3.2.0
   Compiling proc-macro2 v1.0.107
   Compiling quote v1.0.47
   Compiling unicode-ident v1.0.24
   Compiling libc v0.2.189
   Compiling cfg-if v1.0.4
   Compiling syn v3.0.5
   Compiling itoa v1.0.18
   Compiling syn v2.0.119
   Compiling version_check v0.9.5
   Compiling generic-array v0.14.7
   Compiling memchr v2.8.3
   Compiling bitflags v2.13.2
   Compiling once_cell v1.21.4
   Compiling bytes v1.12.1
   Compiling typenum v1.20.1
   Compiling serde_core v1.0.229
   Compiling getrandom v0.4.3
   Compiling pin-project-lite v0.2.17
   Compiling zmij v1.0.23
   Compiling find-msvc-tools v0.1.12
   Compiling shlex v2.0.1
   Compiling cc v1.4.5
   Compiling equivalent v1.0.2
   Compiling futures-core v0.3.34
   Compiling errno v0.3.14
   Compiling foldhash v0.2.0
   Compiling anyhow v1.0.104
   Compiling hashbrown v0.17.1
   Compiling signal-hook-registry v1.4.8
   Compiling tokio-macros v2.7.2
   Compiling socket2 v0.6.5
   Compiling mio v1.2.3
   Compiling either v1.18.0
   Compiling itertools v0.14.0
   Compiling tokio v1.53.1
   Compiling zeroize v1.9.0
   Compiling serde v1.0.229
   Compiling rustix v1.1.4
   Compiling prost-derive v0.14.4
   Compiling http v1.5.0
   Compiling serde_derive v1.0.229
   Compiling serde_json v1.0.151
   Compiling thiserror v2.0.20
   Compiling linux-raw-sys v0.12.1
   Compiling block-buffer v0.10.4
   Compiling crypto-common v0.1.7
   Compiling ring v0.17.14
   Compiling tracing-core v0.1.36
   Compiling tracing-attributes v0.1.31
   Compiling thiserror-impl v2.0.20
   Compiling slab v0.4.12
   Compiling futures-sink v0.3.34
   Compiling tokio-util v0.7.19
   Compiling tracing v0.1.44
   Compiling digest v0.10.7
   Compiling http-body v1.1.0
   Compiling indexmap v2.14.2
   Compiling cpufeatures v0.2.17
   Compiling fastrand v2.5.0
   Compiling ryu-js v0.2.2
   Compiling subtle v2.6.1
   Compiling log v0.4.34
   Compiling serde_jcs v0.2.0
   Compiling sha2 v0.10.9
   Compiling uuid v1.26.1
   Compiling hybrid-array v0.4.15
   Compiling getrandom v0.2.17
   Compiling tower-service v0.3.3
   Compiling smallvec v1.16.0
   Compiling httparse v1.10.1
   Compiling futures-task v0.3.34
   Compiling prettyplease v0.2.37
   Compiling pulldown-cmark v0.13.4
   Compiling io-lifetimes v3.0.1
   Compiling untrusted v0.9.0
   Compiling io-lifetimes v2.0.4
   Compiling futures-util v0.3.34
   Compiling rx-domain v0.1.0 (/solutions/sdk/crates/rx-domain)
   Compiling rustls-pki-types v1.15.1
   Compiling atomic-waker v1.1.2
   Compiling semver v1.0.28
   Compiling try-lock v0.2.5
   Compiling foldhash v0.1.5
   Compiling fnv v1.0.7
   Compiling regex-syntax v0.8.11
   Compiling io-extras v0.19.0
   Compiling unicase v2.9.0
   Compiling prost v0.14.4
   Compiling regex-automata v0.4.18
   Compiling h2 v0.4.19
   Compiling hashbrown v0.15.5
   Compiling want v0.3.1
   Compiling rustc_version v0.4.1
   Compiling crypto-common v0.2.2
   Compiling block-buffer v0.12.1
   Compiling futures-channel v0.3.34
   Compiling cap-primitives v4.0.3
   Compiling rustls v0.23.44
   Compiling httpdate v1.0.3
   Compiling fixedbitset v0.5.7
   Compiling sync_wrapper v1.0.2
   Compiling tower-layer v0.3.3
   Compiling petgraph v0.8.3
   Compiling hyper v1.11.1
   Compiling tempfile v3.27.0
   Compiling digest v0.11.3
   Compiling fs-set-times v0.20.3
   Compiling curve25519-dalek v5.0.0
   Compiling regex v1.13.1
   Compiling prost-types v0.14.4
   Compiling pulldown-cmark-to-cmark v22.0.1
   Compiling rustls-webpki v0.103.15
   Compiling http-body-util v0.1.5
   Compiling rustix-linux-procfs v0.1.1
   Compiling cap-std v4.0.3
   Compiling heck v0.5.0
   Compiling vcpkg v0.2.15
   Compiling ipnet v2.12.2
   Compiling ambient-authority v0.0.2
   Compiling multimap v0.10.1
   Compiling maybe-owned v0.3.4
   Compiling pkg-config v0.3.34
   Compiling mime v0.3.17
   Compiling axum-core v0.5.6
   Compiling libsqlite3-sys v0.38.2
   Compiling prost-build v0.14.4
   Compiling hyper-util v0.1.20
   Compiling tower v0.5.3
   Compiling tonic-build v0.14.6
   Compiling rx-ports v0.1.0 (/solutions/sdk/crates/rx-ports)
   Compiling pin-project-internal v1.1.13
   Compiling cpufeatures v0.3.1
   Compiling protoc-bin-vendored-linux-x86_64 v3.2.0
   Compiling protoc-bin-vendored-macos-aarch_64 v3.2.0
   Compiling protoc-bin-vendored-linux-ppcle_64 v3.2.0
   Compiling protoc-bin-vendored-linux-aarch_64 v3.2.0
   Compiling matchit v0.8.4
   Compiling protoc-bin-vendored-linux-s390_64 v3.2.0
   Compiling signature v3.0.0
   Compiling cap-fs-ext v4.0.3
   Compiling protoc-bin-vendored-win32 v3.2.0
   Compiling protoc-bin-vendored-macos-x86_64 v3.2.0
   Compiling protoc-bin-vendored-linux-x86_32 v3.2.0
   Compiling percent-encoding v2.3.2
   Compiling axum v0.8.9
   Compiling protoc-bin-vendored v3.2.0
   Compiling ed25519 v3.0.0
   Compiling sha2 v0.11.0
   Compiling pin-project v1.1.13
   Compiling tonic-prost-build v0.14.6
   Compiling hyper-timeout v0.5.2
   Compiling tokio-rustls v0.26.5
   Compiling tokio-stream v0.1.19
   Compiling async-trait v0.1.92
   Compiling base64 v0.22.1
   Compiling tonic v0.14.6
   Compiling ed25519-dalek v3.0.0
   Compiling rx-protocol v0.1.0 (/solutions/sdk/crates/rx-protocol)
   Compiling hashlink v0.12.2
   Compiling fallible-streaming-iterator v0.1.9
   Compiling fallible-iterator v0.3.0
   Compiling rusqlite v0.40.2
   Compiling rx-package v0.1.0 (/solutions/sdk/crates/rx-package)
   Compiling prost-reflect v0.16.5
   Compiling tonic-prost v0.14.6
   Compiling rx-host v0.1.0 (/solutions/runtime/rx-host)
   Compiling rx-solution-catalog v0.1.0 (/solutions/runtime/rx-solution-catalog)
   Compiling rx-storage v0.1.0 (/solutions/sdk/crates/rx-storage)
   Compiling rx-service-status v0.1.0 (/solutions/runtime/rx-service-status)
   Compiling rx-process-contract v0.1.0 (/solutions/sdk/crates/rx-process-contract)
   Compiling rx-melsec-mc v0.1.0 (/solutions/drivers/rx-melsec-mc)
   Compiling time-core v0.1.9
   Compiling num-conv v0.2.2
   Compiling deranged v0.5.8
   Compiling powerfmt v0.2.0
   Compiling time v0.3.55
   Compiling base64 v0.23.1
   Compiling pem v4.0.0
   Compiling yasna v0.6.0
   Compiling rcgen v0.14.10
    Finished `test` profile [unoptimized] target(s) in 1m 34s
